[Tue Jul 28 07:35:02.340153 2015] [mpm_prefork:notice] [pid 2275] AH00163: Apache/2.4.7 (Ubuntu) PHP/5.5.9-1ubuntu4.11 configured -- resuming normal operations
[Tue Jul 28 07:35:02.340179 2015] [core:notice] [pid 2275] AH00094: Command line: '/usr/sbin/apache2'
[Tue Jul 28 13:53:36.162167 2015] [:error] [pid 6662] [client 172.17.0.1:35003] PHP Notice:  Undefined index: auth in /app/index.php on line 131
[Tue Jul 28 13:53:36.162179 2015] [:error] [pid 6662] [client 172.17.0.1:35003] PHP Stack trace:
[Tue Jul 28 13:53:36.162184 2015] [:error] [pid 6662] [client 172.17.0.1:35003] PHP   1. {main}() /app/index.php:0
[Tue Jul 28 13:53:36.162213 2015] [:error] [pid 6662] [client 172.17.0.1:35003] PHP Notice:  Undefined index: auth in /app/index.php on line 248
[Tue Jul 28 13:53:36.162216 2015] [:error] [pid 6662] [client 172.17.0.1:35003] PHP Stack trace:
[Tue Jul 28 13:53:36.162219 2015] [:error] [pid 6662] [client 172.17.0.1:35003] PHP   1. {main}() /app/index.php:0
[Tue Jul 28 13:53:36.162224 2015] [:error] [pid 6662] [client 172.17.0.1:35003] PHP Notice:  Undefined index: auth in /app/index.php on line 260
[Tue Jul 28 13:53:36.162226 2015] [:error] [pid 6662] [client 172.17.0.1:35003] PHP Stack trace:
[Tue Jul 28 13:53:36.162229 2015] [:error] [pid 6662] [client 172.17.0.1:35003] PHP   1. {main}() /app/index.php:0
[Tue Jul 28 13:53:36.162235 2015] [:error] [pid 6662] [client 172.17.0.1:35003] PHP Notice:  Undefined index: auth in /app/index.php on line 261
[Tue Jul 28 13:53:36.162237 2015] [:error] [pid 6662] [client 172.17.0.1:35003] PHP Stack trace:
[Tue Jul 28 13:53:36.162239 2015] [:error] [pid 6662] [client 172.17.0.1:35003] PHP   1. {main}() /app/index.php:0
[Tue Jul 28 13:53:36.162245 2015] [:error] [pid 6662] [client 172.17.0.1:35003] PHP Notice:  Undefined index: auth in /app/index.php on line 262
[Tue Jul 28 13:53:36.162247 2015] [:error] [pid 6662] [client 172.17.0.1:35003] PHP Stack trace:
[Tue Jul 28 13:53:36.162249 2015] [:error] [pid 6662] [client 172.17.0.1:35003] PHP   1. {main}() /app/index.php:0
[Tue Jul 28 13:53:36.162255 2015] [:error] [pid 6662] [client 172.17.0.1:35003] PHP Notice:  Undefined index: auth in /app/index.php on line 263
[Tue Jul 28 13:53:36.162256 2015] [:error] [pid 6662] [client 172.17.0.1:35003] PHP Stack trace:
[Tue Jul 28 13:53:36.162258 2015] [:error] [pid 6662] [client 172.17.0.1:35003] PHP   1. {main}() /app/index.php:0
[Tue Jul 28 13:53:36.164254 2015] [:error] [pid 6662] [client 172.17.0.1:35003] PHP Notice:  Undefined index: auth in /app/index.php on line 276
[Tue Jul 28 13:53:36.164260 2015] [:error] [pid 6662] [client 172.17.0.1:35003] PHP Stack trace:
[Tue Jul 28 13:53:36.164264 2015] [:error] [pid 6662] [client 172.17.0.1:35003] PHP   1. {main}() /app/index.php:0
[Tue Jul 28 13:53:36.164594 2015] [:error] [pid 6662] [client 172.17.0.1:35003] PHP Notice:  Undefined variable: proposalLock in /app/layouts/site.php on line 53
[Tue Jul 28 13:53:36.164598 2015] [:error] [pid 6662] [client 172.17.0.1:35003] PHP Stack trace:
[Tue Jul 28 13:53:36.164602 2015] [:error] [pid 6662] [client 172.17.0.1:35003] PHP   1. {main}() /app/index.php:0
[Tue Jul 28 13:53:36.164605 2015] [:error] [pid 6662] [client 172.17.0.1:35003] PHP   2. include() /app/index.php:363
[Tue Jul 28 13:53:36.164611 2015] [:error] [pid 6662] [client 172.17.0.1:35003] PHP Notice:  Undefined index: auth in /app/layouts/site.php on line 72
[Tue Jul 28 13:53:36.164613 2015] [:error] [pid 6662] [client 172.17.0.1:35003] PHP Stack trace:
[Tue Jul 28 13:53:36.164616 2015] [:error] [pid 6662] [client 172.17.0.1:35003] PHP   1. {main}() /app/index.php:0
[Tue Jul 28 13:53:36.164618 2015] [:error] [pid 6662] [client 172.17.0.1:35003] PHP   2. include() /app/index.php:363
[Tue Jul 28 13:53:36.164629 2015] [:error] [pid 6662] [client 172.17.0.1:35003] PHP Notice:  Undefined variable: has_login_quiz_module in /app/layouts/site.php on line 118
[Tue Jul 28 13:53:36.164631 2015] [:error] [pid 6662] [client 172.17.0.1:35003] PHP Stack trace:
[Tue Jul 28 13:53:36.164633 2015] [:error] [pid 6662] [client 172.17.0.1:35003] PHP   1. {main}() /app/index.php:0
[Tue Jul 28 13:53:36.164635 2015] [:error] [pid 6662] [client 172.17.0.1:35003] PHP   2. include() /app/index.php:363
[Tue Jul 28 13:53:36.164903 2015] [:error] [pid 6662] [client 172.17.0.1:35003] PHP Notice:  Undefined index: id in /app/site/login.phtml on line 10
[Tue Jul 28 13:53:36.164907 2015] [:error] [pid 6662] [client 172.17.0.1:35003] PHP Stack trace:
[Tue Jul 28 13:53:36.164910 2015] [:error] [pid 6662] [client 172.17.0.1:35003] PHP   1. {main}() /app/index.php:0
[Tue Jul 28 13:53:36.164913 2015] [:error] [pid 6662] [client 172.17.0.1:35003] PHP   2. include() /app/index.php:363
[Tue Jul 28 13:53:36.164915 2015] [:error] [pid 6662] [client 172.17.0.1:35003] PHP   3. include() /app/layouts/site.php:130
[Tue Jul 28 13:53:37.088998 2015] [:error] [pid 32491] [client 172.17.0.1:35007] PHP Notice:  Undefined index: auth in /app/index.php on line 131, referer: http://dealtrak/login
[Tue Jul 28 13:53:37.089016 2015] [:error] [pid 32491] [client 172.17.0.1:35007] PHP Stack trace:, referer: http://dealtrak/login
[Tue Jul 28 13:53:37.089022 2015] [:error] [pid 32491] [client 172.17.0.1:35007] PHP   1. {main}() /app/index.php:0, referer: http://dealtrak/login
[Tue Jul 28 13:53:37.089062 2015] [:error] [pid 32491] [client 172.17.0.1:35007] PHP Notice:  Undefined index: auth in /app/index.php on line 248, referer: http://dealtrak/login
[Tue Jul 28 13:53:37.089065 2015] [:error] [pid 32491] [client 172.17.0.1:35007] PHP Stack trace:, referer: http://dealtrak/login
[Tue Jul 28 13:53:37.089069 2015] [:error] [pid 32491] [client 172.17.0.1:35007] PHP   1. {main}() /app/index.php:0, referer: http://dealtrak/login
[Tue Jul 28 13:53:37.089076 2015] [:error] [pid 32491] [client 172.17.0.1:35007] PHP Notice:  Undefined index: auth in /app/index.php on line 260, referer: http://dealtrak/login
[Tue Jul 28 13:53:37.089078 2015] [:error] [pid 32491] [client 172.17.0.1:35007] PHP Stack trace:, referer: http://dealtrak/login
[Tue Jul 28 13:53:37.089081 2015] [:error] [pid 32491] [client 172.17.0.1:35007] PHP   1. {main}() /app/index.php:0, referer: http://dealtrak/login
[Tue Jul 28 13:53:37.089088 2015] [:error] [pid 32491] [client 172.17.0.1:35007] PHP Notice:  Undefined index: auth in /app/index.php on line 261, referer: http://dealtrak/login
[Tue Jul 28 13:53:37.089090 2015] [:error] [pid 32491] [client 172.17.0.1:35007] PHP Stack trace:, referer: http://dealtrak/login
[Tue Jul 28 13:53:37.089093 2015] [:error] [pid 32491] [client 172.17.0.1:35007] PHP   1. {main}() /app/index.php:0, referer: http://dealtrak/login
[Tue Jul 28 13:53:37.089099 2015] [:error] [pid 32491] [client 172.17.0.1:35007] PHP Notice:  Undefined index: auth in /app/index.php on line 262, referer: http://dealtrak/login
[Tue Jul 28 13:53:37.089101 2015] [:error] [pid 32491] [client 172.17.0.1:35007] PHP Stack trace:, referer: http://dealtrak/login
[Tue Jul 28 13:53:37.089103 2015] [:error] [pid 32491] [client 172.17.0.1:35007] PHP   1. {main}() /app/index.php:0, referer: http://dealtrak/login
[Tue Jul 28 13:53:37.089110 2015] [:error] [pid 32491] [client 172.17.0.1:35007] PHP Notice:  Undefined index: auth in /app/index.php on line 263, referer: http://dealtrak/login
[Tue Jul 28 13:53:37.089116 2015] [:error] [pid 32491] [client 172.17.0.1:35007] PHP Stack trace:, referer: http://dealtrak/login
[Tue Jul 28 13:53:37.089119 2015] [:error] [pid 32491] [client 172.17.0.1:35007] PHP   1. {main}() /app/index.php:0, referer: http://dealtrak/login
[Tue Jul 28 13:53:37.089677 2015] [:error] [pid 32491] [client 172.17.0.1:35007] PHP Notice:  Undefined index: gotoselect in /app/models/client_sessions.php on line 74, referer: http://dealtrak/login
[Tue Jul 28 13:53:37.089690 2015] [:error] [pid 32491] [client 172.17.0.1:35007] PHP Stack trace:, referer: http://dealtrak/login
[Tue Jul 28 13:53:37.089695 2015] [:error] [pid 32491] [client 172.17.0.1:35007] PHP   1. {main}() /app/index.php:0, referer: http://dealtrak/login
[Tue Jul 28 13:53:37.089698 2015] [:error] [pid 32491] [client 172.17.0.1:35007] PHP   2. include() /app/index.php:268, referer: http://dealtrak/login
[Tue Jul 28 13:53:37.089701 2015] [:error] [pid 32491] [client 172.17.0.1:35007] PHP   3. create_session() /app/site/login.php:69, referer: http://dealtrak/login
[Tue Jul 28 13:53:37.102246 2015] [:error] [pid 32491] [client 172.17.0.1:35007] PHP Notice:  Undefined index: this_month_click in /app/site/main.php on line 233, referer: http://dealtrak/login
[Tue Jul 28 13:53:37.102257 2015] [:error] [pid 32491] [client 172.17.0.1:35007] PHP Stack trace:, referer: http://dealtrak/login
[Tue Jul 28 13:53:37.102262 2015] [:error] [pid 32491] [client 172.17.0.1:35007] PHP   1. {main}() /app/index.php:0, referer: http://dealtrak/login
[Tue Jul 28 13:53:37.102265 2015] [:error] [pid 32491] [client 172.17.0.1:35007] PHP   2. include() /app/index.php:268, referer: http://dealtrak/login
[Tue Jul 28 13:53:37.102578 2015] [:error] [pid 32491] [client 172.17.0.1:35007] PHP Notice:  Undefined index: logs/proposal in /app/site/main.php on line 298, referer: http://dealtrak/login
[Tue Jul 28 13:53:37.102583 2015] [:error] [pid 32491] [client 172.17.0.1:35007] PHP Stack trace:, referer: http://dealtrak/login
[Tue Jul 28 13:53:37.102586 2015] [:error] [pid 32491] [client 172.17.0.1:35007] PHP   1. {main}() /app/index.php:0, referer: http://dealtrak/login
[Tue Jul 28 13:53:37.102589 2015] [:error] [pid 32491] [client 172.17.0.1:35007] PHP   2. include() /app/index.php:268, referer: http://dealtrak/login
[Tue Jul 28 13:53:37.103247 2015] [:error] [pid 32491] [client 172.17.0.1:35007] PHP Notice:  Undefined variable: where_join_sql in /app/site/main.php on line 322, referer: http://dealtrak/login
[Tue Jul 28 13:53:37.103251 2015] [:error] [pid 32491] [client 172.17.0.1:35007] PHP Stack trace:, referer: http://dealtrak/login
[Tue Jul 28 13:53:37.103254 2015] [:error] [pid 32491] [client 172.17.0.1:35007] PHP   1. {main}() /app/index.php:0, referer: http://dealtrak/login
[Tue Jul 28 13:53:37.103257 2015] [:error] [pid 32491] [client 172.17.0.1:35007] PHP   2. include() /app/index.php:268, referer: http://dealtrak/login
[Tue Jul 28 13:53:37.105451 2015] [:error] [pid 32491] [client 172.17.0.1:35007] PHP Notice:  Undefined variable: foursquarelink in /app/models/foursquare.php on line 178, referer: http://dealtrak/login
[Tue Jul 28 13:53:37.105458 2015] [:error] [pid 32491] [client 172.17.0.1:35007] PHP Stack trace:, referer: http://dealtrak/login
[Tue Jul 28 13:53:37.105462 2015] [:error] [pid 32491] [client 172.17.0.1:35007] PHP   1. {main}() /app/index.php:0, referer: http://dealtrak/login
[Tue Jul 28 13:53:37.105464 2015] [:error] [pid 32491] [client 172.17.0.1:35007] PHP   2. include() /app/index.php:268, referer: http://dealtrak/login
[Tue Jul 28 13:53:37.105467 2015] [:error] [pid 32491] [client 172.17.0.1:35007] PHP   3. foursquare_redirect() /app/site/main.php:680, referer: http://dealtrak/login
[Tue Jul 28 13:53:37.105476 2015] [:error] [pid 32491] [client 172.17.0.1:35007] PHP Notice:  Undefined variable: foursquaretext in /app/models/foursquare.php on line 178, referer: http://dealtrak/login
[Tue Jul 28 13:53:37.105478 2015] [:error] [pid 32491] [client 172.17.0.1:35007] PHP Stack trace:, referer: http://dealtrak/login
[Tue Jul 28 13:53:37.105480 2015] [:error] [pid 32491] [client 172.17.0.1:35007] PHP   1. {main}() /app/index.php:0, referer: http://dealtrak/login
[Tue Jul 28 13:53:37.105482 2015] [:error] [pid 32491] [client 172.17.0.1:35007] PHP   2. include() /app/index.php:268, referer: http://dealtrak/login
[Tue Jul 28 13:53:37.105485 2015] [:error] [pid 32491] [client 172.17.0.1:35007] PHP   3. foursquare_redirect() /app/site/main.php:680, referer: http://dealtrak/login
[Tue Jul 28 13:53:40.663424 2015] [:error] [pid 32497] [client 172.17.0.1:35103] PHP Notice:  Undefined index: auth in /app/index.php on line 131
[Tue Jul 28 13:53:40.663457 2015] [:error] [pid 32497] [client 172.17.0.1:35103] PHP Stack trace:
[Tue Jul 28 13:53:40.663463 2015] [:error] [pid 32497] [client 172.17.0.1:35103] PHP   1. {main}() /app/index.php:0
[Tue Jul 28 13:53:40.663503 2015] [:error] [pid 32497] [client 172.17.0.1:35103] PHP Notice:  Undefined index: auth in /app/index.php on line 248
[Tue Jul 28 13:53:40.663506 2015] [:error] [pid 32497] [client 172.17.0.1:35103] PHP Stack trace:
[Tue Jul 28 13:53:40.663508 2015] [:error] [pid 32497] [client 172.17.0.1:35103] PHP   1. {main}() /app/index.php:0
[Tue Jul 28 13:53:40.663515 2015] [:error] [pid 32497] [client 172.17.0.1:35103] PHP Notice:  Undefined index: auth in /app/index.php on line 260
[Tue Jul 28 13:53:40.663516 2015] [:error] [pid 32497] [client 172.17.0.1:35103] PHP Stack trace:
[Tue Jul 28 13:53:40.663519 2015] [:error] [pid 32497] [client 172.17.0.1:35103] PHP   1. {main}() /app/index.php:0
[Tue Jul 28 13:53:40.663525 2015] [:error] [pid 32497] [client 172.17.0.1:35103] PHP Notice:  Undefined index: auth in /app/index.php on line 261
[Tue Jul 28 13:53:40.663526 2015] [:error] [pid 32497] [client 172.17.0.1:35103] PHP Stack trace:
[Tue Jul 28 13:53:40.663528 2015] [:error] [pid 32497] [client 172.17.0.1:35103] PHP   1. {main}() /app/index.php:0
[Tue Jul 28 13:53:40.663534 2015] [:error] [pid 32497] [client 172.17.0.1:35103] PHP Notice:  Undefined index: auth in /app/index.php on line 262
[Tue Jul 28 13:53:40.663535 2015] [:error] [pid 32497] [client 172.17.0.1:35103] PHP Stack trace:
[Tue Jul 28 13:53:40.663537 2015] [:error] [pid 32497] [client 172.17.0.1:35103] PHP   1. {main}() /app/index.php:0
[Tue Jul 28 13:53:40.663543 2015] [:error] [pid 32497] [client 172.17.0.1:35103] PHP Notice:  Undefined index: auth in /app/index.php on line 263
[Tue Jul 28 13:53:40.663544 2015] [:error] [pid 32497] [client 172.17.0.1:35103] PHP Stack trace:
[Tue Jul 28 13:53:40.663546 2015] [:error] [pid 32497] [client 172.17.0.1:35103] PHP   1. {main}() /app/index.php:0
[Tue Jul 28 13:53:40.663770 2015] [:error] [pid 32497] [client 172.17.0.1:35103] PHP Notice:  Undefined index: auth in /app/index.php on line 276
[Tue Jul 28 13:53:40.663786 2015] [:error] [pid 32497] [client 172.17.0.1:35103] PHP Stack trace:
[Tue Jul 28 13:53:40.663790 2015] [:error] [pid 32497] [client 172.17.0.1:35103] PHP   1. {main}() /app/index.php:0
[Tue Jul 28 13:53:40.663820 2015] [:error] [pid 32497] [client 172.17.0.1:35103] PHP Notice:  Undefined variable: proposalLock in /app/layouts/site.php on line 53
[Tue Jul 28 13:53:40.663823 2015] [:error] [pid 32497] [client 172.17.0.1:35103] PHP Stack trace:
[Tue Jul 28 13:53:40.663830 2015] [:error] [pid 32497] [client 172.17.0.1:35103] PHP   1. {main}() /app/index.php:0
[Tue Jul 28 13:53:40.663833 2015] [:error] [pid 32497] [client 172.17.0.1:35103] PHP   2. include() /app/index.php:363
[Tue Jul 28 13:53:40.663840 2015] [:error] [pid 32497] [client 172.17.0.1:35103] PHP Notice:  Undefined index: auth in /app/layouts/site.php on line 72
[Tue Jul 28 13:53:40.663841 2015] [:error] [pid 32497] [client 172.17.0.1:35103] PHP Stack trace:
[Tue Jul 28 13:53:40.663844 2015] [:error] [pid 32497] [client 172.17.0.1:35103] PHP   1. {main}() /app/index.php:0
[Tue Jul 28 13:53:40.663846 2015] [:error] [pid 32497] [client 172.17.0.1:35103] PHP   2. include() /app/index.php:363
[Tue Jul 28 13:53:40.663854 2015] [:error] [pid 32497] [client 172.17.0.1:35103] PHP Notice:  Undefined variable: has_login_quiz_module in /app/layouts/site.php on line 118
[Tue Jul 28 13:53:40.663856 2015] [:error] [pid 32497] [client 172.17.0.1:35103] PHP Stack trace:
[Tue Jul 28 13:53:40.663858 2015] [:error] [pid 32497] [client 172.17.0.1:35103] PHP   1. {main}() /app/index.php:0
[Tue Jul 28 13:53:40.663860 2015] [:error] [pid 32497] [client 172.17.0.1:35103] PHP   2. include() /app/index.php:363
[Tue Jul 28 13:53:40.663885 2015] [:error] [pid 32497] [client 172.17.0.1:35103] PHP Notice:  Undefined index: id in /app/site/login.phtml on line 10
[Tue Jul 28 13:53:40.663887 2015] [:error] [pid 32497] [client 172.17.0.1:35103] PHP Stack trace:
[Tue Jul 28 13:53:40.663889 2015] [:error] [pid 32497] [client 172.17.0.1:35103] PHP   1. {main}() /app/index.php:0
[Tue Jul 28 13:53:40.663891 2015] [:error] [pid 32497] [client 172.17.0.1:35103] PHP   2. include() /app/index.php:363
[Tue Jul 28 13:53:40.663893 2015] [:error] [pid 32497] [client 172.17.0.1:35103] PHP   3. include() /app/layouts/site.php:130
[Tue Jul 28 13:53:41.193928 2015] [:error] [pid 32497] [client 172.17.0.1:35103] PHP Notice:  Undefined index: auth in /app/index.php on line 131, referer: http://dealtrak/login
[Tue Jul 28 13:53:41.193964 2015] [:error] [pid 32497] [client 172.17.0.1:35103] PHP Stack trace:, referer: http://dealtrak/login
[Tue Jul 28 13:53:41.193989 2015] [:error] [pid 32497] [client 172.17.0.1:35103] PHP   1. {main}() /app/index.php:0, referer: http://dealtrak/login
[Tue Jul 28 13:53:41.194082 2015] [:error] [pid 32497] [client 172.17.0.1:35103] PHP Notice:  Undefined index: auth in /app/index.php on line 248, referer: http://dealtrak/login
[Tue Jul 28 13:53:41.194095 2015] [:error] [pid 32497] [client 172.17.0.1:35103] PHP Stack trace:, referer: http://dealtrak/login
[Tue Jul 28 13:53:41.194108 2015] [:error] [pid 32497] [client 172.17.0.1:35103] PHP   1. {main}() /app/index.php:0, referer: http://dealtrak/login
[Tue Jul 28 13:53:41.194133 2015] [:error] [pid 32497] [client 172.17.0.1:35103] PHP Notice:  Undefined index: auth in /app/index.php on line 260, referer: http://dealtrak/login
[Tue Jul 28 13:53:41.194143 2015] [:error] [pid 32497] [client 172.17.0.1:35103] PHP Stack trace:, referer: http://dealtrak/login
[Tue Jul 28 13:53:41.194152 2015] [:error] [pid 32497] [client 172.17.0.1:35103] PHP   1. {main}() /app/index.php:0, referer: http://dealtrak/login
[Tue Jul 28 13:53:41.194179 2015] [:error] [pid 32497] [client 172.17.0.1:35103] PHP Notice:  Undefined index: auth in /app/index.php on line 261, referer: http://dealtrak/login
[Tue Jul 28 13:53:41.194187 2015] [:error] [pid 32497] [client 172.17.0.1:35103] PHP Stack trace:, referer: http://dealtrak/login
[Tue Jul 28 13:53:41.194196 2015] [:error] [pid 32497] [client 172.17.0.1:35103] PHP   1. {main}() /app/index.php:0, referer: http://dealtrak/login
[Tue Jul 28 13:53:41.194233 2015] [:error] [pid 32497] [client 172.17.0.1:35103] PHP Notice:  Undefined index: auth in /app/index.php on line 262, referer: http://dealtrak/login
[Tue Jul 28 13:53:41.194241 2015] [:error] [pid 32497] [client 172.17.0.1:35103] PHP Stack trace:, referer: http://dealtrak/login
[Tue Jul 28 13:53:41.194250 2015] [:error] [pid 32497] [client 172.17.0.1:35103] PHP   1. {main}() /app/index.php:0, referer: http://dealtrak/login
[Tue Jul 28 13:53:41.194265 2015] [:error] [pid 32497] [client 172.17.0.1:35103] PHP Notice:  Undefined index: auth in /app/index.php on line 263, referer: http://dealtrak/login
[Tue Jul 28 13:53:41.194269 2015] [:error] [pid 32497] [client 172.17.0.1:35103] PHP Stack trace:, referer: http://dealtrak/login
[Tue Jul 28 13:53:41.194273 2015] [:error] [pid 32497] [client 172.17.0.1:35103] PHP   1. {main}() /app/index.php:0, referer: http://dealtrak/login
[Tue Jul 28 13:53:41.195065 2015] [:error] [pid 32497] [client 172.17.0.1:35103] PHP Notice:  Undefined index: gotoselect in /app/models/client_sessions.php on line 74, referer: http://dealtrak/login
[Tue Jul 28 13:53:41.195086 2015] [:error] [pid 32497] [client 172.17.0.1:35103] PHP Stack trace:, referer: http://dealtrak/login
[Tue Jul 28 13:53:41.195093 2015] [:error] [pid 32497] [client 172.17.0.1:35103] PHP   1. {main}() /app/index.php:0, referer: http://dealtrak/login
[Tue Jul 28 13:53:41.195098 2015] [:error] [pid 32497] [client 172.17.0.1:35103] PHP   2. include() /app/index.php:268, referer: http://dealtrak/login
[Tue Jul 28 13:53:41.195103 2015] [:error] [pid 32497] [client 172.17.0.1:35103] PHP   3. create_session() /app/site/login.php:69, referer: http://dealtrak/login
[Tue Jul 28 13:53:41.198701 2015] [:error] [pid 32497] [client 172.17.0.1:35103] PHP Notice:  Undefined index: this_month_click in /app/site/main.php on line 233, referer: http://dealtrak/login
[Tue Jul 28 13:53:41.198709 2015] [:error] [pid 32497] [client 172.17.0.1:35103] PHP Stack trace:, referer: http://dealtrak/login
[Tue Jul 28 13:53:41.198713 2015] [:error] [pid 32497] [client 172.17.0.1:35103] PHP   1. {main}() /app/index.php:0, referer: http://dealtrak/login
[Tue Jul 28 13:53:41.198716 2015] [:error] [pid 32497] [client 172.17.0.1:35103] PHP   2. include() /app/index.php:268, referer: http://dealtrak/login
[Tue Jul 28 13:53:41.198881 2015] [:error] [pid 32497] [client 172.17.0.1:35103] PHP Notice:  Undefined index: logs/proposal in /app/site/main.php on line 298, referer: http://dealtrak/login
[Tue Jul 28 13:53:41.198885 2015] [:error] [pid 32497] [client 172.17.0.1:35103] PHP Stack trace:, referer: http://dealtrak/login
[Tue Jul 28 13:53:41.198889 2015] [:error] [pid 32497] [client 172.17.0.1:35103] PHP   1. {main}() /app/index.php:0, referer: http://dealtrak/login
[Tue Jul 28 13:53:41.198891 2015] [:error] [pid 32497] [client 172.17.0.1:35103] PHP   2. include() /app/index.php:268, referer: http://dealtrak/login
[Tue Jul 28 13:53:41.199563 2015] [:error] [pid 32497] [client 172.17.0.1:35103] PHP Notice:  Undefined variable: where_join_sql in /app/site/main.php on line 322, referer: http://dealtrak/login
[Tue Jul 28 13:53:41.199567 2015] [:error] [pid 32497] [client 172.17.0.1:35103] PHP Stack trace:, referer: http://dealtrak/login
[Tue Jul 28 13:53:41.199571 2015] [:error] [pid 32497] [client 172.17.0.1:35103] PHP   1. {main}() /app/index.php:0, referer: http://dealtrak/login
[Tue Jul 28 13:53:41.199573 2015] [:error] [pid 32497] [client 172.17.0.1:35103] PHP   2. include() /app/index.php:268, referer: http://dealtrak/login
[Tue Jul 28 13:53:41.201597 2015] [:error] [pid 32497] [client 172.17.0.1:35103] PHP Notice:  Undefined variable: foursquarelink in /app/models/foursquare.php on line 178, referer: http://dealtrak/login
[Tue Jul 28 13:53:41.201606 2015] [:error] [pid 32497] [client 172.17.0.1:35103] PHP Stack trace:, referer: http://dealtrak/login
[Tue Jul 28 13:53:41.201610 2015] [:error] [pid 32497] [client 172.17.0.1:35103] PHP   1. {main}() /app/index.php:0, referer: http://dealtrak/login
[Tue Jul 28 13:53:41.201613 2015] [:error] [pid 32497] [client 172.17.0.1:35103] PHP   2. include() /app/index.php:268, referer: http://dealtrak/login
[Tue Jul 28 13:53:41.201615 2015] [:error] [pid 32497] [client 172.17.0.1:35103] PHP   3. foursquare_redirect() /app/site/main.php:680, referer: http://dealtrak/login
[Tue Jul 28 13:53:41.201621 2015] [:error] [pid 32497] [client 172.17.0.1:35103] PHP Notice:  Undefined variable: foursquaretext in /app/models/foursquare.php on line 178, referer: http://dealtrak/login
[Tue Jul 28 13:53:41.201623 2015] [:error] [pid 32497] [client 172.17.0.1:35103] PHP Stack trace:, referer: http://dealtrak/login
[Tue Jul 28 13:53:41.201625 2015] [:error] [pid 32497] [client 172.17.0.1:35103] PHP   1. {main}() /app/index.php:0, referer: http://dealtrak/login
[Tue Jul 28 13:53:41.201627 2015] [:error] [pid 32497] [client 172.17.0.1:35103] PHP   2. include() /app/index.php:268, referer: http://dealtrak/login
[Tue Jul 28 13:53:41.201630 2015] [:error] [pid 32497] [client 172.17.0.1:35103] PHP   3. foursquare_redirect() /app/site/main.php:680, referer: http://dealtrak/login
[Tue Jul 28 13:53:41.404341 2015] [:error] [pid 32497] [client 172.17.0.1:35103] PHP Notice:  Undefined index: this_month_click in /app/site/main.php on line 233, referer: http://dealtrak/main
[Tue Jul 28 13:53:41.404352 2015] [:error] [pid 32497] [client 172.17.0.1:35103] PHP Stack trace:, referer: http://dealtrak/main
[Tue Jul 28 13:53:41.404356 2015] [:error] [pid 32497] [client 172.17.0.1:35103] PHP   1. {main}() /app/index.php:0, referer: http://dealtrak/main
[Tue Jul 28 13:53:41.404359 2015] [:error] [pid 32497] [client 172.17.0.1:35103] PHP   2. include() /app/index.php:268, referer: http://dealtrak/main
[Tue Jul 28 13:53:41.404602 2015] [:error] [pid 32497] [client 172.17.0.1:35103] PHP Notice:  Undefined index: logs/proposal in /app/site/main.php on line 298, referer: http://dealtrak/main
[Tue Jul 28 13:53:41.404607 2015] [:error] [pid 32497] [client 172.17.0.1:35103] PHP Stack trace:, referer: http://dealtrak/main
[Tue Jul 28 13:53:41.404610 2015] [:error] [pid 32497] [client 172.17.0.1:35103] PHP   1. {main}() /app/index.php:0, referer: http://dealtrak/main
[Tue Jul 28 13:53:41.404613 2015] [:error] [pid 32497] [client 172.17.0.1:35103] PHP   2. include() /app/index.php:268, referer: http://dealtrak/main
[Tue Jul 28 13:53:41.405234 2015] [:error] [pid 32497] [client 172.17.0.1:35103] PHP Notice:  Undefined variable: where_join_sql in /app/site/main.php on line 322, referer: http://dealtrak/main
[Tue Jul 28 13:53:41.405237 2015] [:error] [pid 32497] [client 172.17.0.1:35103] PHP Stack trace:, referer: http://dealtrak/main
[Tue Jul 28 13:53:41.405240 2015] [:error] [pid 32497] [client 172.17.0.1:35103] PHP   1. {main}() /app/index.php:0, referer: http://dealtrak/main
[Tue Jul 28 13:53:41.405243 2015] [:error] [pid 32497] [client 172.17.0.1:35103] PHP   2. include() /app/index.php:268, referer: http://dealtrak/main
[Tue Jul 28 13:53:41.407039 2015] [:error] [pid 32497] [client 172.17.0.1:35103] PHP Notice:  Undefined variable: foursquarelink in /app/models/foursquare.php on line 178, referer: http://dealtrak/main
[Tue Jul 28 13:53:41.407044 2015] [:error] [pid 32497] [client 172.17.0.1:35103] PHP Stack trace:, referer: http://dealtrak/main
[Tue Jul 28 13:53:41.407051 2015] [:error] [pid 32497] [client 172.17.0.1:35103] PHP   1. {main}() /app/index.php:0, referer: http://dealtrak/main
[Tue Jul 28 13:53:41.407055 2015] [:error] [pid 32497] [client 172.17.0.1:35103] PHP   2. include() /app/index.php:268, referer: http://dealtrak/main
[Tue Jul 28 13:53:41.407057 2015] [:error] [pid 32497] [client 172.17.0.1:35103] PHP   3. foursquare_redirect() /app/site/main.php:680, referer: http://dealtrak/main
[Tue Jul 28 13:53:41.407063 2015] [:error] [pid 32497] [client 172.17.0.1:35103] PHP Notice:  Undefined variable: foursquaretext in /app/models/foursquare.php on line 178, referer: http://dealtrak/main
[Tue Jul 28 13:53:41.407064 2015] [:error] [pid 32497] [client 172.17.0.1:35103] PHP Stack trace:, referer: http://dealtrak/main
[Tue Jul 28 13:53:41.407067 2015] [:error] [pid 32497] [client 172.17.0.1:35103] PHP   1. {main}() /app/index.php:0, referer: http://dealtrak/main
[Tue Jul 28 13:53:41.407069 2015] [:error] [pid 32497] [client 172.17.0.1:35103] PHP   2. include() /app/index.php:268, referer: http://dealtrak/main
[Tue Jul 28 13:53:41.407071 2015] [:error] [pid 32497] [client 172.17.0.1:35103] PHP   3. foursquare_redirect() /app/site/main.php:680, referer: http://dealtrak/main
[Tue Jul 28 13:53:41.407461 2015] [:error] [pid 32497] [client 172.17.0.1:35103] PHP Notice:  Undefined index: bm_user_id in /app/site/main.phtml on line 151, referer: http://dealtrak/main
[Tue Jul 28 13:53:41.407466 2015] [:error] [pid 32497] [client 172.17.0.1:35103] PHP Stack trace:, referer: http://dealtrak/main
[Tue Jul 28 13:53:41.407469 2015] [:error] [pid 32497] [client 172.17.0.1:35103] PHP   1. {main}() /app/index.php:0, referer: http://dealtrak/main
[Tue Jul 28 13:53:41.407472 2015] [:error] [pid 32497] [client 172.17.0.1:35103] PHP   2. include() /app/index.php:363, referer: http://dealtrak/main
[Tue Jul 28 13:53:41.407474 2015] [:error] [pid 32497] [client 172.17.0.1:35103] PHP   3. include() /app/layouts/site.php:130, referer: http://dealtrak/main
[Tue Jul 28 13:53:41.407489 2015] [:error] [pid 32497] [client 172.17.0.1:35103] PHP Notice:  Undefined index: bm_user_id in /app/site/main.phtml on line 151, referer: http://dealtrak/main
[Tue Jul 28 13:53:41.407491 2015] [:error] [pid 32497] [client 172.17.0.1:35103] PHP Stack trace:, referer: http://dealtrak/main
[Tue Jul 28 13:53:41.407494 2015] [:error] [pid 32497] [client 172.17.0.1:35103] PHP   1. {main}() /app/index.php:0, referer: http://dealtrak/main
[Tue Jul 28 13:53:41.407496 2015] [:error] [pid 32497] [client 172.17.0.1:35103] PHP   2. include() /app/index.php:363, referer: http://dealtrak/main
[Tue Jul 28 13:53:41.407499 2015] [:error] [pid 32497] [client 172.17.0.1:35103] PHP   3. include() /app/layouts/site.php:130, referer: http://dealtrak/main
[Tue Jul 28 13:53:41.407504 2015] [:error] [pid 32497] [client 172.17.0.1:35103] PHP Notice:  Undefined index: bm_user_id in /app/site/main.phtml on line 151, referer: http://dealtrak/main
[Tue Jul 28 13:53:41.407506 2015] [:error] [pid 32497] [client 172.17.0.1:35103] PHP Stack trace:, referer: http://dealtrak/main
[Tue Jul 28 13:53:41.407508 2015] [:error] [pid 32497] [client 172.17.0.1:35103] PHP   1. {main}() /app/index.php:0, referer: http://dealtrak/main
[Tue Jul 28 13:53:41.407510 2015] [:error] [pid 32497] [client 172.17.0.1:35103] PHP   2. include() /app/index.php:363, referer: http://dealtrak/main
[Tue Jul 28 13:53:41.407512 2015] [:error] [pid 32497] [client 172.17.0.1:35103] PHP   3. include() /app/layouts/site.php:130, referer: http://dealtrak/main
[Tue Jul 28 13:53:41.684454 2015] [:error] [pid 32497] [client 172.17.0.1:35103] PHP Notice:  Undefined index: this_month_click in /app/site/main.php on line 233, referer: http://dealtrak/main
[Tue Jul 28 13:53:41.684464 2015] [:error] [pid 32497] [client 172.17.0.1:35103] PHP Stack trace:, referer: http://dealtrak/main
[Tue Jul 28 13:53:41.684469 2015] [:error] [pid 32497] [client 172.17.0.1:35103] PHP   1. {main}() /app/index.php:0, referer: http://dealtrak/main
[Tue Jul 28 13:53:41.684472 2015] [:error] [pid 32497] [client 172.17.0.1:35103] PHP   2. include() /app/index.php:268, referer: http://dealtrak/main
[Tue Jul 28 13:53:41.684752 2015] [:error] [pid 32497] [client 172.17.0.1:35103] PHP Notice:  Undefined index: logs/proposal in /app/site/main.php on line 298, referer: http://dealtrak/main
[Tue Jul 28 13:53:41.684757 2015] [:error] [pid 32497] [client 172.17.0.1:35103] PHP Stack trace:, referer: http://dealtrak/main
[Tue Jul 28 13:53:41.684760 2015] [:error] [pid 32497] [client 172.17.0.1:35103] PHP   1. {main}() /app/index.php:0, referer: http://dealtrak/main
[Tue Jul 28 13:53:41.684763 2015] [:error] [pid 32497] [client 172.17.0.1:35103] PHP   2. include() /app/index.php:268, referer: http://dealtrak/main
[Tue Jul 28 13:53:41.685402 2015] [:error] [pid 32497] [client 172.17.0.1:35103] PHP Notice:  Undefined variable: where_join_sql in /app/site/main.php on line 322, referer: http://dealtrak/main
[Tue Jul 28 13:53:41.685406 2015] [:error] [pid 32497] [client 172.17.0.1:35103] PHP Stack trace:, referer: http://dealtrak/main
[Tue Jul 28 13:53:41.685409 2015] [:error] [pid 32497] [client 172.17.0.1:35103] PHP   1. {main}() /app/index.php:0, referer: http://dealtrak/main
[Tue Jul 28 13:53:41.685411 2015] [:error] [pid 32497] [client 172.17.0.1:35103] PHP   2. include() /app/index.php:268, referer: http://dealtrak/main
[Tue Jul 28 13:53:41.687586 2015] [:error] [pid 32497] [client 172.17.0.1:35103] PHP Notice:  Undefined variable: foursquarelink in /app/models/foursquare.php on line 178, referer: http://dealtrak/main
[Tue Jul 28 13:53:41.687593 2015] [:error] [pid 32497] [client 172.17.0.1:35103] PHP Stack trace:, referer: http://dealtrak/main
[Tue Jul 28 13:53:41.687597 2015] [:error] [pid 32497] [client 172.17.0.1:35103] PHP   1. {main}() /app/index.php:0, referer: http://dealtrak/main
[Tue Jul 28 13:53:41.687600 2015] [:error] [pid 32497] [client 172.17.0.1:35103] PHP   2. include() /app/index.php:268, referer: http://dealtrak/main
[Tue Jul 28 13:53:41.687602 2015] [:error] [pid 32497] [client 172.17.0.1:35103] PHP   3. foursquare_redirect() /app/site/main.php:680, referer: http://dealtrak/main
[Tue Jul 28 13:53:41.687608 2015] [:error] [pid 32497] [client 172.17.0.1:35103] PHP Notice:  Undefined variable: foursquaretext in /app/models/foursquare.php on line 178, referer: http://dealtrak/main
[Tue Jul 28 13:53:41.687609 2015] [:error] [pid 32497] [client 172.17.0.1:35103] PHP Stack trace:, referer: http://dealtrak/main
[Tue Jul 28 13:53:41.687612 2015] [:error] [pid 32497] [client 172.17.0.1:35103] PHP   1. {main}() /app/index.php:0, referer: http://dealtrak/main
[Tue Jul 28 13:53:41.687614 2015] [:error] [pid 32497] [client 172.17.0.1:35103] PHP   2. include() /app/index.php:268, referer: http://dealtrak/main
[Tue Jul 28 13:53:41.687616 2015] [:error] [pid 32497] [client 172.17.0.1:35103] PHP   3. foursquare_redirect() /app/site/main.php:680, referer: http://dealtrak/main
[Tue Jul 28 13:53:44.550907 2015] [:error] [pid 6662] [client 172.17.0.1:35244] PHP Notice:  Undefined index: auth in /app/index.php on line 131
[Tue Jul 28 13:53:44.550918 2015] [:error] [pid 6662] [client 172.17.0.1:35244] PHP Stack trace:
[Tue Jul 28 13:53:44.550930 2015] [:error] [pid 6662] [client 172.17.0.1:35244] PHP   1. {main}() /app/index.php:0
[Tue Jul 28 13:53:44.550956 2015] [:error] [pid 6662] [client 172.17.0.1:35244] PHP Notice:  Undefined index: auth in /app/index.php on line 248
[Tue Jul 28 13:53:44.550959 2015] [:error] [pid 6662] [client 172.17.0.1:35244] PHP Stack trace:
[Tue Jul 28 13:53:44.550962 2015] [:error] [pid 6662] [client 172.17.0.1:35244] PHP   1. {main}() /app/index.php:0
[Tue Jul 28 13:53:44.550967 2015] [:error] [pid 6662] [client 172.17.0.1:35244] PHP Notice:  Undefined index: auth in /app/index.php on line 260
[Tue Jul 28 13:53:44.550969 2015] [:error] [pid 6662] [client 172.17.0.1:35244] PHP Stack trace:
[Tue Jul 28 13:53:44.550972 2015] [:error] [pid 6662] [client 172.17.0.1:35244] PHP   1. {main}() /app/index.php:0
[Tue Jul 28 13:53:44.550978 2015] [:error] [pid 6662] [client 172.17.0.1:35244] PHP Notice:  Undefined index: auth in /app/index.php on line 261
[Tue Jul 28 13:53:44.550980 2015] [:error] [pid 6662] [client 172.17.0.1:35244] PHP Stack trace:
[Tue Jul 28 13:53:44.550983 2015] [:error] [pid 6662] [client 172.17.0.1:35244] PHP   1. {main}() /app/index.php:0
[Tue Jul 28 13:53:44.550988 2015] [:error] [pid 6662] [client 172.17.0.1:35244] PHP Notice:  Undefined index: auth in /app/index.php on line 262
[Tue Jul 28 13:53:44.550990 2015] [:error] [pid 6662] [client 172.17.0.1:35244] PHP Stack trace:
[Tue Jul 28 13:53:44.550992 2015] [:error] [pid 6662] [client 172.17.0.1:35244] PHP   1. {main}() /app/index.php:0
[Tue Jul 28 13:53:44.550998 2015] [:error] [pid 6662] [client 172.17.0.1:35244] PHP Notice:  Undefined index: auth in /app/index.php on line 263
[Tue Jul 28 13:53:44.550999 2015] [:error] [pid 6662] [client 172.17.0.1:35244] PHP Stack trace:
[Tue Jul 28 13:53:44.551002 2015] [:error] [pid 6662] [client 172.17.0.1:35244] PHP   1. {main}() /app/index.php:0
[Tue Jul 28 13:53:44.551177 2015] [:error] [pid 6662] [client 172.17.0.1:35244] PHP Notice:  Undefined index: auth in /app/index.php on line 276
[Tue Jul 28 13:53:44.551181 2015] [:error] [pid 6662] [client 172.17.0.1:35244] PHP Stack trace:
[Tue Jul 28 13:53:44.551185 2015] [:error] [pid 6662] [client 172.17.0.1:35244] PHP   1. {main}() /app/index.php:0
[Tue Jul 28 13:53:44.551208 2015] [:error] [pid 6662] [client 172.17.0.1:35244] PHP Notice:  Undefined variable: proposalLock in /app/layouts/site.php on line 53
[Tue Jul 28 13:53:44.551210 2015] [:error] [pid 6662] [client 172.17.0.1:35244] PHP Stack trace:
[Tue Jul 28 13:53:44.551213 2015] [:error] [pid 6662] [client 172.17.0.1:35244] PHP   1. {main}() /app/index.php:0
[Tue Jul 28 13:53:44.551216 2015] [:error] [pid 6662] [client 172.17.0.1:35244] PHP   2. include() /app/index.php:363
[Tue Jul 28 13:53:44.551222 2015] [:error] [pid 6662] [client 172.17.0.1:35244] PHP Notice:  Undefined index: auth in /app/layouts/site.php on line 72
[Tue Jul 28 13:53:44.551224 2015] [:error] [pid 6662] [client 172.17.0.1:35244] PHP Stack trace:
[Tue Jul 28 13:53:44.551227 2015] [:error] [pid 6662] [client 172.17.0.1:35244] PHP   1. {main}() /app/index.php:0
[Tue Jul 28 13:53:44.551229 2015] [:error] [pid 6662] [client 172.17.0.1:35244] PHP   2. include() /app/index.php:363
[Tue Jul 28 13:53:44.551236 2015] [:error] [pid 6662] [client 172.17.0.1:35244] PHP Notice:  Undefined variable: has_login_quiz_module in /app/layouts/site.php on line 118
[Tue Jul 28 13:53:44.551238 2015] [:error] [pid 6662] [client 172.17.0.1:35244] PHP Stack trace:
[Tue Jul 28 13:53:44.551240 2015] [:error] [pid 6662] [client 172.17.0.1:35244] PHP   1. {main}() /app/index.php:0
[Tue Jul 28 13:53:44.551246 2015] [:error] [pid 6662] [client 172.17.0.1:35244] PHP   2. include() /app/index.php:363
[Tue Jul 28 13:53:44.551268 2015] [:error] [pid 6662] [client 172.17.0.1:35244] PHP Notice:  Undefined index: id in /app/site/login.phtml on line 10
[Tue Jul 28 13:53:44.551270 2015] [:error] [pid 6662] [client 172.17.0.1:35244] PHP Stack trace:
[Tue Jul 28 13:53:44.551273 2015] [:error] [pid 6662] [client 172.17.0.1:35244] PHP   1. {main}() /app/index.php:0
[Tue Jul 28 13:53:44.551276 2015] [:error] [pid 6662] [client 172.17.0.1:35244] PHP   2. include() /app/index.php:363
[Tue Jul 28 13:53:44.551278 2015] [:error] [pid 6662] [client 172.17.0.1:35244] PHP   3. include() /app/layouts/site.php:130
[Tue Jul 28 13:53:45.138838 2015] [:error] [pid 6662] [client 172.17.0.1:35244] PHP Notice:  Undefined index: auth in /app/index.php on line 131, referer: http://dealtrak/login
[Tue Jul 28 13:53:45.138856 2015] [:error] [pid 6662] [client 172.17.0.1:35244] PHP Stack trace:, referer: http://dealtrak/login
[Tue Jul 28 13:53:45.138861 2015] [:error] [pid 6662] [client 172.17.0.1:35244] PHP   1. {main}() /app/index.php:0, referer: http://dealtrak/login
[Tue Jul 28 13:53:45.138890 2015] [:error] [pid 6662] [client 172.17.0.1:35244] PHP Notice:  Undefined index: auth in /app/index.php on line 248, referer: http://dealtrak/login
[Tue Jul 28 13:53:45.138892 2015] [:error] [pid 6662] [client 172.17.0.1:35244] PHP Stack trace:, referer: http://dealtrak/login
[Tue Jul 28 13:53:45.138895 2015] [:error] [pid 6662] [client 172.17.0.1:35244] PHP   1. {main}() /app/index.php:0, referer: http://dealtrak/login
[Tue Jul 28 13:53:45.138901 2015] [:error] [pid 6662] [client 172.17.0.1:35244] PHP Notice:  Undefined index: auth in /app/index.php on line 260, referer: http://dealtrak/login
[Tue Jul 28 13:53:45.138903 2015] [:error] [pid 6662] [client 172.17.0.1:35244] PHP Stack trace:, referer: http://dealtrak/login
[Tue Jul 28 13:53:45.138905 2015] [:error] [pid 6662] [client 172.17.0.1:35244] PHP   1. {main}() /app/index.php:0, referer: http://dealtrak/login
[Tue Jul 28 13:53:45.138911 2015] [:error] [pid 6662] [client 172.17.0.1:35244] PHP Notice:  Undefined index: auth in /app/index.php on line 261, referer: http://dealtrak/login
[Tue Jul 28 13:53:45.138912 2015] [:error] [pid 6662] [client 172.17.0.1:35244] PHP Stack trace:, referer: http://dealtrak/login
[Tue Jul 28 13:53:45.138915 2015] [:error] [pid 6662] [client 172.17.0.1:35244] PHP   1. {main}() /app/index.php:0, referer: http://dealtrak/login
[Tue Jul 28 13:53:45.138920 2015] [:error] [pid 6662] [client 172.17.0.1:35244] PHP Notice:  Undefined index: auth in /app/index.php on line 262, referer: http://dealtrak/login
[Tue Jul 28 13:53:45.138921 2015] [:error] [pid 6662] [client 172.17.0.1:35244] PHP Stack trace:, referer: http://dealtrak/login
[Tue Jul 28 13:53:45.138923 2015] [:error] [pid 6662] [client 172.17.0.1:35244] PHP   1. {main}() /app/index.php:0, referer: http://dealtrak/login
[Tue Jul 28 13:53:45.138928 2015] [:error] [pid 6662] [client 172.17.0.1:35244] PHP Notice:  Undefined index: auth in /app/index.php on line 263, referer: http://dealtrak/login
[Tue Jul 28 13:53:45.138930 2015] [:error] [pid 6662] [client 172.17.0.1:35244] PHP Stack trace:, referer: http://dealtrak/login
[Tue Jul 28 13:53:45.138932 2015] [:error] [pid 6662] [client 172.17.0.1:35244] PHP   1. {main}() /app/index.php:0, referer: http://dealtrak/login
[Tue Jul 28 13:53:45.139188 2015] [:error] [pid 6662] [client 172.17.0.1:35244] PHP Notice:  Undefined index: gotoselect in /app/models/client_sessions.php on line 74, referer: http://dealtrak/login
[Tue Jul 28 13:53:45.139197 2015] [:error] [pid 6662] [client 172.17.0.1:35244] PHP Stack trace:, referer: http://dealtrak/login
[Tue Jul 28 13:53:45.139201 2015] [:error] [pid 6662] [client 172.17.0.1:35244] PHP   1. {main}() /app/index.php:0, referer: http://dealtrak/login
[Tue Jul 28 13:53:45.139203 2015] [:error] [pid 6662] [client 172.17.0.1:35244] PHP   2. include() /app/index.php:268, referer: http://dealtrak/login
[Tue Jul 28 13:53:45.139206 2015] [:error] [pid 6662] [client 172.17.0.1:35244] PHP   3. create_session() /app/site/login.php:69, referer: http://dealtrak/login
[Tue Jul 28 13:53:45.143178 2015] [:error] [pid 6662] [client 172.17.0.1:35244] PHP Notice:  Undefined index: this_month_click in /app/site/main.php on line 233, referer: http://dealtrak/login
[Tue Jul 28 13:53:45.143187 2015] [:error] [pid 6662] [client 172.17.0.1:35244] PHP Stack trace:, referer: http://dealtrak/login
[Tue Jul 28 13:53:45.143191 2015] [:error] [pid 6662] [client 172.17.0.1:35244] PHP   1. {main}() /app/index.php:0, referer: http://dealtrak/login
[Tue Jul 28 13:53:45.143194 2015] [:error] [pid 6662] [client 172.17.0.1:35244] PHP   2. include() /app/index.php:268, referer: http://dealtrak/login
[Tue Jul 28 13:53:45.143348 2015] [:error] [pid 6662] [client 172.17.0.1:35244] PHP Notice:  Undefined index: logs/proposal in /app/site/main.php on line 298, referer: http://dealtrak/login
[Tue Jul 28 13:53:45.143353 2015] [:error] [pid 6662] [client 172.17.0.1:35244] PHP Stack trace:, referer: http://dealtrak/login
[Tue Jul 28 13:53:45.143356 2015] [:error] [pid 6662] [client 172.17.0.1:35244] PHP   1. {main}() /app/index.php:0, referer: http://dealtrak/login
[Tue Jul 28 13:53:45.143359 2015] [:error] [pid 6662] [client 172.17.0.1:35244] PHP   2. include() /app/index.php:268, referer: http://dealtrak/login
[Tue Jul 28 13:53:45.143959 2015] [:error] [pid 6662] [client 172.17.0.1:35244] PHP Notice:  Undefined variable: where_join_sql in /app/site/main.php on line 322, referer: http://dealtrak/login
[Tue Jul 28 13:53:45.143963 2015] [:error] [pid 6662] [client 172.17.0.1:35244] PHP Stack trace:, referer: http://dealtrak/login
[Tue Jul 28 13:53:45.143966 2015] [:error] [pid 6662] [client 172.17.0.1:35244] PHP   1. {main}() /app/index.php:0, referer: http://dealtrak/login
[Tue Jul 28 13:53:45.143968 2015] [:error] [pid 6662] [client 172.17.0.1:35244] PHP   2. include() /app/index.php:268, referer: http://dealtrak/login
[Tue Jul 28 13:53:45.145717 2015] [:error] [pid 6662] [client 172.17.0.1:35244] PHP Notice:  Undefined variable: foursquarelink in /app/models/foursquare.php on line 178, referer: http://dealtrak/login
[Tue Jul 28 13:53:45.145723 2015] [:error] [pid 6662] [client 172.17.0.1:35244] PHP Stack trace:, referer: http://dealtrak/login
[Tue Jul 28 13:53:45.145727 2015] [:error] [pid 6662] [client 172.17.0.1:35244] PHP   1. {main}() /app/index.php:0, referer: http://dealtrak/login
[Tue Jul 28 13:53:45.145730 2015] [:error] [pid 6662] [client 172.17.0.1:35244] PHP   2. include() /app/index.php:268, referer: http://dealtrak/login
[Tue Jul 28 13:53:45.145732 2015] [:error] [pid 6662] [client 172.17.0.1:35244] PHP   3. foursquare_redirect() /app/site/main.php:680, referer: http://dealtrak/login
[Tue Jul 28 13:53:45.145738 2015] [:error] [pid 6662] [client 172.17.0.1:35244] PHP Notice:  Undefined variable: foursquaretext in /app/models/foursquare.php on line 178, referer: http://dealtrak/login
[Tue Jul 28 13:53:45.145740 2015] [:error] [pid 6662] [client 172.17.0.1:35244] PHP Stack trace:, referer: http://dealtrak/login
[Tue Jul 28 13:53:45.145742 2015] [:error] [pid 6662] [client 172.17.0.1:35244] PHP   1. {main}() /app/index.php:0, referer: http://dealtrak/login
[Tue Jul 28 13:53:45.145749 2015] [:error] [pid 6662] [client 172.17.0.1:35244] PHP   2. include() /app/index.php:268, referer: http://dealtrak/login
[Tue Jul 28 13:53:45.145751 2015] [:error] [pid 6662] [client 172.17.0.1:35244] PHP   3. foursquare_redirect() /app/site/main.php:680, referer: http://dealtrak/login
[Tue Jul 28 13:53:45.327274 2015] [:error] [pid 6662] [client 172.17.0.1:35244] PHP Notice:  Undefined index: this_month_click in /app/site/main.php on line 233, referer: http://dealtrak/main
[Tue Jul 28 13:53:45.327282 2015] [:error] [pid 6662] [client 172.17.0.1:35244] PHP Stack trace:, referer: http://dealtrak/main
[Tue Jul 28 13:53:45.327285 2015] [:error] [pid 6662] [client 172.17.0.1:35244] PHP   1. {main}() /app/index.php:0, referer: http://dealtrak/main
[Tue Jul 28 13:53:45.327289 2015] [:error] [pid 6662] [client 172.17.0.1:35244] PHP   2. include() /app/index.php:268, referer: http://dealtrak/main
[Tue Jul 28 13:53:45.327520 2015] [:error] [pid 6662] [client 172.17.0.1:35244] PHP Notice:  Undefined index: logs/proposal in /app/site/main.php on line 298, referer: http://dealtrak/main
[Tue Jul 28 13:53:45.327531 2015] [:error] [pid 6662] [client 172.17.0.1:35244] PHP Stack trace:, referer: http://dealtrak/main
[Tue Jul 28 13:53:45.327537 2015] [:error] [pid 6662] [client 172.17.0.1:35244] PHP   1. {main}() /app/index.php:0, referer: http://dealtrak/main
[Tue Jul 28 13:53:45.327541 2015] [:error] [pid 6662] [client 172.17.0.1:35244] PHP   2. include() /app/index.php:268, referer: http://dealtrak/main
[Tue Jul 28 13:53:45.328405 2015] [:error] [pid 6662] [client 172.17.0.1:35244] PHP Notice:  Undefined variable: where_join_sql in /app/site/main.php on line 322, referer: http://dealtrak/main
[Tue Jul 28 13:53:45.328411 2015] [:error] [pid 6662] [client 172.17.0.1:35244] PHP Stack trace:, referer: http://dealtrak/main
[Tue Jul 28 13:53:45.328416 2015] [:error] [pid 6662] [client 172.17.0.1:35244] PHP   1. {main}() /app/index.php:0, referer: http://dealtrak/main
[Tue Jul 28 13:53:45.328419 2015] [:error] [pid 6662] [client 172.17.0.1:35244] PHP   2. include() /app/index.php:268, referer: http://dealtrak/main
[Tue Jul 28 13:53:45.331115 2015] [:error] [pid 6662] [client 172.17.0.1:35244] PHP Notice:  Undefined variable: foursquarelink in /app/models/foursquare.php on line 178, referer: http://dealtrak/main
[Tue Jul 28 13:53:45.331125 2015] [:error] [pid 6662] [client 172.17.0.1:35244] PHP Stack trace:, referer: http://dealtrak/main
[Tue Jul 28 13:53:45.331130 2015] [:error] [pid 6662] [client 172.17.0.1:35244] PHP   1. {main}() /app/index.php:0, referer: http://dealtrak/main
[Tue Jul 28 13:53:45.331134 2015] [:error] [pid 6662] [client 172.17.0.1:35244] PHP   2. include() /app/index.php:268, referer: http://dealtrak/main
[Tue Jul 28 13:53:45.331138 2015] [:error] [pid 6662] [client 172.17.0.1:35244] PHP   3. foursquare_redirect() /app/site/main.php:680, referer: http://dealtrak/main
[Tue Jul 28 13:53:45.331146 2015] [:error] [pid 6662] [client 172.17.0.1:35244] PHP Notice:  Undefined variable: foursquaretext in /app/models/foursquare.php on line 178, referer: http://dealtrak/main
[Tue Jul 28 13:53:45.331149 2015] [:error] [pid 6662] [client 172.17.0.1:35244] PHP Stack trace:, referer: http://dealtrak/main
[Tue Jul 28 13:53:45.331152 2015] [:error] [pid 6662] [client 172.17.0.1:35244] PHP   1. {main}() /app/index.php:0, referer: http://dealtrak/main
[Tue Jul 28 13:53:45.331156 2015] [:error] [pid 6662] [client 172.17.0.1:35244] PHP   2. include() /app/index.php:268, referer: http://dealtrak/main
[Tue Jul 28 13:53:45.331159 2015] [:error] [pid 6662] [client 172.17.0.1:35244] PHP   3. foursquare_redirect() /app/site/main.php:680, referer: http://dealtrak/main
[Tue Jul 28 13:53:45.331726 2015] [:error] [pid 6662] [client 172.17.0.1:35244] PHP Notice:  Undefined index: bm_user_id in /app/site/main.phtml on line 151, referer: http://dealtrak/main
[Tue Jul 28 13:53:45.331734 2015] [:error] [pid 6662] [client 172.17.0.1:35244] PHP Stack trace:, referer: http://dealtrak/main
[Tue Jul 28 13:53:45.331739 2015] [:error] [pid 6662] [client 172.17.0.1:35244] PHP   1. {main}() /app/index.php:0, referer: http://dealtrak/main
[Tue Jul 28 13:53:45.331743 2015] [:error] [pid 6662] [client 172.17.0.1:35244] PHP   2. include() /app/index.php:363, referer: http://dealtrak/main
[Tue Jul 28 13:53:45.331746 2015] [:error] [pid 6662] [client 172.17.0.1:35244] PHP   3. include() /app/layouts/site.php:130, referer: http://dealtrak/main
[Tue Jul 28 13:53:45.331757 2015] [:error] [pid 6662] [client 172.17.0.1:35244] PHP Notice:  Undefined index: bm_user_id in /app/site/main.phtml on line 151, referer: http://dealtrak/main
[Tue Jul 28 13:53:45.331759 2015] [:error] [pid 6662] [client 172.17.0.1:35244] PHP Stack trace:, referer: http://dealtrak/main
[Tue Jul 28 13:53:45.331763 2015] [:error] [pid 6662] [client 172.17.0.1:35244] PHP   1. {main}() /app/index.php:0, referer: http://dealtrak/main
[Tue Jul 28 13:53:45.331766 2015] [:error] [pid 6662] [client 172.17.0.1:35244] PHP   2. include() /app/index.php:363, referer: http://dealtrak/main
[Tue Jul 28 13:53:45.331769 2015] [:error] [pid 6662] [client 172.17.0.1:35244] PHP   3. include() /app/layouts/site.php:130, referer: http://dealtrak/main
[Tue Jul 28 13:53:45.331777 2015] [:error] [pid 6662] [client 172.17.0.1:35244] PHP Notice:  Undefined index: bm_user_id in /app/site/main.phtml on line 151, referer: http://dealtrak/main
[Tue Jul 28 13:53:45.331779 2015] [:error] [pid 6662] [client 172.17.0.1:35244] PHP Stack trace:, referer: http://dealtrak/main
[Tue Jul 28 13:53:45.331782 2015] [:error] [pid 6662] [client 172.17.0.1:35244] PHP   1. {main}() /app/index.php:0, referer: http://dealtrak/main
[Tue Jul 28 13:53:45.331785 2015] [:error] [pid 6662] [client 172.17.0.1:35244] PHP   2. include() /app/index.php:363, referer: http://dealtrak/main
[Tue Jul 28 13:53:45.331788 2015] [:error] [pid 6662] [client 172.17.0.1:35244] PHP   3. include() /app/layouts/site.php:130, referer: http://dealtrak/main
[Tue Jul 28 13:53:45.509902 2015] [:error] [pid 6662] [client 172.17.0.1:35244] PHP Notice:  Undefined index: logs/proposal in /app/site/logs/proposal.php on line 297, referer: http://dealtrak/main
[Tue Jul 28 13:53:45.509915 2015] [:error] [pid 6662] [client 172.17.0.1:35244] PHP Stack trace:, referer: http://dealtrak/main
[Tue Jul 28 13:53:45.509919 2015] [:error] [pid 6662] [client 172.17.0.1:35244] PHP   1. {main}() /app/index.php:0, referer: http://dealtrak/main
[Tue Jul 28 13:53:45.509922 2015] [:error] [pid 6662] [client 172.17.0.1:35244] PHP   2. include() /app/index.php:268, referer: http://dealtrak/main
[Tue Jul 28 13:53:45.513494 2015] [:error] [pid 6662] [client 172.17.0.1:35244] PHP Notice:  Undefined variable: order_module in /app/site/logs/proposal.php on line 722, referer: http://dealtrak/main
[Tue Jul 28 13:53:45.513501 2015] [:error] [pid 6662] [client 172.17.0.1:35244] PHP Stack trace:, referer: http://dealtrak/main
[Tue Jul 28 13:53:45.513505 2015] [:error] [pid 6662] [client 172.17.0.1:35244] PHP   1. {main}() /app/index.php:0, referer: http://dealtrak/main
[Tue Jul 28 13:53:45.513508 2015] [:error] [pid 6662] [client 172.17.0.1:35244] PHP   2. include() /app/index.php:268, referer: http://dealtrak/main
[Tue Jul 28 13:53:45.513528 2015] [:error] [pid 6662] [client 172.17.0.1:35244] PHP Notice:  Undefined index: communication in /app/site/logs/proposal.php on line 760, referer: http://dealtrak/main
[Tue Jul 28 13:53:45.513530 2015] [:error] [pid 6662] [client 172.17.0.1:35244] PHP Stack trace:, referer: http://dealtrak/main
[Tue Jul 28 13:53:45.513533 2015] [:error] [pid 6662] [client 172.17.0.1:35244] PHP   1. {main}() /app/index.php:0, referer: http://dealtrak/main
[Tue Jul 28 13:53:45.513535 2015] [:error] [pid 6662] [client 172.17.0.1:35244] PHP   2. include() /app/index.php:268, referer: http://dealtrak/main
[Tue Jul 28 13:53:45.513702 2015] [:error] [pid 6662] [client 172.17.0.1:35244] PHP Notice:  Undefined variable: has_login_quiz_module in /app/layouts/site.php on line 118, referer: http://dealtrak/main
[Tue Jul 28 13:53:45.513707 2015] [:error] [pid 6662] [client 172.17.0.1:35244] PHP Stack trace:, referer: http://dealtrak/main
[Tue Jul 28 13:53:45.513710 2015] [:error] [pid 6662] [client 172.17.0.1:35244] PHP   1. {main}() /app/index.php:0, referer: http://dealtrak/main
[Tue Jul 28 13:53:45.513712 2015] [:error] [pid 6662] [client 172.17.0.1:35244] PHP   2. include() /app/index.php:363, referer: http://dealtrak/main
[Tue Jul 28 13:53:45.514443 2015] [:error] [pid 6662] [client 172.17.0.1:35244] PHP Notice:  Undefined index: bm_user_id in /app/site/logs/proposal.phtml on line 29, referer: http://dealtrak/main
[Tue Jul 28 13:53:45.514456 2015] [:error] [pid 6662] [client 172.17.0.1:35244] PHP Stack trace:, referer: http://dealtrak/main
[Tue Jul 28 13:53:45.514461 2015] [:error] [pid 6662] [client 172.17.0.1:35244] PHP   1. {main}() /app/index.php:0, referer: http://dealtrak/main
[Tue Jul 28 13:53:45.514465 2015] [:error] [pid 6662] [client 172.17.0.1:35244] PHP   2. include() /app/index.php:363, referer: http://dealtrak/main
[Tue Jul 28 13:53:45.514467 2015] [:error] [pid 6662] [client 172.17.0.1:35244] PHP   3. include() /app/layouts/site.php:130, referer: http://dealtrak/main
[Tue Jul 28 13:53:45.514476 2015] [:error] [pid 6662] [client 172.17.0.1:35244] PHP Notice:  Undefined index: bm_user_id in /app/site/logs/proposal.phtml on line 29, referer: http://dealtrak/main
[Tue Jul 28 13:53:45.514478 2015] [:error] [pid 6662] [client 172.17.0.1:35244] PHP Stack trace:, referer: http://dealtrak/main
[Tue Jul 28 13:53:45.514481 2015] [:error] [pid 6662] [client 172.17.0.1:35244] PHP   1. {main}() /app/index.php:0, referer: http://dealtrak/main
[Tue Jul 28 13:53:45.514483 2015] [:error] [pid 6662] [client 172.17.0.1:35244] PHP   2. include() /app/index.php:363, referer: http://dealtrak/main
[Tue Jul 28 13:53:45.514485 2015] [:error] [pid 6662] [client 172.17.0.1:35244] PHP   3. include() /app/layouts/site.php:130, referer: http://dealtrak/main
[Tue Jul 28 13:53:45.514491 2015] [:error] [pid 6662] [client 172.17.0.1:35244] PHP Notice:  Undefined index: bm_user_id in /app/site/logs/proposal.phtml on line 29, referer: http://dealtrak/main
[Tue Jul 28 13:53:45.514492 2015] [:error] [pid 6662] [client 172.17.0.1:35244] PHP Stack trace:, referer: http://dealtrak/main
[Tue Jul 28 13:53:45.514495 2015] [:error] [pid 6662] [client 172.17.0.1:35244] PHP   1. {main}() /app/index.php:0, referer: http://dealtrak/main
[Tue Jul 28 13:53:45.514497 2015] [:error] [pid 6662] [client 172.17.0.1:35244] PHP   2. include() /app/index.php:363, referer: http://dealtrak/main
[Tue Jul 28 13:53:45.514499 2015] [:error] [pid 6662] [client 172.17.0.1:35244] PHP   3. include() /app/layouts/site.php:130, referer: http://dealtrak/main
[Tue Jul 28 13:53:45.655822 2015] [:error] [pid 6662] [client 172.17.0.1:35244] PHP Notice:  Undefined variable: has_login_quiz_module in /app/layouts/site.php on line 118, referer: http://dealtrak/logs/proposal
[Tue Jul 28 13:53:45.655840 2015] [:error] [pid 6662] [client 172.17.0.1:35244] PHP Stack trace:, referer: http://dealtrak/logs/proposal
[Tue Jul 28 13:53:45.655844 2015] [:error] [pid 6662] [client 172.17.0.1:35244] PHP   1. {main}() /app/index.php:0, referer: http://dealtrak/logs/proposal
[Tue Jul 28 13:53:45.655847 2015] [:error] [pid 6662] [client 172.17.0.1:35244] PHP   2. include() /app/index.php:363, referer: http://dealtrak/logs/proposal
[Tue Jul 28 13:53:45.656397 2015] [:error] [pid 6662] [client 172.17.0.1:35244] PHP Notice:  Undefined index: destination_id in /app/site/logs/transaction.phtml on line 9, referer: http://dealtrak/logs/proposal
[Tue Jul 28 13:53:45.656402 2015] [:error] [pid 6662] [client 172.17.0.1:35244] PHP Stack trace:, referer: http://dealtrak/logs/proposal
[Tue Jul 28 13:53:45.656405 2015] [:error] [pid 6662] [client 172.17.0.1:35244] PHP   1. {main}() /app/index.php:0, referer: http://dealtrak/logs/proposal
[Tue Jul 28 13:53:45.656408 2015] [:error] [pid 6662] [client 172.17.0.1:35244] PHP   2. include() /app/index.php:363, referer: http://dealtrak/logs/proposal
[Tue Jul 28 13:53:45.656410 2015] [:error] [pid 6662] [client 172.17.0.1:35244] PHP   3. include() /app/layouts/site.php:130, referer: http://dealtrak/logs/proposal
[Tue Jul 28 13:53:45.656416 2015] [:error] [pid 6662] [client 172.17.0.1:35244] PHP Notice:  Undefined index: destination_status_id in /app/site/logs/transaction.phtml on line 10, referer: http://dealtrak/logs/proposal
[Tue Jul 28 13:53:45.656418 2015] [:error] [pid 6662] [client 172.17.0.1:35244] PHP Stack trace:, referer: http://dealtrak/logs/proposal
[Tue Jul 28 13:53:45.656420 2015] [:error] [pid 6662] [client 172.17.0.1:35244] PHP   1. {main}() /app/index.php:0, referer: http://dealtrak/logs/proposal
[Tue Jul 28 13:53:45.656422 2015] [:error] [pid 6662] [client 172.17.0.1:35244] PHP   2. include() /app/index.php:363, referer: http://dealtrak/logs/proposal
[Tue Jul 28 13:53:45.656424 2015] [:error] [pid 6662] [client 172.17.0.1:35244] PHP   3. include() /app/layouts/site.php:130, referer: http://dealtrak/logs/proposal
[Tue Jul 28 13:53:45.656439 2015] [:error] [pid 6662] [client 172.17.0.1:35244] PHP Notice:  Undefined index: destination_id in /app/site/logs/transaction.phtml on line 32, referer: http://dealtrak/logs/proposal
[Tue Jul 28 13:53:45.656441 2015] [:error] [pid 6662] [client 172.17.0.1:35244] PHP Stack trace:, referer: http://dealtrak/logs/proposal
[Tue Jul 28 13:53:45.656443 2015] [:error] [pid 6662] [client 172.17.0.1:35244] PHP   1. {main}() /app/index.php:0, referer: http://dealtrak/logs/proposal
[Tue Jul 28 13:53:45.656446 2015] [:error] [pid 6662] [client 172.17.0.1:35244] PHP   2. include() /app/index.php:363, referer: http://dealtrak/logs/proposal
[Tue Jul 28 13:53:45.656448 2015] [:error] [pid 6662] [client 172.17.0.1:35244] PHP   3. include() /app/layouts/site.php:130, referer: http://dealtrak/logs/proposal
[Tue Jul 28 13:53:45.656453 2015] [:error] [pid 6662] [client 172.17.0.1:35244] PHP Notice:  Undefined index: destination_id in /app/site/logs/transaction.phtml on line 32, referer: http://dealtrak/logs/proposal
[Tue Jul 28 13:53:45.656454 2015] [:error] [pid 6662] [client 172.17.0.1:35244] PHP Stack trace:, referer: http://dealtrak/logs/proposal
[Tue Jul 28 13:53:45.656457 2015] [:error] [pid 6662] [client 172.17.0.1:35244] PHP   1. {main}() /app/index.php:0, referer: http://dealtrak/logs/proposal
[Tue Jul 28 13:53:45.656459 2015] [:error] [pid 6662] [client 172.17.0.1:35244] PHP   2. include() /app/index.php:363, referer: http://dealtrak/logs/proposal
[Tue Jul 28 13:53:45.656464 2015] [:error] [pid 6662] [client 172.17.0.1:35244] PHP   3. include() /app/layouts/site.php:130, referer: http://dealtrak/logs/proposal
[Tue Jul 28 13:53:45.656469 2015] [:error] [pid 6662] [client 172.17.0.1:35244] PHP Notice:  Undefined index: destination_id in /app/site/logs/transaction.phtml on line 32, referer: http://dealtrak/logs/proposal
[Tue Jul 28 13:53:45.656470 2015] [:error] [pid 6662] [client 172.17.0.1:35244] PHP Stack trace:, referer: http://dealtrak/logs/proposal
[Tue Jul 28 13:53:45.656473 2015] [:error] [pid 6662] [client 172.17.0.1:35244] PHP   1. {main}() /app/index.php:0, referer: http://dealtrak/logs/proposal
[Tue Jul 28 13:53:45.656475 2015] [:error] [pid 6662] [client 172.17.0.1:35244] PHP   2. include() /app/index.php:363, referer: http://dealtrak/logs/proposal
[Tue Jul 28 13:53:45.656477 2015] [:error] [pid 6662] [client 172.17.0.1:35244] PHP   3. include() /app/layouts/site.php:130, referer: http://dealtrak/logs/proposal
[Tue Jul 28 13:53:45.656481 2015] [:error] [pid 6662] [client 172.17.0.1:35244] PHP Notice:  Undefined index: destination_id in /app/site/logs/transaction.phtml on line 32, referer: http://dealtrak/logs/proposal
[Tue Jul 28 13:53:45.656483 2015] [:error] [pid 6662] [client 172.17.0.1:35244] PHP Stack trace:, referer: http://dealtrak/logs/proposal
[Tue Jul 28 13:53:45.656485 2015] [:error] [pid 6662] [client 172.17.0.1:35244] PHP   1. {main}() /app/index.php:0, referer: http://dealtrak/logs/proposal
[Tue Jul 28 13:53:45.656487 2015] [:error] [pid 6662] [client 172.17.0.1:35244] PHP   2. include() /app/index.php:363, referer: http://dealtrak/logs/proposal
[Tue Jul 28 13:53:45.656489 2015] [:error] [pid 6662] [client 172.17.0.1:35244] PHP   3. include() /app/layouts/site.php:130, referer: http://dealtrak/logs/proposal
[Tue Jul 28 13:53:45.656493 2015] [:error] [pid 6662] [client 172.17.0.1:35244] PHP Notice:  Undefined index: destination_id in /app/site/logs/transaction.phtml on line 32, referer: http://dealtrak/logs/proposal
[Tue Jul 28 13:53:45.656495 2015] [:error] [pid 6662] [client 172.17.0.1:35244] PHP Stack trace:, referer: http://dealtrak/logs/proposal
[Tue Jul 28 13:53:45.656497 2015] [:error] [pid 6662] [client 172.17.0.1:35244] PHP   1. {main}() /app/index.php:0, referer: http://dealtrak/logs/proposal
[Tue Jul 28 13:53:45.656499 2015] [:error] [pid 6662] [client 172.17.0.1:35244] PHP   2. include() /app/index.php:363, referer: http://dealtrak/logs/proposal
[Tue Jul 28 13:53:45.656501 2015] [:error] [pid 6662] [client 172.17.0.1:35244] PHP   3. include() /app/layouts/site.php:130, referer: http://dealtrak/logs/proposal
[Tue Jul 28 13:53:45.656634 2015] [:error] [pid 6662] [client 172.17.0.1:35244] PHP Notice:  Undefined index: destination_id in /app/site/logs/transaction.phtml on line 32, referer: http://dealtrak/logs/proposal
[Tue Jul 28 13:53:45.656636 2015] [:error] [pid 6662] [client 172.17.0.1:35244] PHP Stack trace:, referer: http://dealtrak/logs/proposal
[Tue Jul 28 13:53:45.656638 2015] [:error] [pid 6662] [client 172.17.0.1:35244] PHP   1. {main}() /app/index.php:0, referer: http://dealtrak/logs/proposal
[Tue Jul 28 13:53:45.656641 2015] [:error] [pid 6662] [client 172.17.0.1:35244] PHP   2. include() /app/index.php:363, referer: http://dealtrak/logs/proposal
[Tue Jul 28 13:53:45.656643 2015] [:error] [pid 6662] [client 172.17.0.1:35244] PHP   3. include() /app/layouts/site.php:130, referer: http://dealtrak/logs/proposal
[Tue Jul 28 13:53:45.656648 2015] [:error] [pid 6662] [client 172.17.0.1:35244] PHP Notice:  Undefined index: destination_id in /app/site/logs/transaction.phtml on line 32, referer: http://dealtrak/logs/proposal
[Tue Jul 28 13:53:45.656651 2015] [:error] [pid 6662] [client 172.17.0.1:35244] PHP Stack trace:, referer: http://dealtrak/logs/proposal
[Tue Jul 28 13:53:45.656654 2015] [:error] [pid 6662] [client 172.17.0.1:35244] PHP   1. {main}() /app/index.php:0, referer: http://dealtrak/logs/proposal
[Tue Jul 28 13:53:45.656656 2015] [:error] [pid 6662] [client 172.17.0.1:35244] PHP   2. include() /app/index.php:363, referer: http://dealtrak/logs/proposal
[Tue Jul 28 13:53:45.656658 2015] [:error] [pid 6662] [client 172.17.0.1:35244] PHP   3. include() /app/layouts/site.php:130, referer: http://dealtrak/logs/proposal
[Tue Jul 28 13:53:45.656663 2015] [:error] [pid 6662] [client 172.17.0.1:35244] PHP Notice:  Undefined index: destination_id in /app/site/logs/transaction.phtml on line 32, referer: http://dealtrak/logs/proposal
[Tue Jul 28 13:53:45.656664 2015] [:error] [pid 6662] [client 172.17.0.1:35244] PHP Stack trace:, referer: http://dealtrak/logs/proposal
[Tue Jul 28 13:53:45.656666 2015] [:error] [pid 6662] [client 172.17.0.1:35244] PHP   1. {main}() /app/index.php:0, referer: http://dealtrak/logs/proposal
[Tue Jul 28 13:53:45.656668 2015] [:error] [pid 6662] [client 172.17.0.1:35244] PHP   2. include() /app/index.php:363, referer: http://dealtrak/logs/proposal
[Tue Jul 28 13:53:45.656670 2015] [:error] [pid 6662] [client 172.17.0.1:35244] PHP   3. include() /app/layouts/site.php:130, referer: http://dealtrak/logs/proposal
[Tue Jul 28 13:53:45.656675 2015] [:error] [pid 6662] [client 172.17.0.1:35244] PHP Notice:  Undefined index: destination_id in /app/site/logs/transaction.phtml on line 32, referer: http://dealtrak/logs/proposal
[Tue Jul 28 13:53:45.656676 2015] [:error] [pid 6662] [client 172.17.0.1:35244] PHP Stack trace:, referer: http://dealtrak/logs/proposal
[Tue Jul 28 13:53:45.656679 2015] [:error] [pid 6662] [client 172.17.0.1:35244] PHP   1. {main}() /app/index.php:0, referer: http://dealtrak/logs/proposal
[Tue Jul 28 13:53:45.656681 2015] [:error] [pid 6662] [client 172.17.0.1:35244] PHP   2. include() /app/index.php:363, referer: http://dealtrak/logs/proposal
[Tue Jul 28 13:53:45.656683 2015] [:error] [pid 6662] [client 172.17.0.1:35244] PHP   3. include() /app/layouts/site.php:130, referer: http://dealtrak/logs/proposal
[Tue Jul 28 13:53:45.656687 2015] [:error] [pid 6662] [client 172.17.0.1:35244] PHP Notice:  Undefined index: destination_id in /app/site/logs/transaction.phtml on line 32, referer: http://dealtrak/logs/proposal
[Tue Jul 28 13:53:45.656689 2015] [:error] [pid 6662] [client 172.17.0.1:35244] PHP Stack trace:, referer: http://dealtrak/logs/proposal
[Tue Jul 28 13:53:45.656691 2015] [:error] [pid 6662] [client 172.17.0.1:35244] PHP   1. {main}() /app/index.php:0, referer: http://dealtrak/logs/proposal
[Tue Jul 28 13:53:45.656693 2015] [:error] [pid 6662] [client 172.17.0.1:35244] PHP   2. include() /app/index.php:363, referer: http://dealtrak/logs/proposal
[Tue Jul 28 13:53:45.656695 2015] [:error] [pid 6662] [client 172.17.0.1:35244] PHP   3. include() /app/layouts/site.php:130, referer: http://dealtrak/logs/proposal
[Tue Jul 28 13:53:45.656699 2015] [:error] [pid 6662] [client 172.17.0.1:35244] PHP Notice:  Undefined index: destination_id in /app/site/logs/transaction.phtml on line 32, referer: http://dealtrak/logs/proposal
[Tue Jul 28 13:53:45.656701 2015] [:error] [pid 6662] [client 172.17.0.1:35244] PHP Stack trace:, referer: http://dealtrak/logs/proposal
[Tue Jul 28 13:53:45.656703 2015] [:error] [pid 6662] [client 172.17.0.1:35244] PHP   1. {main}() /app/index.php:0, referer: http://dealtrak/logs/proposal
[Tue Jul 28 13:53:45.656707 2015] [:error] [pid 6662] [client 172.17.0.1:35244] PHP   2. include() /app/index.php:363, referer: http://dealtrak/logs/proposal
[Tue Jul 28 13:53:45.656709 2015] [:error] [pid 6662] [client 172.17.0.1:35244] PHP   3. include() /app/layouts/site.php:130, referer: http://dealtrak/logs/proposal
[Tue Jul 28 13:53:45.656713 2015] [:error] [pid 6662] [client 172.17.0.1:35244] PHP Notice:  Undefined index: destination_id in /app/site/logs/transaction.phtml on line 32, referer: http://dealtrak/logs/proposal
[Tue Jul 28 13:53:45.656715 2015] [:error] [pid 6662] [client 172.17.0.1:35244] PHP Stack trace:, referer: http://dealtrak/logs/proposal
[Tue Jul 28 13:53:45.656717 2015] [:error] [pid 6662] [client 172.17.0.1:35244] PHP   1. {main}() /app/index.php:0, referer: http://dealtrak/logs/proposal
[Tue Jul 28 13:53:45.656719 2015] [:error] [pid 6662] [client 172.17.0.1:35244] PHP   2. include() /app/index.php:363, referer: http://dealtrak/logs/proposal
[Tue Jul 28 13:53:45.656721 2015] [:error] [pid 6662] [client 172.17.0.1:35244] PHP   3. include() /app/layouts/site.php:130, referer: http://dealtrak/logs/proposal
[Tue Jul 28 13:53:45.656725 2015] [:error] [pid 6662] [client 172.17.0.1:35244] PHP Notice:  Undefined index: destination_id in /app/site/logs/transaction.phtml on line 32, referer: http://dealtrak/logs/proposal
[Tue Jul 28 13:53:45.656727 2015] [:error] [pid 6662] [client 172.17.0.1:35244] PHP Stack trace:, referer: http://dealtrak/logs/proposal
[Tue Jul 28 13:53:45.656729 2015] [:error] [pid 6662] [client 172.17.0.1:35244] PHP   1. {main}() /app/index.php:0, referer: http://dealtrak/logs/proposal
[Tue Jul 28 13:53:45.656731 2015] [:error] [pid 6662] [client 172.17.0.1:35244] PHP   2. include() /app/index.php:363, referer: http://dealtrak/logs/proposal
[Tue Jul 28 13:53:45.656733 2015] [:error] [pid 6662] [client 172.17.0.1:35244] PHP   3. include() /app/layouts/site.php:130, referer: http://dealtrak/logs/proposal
[Tue Jul 28 13:53:45.656737 2015] [:error] [pid 6662] [client 172.17.0.1:35244] PHP Notice:  Undefined index: destination_id in /app/site/logs/transaction.phtml on line 32, referer: http://dealtrak/logs/proposal
[Tue Jul 28 13:53:45.656739 2015] [:error] [pid 6662] [client 172.17.0.1:35244] PHP Stack trace:, referer: http://dealtrak/logs/proposal
[Tue Jul 28 13:53:45.656741 2015] [:error] [pid 6662] [client 172.17.0.1:35244] PHP   1. {main}() /app/index.php:0, referer: http://dealtrak/logs/proposal
[Tue Jul 28 13:53:45.656743 2015] [:error] [pid 6662] [client 172.17.0.1:35244] PHP   2. include() /app/index.php:363, referer: http://dealtrak/logs/proposal
[Tue Jul 28 13:53:45.656745 2015] [:error] [pid 6662] [client 172.17.0.1:35244] PHP   3. include() /app/layouts/site.php:130, referer: http://dealtrak/logs/proposal
[Tue Jul 28 13:53:45.656749 2015] [:error] [pid 6662] [client 172.17.0.1:35244] PHP Notice:  Undefined index: destination_id in /app/site/logs/transaction.phtml on line 32, referer: http://dealtrak/logs/proposal
[Tue Jul 28 13:53:45.656751 2015] [:error] [pid 6662] [client 172.17.0.1:35244] PHP Stack trace:, referer: http://dealtrak/logs/proposal
[Tue Jul 28 13:53:45.656753 2015] [:error] [pid 6662] [client 172.17.0.1:35244] PHP   1. {main}() /app/index.php:0, referer: http://dealtrak/logs/proposal
[Tue Jul 28 13:53:45.656755 2015] [:error] [pid 6662] [client 172.17.0.1:35244] PHP   2. include() /app/index.php:363, referer: http://dealtrak/logs/proposal
[Tue Jul 28 13:53:45.656757 2015] [:error] [pid 6662] [client 172.17.0.1:35244] PHP   3. include() /app/layouts/site.php:130, referer: http://dealtrak/logs/proposal
[Tue Jul 28 13:53:45.656763 2015] [:error] [pid 6662] [client 172.17.0.1:35244] PHP Notice:  Undefined index: destination_id in /app/site/logs/transaction.phtml on line 32, referer: http://dealtrak/logs/proposal
[Tue Jul 28 13:53:45.656765 2015] [:error] [pid 6662] [client 172.17.0.1:35244] PHP Stack trace:, referer: http://dealtrak/logs/proposal
[Tue Jul 28 13:53:45.656767 2015] [:error] [pid 6662] [client 172.17.0.1:35244] PHP   1. {main}() /app/index.php:0, referer: http://dealtrak/logs/proposal
[Tue Jul 28 13:53:45.656769 2015] [:error] [pid 6662] [client 172.17.0.1:35244] PHP   2. include() /app/index.php:363, referer: http://dealtrak/logs/proposal
[Tue Jul 28 13:53:45.656771 2015] [:error] [pid 6662] [client 172.17.0.1:35244] PHP   3. include() /app/layouts/site.php:130, referer: http://dealtrak/logs/proposal
[Tue Jul 28 13:53:45.656775 2015] [:error] [pid 6662] [client 172.17.0.1:35244] PHP Notice:  Undefined index: destination_id in /app/site/logs/transaction.phtml on line 32, referer: http://dealtrak/logs/proposal
[Tue Jul 28 13:53:45.656777 2015] [:error] [pid 6662] [client 172.17.0.1:35244] PHP Stack trace:, referer: http://dealtrak/logs/proposal
[Tue Jul 28 13:53:45.656779 2015] [:error] [pid 6662] [client 172.17.0.1:35244] PHP   1. {main}() /app/index.php:0, referer: http://dealtrak/logs/proposal
[Tue Jul 28 13:53:45.656781 2015] [:error] [pid 6662] [client 172.17.0.1:35244] PHP   2. include() /app/index.php:363, referer: http://dealtrak/logs/proposal
[Tue Jul 28 13:53:45.656783 2015] [:error] [pid 6662] [client 172.17.0.1:35244] PHP   3. include() /app/layouts/site.php:130, referer: http://dealtrak/logs/proposal
[Tue Jul 28 13:53:45.656787 2015] [:error] [pid 6662] [client 172.17.0.1:35244] PHP Notice:  Undefined index: destination_id in /app/site/logs/transaction.phtml on line 32, referer: http://dealtrak/logs/proposal
[Tue Jul 28 13:53:45.656789 2015] [:error] [pid 6662] [client 172.17.0.1:35244] PHP Stack trace:, referer: http://dealtrak/logs/proposal
[Tue Jul 28 13:53:45.656791 2015] [:error] [pid 6662] [client 172.17.0.1:35244] PHP   1. {main}() /app/index.php:0, referer: http://dealtrak/logs/proposal
[Tue Jul 28 13:53:45.656793 2015] [:error] [pid 6662] [client 172.17.0.1:35244] PHP   2. include() /app/index.php:363, referer: http://dealtrak/logs/proposal
[Tue Jul 28 13:53:45.656795 2015] [:error] [pid 6662] [client 172.17.0.1:35244] PHP   3. include() /app/layouts/site.php:130, referer: http://dealtrak/logs/proposal
[Tue Jul 28 13:53:45.656799 2015] [:error] [pid 6662] [client 172.17.0.1:35244] PHP Notice:  Undefined index: destination_id in /app/site/logs/transaction.phtml on line 32, referer: http://dealtrak/logs/proposal
[Tue Jul 28 13:53:45.656801 2015] [:error] [pid 6662] [client 172.17.0.1:35244] PHP Stack trace:, referer: http://dealtrak/logs/proposal
[Tue Jul 28 13:53:45.656803 2015] [:error] [pid 6662] [client 172.17.0.1:35244] PHP   1. {main}() /app/index.php:0, referer: http://dealtrak/logs/proposal
[Tue Jul 28 13:53:45.656805 2015] [:error] [pid 6662] [client 172.17.0.1:35244] PHP   2. include() /app/index.php:363, referer: http://dealtrak/logs/proposal
[Tue Jul 28 13:53:45.656807 2015] [:error] [pid 6662] [client 172.17.0.1:35244] PHP   3. include() /app/layouts/site.php:130, referer: http://dealtrak/logs/proposal
[Tue Jul 28 13:53:45.656812 2015] [:error] [pid 6662] [client 172.17.0.1:35244] PHP Notice:  Undefined index: destination_id in /app/site/logs/transaction.phtml on line 32, referer: http://dealtrak/logs/proposal
[Tue Jul 28 13:53:45.656813 2015] [:error] [pid 6662] [client 172.17.0.1:35244] PHP Stack trace:, referer: http://dealtrak/logs/proposal
[Tue Jul 28 13:53:45.656815 2015] [:error] [pid 6662] [client 172.17.0.1:35244] PHP   1. {main}() /app/index.php:0, referer: http://dealtrak/logs/proposal
[Tue Jul 28 13:53:45.656819 2015] [:error] [pid 6662] [client 172.17.0.1:35244] PHP   2. include() /app/index.php:363, referer: http://dealtrak/logs/proposal
[Tue Jul 28 13:53:45.656821 2015] [:error] [pid 6662] [client 172.17.0.1:35244] PHP   3. include() /app/layouts/site.php:130, referer: http://dealtrak/logs/proposal
[Tue Jul 28 13:53:45.656826 2015] [:error] [pid 6662] [client 172.17.0.1:35244] PHP Notice:  Undefined index: destination_id in /app/site/logs/transaction.phtml on line 32, referer: http://dealtrak/logs/proposal
[Tue Jul 28 13:53:45.656827 2015] [:error] [pid 6662] [client 172.17.0.1:35244] PHP Stack trace:, referer: http://dealtrak/logs/proposal
[Tue Jul 28 13:53:45.656829 2015] [:error] [pid 6662] [client 172.17.0.1:35244] PHP   1. {main}() /app/index.php:0, referer: http://dealtrak/logs/proposal
[Tue Jul 28 13:53:45.656832 2015] [:error] [pid 6662] [client 172.17.0.1:35244] PHP   2. include() /app/index.php:363, referer: http://dealtrak/logs/proposal
[Tue Jul 28 13:53:45.656834 2015] [:error] [pid 6662] [client 172.17.0.1:35244] PHP   3. include() /app/layouts/site.php:130, referer: http://dealtrak/logs/proposal
[Tue Jul 28 13:53:45.656838 2015] [:error] [pid 6662] [client 172.17.0.1:35244] PHP Notice:  Undefined index: destination_id in /app/site/logs/transaction.phtml on line 32, referer: http://dealtrak/logs/proposal
[Tue Jul 28 13:53:45.656839 2015] [:error] [pid 6662] [client 172.17.0.1:35244] PHP Stack trace:, referer: http://dealtrak/logs/proposal
[Tue Jul 28 13:53:45.656841 2015] [:error] [pid 6662] [client 172.17.0.1:35244] PHP   1. {main}() /app/index.php:0, referer: http://dealtrak/logs/proposal
[Tue Jul 28 13:53:45.656844 2015] [:error] [pid 6662] [client 172.17.0.1:35244] PHP   2. include() /app/index.php:363, referer: http://dealtrak/logs/proposal
[Tue Jul 28 13:53:45.656846 2015] [:error] [pid 6662] [client 172.17.0.1:35244] PHP   3. include() /app/layouts/site.php:130, referer: http://dealtrak/logs/proposal
[Tue Jul 28 13:53:45.656850 2015] [:error] [pid 6662] [client 172.17.0.1:35244] PHP Notice:  Undefined index: destination_id in /app/site/logs/transaction.phtml on line 32, referer: http://dealtrak/logs/proposal
[Tue Jul 28 13:53:45.656852 2015] [:error] [pid 6662] [client 172.17.0.1:35244] PHP Stack trace:, referer: http://dealtrak/logs/proposal
[Tue Jul 28 13:53:45.656854 2015] [:error] [pid 6662] [client 172.17.0.1:35244] PHP   1. {main}() /app/index.php:0, referer: http://dealtrak/logs/proposal
[Tue Jul 28 13:53:45.656856 2015] [:error] [pid 6662] [client 172.17.0.1:35244] PHP   2. include() /app/index.php:363, referer: http://dealtrak/logs/proposal
[Tue Jul 28 13:53:45.656858 2015] [:error] [pid 6662] [client 172.17.0.1:35244] PHP   3. include() /app/layouts/site.php:130, referer: http://dealtrak/logs/proposal
[Tue Jul 28 13:53:45.656862 2015] [:error] [pid 6662] [client 172.17.0.1:35244] PHP Notice:  Undefined index: destination_id in /app/site/logs/transaction.phtml on line 32, referer: http://dealtrak/logs/proposal
[Tue Jul 28 13:53:45.656864 2015] [:error] [pid 6662] [client 172.17.0.1:35244] PHP Stack trace:, referer: http://dealtrak/logs/proposal
[Tue Jul 28 13:53:45.656866 2015] [:error] [pid 6662] [client 172.17.0.1:35244] PHP   1. {main}() /app/index.php:0, referer: http://dealtrak/logs/proposal
[Tue Jul 28 13:53:45.656868 2015] [:error] [pid 6662] [client 172.17.0.1:35244] PHP   2. include() /app/index.php:363, referer: http://dealtrak/logs/proposal
[Tue Jul 28 13:53:45.656870 2015] [:error] [pid 6662] [client 172.17.0.1:35244] PHP   3. include() /app/layouts/site.php:130, referer: http://dealtrak/logs/proposal
[Tue Jul 28 13:53:45.656876 2015] [:error] [pid 6662] [client 172.17.0.1:35244] PHP Notice:  Undefined index: destination_id in /app/site/logs/transaction.phtml on line 32, referer: http://dealtrak/logs/proposal
[Tue Jul 28 13:53:45.656877 2015] [:error] [pid 6662] [client 172.17.0.1:35244] PHP Stack trace:, referer: http://dealtrak/logs/proposal
[Tue Jul 28 13:53:45.656880 2015] [:error] [pid 6662] [client 172.17.0.1:35244] PHP   1. {main}() /app/index.php:0, referer: http://dealtrak/logs/proposal
[Tue Jul 28 13:53:45.656882 2015] [:error] [pid 6662] [client 172.17.0.1:35244] PHP   2. include() /app/index.php:363, referer: http://dealtrak/logs/proposal
[Tue Jul 28 13:53:45.656884 2015] [:error] [pid 6662] [client 172.17.0.1:35244] PHP   3. include() /app/layouts/site.php:130, referer: http://dealtrak/logs/proposal
[Tue Jul 28 13:53:45.656888 2015] [:error] [pid 6662] [client 172.17.0.1:35244] PHP Notice:  Undefined index: destination_id in /app/site/logs/transaction.phtml on line 32, referer: http://dealtrak/logs/proposal
[Tue Jul 28 13:53:45.656889 2015] [:error] [pid 6662] [client 172.17.0.1:35244] PHP Stack trace:, referer: http://dealtrak/logs/proposal
[Tue Jul 28 13:53:45.656892 2015] [:error] [pid 6662] [client 172.17.0.1:35244] PHP   1. {main}() /app/index.php:0, referer: http://dealtrak/logs/proposal
[Tue Jul 28 13:53:45.656894 2015] [:error] [pid 6662] [client 172.17.0.1:35244] PHP   2. include() /app/index.php:363, referer: http://dealtrak/logs/proposal
[Tue Jul 28 13:53:45.656896 2015] [:error] [pid 6662] [client 172.17.0.1:35244] PHP   3. include() /app/layouts/site.php:130, referer: http://dealtrak/logs/proposal
[Tue Jul 28 13:53:45.656900 2015] [:error] [pid 6662] [client 172.17.0.1:35244] PHP Notice:  Undefined index: destination_id in /app/site/logs/transaction.phtml on line 32, referer: http://dealtrak/logs/proposal
[Tue Jul 28 13:53:45.656901 2015] [:error] [pid 6662] [client 172.17.0.1:35244] PHP Stack trace:, referer: http://dealtrak/logs/proposal
[Tue Jul 28 13:53:45.656903 2015] [:error] [pid 6662] [client 172.17.0.1:35244] PHP   1. {main}() /app/index.php:0, referer: http://dealtrak/logs/proposal
[Tue Jul 28 13:53:45.656906 2015] [:error] [pid 6662] [client 172.17.0.1:35244] PHP   2. include() /app/index.php:363, referer: http://dealtrak/logs/proposal
[Tue Jul 28 13:53:45.656908 2015] [:error] [pid 6662] [client 172.17.0.1:35244] PHP   3. include() /app/layouts/site.php:130, referer: http://dealtrak/logs/proposal
[Tue Jul 28 13:53:45.656912 2015] [:error] [pid 6662] [client 172.17.0.1:35244] PHP Notice:  Undefined index: destination_id in /app/site/logs/transaction.phtml on line 32, referer: http://dealtrak/logs/proposal
[Tue Jul 28 13:53:45.656913 2015] [:error] [pid 6662] [client 172.17.0.1:35244] PHP Stack trace:, referer: http://dealtrak/logs/proposal
[Tue Jul 28 13:53:45.656915 2015] [:error] [pid 6662] [client 172.17.0.1:35244] PHP   1. {main}() /app/index.php:0, referer: http://dealtrak/logs/proposal
[Tue Jul 28 13:53:45.656918 2015] [:error] [pid 6662] [client 172.17.0.1:35244] PHP   2. include() /app/index.php:363, referer: http://dealtrak/logs/proposal
[Tue Jul 28 13:53:45.656920 2015] [:error] [pid 6662] [client 172.17.0.1:35244] PHP   3. include() /app/layouts/site.php:130, referer: http://dealtrak/logs/proposal
[Tue Jul 28 13:53:45.656924 2015] [:error] [pid 6662] [client 172.17.0.1:35244] PHP Notice:  Undefined index: destination_id in /app/site/logs/transaction.phtml on line 32, referer: http://dealtrak/logs/proposal
[Tue Jul 28 13:53:45.656925 2015] [:error] [pid 6662] [client 172.17.0.1:35244] PHP Stack trace:, referer: http://dealtrak/logs/proposal
[Tue Jul 28 13:53:45.656929 2015] [:error] [pid 6662] [client 172.17.0.1:35244] PHP   1. {main}() /app/index.php:0, referer: http://dealtrak/logs/proposal
[Tue Jul 28 13:53:45.656931 2015] [:error] [pid 6662] [client 172.17.0.1:35244] PHP   2. include() /app/index.php:363, referer: http://dealtrak/logs/proposal
[Tue Jul 28 13:53:45.656933 2015] [:error] [pid 6662] [client 172.17.0.1:35244] PHP   3. include() /app/layouts/site.php:130, referer: http://dealtrak/logs/proposal
[Tue Jul 28 13:53:45.656938 2015] [:error] [pid 6662] [client 172.17.0.1:35244] PHP Notice:  Undefined index: destination_id in /app/site/logs/transaction.phtml on line 32, referer: http://dealtrak/logs/proposal
[Tue Jul 28 13:53:45.656939 2015] [:error] [pid 6662] [client 172.17.0.1:35244] PHP Stack trace:, referer: http://dealtrak/logs/proposal
[Tue Jul 28 13:53:45.656941 2015] [:error] [pid 6662] [client 172.17.0.1:35244] PHP   1. {main}() /app/index.php:0, referer: http://dealtrak/logs/proposal
[Tue Jul 28 13:53:45.656943 2015] [:error] [pid 6662] [client 172.17.0.1:35244] PHP   2. include() /app/index.php:363, referer: http://dealtrak/logs/proposal
[Tue Jul 28 13:53:45.656945 2015] [:error] [pid 6662] [client 172.17.0.1:35244] PHP   3. include() /app/layouts/site.php:130, referer: http://dealtrak/logs/proposal
[Tue Jul 28 13:53:45.656950 2015] [:error] [pid 6662] [client 172.17.0.1:35244] PHP Notice:  Undefined index: destination_id in /app/site/logs/transaction.phtml on line 32, referer: http://dealtrak/logs/proposal
[Tue Jul 28 13:53:45.656951 2015] [:error] [pid 6662] [client 172.17.0.1:35244] PHP Stack trace:, referer: http://dealtrak/logs/proposal
[Tue Jul 28 13:53:45.656953 2015] [:error] [pid 6662] [client 172.17.0.1:35244] PHP   1. {main}() /app/index.php:0, referer: http://dealtrak/logs/proposal
[Tue Jul 28 13:53:45.656955 2015] [:error] [pid 6662] [client 172.17.0.1:35244] PHP   2. include() /app/index.php:363, referer: http://dealtrak/logs/proposal
[Tue Jul 28 13:53:45.656957 2015] [:error] [pid 6662] [client 172.17.0.1:35244] PHP   3. include() /app/layouts/site.php:130, referer: http://dealtrak/logs/proposal
[Tue Jul 28 13:53:45.656962 2015] [:error] [pid 6662] [client 172.17.0.1:35244] PHP Notice:  Undefined index: destination_id in /app/site/logs/transaction.phtml on line 32, referer: http://dealtrak/logs/proposal
[Tue Jul 28 13:53:45.656963 2015] [:error] [pid 6662] [client 172.17.0.1:35244] PHP Stack trace:, referer: http://dealtrak/logs/proposal
[Tue Jul 28 13:53:45.656965 2015] [:error] [pid 6662] [client 172.17.0.1:35244] PHP   1. {main}() /app/index.php:0, referer: http://dealtrak/logs/proposal
[Tue Jul 28 13:53:45.656967 2015] [:error] [pid 6662] [client 172.17.0.1:35244] PHP   2. include() /app/index.php:363, referer: http://dealtrak/logs/proposal
[Tue Jul 28 13:53:45.656969 2015] [:error] [pid 6662] [client 172.17.0.1:35244] PHP   3. include() /app/layouts/site.php:130, referer: http://dealtrak/logs/proposal
[Tue Jul 28 13:53:45.656974 2015] [:error] [pid 6662] [client 172.17.0.1:35244] PHP Notice:  Undefined index: destination_id in /app/site/logs/transaction.phtml on line 32, referer: http://dealtrak/logs/proposal
[Tue Jul 28 13:53:45.656975 2015] [:error] [pid 6662] [client 172.17.0.1:35244] PHP Stack trace:, referer: http://dealtrak/logs/proposal
[Tue Jul 28 13:53:45.656977 2015] [:error] [pid 6662] [client 172.17.0.1:35244] PHP   1. {main}() /app/index.php:0, referer: http://dealtrak/logs/proposal
[Tue Jul 28 13:53:45.656979 2015] [:error] [pid 6662] [client 172.17.0.1:35244] PHP   2. include() /app/index.php:363, referer: http://dealtrak/logs/proposal
[Tue Jul 28 13:53:45.656983 2015] [:error] [pid 6662] [client 172.17.0.1:35244] PHP   3. include() /app/layouts/site.php:130, referer: http://dealtrak/logs/proposal
[Tue Jul 28 13:53:45.656987 2015] [:error] [pid 6662] [client 172.17.0.1:35244] PHP Notice:  Undefined index: destination_id in /app/site/logs/transaction.phtml on line 32, referer: http://dealtrak/logs/proposal
[Tue Jul 28 13:53:45.656989 2015] [:error] [pid 6662] [client 172.17.0.1:35244] PHP Stack trace:, referer: http://dealtrak/logs/proposal
[Tue Jul 28 13:53:45.656991 2015] [:error] [pid 6662] [client 172.17.0.1:35244] PHP   1. {main}() /app/index.php:0, referer: http://dealtrak/logs/proposal
[Tue Jul 28 13:53:45.656993 2015] [:error] [pid 6662] [client 172.17.0.1:35244] PHP   2. include() /app/index.php:363, referer: http://dealtrak/logs/proposal
[Tue Jul 28 13:53:45.656995 2015] [:error] [pid 6662] [client 172.17.0.1:35244] PHP   3. include() /app/layouts/site.php:130, referer: http://dealtrak/logs/proposal
[Tue Jul 28 13:53:45.657000 2015] [:error] [pid 6662] [client 172.17.0.1:35244] PHP Notice:  Undefined index: destination_id in /app/site/logs/transaction.phtml on line 32, referer: http://dealtrak/logs/proposal
[Tue Jul 28 13:53:45.657001 2015] [:error] [pid 6662] [client 172.17.0.1:35244] PHP Stack trace:, referer: http://dealtrak/logs/proposal
[Tue Jul 28 13:53:45.657003 2015] [:error] [pid 6662] [client 172.17.0.1:35244] PHP   1. {main}() /app/index.php:0, referer: http://dealtrak/logs/proposal
[Tue Jul 28 13:53:45.657005 2015] [:error] [pid 6662] [client 172.17.0.1:35244] PHP   2. include() /app/index.php:363, referer: http://dealtrak/logs/proposal
[Tue Jul 28 13:53:45.657007 2015] [:error] [pid 6662] [client 172.17.0.1:35244] PHP   3. include() /app/layouts/site.php:130, referer: http://dealtrak/logs/proposal
[Tue Jul 28 13:53:45.657011 2015] [:error] [pid 6662] [client 172.17.0.1:35244] PHP Notice:  Undefined index: destination_id in /app/site/logs/transaction.phtml on line 32, referer: http://dealtrak/logs/proposal
[Tue Jul 28 13:53:45.657013 2015] [:error] [pid 6662] [client 172.17.0.1:35244] PHP Stack trace:, referer: http://dealtrak/logs/proposal
[Tue Jul 28 13:53:45.657015 2015] [:error] [pid 6662] [client 172.17.0.1:35244] PHP   1. {main}() /app/index.php:0, referer: http://dealtrak/logs/proposal
[Tue Jul 28 13:53:45.657017 2015] [:error] [pid 6662] [client 172.17.0.1:35244] PHP   2. include() /app/index.php:363, referer: http://dealtrak/logs/proposal
[Tue Jul 28 13:53:45.657019 2015] [:error] [pid 6662] [client 172.17.0.1:35244] PHP   3. include() /app/layouts/site.php:130, referer: http://dealtrak/logs/proposal
[Tue Jul 28 13:53:45.657024 2015] [:error] [pid 6662] [client 172.17.0.1:35244] PHP Notice:  Undefined index: destination_id in /app/site/logs/transaction.phtml on line 32, referer: http://dealtrak/logs/proposal
[Tue Jul 28 13:53:45.657025 2015] [:error] [pid 6662] [client 172.17.0.1:35244] PHP Stack trace:, referer: http://dealtrak/logs/proposal
[Tue Jul 28 13:53:45.657027 2015] [:error] [pid 6662] [client 172.17.0.1:35244] PHP   1. {main}() /app/index.php:0, referer: http://dealtrak/logs/proposal
[Tue Jul 28 13:53:45.657029 2015] [:error] [pid 6662] [client 172.17.0.1:35244] PHP   2. include() /app/index.php:363, referer: http://dealtrak/logs/proposal
[Tue Jul 28 13:53:45.657031 2015] [:error] [pid 6662] [client 172.17.0.1:35244] PHP   3. include() /app/layouts/site.php:130, referer: http://dealtrak/logs/proposal
[Tue Jul 28 13:53:45.657035 2015] [:error] [pid 6662] [client 172.17.0.1:35244] PHP Notice:  Undefined index: destination_id in /app/site/logs/transaction.phtml on line 32, referer: http://dealtrak/logs/proposal
[Tue Jul 28 13:53:45.657039 2015] [:error] [pid 6662] [client 172.17.0.1:35244] PHP Stack trace:, referer: http://dealtrak/logs/proposal
[Tue Jul 28 13:53:45.657041 2015] [:error] [pid 6662] [client 172.17.0.1:35244] PHP   1. {main}() /app/index.php:0, referer: http://dealtrak/logs/proposal
[Tue Jul 28 13:53:45.657043 2015] [:error] [pid 6662] [client 172.17.0.1:35244] PHP   2. include() /app/index.php:363, referer: http://dealtrak/logs/proposal
[Tue Jul 28 13:53:45.657045 2015] [:error] [pid 6662] [client 172.17.0.1:35244] PHP   3. include() /app/layouts/site.php:130, referer: http://dealtrak/logs/proposal
[Tue Jul 28 13:53:45.657049 2015] [:error] [pid 6662] [client 172.17.0.1:35244] PHP Notice:  Undefined index: destination_id in /app/site/logs/transaction.phtml on line 32, referer: http://dealtrak/logs/proposal
[Tue Jul 28 13:53:45.657051 2015] [:error] [pid 6662] [client 172.17.0.1:35244] PHP Stack trace:, referer: http://dealtrak/logs/proposal
[Tue Jul 28 13:53:45.657053 2015] [:error] [pid 6662] [client 172.17.0.1:35244] PHP   1. {main}() /app/index.php:0, referer: http://dealtrak/logs/proposal
[Tue Jul 28 13:53:45.657055 2015] [:error] [pid 6662] [client 172.17.0.1:35244] PHP   2. include() /app/index.php:363, referer: http://dealtrak/logs/proposal
[Tue Jul 28 13:53:45.657057 2015] [:error] [pid 6662] [client 172.17.0.1:35244] PHP   3. include() /app/layouts/site.php:130, referer: http://dealtrak/logs/proposal
[Tue Jul 28 13:53:45.657061 2015] [:error] [pid 6662] [client 172.17.0.1:35244] PHP Notice:  Undefined index: destination_id in /app/site/logs/transaction.phtml on line 32, referer: http://dealtrak/logs/proposal
[Tue Jul 28 13:53:45.657063 2015] [:error] [pid 6662] [client 172.17.0.1:35244] PHP Stack trace:, referer: http://dealtrak/logs/proposal
[Tue Jul 28 13:53:45.657065 2015] [:error] [pid 6662] [client 172.17.0.1:35244] PHP   1. {main}() /app/index.php:0, referer: http://dealtrak/logs/proposal
[Tue Jul 28 13:53:45.657067 2015] [:error] [pid 6662] [client 172.17.0.1:35244] PHP   2. include() /app/index.php:363, referer: http://dealtrak/logs/proposal
[Tue Jul 28 13:53:45.657069 2015] [:error] [pid 6662] [client 172.17.0.1:35244] PHP   3. include() /app/layouts/site.php:130, referer: http://dealtrak/logs/proposal
[Tue Jul 28 13:53:45.657073 2015] [:error] [pid 6662] [client 172.17.0.1:35244] PHP Notice:  Undefined index: destination_id in /app/site/logs/transaction.phtml on line 32, referer: http://dealtrak/logs/proposal
[Tue Jul 28 13:53:45.657075 2015] [:error] [pid 6662] [client 172.17.0.1:35244] PHP Stack trace:, referer: http://dealtrak/logs/proposal
[Tue Jul 28 13:53:45.657077 2015] [:error] [pid 6662] [client 172.17.0.1:35244] PHP   1. {main}() /app/index.php:0, referer: http://dealtrak/logs/proposal
[Tue Jul 28 13:53:45.657079 2015] [:error] [pid 6662] [client 172.17.0.1:35244] PHP   2. include() /app/index.php:363, referer: http://dealtrak/logs/proposal
[Tue Jul 28 13:53:45.657081 2015] [:error] [pid 6662] [client 172.17.0.1:35244] PHP   3. include() /app/layouts/site.php:130, referer: http://dealtrak/logs/proposal
[Tue Jul 28 13:53:45.657085 2015] [:error] [pid 6662] [client 172.17.0.1:35244] PHP Notice:  Undefined index: destination_id in /app/site/logs/transaction.phtml on line 32, referer: http://dealtrak/logs/proposal
[Tue Jul 28 13:53:45.657087 2015] [:error] [pid 6662] [client 172.17.0.1:35244] PHP Stack trace:, referer: http://dealtrak/logs/proposal
[Tue Jul 28 13:53:45.657089 2015] [:error] [pid 6662] [client 172.17.0.1:35244] PHP   1. {main}() /app/index.php:0, referer: http://dealtrak/logs/proposal
[Tue Jul 28 13:53:45.657091 2015] [:error] [pid 6662] [client 172.17.0.1:35244] PHP   2. include() /app/index.php:363, referer: http://dealtrak/logs/proposal
[Tue Jul 28 13:53:45.657094 2015] [:error] [pid 6662] [client 172.17.0.1:35244] PHP   3. include() /app/layouts/site.php:130, referer: http://dealtrak/logs/proposal
[Tue Jul 28 13:53:45.657099 2015] [:error] [pid 6662] [client 172.17.0.1:35244] PHP Notice:  Undefined index: destination_id in /app/site/logs/transaction.phtml on line 32, referer: http://dealtrak/logs/proposal
[Tue Jul 28 13:53:45.657100 2015] [:error] [pid 6662] [client 172.17.0.1:35244] PHP Stack trace:, referer: http://dealtrak/logs/proposal
[Tue Jul 28 13:53:45.657103 2015] [:error] [pid 6662] [client 172.17.0.1:35244] PHP   1. {main}() /app/index.php:0, referer: http://dealtrak/logs/proposal
[Tue Jul 28 13:53:45.657105 2015] [:error] [pid 6662] [client 172.17.0.1:35244] PHP   2. include() /app/index.php:363, referer: http://dealtrak/logs/proposal
[Tue Jul 28 13:53:45.657107 2015] [:error] [pid 6662] [client 172.17.0.1:35244] PHP   3. include() /app/layouts/site.php:130, referer: http://dealtrak/logs/proposal
[Tue Jul 28 13:53:45.657111 2015] [:error] [pid 6662] [client 172.17.0.1:35244] PHP Notice:  Undefined index: destination_id in /app/site/logs/transaction.phtml on line 32, referer: http://dealtrak/logs/proposal
[Tue Jul 28 13:53:45.657113 2015] [:error] [pid 6662] [client 172.17.0.1:35244] PHP Stack trace:, referer: http://dealtrak/logs/proposal
[Tue Jul 28 13:53:45.657115 2015] [:error] [pid 6662] [client 172.17.0.1:35244] PHP   1. {main}() /app/index.php:0, referer: http://dealtrak/logs/proposal
[Tue Jul 28 13:53:45.657117 2015] [:error] [pid 6662] [client 172.17.0.1:35244] PHP   2. include() /app/index.php:363, referer: http://dealtrak/logs/proposal
[Tue Jul 28 13:53:45.657119 2015] [:error] [pid 6662] [client 172.17.0.1:35244] PHP   3. include() /app/layouts/site.php:130, referer: http://dealtrak/logs/proposal
[Tue Jul 28 13:53:45.657123 2015] [:error] [pid 6662] [client 172.17.0.1:35244] PHP Notice:  Undefined index: destination_id in /app/site/logs/transaction.phtml on line 32, referer: http://dealtrak/logs/proposal
[Tue Jul 28 13:53:45.657125 2015] [:error] [pid 6662] [client 172.17.0.1:35244] PHP Stack trace:, referer: http://dealtrak/logs/proposal
[Tue Jul 28 13:53:45.657127 2015] [:error] [pid 6662] [client 172.17.0.1:35244] PHP   1. {main}() /app/index.php:0, referer: http://dealtrak/logs/proposal
[Tue Jul 28 13:53:45.657129 2015] [:error] [pid 6662] [client 172.17.0.1:35244] PHP   2. include() /app/index.php:363, referer: http://dealtrak/logs/proposal
[Tue Jul 28 13:53:45.657131 2015] [:error] [pid 6662] [client 172.17.0.1:35244] PHP   3. include() /app/layouts/site.php:130, referer: http://dealtrak/logs/proposal
[Tue Jul 28 13:53:45.657135 2015] [:error] [pid 6662] [client 172.17.0.1:35244] PHP Notice:  Undefined index: destination_id in /app/site/logs/transaction.phtml on line 32, referer: http://dealtrak/logs/proposal
[Tue Jul 28 13:53:45.657136 2015] [:error] [pid 6662] [client 172.17.0.1:35244] PHP Stack trace:, referer: http://dealtrak/logs/proposal
[Tue Jul 28 13:53:45.657139 2015] [:error] [pid 6662] [client 172.17.0.1:35244] PHP   1. {main}() /app/index.php:0, referer: http://dealtrak/logs/proposal
[Tue Jul 28 13:53:45.657141 2015] [:error] [pid 6662] [client 172.17.0.1:35244] PHP   2. include() /app/index.php:363, referer: http://dealtrak/logs/proposal
[Tue Jul 28 13:53:45.657143 2015] [:error] [pid 6662] [client 172.17.0.1:35244] PHP   3. include() /app/layouts/site.php:130, referer: http://dealtrak/logs/proposal
[Tue Jul 28 13:53:45.657147 2015] [:error] [pid 6662] [client 172.17.0.1:35244] PHP Notice:  Undefined index: destination_id in /app/site/logs/transaction.phtml on line 32, referer: http://dealtrak/logs/proposal
[Tue Jul 28 13:53:45.657151 2015] [:error] [pid 6662] [client 172.17.0.1:35244] PHP Stack trace:, referer: http://dealtrak/logs/proposal
[Tue Jul 28 13:53:45.657153 2015] [:error] [pid 6662] [client 172.17.0.1:35244] PHP   1. {main}() /app/index.php:0, referer: http://dealtrak/logs/proposal
[Tue Jul 28 13:53:45.657155 2015] [:error] [pid 6662] [client 172.17.0.1:35244] PHP   2. include() /app/index.php:363, referer: http://dealtrak/logs/proposal
[Tue Jul 28 13:53:45.657157 2015] [:error] [pid 6662] [client 172.17.0.1:35244] PHP   3. include() /app/layouts/site.php:130, referer: http://dealtrak/logs/proposal
[Tue Jul 28 13:53:45.657161 2015] [:error] [pid 6662] [client 172.17.0.1:35244] PHP Notice:  Undefined index: destination_id in /app/site/logs/transaction.phtml on line 32, referer: http://dealtrak/logs/proposal
[Tue Jul 28 13:53:45.657163 2015] [:error] [pid 6662] [client 172.17.0.1:35244] PHP Stack trace:, referer: http://dealtrak/logs/proposal
[Tue Jul 28 13:53:45.657165 2015] [:error] [pid 6662] [client 172.17.0.1:35244] PHP   1. {main}() /app/index.php:0, referer: http://dealtrak/logs/proposal
[Tue Jul 28 13:53:45.657167 2015] [:error] [pid 6662] [client 172.17.0.1:35244] PHP   2. include() /app/index.php:363, referer: http://dealtrak/logs/proposal
[Tue Jul 28 13:53:45.657169 2015] [:error] [pid 6662] [client 172.17.0.1:35244] PHP   3. include() /app/layouts/site.php:130, referer: http://dealtrak/logs/proposal
[Tue Jul 28 13:53:45.657173 2015] [:error] [pid 6662] [client 172.17.0.1:35244] PHP Notice:  Undefined index: destination_id in /app/site/logs/transaction.phtml on line 32, referer: http://dealtrak/logs/proposal
[Tue Jul 28 13:53:45.657175 2015] [:error] [pid 6662] [client 172.17.0.1:35244] PHP Stack trace:, referer: http://dealtrak/logs/proposal
[Tue Jul 28 13:53:45.657177 2015] [:error] [pid 6662] [client 172.17.0.1:35244] PHP   1. {main}() /app/index.php:0, referer: http://dealtrak/logs/proposal
[Tue Jul 28 13:53:45.657179 2015] [:error] [pid 6662] [client 172.17.0.1:35244] PHP   2. include() /app/index.php:363, referer: http://dealtrak/logs/proposal
[Tue Jul 28 13:53:45.657181 2015] [:error] [pid 6662] [client 172.17.0.1:35244] PHP   3. include() /app/layouts/site.php:130, referer: http://dealtrak/logs/proposal
[Tue Jul 28 13:53:45.657185 2015] [:error] [pid 6662] [client 172.17.0.1:35244] PHP Notice:  Undefined index: destination_id in /app/site/logs/transaction.phtml on line 32, referer: http://dealtrak/logs/proposal
[Tue Jul 28 13:53:45.657187 2015] [:error] [pid 6662] [client 172.17.0.1:35244] PHP Stack trace:, referer: http://dealtrak/logs/proposal
[Tue Jul 28 13:53:45.657189 2015] [:error] [pid 6662] [client 172.17.0.1:35244] PHP   1. {main}() /app/index.php:0, referer: http://dealtrak/logs/proposal
[Tue Jul 28 13:53:45.657191 2015] [:error] [pid 6662] [client 172.17.0.1:35244] PHP   2. include() /app/index.php:363, referer: http://dealtrak/logs/proposal
[Tue Jul 28 13:53:45.657193 2015] [:error] [pid 6662] [client 172.17.0.1:35244] PHP   3. include() /app/layouts/site.php:130, referer: http://dealtrak/logs/proposal
[Tue Jul 28 13:53:45.657197 2015] [:error] [pid 6662] [client 172.17.0.1:35244] PHP Notice:  Undefined index: destination_id in /app/site/logs/transaction.phtml on line 32, referer: http://dealtrak/logs/proposal
[Tue Jul 28 13:53:45.657199 2015] [:error] [pid 6662] [client 172.17.0.1:35244] PHP Stack trace:, referer: http://dealtrak/logs/proposal
[Tue Jul 28 13:53:45.657201 2015] [:error] [pid 6662] [client 172.17.0.1:35244] PHP   1. {main}() /app/index.php:0, referer: http://dealtrak/logs/proposal
[Tue Jul 28 13:53:45.657204 2015] [:error] [pid 6662] [client 172.17.0.1:35244] PHP   2. include() /app/index.php:363, referer: http://dealtrak/logs/proposal
[Tue Jul 28 13:53:45.657207 2015] [:error] [pid 6662] [client 172.17.0.1:35244] PHP   3. include() /app/layouts/site.php:130, referer: http://dealtrak/logs/proposal
[Tue Jul 28 13:53:45.657211 2015] [:error] [pid 6662] [client 172.17.0.1:35244] PHP Notice:  Undefined index: destination_id in /app/site/logs/transaction.phtml on line 32, referer: http://dealtrak/logs/proposal
[Tue Jul 28 13:53:45.657212 2015] [:error] [pid 6662] [client 172.17.0.1:35244] PHP Stack trace:, referer: http://dealtrak/logs/proposal
[Tue Jul 28 13:53:45.657215 2015] [:error] [pid 6662] [client 172.17.0.1:35244] PHP   1. {main}() /app/index.php:0, referer: http://dealtrak/logs/proposal
[Tue Jul 28 13:53:45.657217 2015] [:error] [pid 6662] [client 172.17.0.1:35244] PHP   2. include() /app/index.php:363, referer: http://dealtrak/logs/proposal
[Tue Jul 28 13:53:45.657219 2015] [:error] [pid 6662] [client 172.17.0.1:35244] PHP   3. include() /app/layouts/site.php:130, referer: http://dealtrak/logs/proposal
[Tue Jul 28 13:53:45.657223 2015] [:error] [pid 6662] [client 172.17.0.1:35244] PHP Notice:  Undefined index: destination_id in /app/site/logs/transaction.phtml on line 32, referer: http://dealtrak/logs/proposal
[Tue Jul 28 13:53:45.657225 2015] [:error] [pid 6662] [client 172.17.0.1:35244] PHP Stack trace:, referer: http://dealtrak/logs/proposal
[Tue Jul 28 13:53:45.657227 2015] [:error] [pid 6662] [client 172.17.0.1:35244] PHP   1. {main}() /app/index.php:0, referer: http://dealtrak/logs/proposal
[Tue Jul 28 13:53:45.657229 2015] [:error] [pid 6662] [client 172.17.0.1:35244] PHP   2. include() /app/index.php:363, referer: http://dealtrak/logs/proposal
[Tue Jul 28 13:53:45.657231 2015] [:error] [pid 6662] [client 172.17.0.1:35244] PHP   3. include() /app/layouts/site.php:130, referer: http://dealtrak/logs/proposal
[Tue Jul 28 13:53:45.657235 2015] [:error] [pid 6662] [client 172.17.0.1:35244] PHP Notice:  Undefined index: destination_id in /app/site/logs/transaction.phtml on line 32, referer: http://dealtrak/logs/proposal
[Tue Jul 28 13:53:45.657237 2015] [:error] [pid 6662] [client 172.17.0.1:35244] PHP Stack trace:, referer: http://dealtrak/logs/proposal
[Tue Jul 28 13:53:45.657239 2015] [:error] [pid 6662] [client 172.17.0.1:35244] PHP   1. {main}() /app/index.php:0, referer: http://dealtrak/logs/proposal
[Tue Jul 28 13:53:45.657241 2015] [:error] [pid 6662] [client 172.17.0.1:35244] PHP   2. include() /app/index.php:363, referer: http://dealtrak/logs/proposal
[Tue Jul 28 13:53:45.657243 2015] [:error] [pid 6662] [client 172.17.0.1:35244] PHP   3. include() /app/layouts/site.php:130, referer: http://dealtrak/logs/proposal
[Tue Jul 28 13:53:45.657247 2015] [:error] [pid 6662] [client 172.17.0.1:35244] PHP Notice:  Undefined index: destination_id in /app/site/logs/transaction.phtml on line 32, referer: http://dealtrak/logs/proposal
[Tue Jul 28 13:53:45.657249 2015] [:error] [pid 6662] [client 172.17.0.1:35244] PHP Stack trace:, referer: http://dealtrak/logs/proposal
[Tue Jul 28 13:53:45.657251 2015] [:error] [pid 6662] [client 172.17.0.1:35244] PHP   1. {main}() /app/index.php:0, referer: http://dealtrak/logs/proposal
[Tue Jul 28 13:53:45.657253 2015] [:error] [pid 6662] [client 172.17.0.1:35244] PHP   2. include() /app/index.php:363, referer: http://dealtrak/logs/proposal
[Tue Jul 28 13:53:45.657255 2015] [:error] [pid 6662] [client 172.17.0.1:35244] PHP   3. include() /app/layouts/site.php:130, referer: http://dealtrak/logs/proposal
[Tue Jul 28 13:53:45.657261 2015] [:error] [pid 6662] [client 172.17.0.1:35244] PHP Notice:  Undefined index: destination_id in /app/site/logs/transaction.phtml on line 32, referer: http://dealtrak/logs/proposal
[Tue Jul 28 13:53:45.657262 2015] [:error] [pid 6662] [client 172.17.0.1:35244] PHP Stack trace:, referer: http://dealtrak/logs/proposal
[Tue Jul 28 13:53:45.657264 2015] [:error] [pid 6662] [client 172.17.0.1:35244] PHP   1. {main}() /app/index.php:0, referer: http://dealtrak/logs/proposal
[Tue Jul 28 13:53:45.657267 2015] [:error] [pid 6662] [client 172.17.0.1:35244] PHP   2. include() /app/index.php:363, referer: http://dealtrak/logs/proposal
[Tue Jul 28 13:53:45.657269 2015] [:error] [pid 6662] [client 172.17.0.1:35244] PHP   3. include() /app/layouts/site.php:130, referer: http://dealtrak/logs/proposal
[Tue Jul 28 13:53:45.657273 2015] [:error] [pid 6662] [client 172.17.0.1:35244] PHP Notice:  Undefined index: destination_id in /app/site/logs/transaction.phtml on line 32, referer: http://dealtrak/logs/proposal
[Tue Jul 28 13:53:45.657274 2015] [:error] [pid 6662] [client 172.17.0.1:35244] PHP Stack trace:, referer: http://dealtrak/logs/proposal
[Tue Jul 28 13:53:45.657276 2015] [:error] [pid 6662] [client 172.17.0.1:35244] PHP   1. {main}() /app/index.php:0, referer: http://dealtrak/logs/proposal
[Tue Jul 28 13:53:45.657279 2015] [:error] [pid 6662] [client 172.17.0.1:35244] PHP   2. include() /app/index.php:363, referer: http://dealtrak/logs/proposal
[Tue Jul 28 13:53:45.657281 2015] [:error] [pid 6662] [client 172.17.0.1:35244] PHP   3. include() /app/layouts/site.php:130, referer: http://dealtrak/logs/proposal
[Tue Jul 28 13:53:45.657285 2015] [:error] [pid 6662] [client 172.17.0.1:35244] PHP Notice:  Undefined index: destination_id in /app/site/logs/transaction.phtml on line 32, referer: http://dealtrak/logs/proposal
[Tue Jul 28 13:53:45.657286 2015] [:error] [pid 6662] [client 172.17.0.1:35244] PHP Stack trace:, referer: http://dealtrak/logs/proposal
[Tue Jul 28 13:53:45.657288 2015] [:error] [pid 6662] [client 172.17.0.1:35244] PHP   1. {main}() /app/index.php:0, referer: http://dealtrak/logs/proposal
[Tue Jul 28 13:53:45.657291 2015] [:error] [pid 6662] [client 172.17.0.1:35244] PHP   2. include() /app/index.php:363, referer: http://dealtrak/logs/proposal
[Tue Jul 28 13:53:45.657293 2015] [:error] [pid 6662] [client 172.17.0.1:35244] PHP   3. include() /app/layouts/site.php:130, referer: http://dealtrak/logs/proposal
[Tue Jul 28 13:53:45.657297 2015] [:error] [pid 6662] [client 172.17.0.1:35244] PHP Notice:  Undefined index: destination_id in /app/site/logs/transaction.phtml on line 32, referer: http://dealtrak/logs/proposal
[Tue Jul 28 13:53:45.657298 2015] [:error] [pid 6662] [client 172.17.0.1:35244] PHP Stack trace:, referer: http://dealtrak/logs/proposal
[Tue Jul 28 13:53:45.657300 2015] [:error] [pid 6662] [client 172.17.0.1:35244] PHP   1. {main}() /app/index.php:0, referer: http://dealtrak/logs/proposal
[Tue Jul 28 13:53:45.657303 2015] [:error] [pid 6662] [client 172.17.0.1:35244] PHP   2. include() /app/index.php:363, referer: http://dealtrak/logs/proposal
[Tue Jul 28 13:53:45.657305 2015] [:error] [pid 6662] [client 172.17.0.1:35244] PHP   3. include() /app/layouts/site.php:130, referer: http://dealtrak/logs/proposal
[Tue Jul 28 13:53:45.657309 2015] [:error] [pid 6662] [client 172.17.0.1:35244] PHP Notice:  Undefined index: destination_id in /app/site/logs/transaction.phtml on line 32, referer: http://dealtrak/logs/proposal
[Tue Jul 28 13:53:45.657310 2015] [:error] [pid 6662] [client 172.17.0.1:35244] PHP Stack trace:, referer: http://dealtrak/logs/proposal
[Tue Jul 28 13:53:45.657314 2015] [:error] [pid 6662] [client 172.17.0.1:35244] PHP   1. {main}() /app/index.php:0, referer: http://dealtrak/logs/proposal
[Tue Jul 28 13:53:45.657316 2015] [:error] [pid 6662] [client 172.17.0.1:35244] PHP   2. include() /app/index.php:363, referer: http://dealtrak/logs/proposal
[Tue Jul 28 13:53:45.657318 2015] [:error] [pid 6662] [client 172.17.0.1:35244] PHP   3. include() /app/layouts/site.php:130, referer: http://dealtrak/logs/proposal
[Tue Jul 28 13:53:45.657322 2015] [:error] [pid 6662] [client 172.17.0.1:35244] PHP Notice:  Undefined index: destination_id in /app/site/logs/transaction.phtml on line 32, referer: http://dealtrak/logs/proposal
[Tue Jul 28 13:53:45.657324 2015] [:error] [pid 6662] [client 172.17.0.1:35244] PHP Stack trace:, referer: http://dealtrak/logs/proposal
[Tue Jul 28 13:53:45.657326 2015] [:error] [pid 6662] [client 172.17.0.1:35244] PHP   1. {main}() /app/index.php:0, referer: http://dealtrak/logs/proposal
[Tue Jul 28 13:53:45.657328 2015] [:error] [pid 6662] [client 172.17.0.1:35244] PHP   2. include() /app/index.php:363, referer: http://dealtrak/logs/proposal
[Tue Jul 28 13:53:45.657330 2015] [:error] [pid 6662] [client 172.17.0.1:35244] PHP   3. include() /app/layouts/site.php:130, referer: http://dealtrak/logs/proposal
[Tue Jul 28 13:53:45.657335 2015] [:error] [pid 6662] [client 172.17.0.1:35244] PHP Notice:  Undefined index: destination_id in /app/site/logs/transaction.phtml on line 32, referer: http://dealtrak/logs/proposal
[Tue Jul 28 13:53:45.657336 2015] [:error] [pid 6662] [client 172.17.0.1:35244] PHP Stack trace:, referer: http://dealtrak/logs/proposal
[Tue Jul 28 13:53:45.657338 2015] [:error] [pid 6662] [client 172.17.0.1:35244] PHP   1. {main}() /app/index.php:0, referer: http://dealtrak/logs/proposal
[Tue Jul 28 13:53:45.657340 2015] [:error] [pid 6662] [client 172.17.0.1:35244] PHP   2. include() /app/index.php:363, referer: http://dealtrak/logs/proposal
[Tue Jul 28 13:53:45.657342 2015] [:error] [pid 6662] [client 172.17.0.1:35244] PHP   3. include() /app/layouts/site.php:130, referer: http://dealtrak/logs/proposal
[Tue Jul 28 13:53:45.657347 2015] [:error] [pid 6662] [client 172.17.0.1:35244] PHP Notice:  Undefined index: destination_id in /app/site/logs/transaction.phtml on line 32, referer: http://dealtrak/logs/proposal
[Tue Jul 28 13:53:45.657349 2015] [:error] [pid 6662] [client 172.17.0.1:35244] PHP Stack trace:, referer: http://dealtrak/logs/proposal
[Tue Jul 28 13:53:45.657351 2015] [:error] [pid 6662] [client 172.17.0.1:35244] PHP   1. {main}() /app/index.php:0, referer: http://dealtrak/logs/proposal
[Tue Jul 28 13:53:45.657353 2015] [:error] [pid 6662] [client 172.17.0.1:35244] PHP   2. include() /app/index.php:363, referer: http://dealtrak/logs/proposal
[Tue Jul 28 13:53:45.657355 2015] [:error] [pid 6662] [client 172.17.0.1:35244] PHP   3. include() /app/layouts/site.php:130, referer: http://dealtrak/logs/proposal
[Tue Jul 28 13:53:45.657359 2015] [:error] [pid 6662] [client 172.17.0.1:35244] PHP Notice:  Undefined index: destination_id in /app/site/logs/transaction.phtml on line 32, referer: http://dealtrak/logs/proposal
[Tue Jul 28 13:53:45.657361 2015] [:error] [pid 6662] [client 172.17.0.1:35244] PHP Stack trace:, referer: http://dealtrak/logs/proposal
[Tue Jul 28 13:53:45.657363 2015] [:error] [pid 6662] [client 172.17.0.1:35244] PHP   1. {main}() /app/index.php:0, referer: http://dealtrak/logs/proposal
[Tue Jul 28 13:53:45.657365 2015] [:error] [pid 6662] [client 172.17.0.1:35244] PHP   2. include() /app/index.php:363, referer: http://dealtrak/logs/proposal
[Tue Jul 28 13:53:45.657367 2015] [:error] [pid 6662] [client 172.17.0.1:35244] PHP   3. include() /app/layouts/site.php:130, referer: http://dealtrak/logs/proposal
[Tue Jul 28 13:53:45.657373 2015] [:error] [pid 6662] [client 172.17.0.1:35244] PHP Notice:  Undefined index: destination_id in /app/site/logs/transaction.phtml on line 32, referer: http://dealtrak/logs/proposal
[Tue Jul 28 13:53:45.657375 2015] [:error] [pid 6662] [client 172.17.0.1:35244] PHP Stack trace:, referer: http://dealtrak/logs/proposal
[Tue Jul 28 13:53:45.657377 2015] [:error] [pid 6662] [client 172.17.0.1:35244] PHP   1. {main}() /app/index.php:0, referer: http://dealtrak/logs/proposal
[Tue Jul 28 13:53:45.657379 2015] [:error] [pid 6662] [client 172.17.0.1:35244] PHP   2. include() /app/index.php:363, referer: http://dealtrak/logs/proposal
[Tue Jul 28 13:53:45.657381 2015] [:error] [pid 6662] [client 172.17.0.1:35244] PHP   3. include() /app/layouts/site.php:130, referer: http://dealtrak/logs/proposal
[Tue Jul 28 13:53:45.657385 2015] [:error] [pid 6662] [client 172.17.0.1:35244] PHP Notice:  Undefined index: destination_id in /app/site/logs/transaction.phtml on line 32, referer: http://dealtrak/logs/proposal
[Tue Jul 28 13:53:45.657387 2015] [:error] [pid 6662] [client 172.17.0.1:35244] PHP Stack trace:, referer: http://dealtrak/logs/proposal
[Tue Jul 28 13:53:45.657389 2015] [:error] [pid 6662] [client 172.17.0.1:35244] PHP   1. {main}() /app/index.php:0, referer: http://dealtrak/logs/proposal
[Tue Jul 28 13:53:45.657391 2015] [:error] [pid 6662] [client 172.17.0.1:35244] PHP   2. include() /app/index.php:363, referer: http://dealtrak/logs/proposal
[Tue Jul 28 13:53:45.657393 2015] [:error] [pid 6662] [client 172.17.0.1:35244] PHP   3. include() /app/layouts/site.php:130, referer: http://dealtrak/logs/proposal
[Tue Jul 28 13:53:45.657397 2015] [:error] [pid 6662] [client 172.17.0.1:35244] PHP Notice:  Undefined index: destination_id in /app/site/logs/transaction.phtml on line 32, referer: http://dealtrak/logs/proposal
[Tue Jul 28 13:53:45.657399 2015] [:error] [pid 6662] [client 172.17.0.1:35244] PHP Stack trace:, referer: http://dealtrak/logs/proposal
[Tue Jul 28 13:53:45.657401 2015] [:error] [pid 6662] [client 172.17.0.1:35244] PHP   1. {main}() /app/index.php:0, referer: http://dealtrak/logs/proposal
[Tue Jul 28 13:53:45.657403 2015] [:error] [pid 6662] [client 172.17.0.1:35244] PHP   2. include() /app/index.php:363, referer: http://dealtrak/logs/proposal
[Tue Jul 28 13:53:45.657405 2015] [:error] [pid 6662] [client 172.17.0.1:35244] PHP   3. include() /app/layouts/site.php:130, referer: http://dealtrak/logs/proposal
[Tue Jul 28 13:53:45.657409 2015] [:error] [pid 6662] [client 172.17.0.1:35244] PHP Notice:  Undefined index: destination_id in /app/site/logs/transaction.phtml on line 32, referer: http://dealtrak/logs/proposal
[Tue Jul 28 13:53:45.657411 2015] [:error] [pid 6662] [client 172.17.0.1:35244] PHP Stack trace:, referer: http://dealtrak/logs/proposal
[Tue Jul 28 13:53:45.657413 2015] [:error] [pid 6662] [client 172.17.0.1:35244] PHP   1. {main}() /app/index.php:0, referer: http://dealtrak/logs/proposal
[Tue Jul 28 13:53:45.657415 2015] [:error] [pid 6662] [client 172.17.0.1:35244] PHP   2. include() /app/index.php:363, referer: http://dealtrak/logs/proposal
[Tue Jul 28 13:53:45.657417 2015] [:error] [pid 6662] [client 172.17.0.1:35244] PHP   3. include() /app/layouts/site.php:130, referer: http://dealtrak/logs/proposal
[Tue Jul 28 13:53:45.657421 2015] [:error] [pid 6662] [client 172.17.0.1:35244] PHP Notice:  Undefined index: destination_id in /app/site/logs/transaction.phtml on line 32, referer: http://dealtrak/logs/proposal
[Tue Jul 28 13:53:45.657424 2015] [:error] [pid 6662] [client 172.17.0.1:35244] PHP Stack trace:, referer: http://dealtrak/logs/proposal
[Tue Jul 28 13:53:45.657426 2015] [:error] [pid 6662] [client 172.17.0.1:35244] PHP   1. {main}() /app/index.php:0, referer: http://dealtrak/logs/proposal
[Tue Jul 28 13:53:45.657428 2015] [:error] [pid 6662] [client 172.17.0.1:35244] PHP   2. include() /app/index.php:363, referer: http://dealtrak/logs/proposal
[Tue Jul 28 13:53:45.657430 2015] [:error] [pid 6662] [client 172.17.0.1:35244] PHP   3. include() /app/layouts/site.php:130, referer: http://dealtrak/logs/proposal
[Tue Jul 28 13:53:45.657435 2015] [:error] [pid 6662] [client 172.17.0.1:35244] PHP Notice:  Undefined index: destination_id in /app/site/logs/transaction.phtml on line 32, referer: http://dealtrak/logs/proposal
[Tue Jul 28 13:53:45.657436 2015] [:error] [pid 6662] [client 172.17.0.1:35244] PHP Stack trace:, referer: http://dealtrak/logs/proposal
[Tue Jul 28 13:53:45.657438 2015] [:error] [pid 6662] [client 172.17.0.1:35244] PHP   1. {main}() /app/index.php:0, referer: http://dealtrak/logs/proposal
[Tue Jul 28 13:53:45.657441 2015] [:error] [pid 6662] [client 172.17.0.1:35244] PHP   2. include() /app/index.php:363, referer: http://dealtrak/logs/proposal
[Tue Jul 28 13:53:45.657443 2015] [:error] [pid 6662] [client 172.17.0.1:35244] PHP   3. include() /app/layouts/site.php:130, referer: http://dealtrak/logs/proposal
[Tue Jul 28 13:53:45.657447 2015] [:error] [pid 6662] [client 172.17.0.1:35244] PHP Notice:  Undefined index: destination_id in /app/site/logs/transaction.phtml on line 32, referer: http://dealtrak/logs/proposal
[Tue Jul 28 13:53:45.657448 2015] [:error] [pid 6662] [client 172.17.0.1:35244] PHP Stack trace:, referer: http://dealtrak/logs/proposal
[Tue Jul 28 13:53:45.657450 2015] [:error] [pid 6662] [client 172.17.0.1:35244] PHP   1. {main}() /app/index.php:0, referer: http://dealtrak/logs/proposal
[Tue Jul 28 13:53:45.657453 2015] [:error] [pid 6662] [client 172.17.0.1:35244] PHP   2. include() /app/index.php:363, referer: http://dealtrak/logs/proposal
[Tue Jul 28 13:53:45.657455 2015] [:error] [pid 6662] [client 172.17.0.1:35244] PHP   3. include() /app/layouts/site.php:130, referer: http://dealtrak/logs/proposal
[Tue Jul 28 13:53:45.657459 2015] [:error] [pid 6662] [client 172.17.0.1:35244] PHP Notice:  Undefined index: destination_id in /app/site/logs/transaction.phtml on line 32, referer: http://dealtrak/logs/proposal
[Tue Jul 28 13:53:45.657460 2015] [:error] [pid 6662] [client 172.17.0.1:35244] PHP Stack trace:, referer: http://dealtrak/logs/proposal
[Tue Jul 28 13:53:45.657462 2015] [:error] [pid 6662] [client 172.17.0.1:35244] PHP   1. {main}() /app/index.php:0, referer: http://dealtrak/logs/proposal
[Tue Jul 28 13:53:45.657464 2015] [:error] [pid 6662] [client 172.17.0.1:35244] PHP   2. include() /app/index.php:363, referer: http://dealtrak/logs/proposal
[Tue Jul 28 13:53:45.657466 2015] [:error] [pid 6662] [client 172.17.0.1:35244] PHP   3. include() /app/layouts/site.php:130, referer: http://dealtrak/logs/proposal
[Tue Jul 28 13:53:45.657471 2015] [:error] [pid 6662] [client 172.17.0.1:35244] PHP Notice:  Undefined index: destination_id in /app/site/logs/transaction.phtml on line 32, referer: http://dealtrak/logs/proposal
[Tue Jul 28 13:53:45.657472 2015] [:error] [pid 6662] [client 172.17.0.1:35244] PHP Stack trace:, referer: http://dealtrak/logs/proposal
[Tue Jul 28 13:53:45.657474 2015] [:error] [pid 6662] [client 172.17.0.1:35244] PHP   1. {main}() /app/index.php:0, referer: http://dealtrak/logs/proposal
[Tue Jul 28 13:53:45.657476 2015] [:error] [pid 6662] [client 172.17.0.1:35244] PHP   2. include() /app/index.php:363, referer: http://dealtrak/logs/proposal
[Tue Jul 28 13:53:45.657480 2015] [:error] [pid 6662] [client 172.17.0.1:35244] PHP   3. include() /app/layouts/site.php:130, referer: http://dealtrak/logs/proposal
[Tue Jul 28 13:53:45.657484 2015] [:error] [pid 6662] [client 172.17.0.1:35244] PHP Notice:  Undefined index: destination_id in /app/site/logs/transaction.phtml on line 32, referer: http://dealtrak/logs/proposal
[Tue Jul 28 13:53:45.657486 2015] [:error] [pid 6662] [client 172.17.0.1:35244] PHP Stack trace:, referer: http://dealtrak/logs/proposal
[Tue Jul 28 13:53:45.657488 2015] [:error] [pid 6662] [client 172.17.0.1:35244] PHP   1. {main}() /app/index.php:0, referer: http://dealtrak/logs/proposal
[Tue Jul 28 13:53:45.657490 2015] [:error] [pid 6662] [client 172.17.0.1:35244] PHP   2. include() /app/index.php:363, referer: http://dealtrak/logs/proposal
[Tue Jul 28 13:53:45.657492 2015] [:error] [pid 6662] [client 172.17.0.1:35244] PHP   3. include() /app/layouts/site.php:130, referer: http://dealtrak/logs/proposal
[Tue Jul 28 13:53:45.657496 2015] [:error] [pid 6662] [client 172.17.0.1:35244] PHP Notice:  Undefined index: destination_id in /app/site/logs/transaction.phtml on line 32, referer: http://dealtrak/logs/proposal
[Tue Jul 28 13:53:45.657498 2015] [:error] [pid 6662] [client 172.17.0.1:35244] PHP Stack trace:, referer: http://dealtrak/logs/proposal
[Tue Jul 28 13:53:45.657500 2015] [:error] [pid 6662] [client 172.17.0.1:35244] PHP   1. {main}() /app/index.php:0, referer: http://dealtrak/logs/proposal
[Tue Jul 28 13:53:45.657502 2015] [:error] [pid 6662] [client 172.17.0.1:35244] PHP   2. include() /app/index.php:363, referer: http://dealtrak/logs/proposal
[Tue Jul 28 13:53:45.657504 2015] [:error] [pid 6662] [client 172.17.0.1:35244] PHP   3. include() /app/layouts/site.php:130, referer: http://dealtrak/logs/proposal
[Tue Jul 28 13:53:45.657508 2015] [:error] [pid 6662] [client 172.17.0.1:35244] PHP Notice:  Undefined index: destination_id in /app/site/logs/transaction.phtml on line 32, referer: http://dealtrak/logs/proposal
[Tue Jul 28 13:53:45.657510 2015] [:error] [pid 6662] [client 172.17.0.1:35244] PHP Stack trace:, referer: http://dealtrak/logs/proposal
[Tue Jul 28 13:53:45.657512 2015] [:error] [pid 6662] [client 172.17.0.1:35244] PHP   1. {main}() /app/index.php:0, referer: http://dealtrak/logs/proposal
[Tue Jul 28 13:53:45.657514 2015] [:error] [pid 6662] [client 172.17.0.1:35244] PHP   2. include() /app/index.php:363, referer: http://dealtrak/logs/proposal
[Tue Jul 28 13:53:45.657516 2015] [:error] [pid 6662] [client 172.17.0.1:35244] PHP   3. include() /app/layouts/site.php:130, referer: http://dealtrak/logs/proposal
[Tue Jul 28 13:53:45.657520 2015] [:error] [pid 6662] [client 172.17.0.1:35244] PHP Notice:  Undefined index: destination_id in /app/site/logs/transaction.phtml on line 32, referer: http://dealtrak/logs/proposal
[Tue Jul 28 13:53:45.657522 2015] [:error] [pid 6662] [client 172.17.0.1:35244] PHP Stack trace:, referer: http://dealtrak/logs/proposal
[Tue Jul 28 13:53:45.657524 2015] [:error] [pid 6662] [client 172.17.0.1:35244] PHP   1. {main}() /app/index.php:0, referer: http://dealtrak/logs/proposal
[Tue Jul 28 13:53:45.657526 2015] [:error] [pid 6662] [client 172.17.0.1:35244] PHP   2. include() /app/index.php:363, referer: http://dealtrak/logs/proposal
[Tue Jul 28 13:53:45.657528 2015] [:error] [pid 6662] [client 172.17.0.1:35244] PHP   3. include() /app/layouts/site.php:130, referer: http://dealtrak/logs/proposal
[Tue Jul 28 13:53:45.657532 2015] [:error] [pid 6662] [client 172.17.0.1:35244] PHP Notice:  Undefined index: destination_id in /app/site/logs/transaction.phtml on line 32, referer: http://dealtrak/logs/proposal
[Tue Jul 28 13:53:45.657535 2015] [:error] [pid 6662] [client 172.17.0.1:35244] PHP Stack trace:, referer: http://dealtrak/logs/proposal
[Tue Jul 28 13:53:45.657538 2015] [:error] [pid 6662] [client 172.17.0.1:35244] PHP   1. {main}() /app/index.php:0, referer: http://dealtrak/logs/proposal
[Tue Jul 28 13:53:45.657540 2015] [:error] [pid 6662] [client 172.17.0.1:35244] PHP   2. include() /app/index.php:363, referer: http://dealtrak/logs/proposal
[Tue Jul 28 13:53:45.657542 2015] [:error] [pid 6662] [client 172.17.0.1:35244] PHP   3. include() /app/layouts/site.php:130, referer: http://dealtrak/logs/proposal
[Tue Jul 28 13:53:45.657546 2015] [:error] [pid 6662] [client 172.17.0.1:35244] PHP Notice:  Undefined index: destination_id in /app/site/logs/transaction.phtml on line 32, referer: http://dealtrak/logs/proposal
[Tue Jul 28 13:53:45.657548 2015] [:error] [pid 6662] [client 172.17.0.1:35244] PHP Stack trace:, referer: http://dealtrak/logs/proposal
[Tue Jul 28 13:53:45.657550 2015] [:error] [pid 6662] [client 172.17.0.1:35244] PHP   1. {main}() /app/index.php:0, referer: http://dealtrak/logs/proposal
[Tue Jul 28 13:53:45.657552 2015] [:error] [pid 6662] [client 172.17.0.1:35244] PHP   2. include() /app/index.php:363, referer: http://dealtrak/logs/proposal
[Tue Jul 28 13:53:45.657554 2015] [:error] [pid 6662] [client 172.17.0.1:35244] PHP   3. include() /app/layouts/site.php:130, referer: http://dealtrak/logs/proposal
[Tue Jul 28 13:53:45.657558 2015] [:error] [pid 6662] [client 172.17.0.1:35244] PHP Notice:  Undefined index: destination_id in /app/site/logs/transaction.phtml on line 32, referer: http://dealtrak/logs/proposal
[Tue Jul 28 13:53:45.657560 2015] [:error] [pid 6662] [client 172.17.0.1:35244] PHP Stack trace:, referer: http://dealtrak/logs/proposal
[Tue Jul 28 13:53:45.657562 2015] [:error] [pid 6662] [client 172.17.0.1:35244] PHP   1. {main}() /app/index.php:0, referer: http://dealtrak/logs/proposal
[Tue Jul 28 13:53:45.657564 2015] [:error] [pid 6662] [client 172.17.0.1:35244] PHP   2. include() /app/index.php:363, referer: http://dealtrak/logs/proposal
[Tue Jul 28 13:53:45.657566 2015] [:error] [pid 6662] [client 172.17.0.1:35244] PHP   3. include() /app/layouts/site.php:130, referer: http://dealtrak/logs/proposal
[Tue Jul 28 13:53:45.657570 2015] [:error] [pid 6662] [client 172.17.0.1:35244] PHP Notice:  Undefined index: destination_id in /app/site/logs/transaction.phtml on line 32, referer: http://dealtrak/logs/proposal
[Tue Jul 28 13:53:45.657572 2015] [:error] [pid 6662] [client 172.17.0.1:35244] PHP Stack trace:, referer: http://dealtrak/logs/proposal
[Tue Jul 28 13:53:45.657574 2015] [:error] [pid 6662] [client 172.17.0.1:35244] PHP   1. {main}() /app/index.php:0, referer: http://dealtrak/logs/proposal
[Tue Jul 28 13:53:45.657576 2015] [:error] [pid 6662] [client 172.17.0.1:35244] PHP   2. include() /app/index.php:363, referer: http://dealtrak/logs/proposal
[Tue Jul 28 13:53:45.657578 2015] [:error] [pid 6662] [client 172.17.0.1:35244] PHP   3. include() /app/layouts/site.php:130, referer: http://dealtrak/logs/proposal
[Tue Jul 28 13:53:45.657582 2015] [:error] [pid 6662] [client 172.17.0.1:35244] PHP Notice:  Undefined index: destination_id in /app/site/logs/transaction.phtml on line 32, referer: http://dealtrak/logs/proposal
[Tue Jul 28 13:53:45.657583 2015] [:error] [pid 6662] [client 172.17.0.1:35244] PHP Stack trace:, referer: http://dealtrak/logs/proposal
[Tue Jul 28 13:53:45.657586 2015] [:error] [pid 6662] [client 172.17.0.1:35244] PHP   1. {main}() /app/index.php:0, referer: http://dealtrak/logs/proposal
[Tue Jul 28 13:53:45.657589 2015] [:error] [pid 6662] [client 172.17.0.1:35244] PHP   2. include() /app/index.php:363, referer: http://dealtrak/logs/proposal
[Tue Jul 28 13:53:45.657591 2015] [:error] [pid 6662] [client 172.17.0.1:35244] PHP   3. include() /app/layouts/site.php:130, referer: http://dealtrak/logs/proposal
[Tue Jul 28 13:53:45.657596 2015] [:error] [pid 6662] [client 172.17.0.1:35244] PHP Notice:  Undefined index: destination_id in /app/site/logs/transaction.phtml on line 32, referer: http://dealtrak/logs/proposal
[Tue Jul 28 13:53:45.657597 2015] [:error] [pid 6662] [client 172.17.0.1:35244] PHP Stack trace:, referer: http://dealtrak/logs/proposal
[Tue Jul 28 13:53:45.657599 2015] [:error] [pid 6662] [client 172.17.0.1:35244] PHP   1. {main}() /app/index.php:0, referer: http://dealtrak/logs/proposal
[Tue Jul 28 13:53:45.657602 2015] [:error] [pid 6662] [client 172.17.0.1:35244] PHP   2. include() /app/index.php:363, referer: http://dealtrak/logs/proposal
[Tue Jul 28 13:53:45.657604 2015] [:error] [pid 6662] [client 172.17.0.1:35244] PHP   3. include() /app/layouts/site.php:130, referer: http://dealtrak/logs/proposal
[Tue Jul 28 13:53:45.657608 2015] [:error] [pid 6662] [client 172.17.0.1:35244] PHP Notice:  Undefined index: destination_id in /app/site/logs/transaction.phtml on line 32, referer: http://dealtrak/logs/proposal
[Tue Jul 28 13:53:45.657609 2015] [:error] [pid 6662] [client 172.17.0.1:35244] PHP Stack trace:, referer: http://dealtrak/logs/proposal
[Tue Jul 28 13:53:45.657611 2015] [:error] [pid 6662] [client 172.17.0.1:35244] PHP   1. {main}() /app/index.php:0, referer: http://dealtrak/logs/proposal
[Tue Jul 28 13:53:45.657614 2015] [:error] [pid 6662] [client 172.17.0.1:35244] PHP   2. include() /app/index.php:363, referer: http://dealtrak/logs/proposal
[Tue Jul 28 13:53:45.657616 2015] [:error] [pid 6662] [client 172.17.0.1:35244] PHP   3. include() /app/layouts/site.php:130, referer: http://dealtrak/logs/proposal
[Tue Jul 28 13:53:45.657620 2015] [:error] [pid 6662] [client 172.17.0.1:35244] PHP Notice:  Undefined index: destination_id in /app/site/logs/transaction.phtml on line 32, referer: http://dealtrak/logs/proposal
[Tue Jul 28 13:53:45.657621 2015] [:error] [pid 6662] [client 172.17.0.1:35244] PHP Stack trace:, referer: http://dealtrak/logs/proposal
[Tue Jul 28 13:53:45.657623 2015] [:error] [pid 6662] [client 172.17.0.1:35244] PHP   1. {main}() /app/index.php:0, referer: http://dealtrak/logs/proposal
[Tue Jul 28 13:53:45.657625 2015] [:error] [pid 6662] [client 172.17.0.1:35244] PHP   2. include() /app/index.php:363, referer: http://dealtrak/logs/proposal
[Tue Jul 28 13:53:45.657627 2015] [:error] [pid 6662] [client 172.17.0.1:35244] PHP   3. include() /app/layouts/site.php:130, referer: http://dealtrak/logs/proposal
[Tue Jul 28 13:53:45.657632 2015] [:error] [pid 6662] [client 172.17.0.1:35244] PHP Notice:  Undefined index: destination_id in /app/site/logs/transaction.phtml on line 32, referer: http://dealtrak/logs/proposal
[Tue Jul 28 13:53:45.657633 2015] [:error] [pid 6662] [client 172.17.0.1:35244] PHP Stack trace:, referer: http://dealtrak/logs/proposal
[Tue Jul 28 13:53:45.657635 2015] [:error] [pid 6662] [client 172.17.0.1:35244] PHP   1. {main}() /app/index.php:0, referer: http://dealtrak/logs/proposal
[Tue Jul 28 13:53:45.657637 2015] [:error] [pid 6662] [client 172.17.0.1:35244] PHP   2. include() /app/index.php:363, referer: http://dealtrak/logs/proposal
[Tue Jul 28 13:53:45.657639 2015] [:error] [pid 6662] [client 172.17.0.1:35244] PHP   3. include() /app/layouts/site.php:130, referer: http://dealtrak/logs/proposal
[Tue Jul 28 13:53:45.657646 2015] [:error] [pid 6662] [client 172.17.0.1:35244] PHP Notice:  Undefined index: destination_id in /app/site/logs/transaction.phtml on line 32, referer: http://dealtrak/logs/proposal
[Tue Jul 28 13:53:45.657647 2015] [:error] [pid 6662] [client 172.17.0.1:35244] PHP Stack trace:, referer: http://dealtrak/logs/proposal
[Tue Jul 28 13:53:45.657649 2015] [:error] [pid 6662] [client 172.17.0.1:35244] PHP   1. {main}() /app/index.php:0, referer: http://dealtrak/logs/proposal
[Tue Jul 28 13:53:45.657651 2015] [:error] [pid 6662] [client 172.17.0.1:35244] PHP   2. include() /app/index.php:363, referer: http://dealtrak/logs/proposal
[Tue Jul 28 13:53:45.657654 2015] [:error] [pid 6662] [client 172.17.0.1:35244] PHP   3. include() /app/layouts/site.php:130, referer: http://dealtrak/logs/proposal
[Tue Jul 28 13:53:45.657658 2015] [:error] [pid 6662] [client 172.17.0.1:35244] PHP Notice:  Undefined index: destination_id in /app/site/logs/transaction.phtml on line 32, referer: http://dealtrak/logs/proposal
[Tue Jul 28 13:53:45.657659 2015] [:error] [pid 6662] [client 172.17.0.1:35244] PHP Stack trace:, referer: http://dealtrak/logs/proposal
[Tue Jul 28 13:53:45.657661 2015] [:error] [pid 6662] [client 172.17.0.1:35244] PHP   1. {main}() /app/index.php:0, referer: http://dealtrak/logs/proposal
[Tue Jul 28 13:53:45.657664 2015] [:error] [pid 6662] [client 172.17.0.1:35244] PHP   2. include() /app/index.php:363, referer: http://dealtrak/logs/proposal
[Tue Jul 28 13:53:45.657666 2015] [:error] [pid 6662] [client 172.17.0.1:35244] PHP   3. include() /app/layouts/site.php:130, referer: http://dealtrak/logs/proposal
[Tue Jul 28 13:53:45.657670 2015] [:error] [pid 6662] [client 172.17.0.1:35244] PHP Notice:  Undefined index: destination_id in /app/site/logs/transaction.phtml on line 32, referer: http://dealtrak/logs/proposal
[Tue Jul 28 13:53:45.657671 2015] [:error] [pid 6662] [client 172.17.0.1:35244] PHP Stack trace:, referer: http://dealtrak/logs/proposal
[Tue Jul 28 13:53:45.657673 2015] [:error] [pid 6662] [client 172.17.0.1:35244] PHP   1. {main}() /app/index.php:0, referer: http://dealtrak/logs/proposal
[Tue Jul 28 13:53:45.657675 2015] [:error] [pid 6662] [client 172.17.0.1:35244] PHP   2. include() /app/index.php:363, referer: http://dealtrak/logs/proposal
[Tue Jul 28 13:53:45.657677 2015] [:error] [pid 6662] [client 172.17.0.1:35244] PHP   3. include() /app/layouts/site.php:130, referer: http://dealtrak/logs/proposal
[Tue Jul 28 13:53:45.657682 2015] [:error] [pid 6662] [client 172.17.0.1:35244] PHP Notice:  Undefined index: destination_id in /app/site/logs/transaction.phtml on line 32, referer: http://dealtrak/logs/proposal
[Tue Jul 28 13:53:45.657683 2015] [:error] [pid 6662] [client 172.17.0.1:35244] PHP Stack trace:, referer: http://dealtrak/logs/proposal
[Tue Jul 28 13:53:45.657685 2015] [:error] [pid 6662] [client 172.17.0.1:35244] PHP   1. {main}() /app/index.php:0, referer: http://dealtrak/logs/proposal
[Tue Jul 28 13:53:45.657687 2015] [:error] [pid 6662] [client 172.17.0.1:35244] PHP   2. include() /app/index.php:363, referer: http://dealtrak/logs/proposal
[Tue Jul 28 13:53:45.657689 2015] [:error] [pid 6662] [client 172.17.0.1:35244] PHP   3. include() /app/layouts/site.php:130, referer: http://dealtrak/logs/proposal
[Tue Jul 28 13:53:45.657693 2015] [:error] [pid 6662] [client 172.17.0.1:35244] PHP Notice:  Undefined index: destination_id in /app/site/logs/transaction.phtml on line 32, referer: http://dealtrak/logs/proposal
[Tue Jul 28 13:53:45.657695 2015] [:error] [pid 6662] [client 172.17.0.1:35244] PHP Stack trace:, referer: http://dealtrak/logs/proposal
[Tue Jul 28 13:53:45.657697 2015] [:error] [pid 6662] [client 172.17.0.1:35244] PHP   1. {main}() /app/index.php:0, referer: http://dealtrak/logs/proposal
[Tue Jul 28 13:53:45.657701 2015] [:error] [pid 6662] [client 172.17.0.1:35244] PHP   2. include() /app/index.php:363, referer: http://dealtrak/logs/proposal
[Tue Jul 28 13:53:45.657703 2015] [:error] [pid 6662] [client 172.17.0.1:35244] PHP   3. include() /app/layouts/site.php:130, referer: http://dealtrak/logs/proposal
[Tue Jul 28 13:53:45.657707 2015] [:error] [pid 6662] [client 172.17.0.1:35244] PHP Notice:  Undefined index: destination_id in /app/site/logs/transaction.phtml on line 32, referer: http://dealtrak/logs/proposal
[Tue Jul 28 13:53:45.657709 2015] [:error] [pid 6662] [client 172.17.0.1:35244] PHP Stack trace:, referer: http://dealtrak/logs/proposal
[Tue Jul 28 13:53:45.657711 2015] [:error] [pid 6662] [client 172.17.0.1:35244] PHP   1. {main}() /app/index.php:0, referer: http://dealtrak/logs/proposal
[Tue Jul 28 13:53:45.657713 2015] [:error] [pid 6662] [client 172.17.0.1:35244] PHP   2. include() /app/index.php:363, referer: http://dealtrak/logs/proposal
[Tue Jul 28 13:53:45.657715 2015] [:error] [pid 6662] [client 172.17.0.1:35244] PHP   3. include() /app/layouts/site.php:130, referer: http://dealtrak/logs/proposal
[Tue Jul 28 13:53:45.657719 2015] [:error] [pid 6662] [client 172.17.0.1:35244] PHP Notice:  Undefined index: destination_id in /app/site/logs/transaction.phtml on line 32, referer: http://dealtrak/logs/proposal
[Tue Jul 28 13:53:45.657721 2015] [:error] [pid 6662] [client 172.17.0.1:35244] PHP Stack trace:, referer: http://dealtrak/logs/proposal
[Tue Jul 28 13:53:45.657723 2015] [:error] [pid 6662] [client 172.17.0.1:35244] PHP   1. {main}() /app/index.php:0, referer: http://dealtrak/logs/proposal
[Tue Jul 28 13:53:45.657725 2015] [:error] [pid 6662] [client 172.17.0.1:35244] PHP   2. include() /app/index.php:363, referer: http://dealtrak/logs/proposal
[Tue Jul 28 13:53:45.657727 2015] [:error] [pid 6662] [client 172.17.0.1:35244] PHP   3. include() /app/layouts/site.php:130, referer: http://dealtrak/logs/proposal
[Tue Jul 28 13:53:45.657731 2015] [:error] [pid 6662] [client 172.17.0.1:35244] PHP Notice:  Undefined index: destination_id in /app/site/logs/transaction.phtml on line 32, referer: http://dealtrak/logs/proposal
[Tue Jul 28 13:53:45.657733 2015] [:error] [pid 6662] [client 172.17.0.1:35244] PHP Stack trace:, referer: http://dealtrak/logs/proposal
[Tue Jul 28 13:53:45.657735 2015] [:error] [pid 6662] [client 172.17.0.1:35244] PHP   1. {main}() /app/index.php:0, referer: http://dealtrak/logs/proposal
[Tue Jul 28 13:53:45.657737 2015] [:error] [pid 6662] [client 172.17.0.1:35244] PHP   2. include() /app/index.php:363, referer: http://dealtrak/logs/proposal
[Tue Jul 28 13:53:45.657739 2015] [:error] [pid 6662] [client 172.17.0.1:35244] PHP   3. include() /app/layouts/site.php:130, referer: http://dealtrak/logs/proposal
[Tue Jul 28 13:53:45.657743 2015] [:error] [pid 6662] [client 172.17.0.1:35244] PHP Notice:  Undefined index: destination_id in /app/site/logs/transaction.phtml on line 32, referer: http://dealtrak/logs/proposal
[Tue Jul 28 13:53:45.657744 2015] [:error] [pid 6662] [client 172.17.0.1:35244] PHP Stack trace:, referer: http://dealtrak/logs/proposal
[Tue Jul 28 13:53:45.657747 2015] [:error] [pid 6662] [client 172.17.0.1:35244] PHP   1. {main}() /app/index.php:0, referer: http://dealtrak/logs/proposal
[Tue Jul 28 13:53:45.657749 2015] [:error] [pid 6662] [client 172.17.0.1:35244] PHP   2. include() /app/index.php:363, referer: http://dealtrak/logs/proposal
[Tue Jul 28 13:53:45.657751 2015] [:error] [pid 6662] [client 172.17.0.1:35244] PHP   3. include() /app/layouts/site.php:130, referer: http://dealtrak/logs/proposal
[Tue Jul 28 13:53:45.657756 2015] [:error] [pid 6662] [client 172.17.0.1:35244] PHP Notice:  Undefined index: destination_id in /app/site/logs/transaction.phtml on line 32, referer: http://dealtrak/logs/proposal
[Tue Jul 28 13:53:45.657758 2015] [:error] [pid 6662] [client 172.17.0.1:35244] PHP Stack trace:, referer: http://dealtrak/logs/proposal
[Tue Jul 28 13:53:45.657760 2015] [:error] [pid 6662] [client 172.17.0.1:35244] PHP   1. {main}() /app/index.php:0, referer: http://dealtrak/logs/proposal
[Tue Jul 28 13:53:45.657762 2015] [:error] [pid 6662] [client 172.17.0.1:35244] PHP   2. include() /app/index.php:363, referer: http://dealtrak/logs/proposal
[Tue Jul 28 13:53:45.657764 2015] [:error] [pid 6662] [client 172.17.0.1:35244] PHP   3. include() /app/layouts/site.php:130, referer: http://dealtrak/logs/proposal
[Tue Jul 28 13:53:45.657768 2015] [:error] [pid 6662] [client 172.17.0.1:35244] PHP Notice:  Undefined index: destination_id in /app/site/logs/transaction.phtml on line 32, referer: http://dealtrak/logs/proposal
[Tue Jul 28 13:53:45.657770 2015] [:error] [pid 6662] [client 172.17.0.1:35244] PHP Stack trace:, referer: http://dealtrak/logs/proposal
[Tue Jul 28 13:53:45.657772 2015] [:error] [pid 6662] [client 172.17.0.1:35244] PHP   1. {main}() /app/index.php:0, referer: http://dealtrak/logs/proposal
[Tue Jul 28 13:53:45.657774 2015] [:error] [pid 6662] [client 172.17.0.1:35244] PHP   2. include() /app/index.php:363, referer: http://dealtrak/logs/proposal
[Tue Jul 28 13:53:45.657776 2015] [:error] [pid 6662] [client 172.17.0.1:35244] PHP   3. include() /app/layouts/site.php:130, referer: http://dealtrak/logs/proposal
[Tue Jul 28 13:53:45.657780 2015] [:error] [pid 6662] [client 172.17.0.1:35244] PHP Notice:  Undefined index: destination_id in /app/site/logs/transaction.phtml on line 32, referer: http://dealtrak/logs/proposal
[Tue Jul 28 13:53:45.657782 2015] [:error] [pid 6662] [client 172.17.0.1:35244] PHP Stack trace:, referer: http://dealtrak/logs/proposal
[Tue Jul 28 13:53:45.657784 2015] [:error] [pid 6662] [client 172.17.0.1:35244] PHP   1. {main}() /app/index.php:0, referer: http://dealtrak/logs/proposal
[Tue Jul 28 13:53:45.657786 2015] [:error] [pid 6662] [client 172.17.0.1:35244] PHP   2. include() /app/index.php:363, referer: http://dealtrak/logs/proposal
[Tue Jul 28 13:53:45.657788 2015] [:error] [pid 6662] [client 172.17.0.1:35244] PHP   3. include() /app/layouts/site.php:130, referer: http://dealtrak/logs/proposal
[Tue Jul 28 13:53:45.657792 2015] [:error] [pid 6662] [client 172.17.0.1:35244] PHP Notice:  Undefined index: destination_id in /app/site/logs/transaction.phtml on line 32, referer: http://dealtrak/logs/proposal
[Tue Jul 28 13:53:45.657794 2015] [:error] [pid 6662] [client 172.17.0.1:35244] PHP Stack trace:, referer: http://dealtrak/logs/proposal
[Tue Jul 28 13:53:45.657796 2015] [:error] [pid 6662] [client 172.17.0.1:35244] PHP   1. {main}() /app/index.php:0, referer: http://dealtrak/logs/proposal
[Tue Jul 28 13:53:45.657798 2015] [:error] [pid 6662] [client 172.17.0.1:35244] PHP   2. include() /app/index.php:363, referer: http://dealtrak/logs/proposal
[Tue Jul 28 13:53:45.657800 2015] [:error] [pid 6662] [client 172.17.0.1:35244] PHP   3. include() /app/layouts/site.php:130, referer: http://dealtrak/logs/proposal
[Tue Jul 28 13:53:45.657804 2015] [:error] [pid 6662] [client 172.17.0.1:35244] PHP Notice:  Undefined index: destination_id in /app/site/logs/transaction.phtml on line 32, referer: http://dealtrak/logs/proposal
[Tue Jul 28 13:53:45.657806 2015] [:error] [pid 6662] [client 172.17.0.1:35244] PHP Stack trace:, referer: http://dealtrak/logs/proposal
[Tue Jul 28 13:53:45.657809 2015] [:error] [pid 6662] [client 172.17.0.1:35244] PHP   1. {main}() /app/index.php:0, referer: http://dealtrak/logs/proposal
[Tue Jul 28 13:53:45.657812 2015] [:error] [pid 6662] [client 172.17.0.1:35244] PHP   2. include() /app/index.php:363, referer: http://dealtrak/logs/proposal
[Tue Jul 28 13:53:45.657814 2015] [:error] [pid 6662] [client 172.17.0.1:35244] PHP   3. include() /app/layouts/site.php:130, referer: http://dealtrak/logs/proposal
[Tue Jul 28 13:53:45.657818 2015] [:error] [pid 6662] [client 172.17.0.1:35244] PHP Notice:  Undefined index: destination_id in /app/site/logs/transaction.phtml on line 32, referer: http://dealtrak/logs/proposal
[Tue Jul 28 13:53:45.657820 2015] [:error] [pid 6662] [client 172.17.0.1:35244] PHP Stack trace:, referer: http://dealtrak/logs/proposal
[Tue Jul 28 13:53:45.657822 2015] [:error] [pid 6662] [client 172.17.0.1:35244] PHP   1. {main}() /app/index.php:0, referer: http://dealtrak/logs/proposal
[Tue Jul 28 13:53:45.657824 2015] [:error] [pid 6662] [client 172.17.0.1:35244] PHP   2. include() /app/index.php:363, referer: http://dealtrak/logs/proposal
[Tue Jul 28 13:53:45.657826 2015] [:error] [pid 6662] [client 172.17.0.1:35244] PHP   3. include() /app/layouts/site.php:130, referer: http://dealtrak/logs/proposal
[Tue Jul 28 13:53:45.657830 2015] [:error] [pid 6662] [client 172.17.0.1:35244] PHP Notice:  Undefined index: destination_id in /app/site/logs/transaction.phtml on line 32, referer: http://dealtrak/logs/proposal
[Tue Jul 28 13:53:45.657832 2015] [:error] [pid 6662] [client 172.17.0.1:35244] PHP Stack trace:, referer: http://dealtrak/logs/proposal
[Tue Jul 28 13:53:45.657834 2015] [:error] [pid 6662] [client 172.17.0.1:35244] PHP   1. {main}() /app/index.php:0, referer: http://dealtrak/logs/proposal
[Tue Jul 28 13:53:45.657836 2015] [:error] [pid 6662] [client 172.17.0.1:35244] PHP   2. include() /app/index.php:363, referer: http://dealtrak/logs/proposal
[Tue Jul 28 13:53:45.657838 2015] [:error] [pid 6662] [client 172.17.0.1:35244] PHP   3. include() /app/layouts/site.php:130, referer: http://dealtrak/logs/proposal
[Tue Jul 28 13:53:45.657842 2015] [:error] [pid 6662] [client 172.17.0.1:35244] PHP Notice:  Undefined index: destination_id in /app/site/logs/transaction.phtml on line 32, referer: http://dealtrak/logs/proposal
[Tue Jul 28 13:53:45.657843 2015] [:error] [pid 6662] [client 172.17.0.1:35244] PHP Stack trace:, referer: http://dealtrak/logs/proposal
[Tue Jul 28 13:53:45.657845 2015] [:error] [pid 6662] [client 172.17.0.1:35244] PHP   1. {main}() /app/index.php:0, referer: http://dealtrak/logs/proposal
[Tue Jul 28 13:53:45.657848 2015] [:error] [pid 6662] [client 172.17.0.1:35244] PHP   2. include() /app/index.php:363, referer: http://dealtrak/logs/proposal
[Tue Jul 28 13:53:45.657850 2015] [:error] [pid 6662] [client 172.17.0.1:35244] PHP   3. include() /app/layouts/site.php:130, referer: http://dealtrak/logs/proposal
[Tue Jul 28 13:53:45.657854 2015] [:error] [pid 6662] [client 172.17.0.1:35244] PHP Notice:  Undefined index: destination_id in /app/site/logs/transaction.phtml on line 32, referer: http://dealtrak/logs/proposal
[Tue Jul 28 13:53:45.657855 2015] [:error] [pid 6662] [client 172.17.0.1:35244] PHP Stack trace:, referer: http://dealtrak/logs/proposal
[Tue Jul 28 13:53:45.657857 2015] [:error] [pid 6662] [client 172.17.0.1:35244] PHP   1. {main}() /app/index.php:0, referer: http://dealtrak/logs/proposal
[Tue Jul 28 13:53:45.657860 2015] [:error] [pid 6662] [client 172.17.0.1:35244] PHP   2. include() /app/index.php:363, referer: http://dealtrak/logs/proposal
[Tue Jul 28 13:53:45.657863 2015] [:error] [pid 6662] [client 172.17.0.1:35244] PHP   3. include() /app/layouts/site.php:130, referer: http://dealtrak/logs/proposal
[Tue Jul 28 13:53:45.657868 2015] [:error] [pid 6662] [client 172.17.0.1:35244] PHP Notice:  Undefined index: destination_id in /app/site/logs/transaction.phtml on line 32, referer: http://dealtrak/logs/proposal
[Tue Jul 28 13:53:45.657869 2015] [:error] [pid 6662] [client 172.17.0.1:35244] PHP Stack trace:, referer: http://dealtrak/logs/proposal
[Tue Jul 28 13:53:45.657871 2015] [:error] [pid 6662] [client 172.17.0.1:35244] PHP   1. {main}() /app/index.php:0, referer: http://dealtrak/logs/proposal
[Tue Jul 28 13:53:45.657873 2015] [:error] [pid 6662] [client 172.17.0.1:35244] PHP   2. include() /app/index.php:363, referer: http://dealtrak/logs/proposal
[Tue Jul 28 13:53:45.657875 2015] [:error] [pid 6662] [client 172.17.0.1:35244] PHP   3. include() /app/layouts/site.php:130, referer: http://dealtrak/logs/proposal
[Tue Jul 28 13:53:45.657880 2015] [:error] [pid 6662] [client 172.17.0.1:35244] PHP Notice:  Undefined index: destination_id in /app/site/logs/transaction.phtml on line 32, referer: http://dealtrak/logs/proposal
[Tue Jul 28 13:53:45.657881 2015] [:error] [pid 6662] [client 172.17.0.1:35244] PHP Stack trace:, referer: http://dealtrak/logs/proposal
[Tue Jul 28 13:53:45.657883 2015] [:error] [pid 6662] [client 172.17.0.1:35244] PHP   1. {main}() /app/index.php:0, referer: http://dealtrak/logs/proposal
[Tue Jul 28 13:53:45.657885 2015] [:error] [pid 6662] [client 172.17.0.1:35244] PHP   2. include() /app/index.php:363, referer: http://dealtrak/logs/proposal
[Tue Jul 28 13:53:45.657887 2015] [:error] [pid 6662] [client 172.17.0.1:35244] PHP   3. include() /app/layouts/site.php:130, referer: http://dealtrak/logs/proposal
[Tue Jul 28 13:53:45.657892 2015] [:error] [pid 6662] [client 172.17.0.1:35244] PHP Notice:  Undefined index: destination_id in /app/site/logs/transaction.phtml on line 32, referer: http://dealtrak/logs/proposal
[Tue Jul 28 13:53:45.657893 2015] [:error] [pid 6662] [client 172.17.0.1:35244] PHP Stack trace:, referer: http://dealtrak/logs/proposal
[Tue Jul 28 13:53:45.657895 2015] [:error] [pid 6662] [client 172.17.0.1:35244] PHP   1. {main}() /app/index.php:0, referer: http://dealtrak/logs/proposal
[Tue Jul 28 13:53:45.657897 2015] [:error] [pid 6662] [client 172.17.0.1:35244] PHP   2. include() /app/index.php:363, referer: http://dealtrak/logs/proposal
[Tue Jul 28 13:53:45.657899 2015] [:error] [pid 6662] [client 172.17.0.1:35244] PHP   3. include() /app/layouts/site.php:130, referer: http://dealtrak/logs/proposal
[Tue Jul 28 13:53:45.657903 2015] [:error] [pid 6662] [client 172.17.0.1:35244] PHP Notice:  Undefined index: destination_id in /app/site/logs/transaction.phtml on line 32, referer: http://dealtrak/logs/proposal
[Tue Jul 28 13:53:45.657905 2015] [:error] [pid 6662] [client 172.17.0.1:35244] PHP Stack trace:, referer: http://dealtrak/logs/proposal
[Tue Jul 28 13:53:45.657907 2015] [:error] [pid 6662] [client 172.17.0.1:35244] PHP   1. {main}() /app/index.php:0, referer: http://dealtrak/logs/proposal
[Tue Jul 28 13:53:45.657909 2015] [:error] [pid 6662] [client 172.17.0.1:35244] PHP   2. include() /app/index.php:363, referer: http://dealtrak/logs/proposal
[Tue Jul 28 13:53:45.657911 2015] [:error] [pid 6662] [client 172.17.0.1:35244] PHP   3. include() /app/layouts/site.php:130, referer: http://dealtrak/logs/proposal
[Tue Jul 28 13:53:45.657915 2015] [:error] [pid 6662] [client 172.17.0.1:35244] PHP Notice:  Undefined index: destination_id in /app/site/logs/transaction.phtml on line 32, referer: http://dealtrak/logs/proposal
[Tue Jul 28 13:53:45.657919 2015] [:error] [pid 6662] [client 172.17.0.1:35244] PHP Stack trace:, referer: http://dealtrak/logs/proposal
[Tue Jul 28 13:53:45.657921 2015] [:error] [pid 6662] [client 172.17.0.1:35244] PHP   1. {main}() /app/index.php:0, referer: http://dealtrak/logs/proposal
[Tue Jul 28 13:53:45.657923 2015] [:error] [pid 6662] [client 172.17.0.1:35244] PHP   2. include() /app/index.php:363, referer: http://dealtrak/logs/proposal
[Tue Jul 28 13:53:45.657925 2015] [:error] [pid 6662] [client 172.17.0.1:35244] PHP   3. include() /app/layouts/site.php:130, referer: http://dealtrak/logs/proposal
[Tue Jul 28 13:53:45.657930 2015] [:error] [pid 6662] [client 172.17.0.1:35244] PHP Notice:  Undefined index: destination_id in /app/site/logs/transaction.phtml on line 32, referer: http://dealtrak/logs/proposal
[Tue Jul 28 13:53:45.657931 2015] [:error] [pid 6662] [client 172.17.0.1:35244] PHP Stack trace:, referer: http://dealtrak/logs/proposal
[Tue Jul 28 13:53:45.657933 2015] [:error] [pid 6662] [client 172.17.0.1:35244] PHP   1. {main}() /app/index.php:0, referer: http://dealtrak/logs/proposal
[Tue Jul 28 13:53:45.657935 2015] [:error] [pid 6662] [client 172.17.0.1:35244] PHP   2. include() /app/index.php:363, referer: http://dealtrak/logs/proposal
[Tue Jul 28 13:53:45.657938 2015] [:error] [pid 6662] [client 172.17.0.1:35244] PHP   3. include() /app/layouts/site.php:130, referer: http://dealtrak/logs/proposal
[Tue Jul 28 13:53:45.657942 2015] [:error] [pid 6662] [client 172.17.0.1:35244] PHP Notice:  Undefined index: destination_id in /app/site/logs/transaction.phtml on line 32, referer: http://dealtrak/logs/proposal
[Tue Jul 28 13:53:45.657943 2015] [:error] [pid 6662] [client 172.17.0.1:35244] PHP Stack trace:, referer: http://dealtrak/logs/proposal
[Tue Jul 28 13:53:45.657945 2015] [:error] [pid 6662] [client 172.17.0.1:35244] PHP   1. {main}() /app/index.php:0, referer: http://dealtrak/logs/proposal
[Tue Jul 28 13:53:45.657947 2015] [:error] [pid 6662] [client 172.17.0.1:35244] PHP   2. include() /app/index.php:363, referer: http://dealtrak/logs/proposal
[Tue Jul 28 13:53:45.657950 2015] [:error] [pid 6662] [client 172.17.0.1:35244] PHP   3. include() /app/layouts/site.php:130, referer: http://dealtrak/logs/proposal
[Tue Jul 28 13:53:45.657954 2015] [:error] [pid 6662] [client 172.17.0.1:35244] PHP Notice:  Undefined index: destination_id in /app/site/logs/transaction.phtml on line 32, referer: http://dealtrak/logs/proposal
[Tue Jul 28 13:53:45.657955 2015] [:error] [pid 6662] [client 172.17.0.1:35244] PHP Stack trace:, referer: http://dealtrak/logs/proposal
[Tue Jul 28 13:53:45.657957 2015] [:error] [pid 6662] [client 172.17.0.1:35244] PHP   1. {main}() /app/index.php:0, referer: http://dealtrak/logs/proposal
[Tue Jul 28 13:53:45.657959 2015] [:error] [pid 6662] [client 172.17.0.1:35244] PHP   2. include() /app/index.php:363, referer: http://dealtrak/logs/proposal
[Tue Jul 28 13:53:45.657962 2015] [:error] [pid 6662] [client 172.17.0.1:35244] PHP   3. include() /app/layouts/site.php:130, referer: http://dealtrak/logs/proposal
[Tue Jul 28 13:53:45.657966 2015] [:error] [pid 6662] [client 172.17.0.1:35244] PHP Notice:  Undefined index: destination_id in /app/site/logs/transaction.phtml on line 32, referer: http://dealtrak/logs/proposal
[Tue Jul 28 13:53:45.657967 2015] [:error] [pid 6662] [client 172.17.0.1:35244] PHP Stack trace:, referer: http://dealtrak/logs/proposal
[Tue Jul 28 13:53:45.657969 2015] [:error] [pid 6662] [client 172.17.0.1:35244] PHP   1. {main}() /app/index.php:0, referer: http://dealtrak/logs/proposal
[Tue Jul 28 13:53:45.657971 2015] [:error] [pid 6662] [client 172.17.0.1:35244] PHP   2. include() /app/index.php:363, referer: http://dealtrak/logs/proposal
[Tue Jul 28 13:53:45.657975 2015] [:error] [pid 6662] [client 172.17.0.1:35244] PHP   3. include() /app/layouts/site.php:130, referer: http://dealtrak/logs/proposal
[Tue Jul 28 13:53:45.657979 2015] [:error] [pid 6662] [client 172.17.0.1:35244] PHP Notice:  Undefined index: destination_id in /app/site/logs/transaction.phtml on line 32, referer: http://dealtrak/logs/proposal
[Tue Jul 28 13:53:45.657981 2015] [:error] [pid 6662] [client 172.17.0.1:35244] PHP Stack trace:, referer: http://dealtrak/logs/proposal
[Tue Jul 28 13:53:45.657983 2015] [:error] [pid 6662] [client 172.17.0.1:35244] PHP   1. {main}() /app/index.php:0, referer: http://dealtrak/logs/proposal
[Tue Jul 28 13:53:45.657985 2015] [:error] [pid 6662] [client 172.17.0.1:35244] PHP   2. include() /app/index.php:363, referer: http://dealtrak/logs/proposal
[Tue Jul 28 13:53:45.657987 2015] [:error] [pid 6662] [client 172.17.0.1:35244] PHP   3. include() /app/layouts/site.php:130, referer: http://dealtrak/logs/proposal
[Tue Jul 28 13:53:45.657991 2015] [:error] [pid 6662] [client 172.17.0.1:35244] PHP Notice:  Undefined index: destination_id in /app/site/logs/transaction.phtml on line 32, referer: http://dealtrak/logs/proposal
[Tue Jul 28 13:53:45.657993 2015] [:error] [pid 6662] [client 172.17.0.1:35244] PHP Stack trace:, referer: http://dealtrak/logs/proposal
[Tue Jul 28 13:53:45.657995 2015] [:error] [pid 6662] [client 172.17.0.1:35244] PHP   1. {main}() /app/index.php:0, referer: http://dealtrak/logs/proposal
[Tue Jul 28 13:53:45.657997 2015] [:error] [pid 6662] [client 172.17.0.1:35244] PHP   2. include() /app/index.php:363, referer: http://dealtrak/logs/proposal
[Tue Jul 28 13:53:45.657999 2015] [:error] [pid 6662] [client 172.17.0.1:35244] PHP   3. include() /app/layouts/site.php:130, referer: http://dealtrak/logs/proposal
[Tue Jul 28 13:53:45.658003 2015] [:error] [pid 6662] [client 172.17.0.1:35244] PHP Notice:  Undefined index: destination_id in /app/site/logs/transaction.phtml on line 32, referer: http://dealtrak/logs/proposal
[Tue Jul 28 13:53:45.658005 2015] [:error] [pid 6662] [client 172.17.0.1:35244] PHP Stack trace:, referer: http://dealtrak/logs/proposal
[Tue Jul 28 13:53:45.658007 2015] [:error] [pid 6662] [client 172.17.0.1:35244] PHP   1. {main}() /app/index.php:0, referer: http://dealtrak/logs/proposal
[Tue Jul 28 13:53:45.658009 2015] [:error] [pid 6662] [client 172.17.0.1:35244] PHP   2. include() /app/index.php:363, referer: http://dealtrak/logs/proposal
[Tue Jul 28 13:53:45.658011 2015] [:error] [pid 6662] [client 172.17.0.1:35244] PHP   3. include() /app/layouts/site.php:130, referer: http://dealtrak/logs/proposal
[Tue Jul 28 13:53:45.658015 2015] [:error] [pid 6662] [client 172.17.0.1:35244] PHP Notice:  Undefined index: destination_id in /app/site/logs/transaction.phtml on line 32, referer: http://dealtrak/logs/proposal
[Tue Jul 28 13:53:45.658017 2015] [:error] [pid 6662] [client 172.17.0.1:35244] PHP Stack trace:, referer: http://dealtrak/logs/proposal
[Tue Jul 28 13:53:45.658019 2015] [:error] [pid 6662] [client 172.17.0.1:35244] PHP   1. {main}() /app/index.php:0, referer: http://dealtrak/logs/proposal
[Tue Jul 28 13:53:45.658021 2015] [:error] [pid 6662] [client 172.17.0.1:35244] PHP   2. include() /app/index.php:363, referer: http://dealtrak/logs/proposal
[Tue Jul 28 13:53:45.658023 2015] [:error] [pid 6662] [client 172.17.0.1:35244] PHP   3. include() /app/layouts/site.php:130, referer: http://dealtrak/logs/proposal
[Tue Jul 28 13:53:45.658027 2015] [:error] [pid 6662] [client 172.17.0.1:35244] PHP Notice:  Undefined index: destination_id in /app/site/logs/transaction.phtml on line 32, referer: http://dealtrak/logs/proposal
[Tue Jul 28 13:53:45.658030 2015] [:error] [pid 6662] [client 172.17.0.1:35244] PHP Stack trace:, referer: http://dealtrak/logs/proposal
[Tue Jul 28 13:53:45.658033 2015] [:error] [pid 6662] [client 172.17.0.1:35244] PHP   1. {main}() /app/index.php:0, referer: http://dealtrak/logs/proposal
[Tue Jul 28 13:53:45.658035 2015] [:error] [pid 6662] [client 172.17.0.1:35244] PHP   2. include() /app/index.php:363, referer: http://dealtrak/logs/proposal
[Tue Jul 28 13:53:45.658037 2015] [:error] [pid 6662] [client 172.17.0.1:35244] PHP   3. include() /app/layouts/site.php:130, referer: http://dealtrak/logs/proposal
[Tue Jul 28 13:53:45.658041 2015] [:error] [pid 6662] [client 172.17.0.1:35244] PHP Notice:  Undefined index: destination_id in /app/site/logs/transaction.phtml on line 32, referer: http://dealtrak/logs/proposal
[Tue Jul 28 13:53:45.658043 2015] [:error] [pid 6662] [client 172.17.0.1:35244] PHP Stack trace:, referer: http://dealtrak/logs/proposal
[Tue Jul 28 13:53:45.658045 2015] [:error] [pid 6662] [client 172.17.0.1:35244] PHP   1. {main}() /app/index.php:0, referer: http://dealtrak/logs/proposal
[Tue Jul 28 13:53:45.658047 2015] [:error] [pid 6662] [client 172.17.0.1:35244] PHP   2. include() /app/index.php:363, referer: http://dealtrak/logs/proposal
[Tue Jul 28 13:53:45.658049 2015] [:error] [pid 6662] [client 172.17.0.1:35244] PHP   3. include() /app/layouts/site.php:130, referer: http://dealtrak/logs/proposal
[Tue Jul 28 13:53:45.658126 2015] [:error] [pid 6662] [client 172.17.0.1:35244] PHP Notice:  Undefined index: destination_id in /app/site/logs/transaction.phtml on line 32, referer: http://dealtrak/logs/proposal
[Tue Jul 28 13:53:45.658128 2015] [:error] [pid 6662] [client 172.17.0.1:35244] PHP Stack trace:, referer: http://dealtrak/logs/proposal
[Tue Jul 28 13:53:45.658131 2015] [:error] [pid 6662] [client 172.17.0.1:35244] PHP   1. {main}() /app/index.php:0, referer: http://dealtrak/logs/proposal
[Tue Jul 28 13:53:45.658133 2015] [:error] [pid 6662] [client 172.17.0.1:35244] PHP   2. include() /app/index.php:363, referer: http://dealtrak/logs/proposal
[Tue Jul 28 13:53:45.658135 2015] [:error] [pid 6662] [client 172.17.0.1:35244] PHP   3. include() /app/layouts/site.php:130, referer: http://dealtrak/logs/proposal
[Tue Jul 28 13:53:45.658139 2015] [:error] [pid 6662] [client 172.17.0.1:35244] PHP Notice:  Undefined index: destination_id in /app/site/logs/transaction.phtml on line 32, referer: http://dealtrak/logs/proposal
[Tue Jul 28 13:53:45.658141 2015] [:error] [pid 6662] [client 172.17.0.1:35244] PHP Stack trace:, referer: http://dealtrak/logs/proposal
[Tue Jul 28 13:53:45.658143 2015] [:error] [pid 6662] [client 172.17.0.1:35244] PHP   1. {main}() /app/index.php:0, referer: http://dealtrak/logs/proposal
[Tue Jul 28 13:53:45.658145 2015] [:error] [pid 6662] [client 172.17.0.1:35244] PHP   2. include() /app/index.php:363, referer: http://dealtrak/logs/proposal
[Tue Jul 28 13:53:45.658147 2015] [:error] [pid 6662] [client 172.17.0.1:35244] PHP   3. include() /app/layouts/site.php:130, referer: http://dealtrak/logs/proposal
[Tue Jul 28 13:53:45.658151 2015] [:error] [pid 6662] [client 172.17.0.1:35244] PHP Notice:  Undefined index: destination_id in /app/site/logs/transaction.phtml on line 32, referer: http://dealtrak/logs/proposal
[Tue Jul 28 13:53:45.658153 2015] [:error] [pid 6662] [client 172.17.0.1:35244] PHP Stack trace:, referer: http://dealtrak/logs/proposal
[Tue Jul 28 13:53:45.658155 2015] [:error] [pid 6662] [client 172.17.0.1:35244] PHP   1. {main}() /app/index.php:0, referer: http://dealtrak/logs/proposal
[Tue Jul 28 13:53:45.658159 2015] [:error] [pid 6662] [client 172.17.0.1:35244] PHP   2. include() /app/index.php:363, referer: http://dealtrak/logs/proposal
[Tue Jul 28 13:53:45.658161 2015] [:error] [pid 6662] [client 172.17.0.1:35244] PHP   3. include() /app/layouts/site.php:130, referer: http://dealtrak/logs/proposal
[Tue Jul 28 13:53:45.658166 2015] [:error] [pid 6662] [client 172.17.0.1:35244] PHP Notice:  Undefined index: destination_id in /app/site/logs/transaction.phtml on line 32, referer: http://dealtrak/logs/proposal
[Tue Jul 28 13:53:45.658167 2015] [:error] [pid 6662] [client 172.17.0.1:35244] PHP Stack trace:, referer: http://dealtrak/logs/proposal
[Tue Jul 28 13:53:45.658169 2015] [:error] [pid 6662] [client 172.17.0.1:35244] PHP   1. {main}() /app/index.php:0, referer: http://dealtrak/logs/proposal
[Tue Jul 28 13:53:45.658171 2015] [:error] [pid 6662] [client 172.17.0.1:35244] PHP   2. include() /app/index.php:363, referer: http://dealtrak/logs/proposal
[Tue Jul 28 13:53:45.658173 2015] [:error] [pid 6662] [client 172.17.0.1:35244] PHP   3. include() /app/layouts/site.php:130, referer: http://dealtrak/logs/proposal
[Tue Jul 28 13:53:45.658178 2015] [:error] [pid 6662] [client 172.17.0.1:35244] PHP Notice:  Undefined index: destination_id in /app/site/logs/transaction.phtml on line 32, referer: http://dealtrak/logs/proposal
[Tue Jul 28 13:53:45.658179 2015] [:error] [pid 6662] [client 172.17.0.1:35244] PHP Stack trace:, referer: http://dealtrak/logs/proposal
[Tue Jul 28 13:53:45.658181 2015] [:error] [pid 6662] [client 172.17.0.1:35244] PHP   1. {main}() /app/index.php:0, referer: http://dealtrak/logs/proposal
[Tue Jul 28 13:53:45.658183 2015] [:error] [pid 6662] [client 172.17.0.1:35244] PHP   2. include() /app/index.php:363, referer: http://dealtrak/logs/proposal
[Tue Jul 28 13:53:45.658185 2015] [:error] [pid 6662] [client 172.17.0.1:35244] PHP   3. include() /app/layouts/site.php:130, referer: http://dealtrak/logs/proposal
[Tue Jul 28 13:53:45.658190 2015] [:error] [pid 6662] [client 172.17.0.1:35244] PHP Notice:  Undefined index: destination_id in /app/site/logs/transaction.phtml on line 32, referer: http://dealtrak/logs/proposal
[Tue Jul 28 13:53:45.658191 2015] [:error] [pid 6662] [client 172.17.0.1:35244] PHP Stack trace:, referer: http://dealtrak/logs/proposal
[Tue Jul 28 13:53:45.658193 2015] [:error] [pid 6662] [client 172.17.0.1:35244] PHP   1. {main}() /app/index.php:0, referer: http://dealtrak/logs/proposal
[Tue Jul 28 13:53:45.658195 2015] [:error] [pid 6662] [client 172.17.0.1:35244] PHP   2. include() /app/index.php:363, referer: http://dealtrak/logs/proposal
[Tue Jul 28 13:53:45.658197 2015] [:error] [pid 6662] [client 172.17.0.1:35244] PHP   3. include() /app/layouts/site.php:130, referer: http://dealtrak/logs/proposal
[Tue Jul 28 13:53:45.658202 2015] [:error] [pid 6662] [client 172.17.0.1:35244] PHP Notice:  Undefined index: destination_id in /app/site/logs/transaction.phtml on line 32, referer: http://dealtrak/logs/proposal
[Tue Jul 28 13:53:45.658203 2015] [:error] [pid 6662] [client 172.17.0.1:35244] PHP Stack trace:, referer: http://dealtrak/logs/proposal
[Tue Jul 28 13:53:45.658205 2015] [:error] [pid 6662] [client 172.17.0.1:35244] PHP   1. {main}() /app/index.php:0, referer: http://dealtrak/logs/proposal
[Tue Jul 28 13:53:45.658207 2015] [:error] [pid 6662] [client 172.17.0.1:35244] PHP   2. include() /app/index.php:363, referer: http://dealtrak/logs/proposal
[Tue Jul 28 13:53:45.658209 2015] [:error] [pid 6662] [client 172.17.0.1:35244] PHP   3. include() /app/layouts/site.php:130, referer: http://dealtrak/logs/proposal
[Tue Jul 28 13:53:45.658217 2015] [:error] [pid 6662] [client 172.17.0.1:35244] PHP Notice:  Undefined index: destination_id in /app/site/logs/transaction.phtml on line 32, referer: http://dealtrak/logs/proposal
[Tue Jul 28 13:53:45.658218 2015] [:error] [pid 6662] [client 172.17.0.1:35244] PHP Stack trace:, referer: http://dealtrak/logs/proposal
[Tue Jul 28 13:53:45.658220 2015] [:error] [pid 6662] [client 172.17.0.1:35244] PHP   1. {main}() /app/index.php:0, referer: http://dealtrak/logs/proposal
[Tue Jul 28 13:53:45.658222 2015] [:error] [pid 6662] [client 172.17.0.1:35244] PHP   2. include() /app/index.php:363, referer: http://dealtrak/logs/proposal
[Tue Jul 28 13:53:45.658225 2015] [:error] [pid 6662] [client 172.17.0.1:35244] PHP   3. include() /app/layouts/site.php:130, referer: http://dealtrak/logs/proposal
[Tue Jul 28 13:53:45.658229 2015] [:error] [pid 6662] [client 172.17.0.1:35244] PHP Notice:  Undefined index: destination_id in /app/site/logs/transaction.phtml on line 32, referer: http://dealtrak/logs/proposal
[Tue Jul 28 13:53:45.658230 2015] [:error] [pid 6662] [client 172.17.0.1:35244] PHP Stack trace:, referer: http://dealtrak/logs/proposal
[Tue Jul 28 13:53:45.658232 2015] [:error] [pid 6662] [client 172.17.0.1:35244] PHP   1. {main}() /app/index.php:0, referer: http://dealtrak/logs/proposal
[Tue Jul 28 13:53:45.658234 2015] [:error] [pid 6662] [client 172.17.0.1:35244] PHP   2. include() /app/index.php:363, referer: http://dealtrak/logs/proposal
[Tue Jul 28 13:53:45.658236 2015] [:error] [pid 6662] [client 172.17.0.1:35244] PHP   3. include() /app/layouts/site.php:130, referer: http://dealtrak/logs/proposal
[Tue Jul 28 13:53:45.658241 2015] [:error] [pid 6662] [client 172.17.0.1:35244] PHP Notice:  Undefined index: destination_id in /app/site/logs/transaction.phtml on line 32, referer: http://dealtrak/logs/proposal
[Tue Jul 28 13:53:45.658242 2015] [:error] [pid 6662] [client 172.17.0.1:35244] PHP Stack trace:, referer: http://dealtrak/logs/proposal
[Tue Jul 28 13:53:45.658244 2015] [:error] [pid 6662] [client 172.17.0.1:35244] PHP   1. {main}() /app/index.php:0, referer: http://dealtrak/logs/proposal
[Tue Jul 28 13:53:45.658246 2015] [:error] [pid 6662] [client 172.17.0.1:35244] PHP   2. include() /app/index.php:363, referer: http://dealtrak/logs/proposal
[Tue Jul 28 13:53:45.658248 2015] [:error] [pid 6662] [client 172.17.0.1:35244] PHP   3. include() /app/layouts/site.php:130, referer: http://dealtrak/logs/proposal
[Tue Jul 28 13:53:45.658253 2015] [:error] [pid 6662] [client 172.17.0.1:35244] PHP Notice:  Undefined index: destination_id in /app/site/logs/transaction.phtml on line 32, referer: http://dealtrak/logs/proposal
[Tue Jul 28 13:53:45.658254 2015] [:error] [pid 6662] [client 172.17.0.1:35244] PHP Stack trace:, referer: http://dealtrak/logs/proposal
[Tue Jul 28 13:53:45.658256 2015] [:error] [pid 6662] [client 172.17.0.1:35244] PHP   1. {main}() /app/index.php:0, referer: http://dealtrak/logs/proposal
[Tue Jul 28 13:53:45.658258 2015] [:error] [pid 6662] [client 172.17.0.1:35244] PHP   2. include() /app/index.php:363, referer: http://dealtrak/logs/proposal
[Tue Jul 28 13:53:45.658260 2015] [:error] [pid 6662] [client 172.17.0.1:35244] PHP   3. include() /app/layouts/site.php:130, referer: http://dealtrak/logs/proposal
[Tue Jul 28 13:53:45.658265 2015] [:error] [pid 6662] [client 172.17.0.1:35244] PHP Notice:  Undefined index: destination_id in /app/site/logs/transaction.phtml on line 32, referer: http://dealtrak/logs/proposal
[Tue Jul 28 13:53:45.658266 2015] [:error] [pid 6662] [client 172.17.0.1:35244] PHP Stack trace:, referer: http://dealtrak/logs/proposal
[Tue Jul 28 13:53:45.658270 2015] [:error] [pid 6662] [client 172.17.0.1:35244] PHP   1. {main}() /app/index.php:0, referer: http://dealtrak/logs/proposal
[Tue Jul 28 13:53:45.658272 2015] [:error] [pid 6662] [client 172.17.0.1:35244] PHP   2. include() /app/index.php:363, referer: http://dealtrak/logs/proposal
[Tue Jul 28 13:53:45.658274 2015] [:error] [pid 6662] [client 172.17.0.1:35244] PHP   3. include() /app/layouts/site.php:130, referer: http://dealtrak/logs/proposal
[Tue Jul 28 13:53:45.658278 2015] [:error] [pid 6662] [client 172.17.0.1:35244] PHP Notice:  Undefined index: destination_id in /app/site/logs/transaction.phtml on line 32, referer: http://dealtrak/logs/proposal
[Tue Jul 28 13:53:45.658280 2015] [:error] [pid 6662] [client 172.17.0.1:35244] PHP Stack trace:, referer: http://dealtrak/logs/proposal
[Tue Jul 28 13:53:45.658282 2015] [:error] [pid 6662] [client 172.17.0.1:35244] PHP   1. {main}() /app/index.php:0, referer: http://dealtrak/logs/proposal
[Tue Jul 28 13:53:45.658284 2015] [:error] [pid 6662] [client 172.17.0.1:35244] PHP   2. include() /app/index.php:363, referer: http://dealtrak/logs/proposal
[Tue Jul 28 13:53:45.658286 2015] [:error] [pid 6662] [client 172.17.0.1:35244] PHP   3. include() /app/layouts/site.php:130, referer: http://dealtrak/logs/proposal
[Tue Jul 28 13:53:45.658291 2015] [:error] [pid 6662] [client 172.17.0.1:35244] PHP Notice:  Undefined index: destination_id in /app/site/logs/transaction.phtml on line 32, referer: http://dealtrak/logs/proposal
[Tue Jul 28 13:53:45.658292 2015] [:error] [pid 6662] [client 172.17.0.1:35244] PHP Stack trace:, referer: http://dealtrak/logs/proposal
[Tue Jul 28 13:53:45.658294 2015] [:error] [pid 6662] [client 172.17.0.1:35244] PHP   1. {main}() /app/index.php:0, referer: http://dealtrak/logs/proposal
[Tue Jul 28 13:53:45.658296 2015] [:error] [pid 6662] [client 172.17.0.1:35244] PHP   2. include() /app/index.php:363, referer: http://dealtrak/logs/proposal
[Tue Jul 28 13:53:45.658298 2015] [:error] [pid 6662] [client 172.17.0.1:35244] PHP   3. include() /app/layouts/site.php:130, referer: http://dealtrak/logs/proposal
[Tue Jul 28 13:53:45.658303 2015] [:error] [pid 6662] [client 172.17.0.1:35244] PHP Notice:  Undefined index: destination_id in /app/site/logs/transaction.phtml on line 32, referer: http://dealtrak/logs/proposal
[Tue Jul 28 13:53:45.658304 2015] [:error] [pid 6662] [client 172.17.0.1:35244] PHP Stack trace:, referer: http://dealtrak/logs/proposal
[Tue Jul 28 13:53:45.658306 2015] [:error] [pid 6662] [client 172.17.0.1:35244] PHP   1. {main}() /app/index.php:0, referer: http://dealtrak/logs/proposal
[Tue Jul 28 13:53:45.658308 2015] [:error] [pid 6662] [client 172.17.0.1:35244] PHP   2. include() /app/index.php:363, referer: http://dealtrak/logs/proposal
[Tue Jul 28 13:53:45.658310 2015] [:error] [pid 6662] [client 172.17.0.1:35244] PHP   3. include() /app/layouts/site.php:130, referer: http://dealtrak/logs/proposal
[Tue Jul 28 13:53:45.658315 2015] [:error] [pid 6662] [client 172.17.0.1:35244] PHP Notice:  Undefined index: destination_id in /app/site/logs/transaction.phtml on line 32, referer: http://dealtrak/logs/proposal
[Tue Jul 28 13:53:45.658316 2015] [:error] [pid 6662] [client 172.17.0.1:35244] PHP Stack trace:, referer: http://dealtrak/logs/proposal
[Tue Jul 28 13:53:45.658318 2015] [:error] [pid 6662] [client 172.17.0.1:35244] PHP   1. {main}() /app/index.php:0, referer: http://dealtrak/logs/proposal
[Tue Jul 28 13:53:45.658320 2015] [:error] [pid 6662] [client 172.17.0.1:35244] PHP   2. include() /app/index.php:363, referer: http://dealtrak/logs/proposal
[Tue Jul 28 13:53:45.658322 2015] [:error] [pid 6662] [client 172.17.0.1:35244] PHP   3. include() /app/layouts/site.php:130, referer: http://dealtrak/logs/proposal
[Tue Jul 28 13:53:45.658328 2015] [:error] [pid 6662] [client 172.17.0.1:35244] PHP Notice:  Undefined index: destination_id in /app/site/logs/transaction.phtml on line 32, referer: http://dealtrak/logs/proposal
[Tue Jul 28 13:53:45.658330 2015] [:error] [pid 6662] [client 172.17.0.1:35244] PHP Stack trace:, referer: http://dealtrak/logs/proposal
[Tue Jul 28 13:53:45.658332 2015] [:error] [pid 6662] [client 172.17.0.1:35244] PHP   1. {main}() /app/index.php:0, referer: http://dealtrak/logs/proposal
[Tue Jul 28 13:53:45.658334 2015] [:error] [pid 6662] [client 172.17.0.1:35244] PHP   2. include() /app/index.php:363, referer: http://dealtrak/logs/proposal
[Tue Jul 28 13:53:45.658336 2015] [:error] [pid 6662] [client 172.17.0.1:35244] PHP   3. include() /app/layouts/site.php:130, referer: http://dealtrak/logs/proposal
[Tue Jul 28 13:53:45.658341 2015] [:error] [pid 6662] [client 172.17.0.1:35244] PHP Notice:  Undefined index: destination_id in /app/site/logs/transaction.phtml on line 32, referer: http://dealtrak/logs/proposal
[Tue Jul 28 13:53:45.658342 2015] [:error] [pid 6662] [client 172.17.0.1:35244] PHP Stack trace:, referer: http://dealtrak/logs/proposal
[Tue Jul 28 13:53:45.658344 2015] [:error] [pid 6662] [client 172.17.0.1:35244] PHP   1. {main}() /app/index.php:0, referer: http://dealtrak/logs/proposal
[Tue Jul 28 13:53:45.658346 2015] [:error] [pid 6662] [client 172.17.0.1:35244] PHP   2. include() /app/index.php:363, referer: http://dealtrak/logs/proposal
[Tue Jul 28 13:53:45.658348 2015] [:error] [pid 6662] [client 172.17.0.1:35244] PHP   3. include() /app/layouts/site.php:130, referer: http://dealtrak/logs/proposal
[Tue Jul 28 13:53:45.658352 2015] [:error] [pid 6662] [client 172.17.0.1:35244] PHP Notice:  Undefined index: destination_id in /app/site/logs/transaction.phtml on line 32, referer: http://dealtrak/logs/proposal
[Tue Jul 28 13:53:45.658354 2015] [:error] [pid 6662] [client 172.17.0.1:35244] PHP Stack trace:, referer: http://dealtrak/logs/proposal
[Tue Jul 28 13:53:45.658356 2015] [:error] [pid 6662] [client 172.17.0.1:35244] PHP   1. {main}() /app/index.php:0, referer: http://dealtrak/logs/proposal
[Tue Jul 28 13:53:45.658358 2015] [:error] [pid 6662] [client 172.17.0.1:35244] PHP   2. include() /app/index.php:363, referer: http://dealtrak/logs/proposal
[Tue Jul 28 13:53:45.658360 2015] [:error] [pid 6662] [client 172.17.0.1:35244] PHP   3. include() /app/layouts/site.php:130, referer: http://dealtrak/logs/proposal
[Tue Jul 28 13:53:45.658364 2015] [:error] [pid 6662] [client 172.17.0.1:35244] PHP Notice:  Undefined index: destination_id in /app/site/logs/transaction.phtml on line 32, referer: http://dealtrak/logs/proposal
[Tue Jul 28 13:53:45.658366 2015] [:error] [pid 6662] [client 172.17.0.1:35244] PHP Stack trace:, referer: http://dealtrak/logs/proposal
[Tue Jul 28 13:53:45.658368 2015] [:error] [pid 6662] [client 172.17.0.1:35244] PHP   1. {main}() /app/index.php:0, referer: http://dealtrak/logs/proposal
[Tue Jul 28 13:53:45.658370 2015] [:error] [pid 6662] [client 172.17.0.1:35244] PHP   2. include() /app/index.php:363, referer: http://dealtrak/logs/proposal
[Tue Jul 28 13:53:45.658372 2015] [:error] [pid 6662] [client 172.17.0.1:35244] PHP   3. include() /app/layouts/site.php:130, referer: http://dealtrak/logs/proposal
[Tue Jul 28 13:53:45.658376 2015] [:error] [pid 6662] [client 172.17.0.1:35244] PHP Notice:  Undefined index: destination_id in /app/site/logs/transaction.phtml on line 32, referer: http://dealtrak/logs/proposal
[Tue Jul 28 13:53:45.658380 2015] [:error] [pid 6662] [client 172.17.0.1:35244] PHP Stack trace:, referer: http://dealtrak/logs/proposal
[Tue Jul 28 13:53:45.658382 2015] [:error] [pid 6662] [client 172.17.0.1:35244] PHP   1. {main}() /app/index.php:0, referer: http://dealtrak/logs/proposal
[Tue Jul 28 13:53:45.658384 2015] [:error] [pid 6662] [client 172.17.0.1:35244] PHP   2. include() /app/index.php:363, referer: http://dealtrak/logs/proposal
[Tue Jul 28 13:53:45.658386 2015] [:error] [pid 6662] [client 172.17.0.1:35244] PHP   3. include() /app/layouts/site.php:130, referer: http://dealtrak/logs/proposal
[Tue Jul 28 13:53:45.658390 2015] [:error] [pid 6662] [client 172.17.0.1:35244] PHP Notice:  Undefined index: destination_id in /app/site/logs/transaction.phtml on line 32, referer: http://dealtrak/logs/proposal
[Tue Jul 28 13:53:45.658392 2015] [:error] [pid 6662] [client 172.17.0.1:35244] PHP Stack trace:, referer: http://dealtrak/logs/proposal
[Tue Jul 28 13:53:45.658394 2015] [:error] [pid 6662] [client 172.17.0.1:35244] PHP   1. {main}() /app/index.php:0, referer: http://dealtrak/logs/proposal
[Tue Jul 28 13:53:45.658396 2015] [:error] [pid 6662] [client 172.17.0.1:35244] PHP   2. include() /app/index.php:363, referer: http://dealtrak/logs/proposal
[Tue Jul 28 13:53:45.658398 2015] [:error] [pid 6662] [client 172.17.0.1:35244] PHP   3. include() /app/layouts/site.php:130, referer: http://dealtrak/logs/proposal
[Tue Jul 28 13:53:45.658402 2015] [:error] [pid 6662] [client 172.17.0.1:35244] PHP Notice:  Undefined index: destination_id in /app/site/logs/transaction.phtml on line 32, referer: http://dealtrak/logs/proposal
[Tue Jul 28 13:53:45.658404 2015] [:error] [pid 6662] [client 172.17.0.1:35244] PHP Stack trace:, referer: http://dealtrak/logs/proposal
[Tue Jul 28 13:53:45.658406 2015] [:error] [pid 6662] [client 172.17.0.1:35244] PHP   1. {main}() /app/index.php:0, referer: http://dealtrak/logs/proposal
[Tue Jul 28 13:53:45.658408 2015] [:error] [pid 6662] [client 172.17.0.1:35244] PHP   2. include() /app/index.php:363, referer: http://dealtrak/logs/proposal
[Tue Jul 28 13:53:45.658410 2015] [:error] [pid 6662] [client 172.17.0.1:35244] PHP   3. include() /app/layouts/site.php:130, referer: http://dealtrak/logs/proposal
[Tue Jul 28 13:53:45.658414 2015] [:error] [pid 6662] [client 172.17.0.1:35244] PHP Notice:  Undefined index: destination_id in /app/site/logs/transaction.phtml on line 32, referer: http://dealtrak/logs/proposal
[Tue Jul 28 13:53:45.658416 2015] [:error] [pid 6662] [client 172.17.0.1:35244] PHP Stack trace:, referer: http://dealtrak/logs/proposal
[Tue Jul 28 13:53:45.658418 2015] [:error] [pid 6662] [client 172.17.0.1:35244] PHP   1. {main}() /app/index.php:0, referer: http://dealtrak/logs/proposal
[Tue Jul 28 13:53:45.658420 2015] [:error] [pid 6662] [client 172.17.0.1:35244] PHP   2. include() /app/index.php:363, referer: http://dealtrak/logs/proposal
[Tue Jul 28 13:53:45.658422 2015] [:error] [pid 6662] [client 172.17.0.1:35244] PHP   3. include() /app/layouts/site.php:130, referer: http://dealtrak/logs/proposal
[Tue Jul 28 13:53:45.658426 2015] [:error] [pid 6662] [client 172.17.0.1:35244] PHP Notice:  Undefined index: destination_id in /app/site/logs/transaction.phtml on line 32, referer: http://dealtrak/logs/proposal
[Tue Jul 28 13:53:45.658428 2015] [:error] [pid 6662] [client 172.17.0.1:35244] PHP Stack trace:, referer: http://dealtrak/logs/proposal
[Tue Jul 28 13:53:45.658430 2015] [:error] [pid 6662] [client 172.17.0.1:35244] PHP   1. {main}() /app/index.php:0, referer: http://dealtrak/logs/proposal
[Tue Jul 28 13:53:45.658432 2015] [:error] [pid 6662] [client 172.17.0.1:35244] PHP   2. include() /app/index.php:363, referer: http://dealtrak/logs/proposal
[Tue Jul 28 13:53:45.658436 2015] [:error] [pid 6662] [client 172.17.0.1:35244] PHP   3. include() /app/layouts/site.php:130, referer: http://dealtrak/logs/proposal
[Tue Jul 28 13:53:45.658440 2015] [:error] [pid 6662] [client 172.17.0.1:35244] PHP Notice:  Undefined index: destination_id in /app/site/logs/transaction.phtml on line 32, referer: http://dealtrak/logs/proposal
[Tue Jul 28 13:53:45.658442 2015] [:error] [pid 6662] [client 172.17.0.1:35244] PHP Stack trace:, referer: http://dealtrak/logs/proposal
[Tue Jul 28 13:53:45.658444 2015] [:error] [pid 6662] [client 172.17.0.1:35244] PHP   1. {main}() /app/index.php:0, referer: http://dealtrak/logs/proposal
[Tue Jul 28 13:53:45.658446 2015] [:error] [pid 6662] [client 172.17.0.1:35244] PHP   2. include() /app/index.php:363, referer: http://dealtrak/logs/proposal
[Tue Jul 28 13:53:45.658448 2015] [:error] [pid 6662] [client 172.17.0.1:35244] PHP   3. include() /app/layouts/site.php:130, referer: http://dealtrak/logs/proposal
[Tue Jul 28 13:53:45.658452 2015] [:error] [pid 6662] [client 172.17.0.1:35244] PHP Notice:  Undefined index: destination_id in /app/site/logs/transaction.phtml on line 32, referer: http://dealtrak/logs/proposal
[Tue Jul 28 13:53:45.658454 2015] [:error] [pid 6662] [client 172.17.0.1:35244] PHP Stack trace:, referer: http://dealtrak/logs/proposal
[Tue Jul 28 13:53:45.658456 2015] [:error] [pid 6662] [client 172.17.0.1:35244] PHP   1. {main}() /app/index.php:0, referer: http://dealtrak/logs/proposal
[Tue Jul 28 13:53:45.658458 2015] [:error] [pid 6662] [client 172.17.0.1:35244] PHP   2. include() /app/index.php:363, referer: http://dealtrak/logs/proposal
[Tue Jul 28 13:53:45.658460 2015] [:error] [pid 6662] [client 172.17.0.1:35244] PHP   3. include() /app/layouts/site.php:130, referer: http://dealtrak/logs/proposal
[Tue Jul 28 13:53:45.658464 2015] [:error] [pid 6662] [client 172.17.0.1:35244] PHP Notice:  Undefined index: destination_id in /app/site/logs/transaction.phtml on line 32, referer: http://dealtrak/logs/proposal
[Tue Jul 28 13:53:45.658466 2015] [:error] [pid 6662] [client 172.17.0.1:35244] PHP Stack trace:, referer: http://dealtrak/logs/proposal
[Tue Jul 28 13:53:45.658468 2015] [:error] [pid 6662] [client 172.17.0.1:35244] PHP   1. {main}() /app/index.php:0, referer: http://dealtrak/logs/proposal
[Tue Jul 28 13:53:45.658470 2015] [:error] [pid 6662] [client 172.17.0.1:35244] PHP   2. include() /app/index.php:363, referer: http://dealtrak/logs/proposal
[Tue Jul 28 13:53:45.658472 2015] [:error] [pid 6662] [client 172.17.0.1:35244] PHP   3. include() /app/layouts/site.php:130, referer: http://dealtrak/logs/proposal
[Tue Jul 28 13:53:45.658476 2015] [:error] [pid 6662] [client 172.17.0.1:35244] PHP Notice:  Undefined index: destination_id in /app/site/logs/transaction.phtml on line 32, referer: http://dealtrak/logs/proposal
[Tue Jul 28 13:53:45.658477 2015] [:error] [pid 6662] [client 172.17.0.1:35244] PHP Stack trace:, referer: http://dealtrak/logs/proposal
[Tue Jul 28 13:53:45.658479 2015] [:error] [pid 6662] [client 172.17.0.1:35244] PHP   1. {main}() /app/index.php:0, referer: http://dealtrak/logs/proposal
[Tue Jul 28 13:53:45.658482 2015] [:error] [pid 6662] [client 172.17.0.1:35244] PHP   2. include() /app/index.php:363, referer: http://dealtrak/logs/proposal
[Tue Jul 28 13:53:45.658484 2015] [:error] [pid 6662] [client 172.17.0.1:35244] PHP   3. include() /app/layouts/site.php:130, referer: http://dealtrak/logs/proposal
[Tue Jul 28 13:53:45.658488 2015] [:error] [pid 6662] [client 172.17.0.1:35244] PHP Notice:  Undefined index: destination_id in /app/site/logs/transaction.phtml on line 32, referer: http://dealtrak/logs/proposal
[Tue Jul 28 13:53:45.658491 2015] [:error] [pid 6662] [client 172.17.0.1:35244] PHP Stack trace:, referer: http://dealtrak/logs/proposal
[Tue Jul 28 13:53:45.658493 2015] [:error] [pid 6662] [client 172.17.0.1:35244] PHP   1. {main}() /app/index.php:0, referer: http://dealtrak/logs/proposal
[Tue Jul 28 13:53:45.658495 2015] [:error] [pid 6662] [client 172.17.0.1:35244] PHP   2. include() /app/index.php:363, referer: http://dealtrak/logs/proposal
[Tue Jul 28 13:53:45.658497 2015] [:error] [pid 6662] [client 172.17.0.1:35244] PHP   3. include() /app/layouts/site.php:130, referer: http://dealtrak/logs/proposal
[Tue Jul 28 13:53:45.658502 2015] [:error] [pid 6662] [client 172.17.0.1:35244] PHP Notice:  Undefined index: destination_id in /app/site/logs/transaction.phtml on line 32, referer: http://dealtrak/logs/proposal
[Tue Jul 28 13:53:45.658503 2015] [:error] [pid 6662] [client 172.17.0.1:35244] PHP Stack trace:, referer: http://dealtrak/logs/proposal
[Tue Jul 28 13:53:45.658505 2015] [:error] [pid 6662] [client 172.17.0.1:35244] PHP   1. {main}() /app/index.php:0, referer: http://dealtrak/logs/proposal
[Tue Jul 28 13:53:45.658507 2015] [:error] [pid 6662] [client 172.17.0.1:35244] PHP   2. include() /app/index.php:363, referer: http://dealtrak/logs/proposal
[Tue Jul 28 13:53:45.658510 2015] [:error] [pid 6662] [client 172.17.0.1:35244] PHP   3. include() /app/layouts/site.php:130, referer: http://dealtrak/logs/proposal
[Tue Jul 28 13:53:45.658514 2015] [:error] [pid 6662] [client 172.17.0.1:35244] PHP Notice:  Undefined index: destination_id in /app/site/logs/transaction.phtml on line 32, referer: http://dealtrak/logs/proposal
[Tue Jul 28 13:53:45.658515 2015] [:error] [pid 6662] [client 172.17.0.1:35244] PHP Stack trace:, referer: http://dealtrak/logs/proposal
[Tue Jul 28 13:53:45.658517 2015] [:error] [pid 6662] [client 172.17.0.1:35244] PHP   1. {main}() /app/index.php:0, referer: http://dealtrak/logs/proposal
[Tue Jul 28 13:53:45.658519 2015] [:error] [pid 6662] [client 172.17.0.1:35244] PHP   2. include() /app/index.php:363, referer: http://dealtrak/logs/proposal
[Tue Jul 28 13:53:45.658521 2015] [:error] [pid 6662] [client 172.17.0.1:35244] PHP   3. include() /app/layouts/site.php:130, referer: http://dealtrak/logs/proposal
[Tue Jul 28 13:53:45.658526 2015] [:error] [pid 6662] [client 172.17.0.1:35244] PHP Notice:  Undefined index: destination_id in /app/site/logs/transaction.phtml on line 32, referer: http://dealtrak/logs/proposal
[Tue Jul 28 13:53:45.658527 2015] [:error] [pid 6662] [client 172.17.0.1:35244] PHP Stack trace:, referer: http://dealtrak/logs/proposal
[Tue Jul 28 13:53:45.658529 2015] [:error] [pid 6662] [client 172.17.0.1:35244] PHP   1. {main}() /app/index.php:0, referer: http://dealtrak/logs/proposal
[Tue Jul 28 13:53:45.658531 2015] [:error] [pid 6662] [client 172.17.0.1:35244] PHP   2. include() /app/index.php:363, referer: http://dealtrak/logs/proposal
[Tue Jul 28 13:53:45.658533 2015] [:error] [pid 6662] [client 172.17.0.1:35244] PHP   3. include() /app/layouts/site.php:130, referer: http://dealtrak/logs/proposal
[Tue Jul 28 13:53:45.658537 2015] [:error] [pid 6662] [client 172.17.0.1:35244] PHP Notice:  Undefined index: destination_id in /app/site/logs/transaction.phtml on line 32, referer: http://dealtrak/logs/proposal
[Tue Jul 28 13:53:45.658539 2015] [:error] [pid 6662] [client 172.17.0.1:35244] PHP Stack trace:, referer: http://dealtrak/logs/proposal
[Tue Jul 28 13:53:45.658541 2015] [:error] [pid 6662] [client 172.17.0.1:35244] PHP   1. {main}() /app/index.php:0, referer: http://dealtrak/logs/proposal
[Tue Jul 28 13:53:45.658545 2015] [:error] [pid 6662] [client 172.17.0.1:35244] PHP   2. include() /app/index.php:363, referer: http://dealtrak/logs/proposal
[Tue Jul 28 13:53:45.658547 2015] [:error] [pid 6662] [client 172.17.0.1:35244] PHP   3. include() /app/layouts/site.php:130, referer: http://dealtrak/logs/proposal
[Tue Jul 28 13:53:45.658551 2015] [:error] [pid 6662] [client 172.17.0.1:35244] PHP Notice:  Undefined index: destination_id in /app/site/logs/transaction.phtml on line 32, referer: http://dealtrak/logs/proposal
[Tue Jul 28 13:53:45.658553 2015] [:error] [pid 6662] [client 172.17.0.1:35244] PHP Stack trace:, referer: http://dealtrak/logs/proposal
[Tue Jul 28 13:53:45.658555 2015] [:error] [pid 6662] [client 172.17.0.1:35244] PHP   1. {main}() /app/index.php:0, referer: http://dealtrak/logs/proposal
[Tue Jul 28 13:53:45.658557 2015] [:error] [pid 6662] [client 172.17.0.1:35244] PHP   2. include() /app/index.php:363, referer: http://dealtrak/logs/proposal
[Tue Jul 28 13:53:45.658559 2015] [:error] [pid 6662] [client 172.17.0.1:35244] PHP   3. include() /app/layouts/site.php:130, referer: http://dealtrak/logs/proposal
[Tue Jul 28 13:53:45.658563 2015] [:error] [pid 6662] [client 172.17.0.1:35244] PHP Notice:  Undefined index: destination_id in /app/site/logs/transaction.phtml on line 32, referer: http://dealtrak/logs/proposal
[Tue Jul 28 13:53:45.658565 2015] [:error] [pid 6662] [client 172.17.0.1:35244] PHP Stack trace:, referer: http://dealtrak/logs/proposal
[Tue Jul 28 13:53:45.658567 2015] [:error] [pid 6662] [client 172.17.0.1:35244] PHP   1. {main}() /app/index.php:0, referer: http://dealtrak/logs/proposal
[Tue Jul 28 13:53:45.658569 2015] [:error] [pid 6662] [client 172.17.0.1:35244] PHP   2. include() /app/index.php:363, referer: http://dealtrak/logs/proposal
[Tue Jul 28 13:53:45.658571 2015] [:error] [pid 6662] [client 172.17.0.1:35244] PHP   3. include() /app/layouts/site.php:130, referer: http://dealtrak/logs/proposal
[Tue Jul 28 13:53:45.658575 2015] [:error] [pid 6662] [client 172.17.0.1:35244] PHP Notice:  Undefined index: destination_id in /app/site/logs/transaction.phtml on line 32, referer: http://dealtrak/logs/proposal
[Tue Jul 28 13:53:45.658577 2015] [:error] [pid 6662] [client 172.17.0.1:35244] PHP Stack trace:, referer: http://dealtrak/logs/proposal
[Tue Jul 28 13:53:45.658579 2015] [:error] [pid 6662] [client 172.17.0.1:35244] PHP   1. {main}() /app/index.php:0, referer: http://dealtrak/logs/proposal
[Tue Jul 28 13:53:45.658581 2015] [:error] [pid 6662] [client 172.17.0.1:35244] PHP   2. include() /app/index.php:363, referer: http://dealtrak/logs/proposal
[Tue Jul 28 13:53:45.658583 2015] [:error] [pid 6662] [client 172.17.0.1:35244] PHP   3. include() /app/layouts/site.php:130, referer: http://dealtrak/logs/proposal
[Tue Jul 28 13:53:45.658587 2015] [:error] [pid 6662] [client 172.17.0.1:35244] PHP Notice:  Undefined index: destination_id in /app/site/logs/transaction.phtml on line 32, referer: http://dealtrak/logs/proposal
[Tue Jul 28 13:53:45.658589 2015] [:error] [pid 6662] [client 172.17.0.1:35244] PHP Stack trace:, referer: http://dealtrak/logs/proposal
[Tue Jul 28 13:53:45.658591 2015] [:error] [pid 6662] [client 172.17.0.1:35244] PHP   1. {main}() /app/index.php:0, referer: http://dealtrak/logs/proposal
[Tue Jul 28 13:53:45.658593 2015] [:error] [pid 6662] [client 172.17.0.1:35244] PHP   2. include() /app/index.php:363, referer: http://dealtrak/logs/proposal
[Tue Jul 28 13:53:45.658595 2015] [:error] [pid 6662] [client 172.17.0.1:35244] PHP   3. include() /app/layouts/site.php:130, referer: http://dealtrak/logs/proposal
[Tue Jul 28 13:53:45.658601 2015] [:error] [pid 6662] [client 172.17.0.1:35244] PHP Notice:  Undefined index: destination_id in /app/site/logs/transaction.phtml on line 32, referer: http://dealtrak/logs/proposal
[Tue Jul 28 13:53:45.658603 2015] [:error] [pid 6662] [client 172.17.0.1:35244] PHP Stack trace:, referer: http://dealtrak/logs/proposal
[Tue Jul 28 13:53:45.658605 2015] [:error] [pid 6662] [client 172.17.0.1:35244] PHP   1. {main}() /app/index.php:0, referer: http://dealtrak/logs/proposal
[Tue Jul 28 13:53:45.658607 2015] [:error] [pid 6662] [client 172.17.0.1:35244] PHP   2. include() /app/index.php:363, referer: http://dealtrak/logs/proposal
[Tue Jul 28 13:53:45.658609 2015] [:error] [pid 6662] [client 172.17.0.1:35244] PHP   3. include() /app/layouts/site.php:130, referer: http://dealtrak/logs/proposal
[Tue Jul 28 13:53:45.658613 2015] [:error] [pid 6662] [client 172.17.0.1:35244] PHP Notice:  Undefined index: destination_id in /app/site/logs/transaction.phtml on line 32, referer: http://dealtrak/logs/proposal
[Tue Jul 28 13:53:45.658615 2015] [:error] [pid 6662] [client 172.17.0.1:35244] PHP Stack trace:, referer: http://dealtrak/logs/proposal
[Tue Jul 28 13:53:45.658617 2015] [:error] [pid 6662] [client 172.17.0.1:35244] PHP   1. {main}() /app/index.php:0, referer: http://dealtrak/logs/proposal
[Tue Jul 28 13:53:45.658619 2015] [:error] [pid 6662] [client 172.17.0.1:35244] PHP   2. include() /app/index.php:363, referer: http://dealtrak/logs/proposal
[Tue Jul 28 13:53:45.658621 2015] [:error] [pid 6662] [client 172.17.0.1:35244] PHP   3. include() /app/layouts/site.php:130, referer: http://dealtrak/logs/proposal
[Tue Jul 28 13:53:45.658625 2015] [:error] [pid 6662] [client 172.17.0.1:35244] PHP Notice:  Undefined index: destination_id in /app/site/logs/transaction.phtml on line 32, referer: http://dealtrak/logs/proposal
[Tue Jul 28 13:53:45.658627 2015] [:error] [pid 6662] [client 172.17.0.1:35244] PHP Stack trace:, referer: http://dealtrak/logs/proposal
[Tue Jul 28 13:53:45.658629 2015] [:error] [pid 6662] [client 172.17.0.1:35244] PHP   1. {main}() /app/index.php:0, referer: http://dealtrak/logs/proposal
[Tue Jul 28 13:53:45.658631 2015] [:error] [pid 6662] [client 172.17.0.1:35244] PHP   2. include() /app/index.php:363, referer: http://dealtrak/logs/proposal
[Tue Jul 28 13:53:45.658633 2015] [:error] [pid 6662] [client 172.17.0.1:35244] PHP   3. include() /app/layouts/site.php:130, referer: http://dealtrak/logs/proposal
[Tue Jul 28 13:53:45.658637 2015] [:error] [pid 6662] [client 172.17.0.1:35244] PHP Notice:  Undefined index: destination_id in /app/site/logs/transaction.phtml on line 32, referer: http://dealtrak/logs/proposal
[Tue Jul 28 13:53:45.658639 2015] [:error] [pid 6662] [client 172.17.0.1:35244] PHP Stack trace:, referer: http://dealtrak/logs/proposal
[Tue Jul 28 13:53:45.658641 2015] [:error] [pid 6662] [client 172.17.0.1:35244] PHP   1. {main}() /app/index.php:0, referer: http://dealtrak/logs/proposal
[Tue Jul 28 13:53:45.658643 2015] [:error] [pid 6662] [client 172.17.0.1:35244] PHP   2. include() /app/index.php:363, referer: http://dealtrak/logs/proposal
[Tue Jul 28 13:53:45.658645 2015] [:error] [pid 6662] [client 172.17.0.1:35244] PHP   3. include() /app/layouts/site.php:130, referer: http://dealtrak/logs/proposal
[Tue Jul 28 13:53:45.658649 2015] [:error] [pid 6662] [client 172.17.0.1:35244] PHP Notice:  Undefined index: destination_id in /app/site/logs/transaction.phtml on line 32, referer: http://dealtrak/logs/proposal
[Tue Jul 28 13:53:45.658651 2015] [:error] [pid 6662] [client 172.17.0.1:35244] PHP Stack trace:, referer: http://dealtrak/logs/proposal
[Tue Jul 28 13:53:45.658653 2015] [:error] [pid 6662] [client 172.17.0.1:35244] PHP   1. {main}() /app/index.php:0, referer: http://dealtrak/logs/proposal
[Tue Jul 28 13:53:45.658657 2015] [:error] [pid 6662] [client 172.17.0.1:35244] PHP   2. include() /app/index.php:363, referer: http://dealtrak/logs/proposal
[Tue Jul 28 13:53:45.658659 2015] [:error] [pid 6662] [client 172.17.0.1:35244] PHP   3. include() /app/layouts/site.php:130, referer: http://dealtrak/logs/proposal
[Tue Jul 28 13:53:45.658663 2015] [:error] [pid 6662] [client 172.17.0.1:35244] PHP Notice:  Undefined index: destination_id in /app/site/logs/transaction.phtml on line 32, referer: http://dealtrak/logs/proposal
[Tue Jul 28 13:53:45.658665 2015] [:error] [pid 6662] [client 172.17.0.1:35244] PHP Stack trace:, referer: http://dealtrak/logs/proposal
[Tue Jul 28 13:53:45.658667 2015] [:error] [pid 6662] [client 172.17.0.1:35244] PHP   1. {main}() /app/index.php:0, referer: http://dealtrak/logs/proposal
[Tue Jul 28 13:53:45.658669 2015] [:error] [pid 6662] [client 172.17.0.1:35244] PHP   2. include() /app/index.php:363, referer: http://dealtrak/logs/proposal
[Tue Jul 28 13:53:45.658671 2015] [:error] [pid 6662] [client 172.17.0.1:35244] PHP   3. include() /app/layouts/site.php:130, referer: http://dealtrak/logs/proposal
[Tue Jul 28 13:53:45.658675 2015] [:error] [pid 6662] [client 172.17.0.1:35244] PHP Notice:  Undefined index: destination_id in /app/site/logs/transaction.phtml on line 32, referer: http://dealtrak/logs/proposal
[Tue Jul 28 13:53:45.658677 2015] [:error] [pid 6662] [client 172.17.0.1:35244] PHP Stack trace:, referer: http://dealtrak/logs/proposal
[Tue Jul 28 13:53:45.658679 2015] [:error] [pid 6662] [client 172.17.0.1:35244] PHP   1. {main}() /app/index.php:0, referer: http://dealtrak/logs/proposal
[Tue Jul 28 13:53:45.658681 2015] [:error] [pid 6662] [client 172.17.0.1:35244] PHP   2. include() /app/index.php:363, referer: http://dealtrak/logs/proposal
[Tue Jul 28 13:53:45.658683 2015] [:error] [pid 6662] [client 172.17.0.1:35244] PHP   3. include() /app/layouts/site.php:130, referer: http://dealtrak/logs/proposal
[Tue Jul 28 13:53:45.658687 2015] [:error] [pid 6662] [client 172.17.0.1:35244] PHP Notice:  Undefined index: destination_id in /app/site/logs/transaction.phtml on line 32, referer: http://dealtrak/logs/proposal
[Tue Jul 28 13:53:45.658689 2015] [:error] [pid 6662] [client 172.17.0.1:35244] PHP Stack trace:, referer: http://dealtrak/logs/proposal
[Tue Jul 28 13:53:45.658691 2015] [:error] [pid 6662] [client 172.17.0.1:35244] PHP   1. {main}() /app/index.php:0, referer: http://dealtrak/logs/proposal
[Tue Jul 28 13:53:45.658693 2015] [:error] [pid 6662] [client 172.17.0.1:35244] PHP   2. include() /app/index.php:363, referer: http://dealtrak/logs/proposal
[Tue Jul 28 13:53:45.658695 2015] [:error] [pid 6662] [client 172.17.0.1:35244] PHP   3. include() /app/layouts/site.php:130, referer: http://dealtrak/logs/proposal
[Tue Jul 28 13:53:45.658699 2015] [:error] [pid 6662] [client 172.17.0.1:35244] PHP Notice:  Undefined index: destination_id in /app/site/logs/transaction.phtml on line 32, referer: http://dealtrak/logs/proposal
[Tue Jul 28 13:53:45.658701 2015] [:error] [pid 6662] [client 172.17.0.1:35244] PHP Stack trace:, referer: http://dealtrak/logs/proposal
[Tue Jul 28 13:53:45.658703 2015] [:error] [pid 6662] [client 172.17.0.1:35244] PHP   1. {main}() /app/index.php:0, referer: http://dealtrak/logs/proposal
[Tue Jul 28 13:53:45.658705 2015] [:error] [pid 6662] [client 172.17.0.1:35244] PHP   2. include() /app/index.php:363, referer: http://dealtrak/logs/proposal
[Tue Jul 28 13:53:45.658707 2015] [:error] [pid 6662] [client 172.17.0.1:35244] PHP   3. include() /app/layouts/site.php:130, referer: http://dealtrak/logs/proposal
[Tue Jul 28 13:53:45.658714 2015] [:error] [pid 6662] [client 172.17.0.1:35244] PHP Notice:  Undefined index: destination_id in /app/site/logs/transaction.phtml on line 32, referer: http://dealtrak/logs/proposal
[Tue Jul 28 13:53:45.658715 2015] [:error] [pid 6662] [client 172.17.0.1:35244] PHP Stack trace:, referer: http://dealtrak/logs/proposal
[Tue Jul 28 13:53:45.658717 2015] [:error] [pid 6662] [client 172.17.0.1:35244] PHP   1. {main}() /app/index.php:0, referer: http://dealtrak/logs/proposal
[Tue Jul 28 13:53:45.658719 2015] [:error] [pid 6662] [client 172.17.0.1:35244] PHP   2. include() /app/index.php:363, referer: http://dealtrak/logs/proposal
[Tue Jul 28 13:53:45.658722 2015] [:error] [pid 6662] [client 172.17.0.1:35244] PHP   3. include() /app/layouts/site.php:130, referer: http://dealtrak/logs/proposal
[Tue Jul 28 13:53:45.658726 2015] [:error] [pid 6662] [client 172.17.0.1:35244] PHP Notice:  Undefined index: destination_id in /app/site/logs/transaction.phtml on line 32, referer: http://dealtrak/logs/proposal
[Tue Jul 28 13:53:45.658727 2015] [:error] [pid 6662] [client 172.17.0.1:35244] PHP Stack trace:, referer: http://dealtrak/logs/proposal
[Tue Jul 28 13:53:45.658729 2015] [:error] [pid 6662] [client 172.17.0.1:35244] PHP   1. {main}() /app/index.php:0, referer: http://dealtrak/logs/proposal
[Tue Jul 28 13:53:45.658731 2015] [:error] [pid 6662] [client 172.17.0.1:35244] PHP   2. include() /app/index.php:363, referer: http://dealtrak/logs/proposal
[Tue Jul 28 13:53:45.658733 2015] [:error] [pid 6662] [client 172.17.0.1:35244] PHP   3. include() /app/layouts/site.php:130, referer: http://dealtrak/logs/proposal
[Tue Jul 28 13:53:45.658738 2015] [:error] [pid 6662] [client 172.17.0.1:35244] PHP Notice:  Undefined index: destination_id in /app/site/logs/transaction.phtml on line 32, referer: http://dealtrak/logs/proposal
[Tue Jul 28 13:53:45.658739 2015] [:error] [pid 6662] [client 172.17.0.1:35244] PHP Stack trace:, referer: http://dealtrak/logs/proposal
[Tue Jul 28 13:53:45.658741 2015] [:error] [pid 6662] [client 172.17.0.1:35244] PHP   1. {main}() /app/index.php:0, referer: http://dealtrak/logs/proposal
[Tue Jul 28 13:53:45.658743 2015] [:error] [pid 6662] [client 172.17.0.1:35244] PHP   2. include() /app/index.php:363, referer: http://dealtrak/logs/proposal
[Tue Jul 28 13:53:45.658745 2015] [:error] [pid 6662] [client 172.17.0.1:35244] PHP   3. include() /app/layouts/site.php:130, referer: http://dealtrak/logs/proposal
[Tue Jul 28 13:53:45.658750 2015] [:error] [pid 6662] [client 172.17.0.1:35244] PHP Notice:  Undefined index: destination_id in /app/site/logs/transaction.phtml on line 32, referer: http://dealtrak/logs/proposal
[Tue Jul 28 13:53:45.658751 2015] [:error] [pid 6662] [client 172.17.0.1:35244] PHP Stack trace:, referer: http://dealtrak/logs/proposal
[Tue Jul 28 13:53:45.658753 2015] [:error] [pid 6662] [client 172.17.0.1:35244] PHP   1. {main}() /app/index.php:0, referer: http://dealtrak/logs/proposal
[Tue Jul 28 13:53:45.658755 2015] [:error] [pid 6662] [client 172.17.0.1:35244] PHP   2. include() /app/index.php:363, referer: http://dealtrak/logs/proposal
[Tue Jul 28 13:53:45.658757 2015] [:error] [pid 6662] [client 172.17.0.1:35244] PHP   3. include() /app/layouts/site.php:130, referer: http://dealtrak/logs/proposal
[Tue Jul 28 13:53:45.658762 2015] [:error] [pid 6662] [client 172.17.0.1:35244] PHP Notice:  Undefined index: destination_id in /app/site/logs/transaction.phtml on line 32, referer: http://dealtrak/logs/proposal
[Tue Jul 28 13:53:45.658763 2015] [:error] [pid 6662] [client 172.17.0.1:35244] PHP Stack trace:, referer: http://dealtrak/logs/proposal
[Tue Jul 28 13:53:45.658767 2015] [:error] [pid 6662] [client 172.17.0.1:35244] PHP   1. {main}() /app/index.php:0, referer: http://dealtrak/logs/proposal
[Tue Jul 28 13:53:45.658769 2015] [:error] [pid 6662] [client 172.17.0.1:35244] PHP   2. include() /app/index.php:363, referer: http://dealtrak/logs/proposal
[Tue Jul 28 13:53:45.658771 2015] [:error] [pid 6662] [client 172.17.0.1:35244] PHP   3. include() /app/layouts/site.php:130, referer: http://dealtrak/logs/proposal
[Tue Jul 28 13:53:45.658775 2015] [:error] [pid 6662] [client 172.17.0.1:35244] PHP Notice:  Undefined index: destination_id in /app/site/logs/transaction.phtml on line 32, referer: http://dealtrak/logs/proposal
[Tue Jul 28 13:53:45.658777 2015] [:error] [pid 6662] [client 172.17.0.1:35244] PHP Stack trace:, referer: http://dealtrak/logs/proposal
[Tue Jul 28 13:53:45.658779 2015] [:error] [pid 6662] [client 172.17.0.1:35244] PHP   1. {main}() /app/index.php:0, referer: http://dealtrak/logs/proposal
[Tue Jul 28 13:53:45.658781 2015] [:error] [pid 6662] [client 172.17.0.1:35244] PHP   2. include() /app/index.php:363, referer: http://dealtrak/logs/proposal
[Tue Jul 28 13:53:45.658783 2015] [:error] [pid 6662] [client 172.17.0.1:35244] PHP   3. include() /app/layouts/site.php:130, referer: http://dealtrak/logs/proposal
[Tue Jul 28 13:53:45.658787 2015] [:error] [pid 6662] [client 172.17.0.1:35244] PHP Notice:  Undefined index: destination_id in /app/site/logs/transaction.phtml on line 32, referer: http://dealtrak/logs/proposal
[Tue Jul 28 13:53:45.658789 2015] [:error] [pid 6662] [client 172.17.0.1:35244] PHP Stack trace:, referer: http://dealtrak/logs/proposal
[Tue Jul 28 13:53:45.658791 2015] [:error] [pid 6662] [client 172.17.0.1:35244] PHP   1. {main}() /app/index.php:0, referer: http://dealtrak/logs/proposal
[Tue Jul 28 13:53:45.658793 2015] [:error] [pid 6662] [client 172.17.0.1:35244] PHP   2. include() /app/index.php:363, referer: http://dealtrak/logs/proposal
[Tue Jul 28 13:53:45.658795 2015] [:error] [pid 6662] [client 172.17.0.1:35244] PHP   3. include() /app/layouts/site.php:130, referer: http://dealtrak/logs/proposal
[Tue Jul 28 13:53:45.658799 2015] [:error] [pid 6662] [client 172.17.0.1:35244] PHP Notice:  Undefined index: destination_id in /app/site/logs/transaction.phtml on line 32, referer: http://dealtrak/logs/proposal
[Tue Jul 28 13:53:45.658801 2015] [:error] [pid 6662] [client 172.17.0.1:35244] PHP Stack trace:, referer: http://dealtrak/logs/proposal
[Tue Jul 28 13:53:45.658803 2015] [:error] [pid 6662] [client 172.17.0.1:35244] PHP   1. {main}() /app/index.php:0, referer: http://dealtrak/logs/proposal
[Tue Jul 28 13:53:45.658805 2015] [:error] [pid 6662] [client 172.17.0.1:35244] PHP   2. include() /app/index.php:363, referer: http://dealtrak/logs/proposal
[Tue Jul 28 13:53:45.658807 2015] [:error] [pid 6662] [client 172.17.0.1:35244] PHP   3. include() /app/layouts/site.php:130, referer: http://dealtrak/logs/proposal
[Tue Jul 28 13:53:45.658811 2015] [:error] [pid 6662] [client 172.17.0.1:35244] PHP Notice:  Undefined index: destination_id in /app/site/logs/transaction.phtml on line 32, referer: http://dealtrak/logs/proposal
[Tue Jul 28 13:53:45.658813 2015] [:error] [pid 6662] [client 172.17.0.1:35244] PHP Stack trace:, referer: http://dealtrak/logs/proposal
[Tue Jul 28 13:53:45.658815 2015] [:error] [pid 6662] [client 172.17.0.1:35244] PHP   1. {main}() /app/index.php:0, referer: http://dealtrak/logs/proposal
[Tue Jul 28 13:53:45.658817 2015] [:error] [pid 6662] [client 172.17.0.1:35244] PHP   2. include() /app/index.php:363, referer: http://dealtrak/logs/proposal
[Tue Jul 28 13:53:45.658821 2015] [:error] [pid 6662] [client 172.17.0.1:35244] PHP   3. include() /app/layouts/site.php:130, referer: http://dealtrak/logs/proposal
[Tue Jul 28 13:53:45.658825 2015] [:error] [pid 6662] [client 172.17.0.1:35244] PHP Notice:  Undefined index: destination_id in /app/site/logs/transaction.phtml on line 32, referer: http://dealtrak/logs/proposal
[Tue Jul 28 13:53:45.658827 2015] [:error] [pid 6662] [client 172.17.0.1:35244] PHP Stack trace:, referer: http://dealtrak/logs/proposal
[Tue Jul 28 13:53:45.658829 2015] [:error] [pid 6662] [client 172.17.0.1:35244] PHP   1. {main}() /app/index.php:0, referer: http://dealtrak/logs/proposal
[Tue Jul 28 13:53:45.658831 2015] [:error] [pid 6662] [client 172.17.0.1:35244] PHP   2. include() /app/index.php:363, referer: http://dealtrak/logs/proposal
[Tue Jul 28 13:53:45.658833 2015] [:error] [pid 6662] [client 172.17.0.1:35244] PHP   3. include() /app/layouts/site.php:130, referer: http://dealtrak/logs/proposal
[Tue Jul 28 13:53:45.658838 2015] [:error] [pid 6662] [client 172.17.0.1:35244] PHP Notice:  Undefined index: destination_id in /app/site/logs/transaction.phtml on line 32, referer: http://dealtrak/logs/proposal
[Tue Jul 28 13:53:45.658839 2015] [:error] [pid 6662] [client 172.17.0.1:35244] PHP Stack trace:, referer: http://dealtrak/logs/proposal
[Tue Jul 28 13:53:45.658842 2015] [:error] [pid 6662] [client 172.17.0.1:35244] PHP   1. {main}() /app/index.php:0, referer: http://dealtrak/logs/proposal
[Tue Jul 28 13:53:45.658844 2015] [:error] [pid 6662] [client 172.17.0.1:35244] PHP   2. include() /app/index.php:363, referer: http://dealtrak/logs/proposal
[Tue Jul 28 13:53:45.658846 2015] [:error] [pid 6662] [client 172.17.0.1:35244] PHP   3. include() /app/layouts/site.php:130, referer: http://dealtrak/logs/proposal
[Tue Jul 28 13:53:45.658850 2015] [:error] [pid 6662] [client 172.17.0.1:35244] PHP Notice:  Undefined index: destination_id in /app/site/logs/transaction.phtml on line 32, referer: http://dealtrak/logs/proposal
[Tue Jul 28 13:53:45.658852 2015] [:error] [pid 6662] [client 172.17.0.1:35244] PHP Stack trace:, referer: http://dealtrak/logs/proposal
[Tue Jul 28 13:53:45.658854 2015] [:error] [pid 6662] [client 172.17.0.1:35244] PHP   1. {main}() /app/index.php:0, referer: http://dealtrak/logs/proposal
[Tue Jul 28 13:53:45.658856 2015] [:error] [pid 6662] [client 172.17.0.1:35244] PHP   2. include() /app/index.php:363, referer: http://dealtrak/logs/proposal
[Tue Jul 28 13:53:45.658858 2015] [:error] [pid 6662] [client 172.17.0.1:35244] PHP   3. include() /app/layouts/site.php:130, referer: http://dealtrak/logs/proposal
[Tue Jul 28 13:53:45.658862 2015] [:error] [pid 6662] [client 172.17.0.1:35244] PHP Notice:  Undefined index: destination_id in /app/site/logs/transaction.phtml on line 32, referer: http://dealtrak/logs/proposal
[Tue Jul 28 13:53:45.658863 2015] [:error] [pid 6662] [client 172.17.0.1:35244] PHP Stack trace:, referer: http://dealtrak/logs/proposal
[Tue Jul 28 13:53:45.658866 2015] [:error] [pid 6662] [client 172.17.0.1:35244] PHP   1. {main}() /app/index.php:0, referer: http://dealtrak/logs/proposal
[Tue Jul 28 13:53:45.658868 2015] [:error] [pid 6662] [client 172.17.0.1:35244] PHP   2. include() /app/index.php:363, referer: http://dealtrak/logs/proposal
[Tue Jul 28 13:53:45.658870 2015] [:error] [pid 6662] [client 172.17.0.1:35244] PHP   3. include() /app/layouts/site.php:130, referer: http://dealtrak/logs/proposal
[Tue Jul 28 13:53:45.658874 2015] [:error] [pid 6662] [client 172.17.0.1:35244] PHP Notice:  Undefined index: destination_id in /app/site/logs/transaction.phtml on line 32, referer: http://dealtrak/logs/proposal
[Tue Jul 28 13:53:45.658877 2015] [:error] [pid 6662] [client 172.17.0.1:35244] PHP Stack trace:, referer: http://dealtrak/logs/proposal
[Tue Jul 28 13:53:45.658879 2015] [:error] [pid 6662] [client 172.17.0.1:35244] PHP   1. {main}() /app/index.php:0, referer: http://dealtrak/logs/proposal
[Tue Jul 28 13:53:45.658881 2015] [:error] [pid 6662] [client 172.17.0.1:35244] PHP   2. include() /app/index.php:363, referer: http://dealtrak/logs/proposal
[Tue Jul 28 13:53:45.658883 2015] [:error] [pid 6662] [client 172.17.0.1:35244] PHP   3. include() /app/layouts/site.php:130, referer: http://dealtrak/logs/proposal
[Tue Jul 28 13:53:45.658888 2015] [:error] [pid 6662] [client 172.17.0.1:35244] PHP Notice:  Undefined index: destination_id in /app/site/logs/transaction.phtml on line 32, referer: http://dealtrak/logs/proposal
[Tue Jul 28 13:53:45.658889 2015] [:error] [pid 6662] [client 172.17.0.1:35244] PHP Stack trace:, referer: http://dealtrak/logs/proposal
[Tue Jul 28 13:53:45.658891 2015] [:error] [pid 6662] [client 172.17.0.1:35244] PHP   1. {main}() /app/index.php:0, referer: http://dealtrak/logs/proposal
[Tue Jul 28 13:53:45.658893 2015] [:error] [pid 6662] [client 172.17.0.1:35244] PHP   2. include() /app/index.php:363, referer: http://dealtrak/logs/proposal
[Tue Jul 28 13:53:45.658895 2015] [:error] [pid 6662] [client 172.17.0.1:35244] PHP   3. include() /app/layouts/site.php:130, referer: http://dealtrak/logs/proposal
[Tue Jul 28 13:53:45.658900 2015] [:error] [pid 6662] [client 172.17.0.1:35244] PHP Notice:  Undefined index: destination_id in /app/site/logs/transaction.phtml on line 32, referer: http://dealtrak/logs/proposal
[Tue Jul 28 13:53:45.658901 2015] [:error] [pid 6662] [client 172.17.0.1:35244] PHP Stack trace:, referer: http://dealtrak/logs/proposal
[Tue Jul 28 13:53:45.658903 2015] [:error] [pid 6662] [client 172.17.0.1:35244] PHP   1. {main}() /app/index.php:0, referer: http://dealtrak/logs/proposal
[Tue Jul 28 13:53:45.658905 2015] [:error] [pid 6662] [client 172.17.0.1:35244] PHP   2. include() /app/index.php:363, referer: http://dealtrak/logs/proposal
[Tue Jul 28 13:53:45.658907 2015] [:error] [pid 6662] [client 172.17.0.1:35244] PHP   3. include() /app/layouts/site.php:130, referer: http://dealtrak/logs/proposal
[Tue Jul 28 13:53:45.658912 2015] [:error] [pid 6662] [client 172.17.0.1:35244] PHP Notice:  Undefined index: destination_id in /app/site/logs/transaction.phtml on line 32, referer: http://dealtrak/logs/proposal
[Tue Jul 28 13:53:45.658913 2015] [:error] [pid 6662] [client 172.17.0.1:35244] PHP Stack trace:, referer: http://dealtrak/logs/proposal
[Tue Jul 28 13:53:45.658915 2015] [:error] [pid 6662] [client 172.17.0.1:35244] PHP   1. {main}() /app/index.php:0, referer: http://dealtrak/logs/proposal
[Tue Jul 28 13:53:45.658917 2015] [:error] [pid 6662] [client 172.17.0.1:35244] PHP   2. include() /app/index.php:363, referer: http://dealtrak/logs/proposal
[Tue Jul 28 13:53:45.658919 2015] [:error] [pid 6662] [client 172.17.0.1:35244] PHP   3. include() /app/layouts/site.php:130, referer: http://dealtrak/logs/proposal
[Tue Jul 28 13:53:45.658924 2015] [:error] [pid 6662] [client 172.17.0.1:35244] PHP Notice:  Undefined index: destination_id in /app/site/logs/transaction.phtml on line 32, referer: http://dealtrak/logs/proposal
[Tue Jul 28 13:53:45.658925 2015] [:error] [pid 6662] [client 172.17.0.1:35244] PHP Stack trace:, referer: http://dealtrak/logs/proposal
[Tue Jul 28 13:53:45.658927 2015] [:error] [pid 6662] [client 172.17.0.1:35244] PHP   1. {main}() /app/index.php:0, referer: http://dealtrak/logs/proposal
[Tue Jul 28 13:53:45.658929 2015] [:error] [pid 6662] [client 172.17.0.1:35244] PHP   2. include() /app/index.php:363, referer: http://dealtrak/logs/proposal
[Tue Jul 28 13:53:45.658933 2015] [:error] [pid 6662] [client 172.17.0.1:35244] PHP   3. include() /app/layouts/site.php:130, referer: http://dealtrak/logs/proposal
[Tue Jul 28 13:53:45.658937 2015] [:error] [pid 6662] [client 172.17.0.1:35244] PHP Notice:  Undefined index: destination_id in /app/site/logs/transaction.phtml on line 32, referer: http://dealtrak/logs/proposal
[Tue Jul 28 13:53:45.658939 2015] [:error] [pid 6662] [client 172.17.0.1:35244] PHP Stack trace:, referer: http://dealtrak/logs/proposal
[Tue Jul 28 13:53:45.658941 2015] [:error] [pid 6662] [client 172.17.0.1:35244] PHP   1. {main}() /app/index.php:0, referer: http://dealtrak/logs/proposal
[Tue Jul 28 13:53:45.658943 2015] [:error] [pid 6662] [client 172.17.0.1:35244] PHP   2. include() /app/index.php:363, referer: http://dealtrak/logs/proposal
[Tue Jul 28 13:53:45.658945 2015] [:error] [pid 6662] [client 172.17.0.1:35244] PHP   3. include() /app/layouts/site.php:130, referer: http://dealtrak/logs/proposal
[Tue Jul 28 13:53:45.658949 2015] [:error] [pid 6662] [client 172.17.0.1:35244] PHP Notice:  Undefined index: destination_id in /app/site/logs/transaction.phtml on line 32, referer: http://dealtrak/logs/proposal
[Tue Jul 28 13:53:45.658951 2015] [:error] [pid 6662] [client 172.17.0.1:35244] PHP Stack trace:, referer: http://dealtrak/logs/proposal
[Tue Jul 28 13:53:45.658953 2015] [:error] [pid 6662] [client 172.17.0.1:35244] PHP   1. {main}() /app/index.php:0, referer: http://dealtrak/logs/proposal
[Tue Jul 28 13:53:45.658955 2015] [:error] [pid 6662] [client 172.17.0.1:35244] PHP   2. include() /app/index.php:363, referer: http://dealtrak/logs/proposal
[Tue Jul 28 13:53:45.658957 2015] [:error] [pid 6662] [client 172.17.0.1:35244] PHP   3. include() /app/layouts/site.php:130, referer: http://dealtrak/logs/proposal
[Tue Jul 28 13:53:45.658961 2015] [:error] [pid 6662] [client 172.17.0.1:35244] PHP Notice:  Undefined index: destination_id in /app/site/logs/transaction.phtml on line 32, referer: http://dealtrak/logs/proposal
[Tue Jul 28 13:53:45.658963 2015] [:error] [pid 6662] [client 172.17.0.1:35244] PHP Stack trace:, referer: http://dealtrak/logs/proposal
[Tue Jul 28 13:53:45.658965 2015] [:error] [pid 6662] [client 172.17.0.1:35244] PHP   1. {main}() /app/index.php:0, referer: http://dealtrak/logs/proposal
[Tue Jul 28 13:53:45.658967 2015] [:error] [pid 6662] [client 172.17.0.1:35244] PHP   2. include() /app/index.php:363, referer: http://dealtrak/logs/proposal
[Tue Jul 28 13:53:45.658969 2015] [:error] [pid 6662] [client 172.17.0.1:35244] PHP   3. include() /app/layouts/site.php:130, referer: http://dealtrak/logs/proposal
[Tue Jul 28 13:53:45.658973 2015] [:error] [pid 6662] [client 172.17.0.1:35244] PHP Notice:  Undefined index: destination_id in /app/site/logs/transaction.phtml on line 32, referer: http://dealtrak/logs/proposal
[Tue Jul 28 13:53:45.658975 2015] [:error] [pid 6662] [client 172.17.0.1:35244] PHP Stack trace:, referer: http://dealtrak/logs/proposal
[Tue Jul 28 13:53:45.658977 2015] [:error] [pid 6662] [client 172.17.0.1:35244] PHP   1. {main}() /app/index.php:0, referer: http://dealtrak/logs/proposal
[Tue Jul 28 13:53:45.658979 2015] [:error] [pid 6662] [client 172.17.0.1:35244] PHP   2. include() /app/index.php:363, referer: http://dealtrak/logs/proposal
[Tue Jul 28 13:53:45.658981 2015] [:error] [pid 6662] [client 172.17.0.1:35244] PHP   3. include() /app/layouts/site.php:130, referer: http://dealtrak/logs/proposal
[Tue Jul 28 13:53:45.658985 2015] [:error] [pid 6662] [client 172.17.0.1:35244] PHP Notice:  Undefined index: destination_id in /app/site/logs/transaction.phtml on line 32, referer: http://dealtrak/logs/proposal
[Tue Jul 28 13:53:45.658988 2015] [:error] [pid 6662] [client 172.17.0.1:35244] PHP Stack trace:, referer: http://dealtrak/logs/proposal
[Tue Jul 28 13:53:45.658991 2015] [:error] [pid 6662] [client 172.17.0.1:35244] PHP   1. {main}() /app/index.php:0, referer: http://dealtrak/logs/proposal
[Tue Jul 28 13:53:45.658993 2015] [:error] [pid 6662] [client 172.17.0.1:35244] PHP   2. include() /app/index.php:363, referer: http://dealtrak/logs/proposal
[Tue Jul 28 13:53:45.658995 2015] [:error] [pid 6662] [client 172.17.0.1:35244] PHP   3. include() /app/layouts/site.php:130, referer: http://dealtrak/logs/proposal
[Tue Jul 28 13:53:45.658999 2015] [:error] [pid 6662] [client 172.17.0.1:35244] PHP Notice:  Undefined index: destination_id in /app/site/logs/transaction.phtml on line 32, referer: http://dealtrak/logs/proposal
[Tue Jul 28 13:53:45.659001 2015] [:error] [pid 6662] [client 172.17.0.1:35244] PHP Stack trace:, referer: http://dealtrak/logs/proposal
[Tue Jul 28 13:53:45.659003 2015] [:error] [pid 6662] [client 172.17.0.1:35244] PHP   1. {main}() /app/index.php:0, referer: http://dealtrak/logs/proposal
[Tue Jul 28 13:53:45.659005 2015] [:error] [pid 6662] [client 172.17.0.1:35244] PHP   2. include() /app/index.php:363, referer: http://dealtrak/logs/proposal
[Tue Jul 28 13:53:45.659007 2015] [:error] [pid 6662] [client 172.17.0.1:35244] PHP   3. include() /app/layouts/site.php:130, referer: http://dealtrak/logs/proposal
[Tue Jul 28 13:53:45.659011 2015] [:error] [pid 6662] [client 172.17.0.1:35244] PHP Notice:  Undefined index: destination_id in /app/site/logs/transaction.phtml on line 32, referer: http://dealtrak/logs/proposal
[Tue Jul 28 13:53:45.659013 2015] [:error] [pid 6662] [client 172.17.0.1:35244] PHP Stack trace:, referer: http://dealtrak/logs/proposal
[Tue Jul 28 13:53:45.659015 2015] [:error] [pid 6662] [client 172.17.0.1:35244] PHP   1. {main}() /app/index.php:0, referer: http://dealtrak/logs/proposal
[Tue Jul 28 13:53:45.659017 2015] [:error] [pid 6662] [client 172.17.0.1:35244] PHP   2. include() /app/index.php:363, referer: http://dealtrak/logs/proposal
[Tue Jul 28 13:53:45.659019 2015] [:error] [pid 6662] [client 172.17.0.1:35244] PHP   3. include() /app/layouts/site.php:130, referer: http://dealtrak/logs/proposal
[Tue Jul 28 13:53:45.659023 2015] [:error] [pid 6662] [client 172.17.0.1:35244] PHP Notice:  Undefined index: destination_id in /app/site/logs/transaction.phtml on line 32, referer: http://dealtrak/logs/proposal
[Tue Jul 28 13:53:45.659025 2015] [:error] [pid 6662] [client 172.17.0.1:35244] PHP Stack trace:, referer: http://dealtrak/logs/proposal
[Tue Jul 28 13:53:45.659027 2015] [:error] [pid 6662] [client 172.17.0.1:35244] PHP   1. {main}() /app/index.php:0, referer: http://dealtrak/logs/proposal
[Tue Jul 28 13:53:45.659029 2015] [:error] [pid 6662] [client 172.17.0.1:35244] PHP   2. include() /app/index.php:363, referer: http://dealtrak/logs/proposal
[Tue Jul 28 13:53:45.659031 2015] [:error] [pid 6662] [client 172.17.0.1:35244] PHP   3. include() /app/layouts/site.php:130, referer: http://dealtrak/logs/proposal
[Tue Jul 28 13:53:45.659035 2015] [:error] [pid 6662] [client 172.17.0.1:35244] PHP Notice:  Undefined index: destination_id in /app/site/logs/transaction.phtml on line 32, referer: http://dealtrak/logs/proposal
[Tue Jul 28 13:53:45.659036 2015] [:error] [pid 6662] [client 172.17.0.1:35244] PHP Stack trace:, referer: http://dealtrak/logs/proposal
[Tue Jul 28 13:53:45.659039 2015] [:error] [pid 6662] [client 172.17.0.1:35244] PHP   1. {main}() /app/index.php:0, referer: http://dealtrak/logs/proposal
[Tue Jul 28 13:53:45.659042 2015] [:error] [pid 6662] [client 172.17.0.1:35244] PHP   2. include() /app/index.php:363, referer: http://dealtrak/logs/proposal
[Tue Jul 28 13:53:45.659044 2015] [:error] [pid 6662] [client 172.17.0.1:35244] PHP   3. include() /app/layouts/site.php:130, referer: http://dealtrak/logs/proposal
[Tue Jul 28 13:53:45.659049 2015] [:error] [pid 6662] [client 172.17.0.1:35244] PHP Notice:  Undefined index: destination_id in /app/site/logs/transaction.phtml on line 32, referer: http://dealtrak/logs/proposal
[Tue Jul 28 13:53:45.659050 2015] [:error] [pid 6662] [client 172.17.0.1:35244] PHP Stack trace:, referer: http://dealtrak/logs/proposal
[Tue Jul 28 13:53:45.659052 2015] [:error] [pid 6662] [client 172.17.0.1:35244] PHP   1. {main}() /app/index.php:0, referer: http://dealtrak/logs/proposal
[Tue Jul 28 13:53:45.659055 2015] [:error] [pid 6662] [client 172.17.0.1:35244] PHP   2. include() /app/index.php:363, referer: http://dealtrak/logs/proposal
[Tue Jul 28 13:53:45.659057 2015] [:error] [pid 6662] [client 172.17.0.1:35244] PHP   3. include() /app/layouts/site.php:130, referer: http://dealtrak/logs/proposal
[Tue Jul 28 13:53:45.659061 2015] [:error] [pid 6662] [client 172.17.0.1:35244] PHP Notice:  Undefined index: destination_id in /app/site/logs/transaction.phtml on line 32, referer: http://dealtrak/logs/proposal
[Tue Jul 28 13:53:45.659062 2015] [:error] [pid 6662] [client 172.17.0.1:35244] PHP Stack trace:, referer: http://dealtrak/logs/proposal
[Tue Jul 28 13:53:45.659064 2015] [:error] [pid 6662] [client 172.17.0.1:35244] PHP   1. {main}() /app/index.php:0, referer: http://dealtrak/logs/proposal
[Tue Jul 28 13:53:45.659066 2015] [:error] [pid 6662] [client 172.17.0.1:35244] PHP   2. include() /app/index.php:363, referer: http://dealtrak/logs/proposal
[Tue Jul 28 13:53:45.659069 2015] [:error] [pid 6662] [client 172.17.0.1:35244] PHP   3. include() /app/layouts/site.php:130, referer: http://dealtrak/logs/proposal
[Tue Jul 28 13:53:45.659073 2015] [:error] [pid 6662] [client 172.17.0.1:35244] PHP Notice:  Undefined index: destination_id in /app/site/logs/transaction.phtml on line 32, referer: http://dealtrak/logs/proposal
[Tue Jul 28 13:53:45.659074 2015] [:error] [pid 6662] [client 172.17.0.1:35244] PHP Stack trace:, referer: http://dealtrak/logs/proposal
[Tue Jul 28 13:53:45.659076 2015] [:error] [pid 6662] [client 172.17.0.1:35244] PHP   1. {main}() /app/index.php:0, referer: http://dealtrak/logs/proposal
[Tue Jul 28 13:53:45.659078 2015] [:error] [pid 6662] [client 172.17.0.1:35244] PHP   2. include() /app/index.php:363, referer: http://dealtrak/logs/proposal
[Tue Jul 28 13:53:45.659081 2015] [:error] [pid 6662] [client 172.17.0.1:35244] PHP   3. include() /app/layouts/site.php:130, referer: http://dealtrak/logs/proposal
[Tue Jul 28 13:53:45.659085 2015] [:error] [pid 6662] [client 172.17.0.1:35244] PHP Notice:  Undefined index: destination_id in /app/site/logs/transaction.phtml on line 32, referer: http://dealtrak/logs/proposal
[Tue Jul 28 13:53:45.659086 2015] [:error] [pid 6662] [client 172.17.0.1:35244] PHP Stack trace:, referer: http://dealtrak/logs/proposal
[Tue Jul 28 13:53:45.659088 2015] [:error] [pid 6662] [client 172.17.0.1:35244] PHP   1. {main}() /app/index.php:0, referer: http://dealtrak/logs/proposal
[Tue Jul 28 13:53:45.659090 2015] [:error] [pid 6662] [client 172.17.0.1:35244] PHP   2. include() /app/index.php:363, referer: http://dealtrak/logs/proposal
[Tue Jul 28 13:53:45.659092 2015] [:error] [pid 6662] [client 172.17.0.1:35244] PHP   3. include() /app/layouts/site.php:130, referer: http://dealtrak/logs/proposal
[Tue Jul 28 13:53:45.659098 2015] [:error] [pid 6662] [client 172.17.0.1:35244] PHP Notice:  Undefined index: destination_id in /app/site/logs/transaction.phtml on line 32, referer: http://dealtrak/logs/proposal
[Tue Jul 28 13:53:45.659100 2015] [:error] [pid 6662] [client 172.17.0.1:35244] PHP Stack trace:, referer: http://dealtrak/logs/proposal
[Tue Jul 28 13:53:45.659102 2015] [:error] [pid 6662] [client 172.17.0.1:35244] PHP   1. {main}() /app/index.php:0, referer: http://dealtrak/logs/proposal
[Tue Jul 28 13:53:45.659104 2015] [:error] [pid 6662] [client 172.17.0.1:35244] PHP   2. include() /app/index.php:363, referer: http://dealtrak/logs/proposal
[Tue Jul 28 13:53:45.659106 2015] [:error] [pid 6662] [client 172.17.0.1:35244] PHP   3. include() /app/layouts/site.php:130, referer: http://dealtrak/logs/proposal
[Tue Jul 28 13:53:45.659110 2015] [:error] [pid 6662] [client 172.17.0.1:35244] PHP Notice:  Undefined index: destination_id in /app/site/logs/transaction.phtml on line 32, referer: http://dealtrak/logs/proposal
[Tue Jul 28 13:53:45.659112 2015] [:error] [pid 6662] [client 172.17.0.1:35244] PHP Stack trace:, referer: http://dealtrak/logs/proposal
[Tue Jul 28 13:53:45.659114 2015] [:error] [pid 6662] [client 172.17.0.1:35244] PHP   1. {main}() /app/index.php:0, referer: http://dealtrak/logs/proposal
[Tue Jul 28 13:53:45.659116 2015] [:error] [pid 6662] [client 172.17.0.1:35244] PHP   2. include() /app/index.php:363, referer: http://dealtrak/logs/proposal
[Tue Jul 28 13:53:45.659118 2015] [:error] [pid 6662] [client 172.17.0.1:35244] PHP   3. include() /app/layouts/site.php:130, referer: http://dealtrak/logs/proposal
[Tue Jul 28 13:53:45.659122 2015] [:error] [pid 6662] [client 172.17.0.1:35244] PHP Notice:  Undefined index: destination_id in /app/site/logs/transaction.phtml on line 32, referer: http://dealtrak/logs/proposal
[Tue Jul 28 13:53:45.659124 2015] [:error] [pid 6662] [client 172.17.0.1:35244] PHP Stack trace:, referer: http://dealtrak/logs/proposal
[Tue Jul 28 13:53:45.659126 2015] [:error] [pid 6662] [client 172.17.0.1:35244] PHP   1. {main}() /app/index.php:0, referer: http://dealtrak/logs/proposal
[Tue Jul 28 13:53:45.659128 2015] [:error] [pid 6662] [client 172.17.0.1:35244] PHP   2. include() /app/index.php:363, referer: http://dealtrak/logs/proposal
[Tue Jul 28 13:53:45.659130 2015] [:error] [pid 6662] [client 172.17.0.1:35244] PHP   3. include() /app/layouts/site.php:130, referer: http://dealtrak/logs/proposal
[Tue Jul 28 13:53:45.659134 2015] [:error] [pid 6662] [client 172.17.0.1:35244] PHP Notice:  Undefined index: destination_id in /app/site/logs/transaction.phtml on line 32, referer: http://dealtrak/logs/proposal
[Tue Jul 28 13:53:45.659136 2015] [:error] [pid 6662] [client 172.17.0.1:35244] PHP Stack trace:, referer: http://dealtrak/logs/proposal
[Tue Jul 28 13:53:45.659138 2015] [:error] [pid 6662] [client 172.17.0.1:35244] PHP   1. {main}() /app/index.php:0, referer: http://dealtrak/logs/proposal
[Tue Jul 28 13:53:45.659140 2015] [:error] [pid 6662] [client 172.17.0.1:35244] PHP   2. include() /app/index.php:363, referer: http://dealtrak/logs/proposal
[Tue Jul 28 13:53:45.659142 2015] [:error] [pid 6662] [client 172.17.0.1:35244] PHP   3. include() /app/layouts/site.php:130, referer: http://dealtrak/logs/proposal
[Tue Jul 28 13:53:45.659146 2015] [:error] [pid 6662] [client 172.17.0.1:35244] PHP Notice:  Undefined index: destination_id in /app/site/logs/transaction.phtml on line 32, referer: http://dealtrak/logs/proposal
[Tue Jul 28 13:53:45.659148 2015] [:error] [pid 6662] [client 172.17.0.1:35244] PHP Stack trace:, referer: http://dealtrak/logs/proposal
[Tue Jul 28 13:53:45.659152 2015] [:error] [pid 6662] [client 172.17.0.1:35244] PHP   1. {main}() /app/index.php:0, referer: http://dealtrak/logs/proposal
[Tue Jul 28 13:53:45.659154 2015] [:error] [pid 6662] [client 172.17.0.1:35244] PHP   2. include() /app/index.php:363, referer: http://dealtrak/logs/proposal
[Tue Jul 28 13:53:45.659156 2015] [:error] [pid 6662] [client 172.17.0.1:35244] PHP   3. include() /app/layouts/site.php:130, referer: http://dealtrak/logs/proposal
[Tue Jul 28 13:53:45.659160 2015] [:error] [pid 6662] [client 172.17.0.1:35244] PHP Notice:  Undefined index: destination_id in /app/site/logs/transaction.phtml on line 32, referer: http://dealtrak/logs/proposal
[Tue Jul 28 13:53:45.659162 2015] [:error] [pid 6662] [client 172.17.0.1:35244] PHP Stack trace:, referer: http://dealtrak/logs/proposal
[Tue Jul 28 13:53:45.659164 2015] [:error] [pid 6662] [client 172.17.0.1:35244] PHP   1. {main}() /app/index.php:0, referer: http://dealtrak/logs/proposal
[Tue Jul 28 13:53:45.659166 2015] [:error] [pid 6662] [client 172.17.0.1:35244] PHP   2. include() /app/index.php:363, referer: http://dealtrak/logs/proposal
[Tue Jul 28 13:53:45.659168 2015] [:error] [pid 6662] [client 172.17.0.1:35244] PHP   3. include() /app/layouts/site.php:130, referer: http://dealtrak/logs/proposal
[Tue Jul 28 13:53:45.659172 2015] [:error] [pid 6662] [client 172.17.0.1:35244] PHP Notice:  Undefined index: destination_id in /app/site/logs/transaction.phtml on line 32, referer: http://dealtrak/logs/proposal
[Tue Jul 28 13:53:45.659174 2015] [:error] [pid 6662] [client 172.17.0.1:35244] PHP Stack trace:, referer: http://dealtrak/logs/proposal
[Tue Jul 28 13:53:45.659176 2015] [:error] [pid 6662] [client 172.17.0.1:35244] PHP   1. {main}() /app/index.php:0, referer: http://dealtrak/logs/proposal
[Tue Jul 28 13:53:45.659178 2015] [:error] [pid 6662] [client 172.17.0.1:35244] PHP   2. include() /app/index.php:363, referer: http://dealtrak/logs/proposal
[Tue Jul 28 13:53:45.659180 2015] [:error] [pid 6662] [client 172.17.0.1:35244] PHP   3. include() /app/layouts/site.php:130, referer: http://dealtrak/logs/proposal
[Tue Jul 28 13:53:45.659184 2015] [:error] [pid 6662] [client 172.17.0.1:35244] PHP Notice:  Undefined index: destination_id in /app/site/logs/transaction.phtml on line 32, referer: http://dealtrak/logs/proposal
[Tue Jul 28 13:53:45.659186 2015] [:error] [pid 6662] [client 172.17.0.1:35244] PHP Stack trace:, referer: http://dealtrak/logs/proposal
[Tue Jul 28 13:53:45.659188 2015] [:error] [pid 6662] [client 172.17.0.1:35244] PHP   1. {main}() /app/index.php:0, referer: http://dealtrak/logs/proposal
[Tue Jul 28 13:53:45.659190 2015] [:error] [pid 6662] [client 172.17.0.1:35244] PHP   2. include() /app/index.php:363, referer: http://dealtrak/logs/proposal
[Tue Jul 28 13:53:45.659192 2015] [:error] [pid 6662] [client 172.17.0.1:35244] PHP   3. include() /app/layouts/site.php:130, referer: http://dealtrak/logs/proposal
[Tue Jul 28 13:53:45.659196 2015] [:error] [pid 6662] [client 172.17.0.1:35244] PHP Notice:  Undefined index: destination_id in /app/site/logs/transaction.phtml on line 32, referer: http://dealtrak/logs/proposal
[Tue Jul 28 13:53:45.659198 2015] [:error] [pid 6662] [client 172.17.0.1:35244] PHP Stack trace:, referer: http://dealtrak/logs/proposal
[Tue Jul 28 13:53:45.659200 2015] [:error] [pid 6662] [client 172.17.0.1:35244] PHP   1. {main}() /app/index.php:0, referer: http://dealtrak/logs/proposal
[Tue Jul 28 13:53:45.659202 2015] [:error] [pid 6662] [client 172.17.0.1:35244] PHP   2. include() /app/index.php:363, referer: http://dealtrak/logs/proposal
[Tue Jul 28 13:53:45.659204 2015] [:error] [pid 6662] [client 172.17.0.1:35244] PHP   3. include() /app/layouts/site.php:130, referer: http://dealtrak/logs/proposal
[Tue Jul 28 13:53:45.659210 2015] [:error] [pid 6662] [client 172.17.0.1:35244] PHP Notice:  Undefined index: destination_id in /app/site/logs/transaction.phtml on line 32, referer: http://dealtrak/logs/proposal
[Tue Jul 28 13:53:45.659211 2015] [:error] [pid 6662] [client 172.17.0.1:35244] PHP Stack trace:, referer: http://dealtrak/logs/proposal
[Tue Jul 28 13:53:45.659213 2015] [:error] [pid 6662] [client 172.17.0.1:35244] PHP   1. {main}() /app/index.php:0, referer: http://dealtrak/logs/proposal
[Tue Jul 28 13:53:45.659216 2015] [:error] [pid 6662] [client 172.17.0.1:35244] PHP   2. include() /app/index.php:363, referer: http://dealtrak/logs/proposal
[Tue Jul 28 13:53:45.659218 2015] [:error] [pid 6662] [client 172.17.0.1:35244] PHP   3. include() /app/layouts/site.php:130, referer: http://dealtrak/logs/proposal
[Tue Jul 28 13:53:45.659222 2015] [:error] [pid 6662] [client 172.17.0.1:35244] PHP Notice:  Undefined index: destination_id in /app/site/logs/transaction.phtml on line 32, referer: http://dealtrak/logs/proposal
[Tue Jul 28 13:53:45.659223 2015] [:error] [pid 6662] [client 172.17.0.1:35244] PHP Stack trace:, referer: http://dealtrak/logs/proposal
[Tue Jul 28 13:53:45.659226 2015] [:error] [pid 6662] [client 172.17.0.1:35244] PHP   1. {main}() /app/index.php:0, referer: http://dealtrak/logs/proposal
[Tue Jul 28 13:53:45.659228 2015] [:error] [pid 6662] [client 172.17.0.1:35244] PHP   2. include() /app/index.php:363, referer: http://dealtrak/logs/proposal
[Tue Jul 28 13:53:45.659230 2015] [:error] [pid 6662] [client 172.17.0.1:35244] PHP   3. include() /app/layouts/site.php:130, referer: http://dealtrak/logs/proposal
[Tue Jul 28 13:53:45.659234 2015] [:error] [pid 6662] [client 172.17.0.1:35244] PHP Notice:  Undefined index: destination_id in /app/site/logs/transaction.phtml on line 32, referer: http://dealtrak/logs/proposal
[Tue Jul 28 13:53:45.659235 2015] [:error] [pid 6662] [client 172.17.0.1:35244] PHP Stack trace:, referer: http://dealtrak/logs/proposal
[Tue Jul 28 13:53:45.659237 2015] [:error] [pid 6662] [client 172.17.0.1:35244] PHP   1. {main}() /app/index.php:0, referer: http://dealtrak/logs/proposal
[Tue Jul 28 13:53:45.659240 2015] [:error] [pid 6662] [client 172.17.0.1:35244] PHP   2. include() /app/index.php:363, referer: http://dealtrak/logs/proposal
[Tue Jul 28 13:53:45.659242 2015] [:error] [pid 6662] [client 172.17.0.1:35244] PHP   3. include() /app/layouts/site.php:130, referer: http://dealtrak/logs/proposal
[Tue Jul 28 13:53:45.659246 2015] [:error] [pid 6662] [client 172.17.0.1:35244] PHP Notice:  Undefined index: destination_id in /app/site/logs/transaction.phtml on line 32, referer: http://dealtrak/logs/proposal
[Tue Jul 28 13:53:45.659247 2015] [:error] [pid 6662] [client 172.17.0.1:35244] PHP Stack trace:, referer: http://dealtrak/logs/proposal
[Tue Jul 28 13:53:45.659249 2015] [:error] [pid 6662] [client 172.17.0.1:35244] PHP   1. {main}() /app/index.php:0, referer: http://dealtrak/logs/proposal
[Tue Jul 28 13:53:45.659251 2015] [:error] [pid 6662] [client 172.17.0.1:35244] PHP   2. include() /app/index.php:363, referer: http://dealtrak/logs/proposal
[Tue Jul 28 13:53:45.659254 2015] [:error] [pid 6662] [client 172.17.0.1:35244] PHP   3. include() /app/layouts/site.php:130, referer: http://dealtrak/logs/proposal
[Tue Jul 28 13:53:45.659258 2015] [:error] [pid 6662] [client 172.17.0.1:35244] PHP Notice:  Undefined index: destination_id in /app/site/logs/transaction.phtml on line 32, referer: http://dealtrak/logs/proposal
[Tue Jul 28 13:53:45.659261 2015] [:error] [pid 6662] [client 172.17.0.1:35244] PHP Stack trace:, referer: http://dealtrak/logs/proposal
[Tue Jul 28 13:53:45.659263 2015] [:error] [pid 6662] [client 172.17.0.1:35244] PHP   1. {main}() /app/index.php:0, referer: http://dealtrak/logs/proposal
[Tue Jul 28 13:53:45.659265 2015] [:error] [pid 6662] [client 172.17.0.1:35244] PHP   2. include() /app/index.php:363, referer: http://dealtrak/logs/proposal
[Tue Jul 28 13:53:45.659267 2015] [:error] [pid 6662] [client 172.17.0.1:35244] PHP   3. include() /app/layouts/site.php:130, referer: http://dealtrak/logs/proposal
[Tue Jul 28 13:53:45.659272 2015] [:error] [pid 6662] [client 172.17.0.1:35244] PHP Notice:  Undefined index: destination_id in /app/site/logs/transaction.phtml on line 32, referer: http://dealtrak/logs/proposal
[Tue Jul 28 13:53:45.659273 2015] [:error] [pid 6662] [client 172.17.0.1:35244] PHP Stack trace:, referer: http://dealtrak/logs/proposal
[Tue Jul 28 13:53:45.659275 2015] [:error] [pid 6662] [client 172.17.0.1:35244] PHP   1. {main}() /app/index.php:0, referer: http://dealtrak/logs/proposal
[Tue Jul 28 13:53:45.659277 2015] [:error] [pid 6662] [client 172.17.0.1:35244] PHP   2. include() /app/index.php:363, referer: http://dealtrak/logs/proposal
[Tue Jul 28 13:53:45.659279 2015] [:error] [pid 6662] [client 172.17.0.1:35244] PHP   3. include() /app/layouts/site.php:130, referer: http://dealtrak/logs/proposal
[Tue Jul 28 13:53:45.659284 2015] [:error] [pid 6662] [client 172.17.0.1:35244] PHP Notice:  Undefined index: destination_id in /app/site/logs/transaction.phtml on line 32, referer: http://dealtrak/logs/proposal
[Tue Jul 28 13:53:45.659285 2015] [:error] [pid 6662] [client 172.17.0.1:35244] PHP Stack trace:, referer: http://dealtrak/logs/proposal
[Tue Jul 28 13:53:45.659287 2015] [:error] [pid 6662] [client 172.17.0.1:35244] PHP   1. {main}() /app/index.php:0, referer: http://dealtrak/logs/proposal
[Tue Jul 28 13:53:45.659289 2015] [:error] [pid 6662] [client 172.17.0.1:35244] PHP   2. include() /app/index.php:363, referer: http://dealtrak/logs/proposal
[Tue Jul 28 13:53:45.659291 2015] [:error] [pid 6662] [client 172.17.0.1:35244] PHP   3. include() /app/layouts/site.php:130, referer: http://dealtrak/logs/proposal
[Tue Jul 28 13:53:45.659295 2015] [:error] [pid 6662] [client 172.17.0.1:35244] PHP Notice:  Undefined index: destination_id in /app/site/logs/transaction.phtml on line 32, referer: http://dealtrak/logs/proposal
[Tue Jul 28 13:53:45.659297 2015] [:error] [pid 6662] [client 172.17.0.1:35244] PHP Stack trace:, referer: http://dealtrak/logs/proposal
[Tue Jul 28 13:53:45.659299 2015] [:error] [pid 6662] [client 172.17.0.1:35244] PHP   1. {main}() /app/index.php:0, referer: http://dealtrak/logs/proposal
[Tue Jul 28 13:53:45.659301 2015] [:error] [pid 6662] [client 172.17.0.1:35244] PHP   2. include() /app/index.php:363, referer: http://dealtrak/logs/proposal
[Tue Jul 28 13:53:45.659303 2015] [:error] [pid 6662] [client 172.17.0.1:35244] PHP   3. include() /app/layouts/site.php:130, referer: http://dealtrak/logs/proposal
[Tue Jul 28 13:53:45.659307 2015] [:error] [pid 6662] [client 172.17.0.1:35244] PHP Notice:  Undefined index: destination_id in /app/site/logs/transaction.phtml on line 32, referer: http://dealtrak/logs/proposal
[Tue Jul 28 13:53:45.659309 2015] [:error] [pid 6662] [client 172.17.0.1:35244] PHP Stack trace:, referer: http://dealtrak/logs/proposal
[Tue Jul 28 13:53:45.659311 2015] [:error] [pid 6662] [client 172.17.0.1:35244] PHP   1. {main}() /app/index.php:0, referer: http://dealtrak/logs/proposal
[Tue Jul 28 13:53:45.659313 2015] [:error] [pid 6662] [client 172.17.0.1:35244] PHP   2. include() /app/index.php:363, referer: http://dealtrak/logs/proposal
[Tue Jul 28 13:53:45.659317 2015] [:error] [pid 6662] [client 172.17.0.1:35244] PHP   3. include() /app/layouts/site.php:130, referer: http://dealtrak/logs/proposal
[Tue Jul 28 13:53:45.659321 2015] [:error] [pid 6662] [client 172.17.0.1:35244] PHP Notice:  Undefined index: destination_id in /app/site/logs/transaction.phtml on line 32, referer: http://dealtrak/logs/proposal
[Tue Jul 28 13:53:45.659323 2015] [:error] [pid 6662] [client 172.17.0.1:35244] PHP Stack trace:, referer: http://dealtrak/logs/proposal
[Tue Jul 28 13:53:45.659325 2015] [:error] [pid 6662] [client 172.17.0.1:35244] PHP   1. {main}() /app/index.php:0, referer: http://dealtrak/logs/proposal
[Tue Jul 28 13:53:45.659327 2015] [:error] [pid 6662] [client 172.17.0.1:35244] PHP   2. include() /app/index.php:363, referer: http://dealtrak/logs/proposal
[Tue Jul 28 13:53:45.659329 2015] [:error] [pid 6662] [client 172.17.0.1:35244] PHP   3. include() /app/layouts/site.php:130, referer: http://dealtrak/logs/proposal
[Tue Jul 28 13:53:45.659333 2015] [:error] [pid 6662] [client 172.17.0.1:35244] PHP Notice:  Undefined index: destination_id in /app/site/logs/transaction.phtml on line 32, referer: http://dealtrak/logs/proposal
[Tue Jul 28 13:53:45.659335 2015] [:error] [pid 6662] [client 172.17.0.1:35244] PHP Stack trace:, referer: http://dealtrak/logs/proposal
[Tue Jul 28 13:53:45.659337 2015] [:error] [pid 6662] [client 172.17.0.1:35244] PHP   1. {main}() /app/index.php:0, referer: http://dealtrak/logs/proposal
[Tue Jul 28 13:53:45.659339 2015] [:error] [pid 6662] [client 172.17.0.1:35244] PHP   2. include() /app/index.php:363, referer: http://dealtrak/logs/proposal
[Tue Jul 28 13:53:45.659341 2015] [:error] [pid 6662] [client 172.17.0.1:35244] PHP   3. include() /app/layouts/site.php:130, referer: http://dealtrak/logs/proposal
[Tue Jul 28 13:53:45.659345 2015] [:error] [pid 6662] [client 172.17.0.1:35244] PHP Notice:  Undefined index: destination_id in /app/site/logs/transaction.phtml on line 32, referer: http://dealtrak/logs/proposal
[Tue Jul 28 13:53:45.659347 2015] [:error] [pid 6662] [client 172.17.0.1:35244] PHP Stack trace:, referer: http://dealtrak/logs/proposal
[Tue Jul 28 13:53:45.659349 2015] [:error] [pid 6662] [client 172.17.0.1:35244] PHP   1. {main}() /app/index.php:0, referer: http://dealtrak/logs/proposal
[Tue Jul 28 13:53:45.659351 2015] [:error] [pid 6662] [client 172.17.0.1:35244] PHP   2. include() /app/index.php:363, referer: http://dealtrak/logs/proposal
[Tue Jul 28 13:53:45.659353 2015] [:error] [pid 6662] [client 172.17.0.1:35244] PHP   3. include() /app/layouts/site.php:130, referer: http://dealtrak/logs/proposal
[Tue Jul 28 13:53:45.659357 2015] [:error] [pid 6662] [client 172.17.0.1:35244] PHP Notice:  Undefined index: destination_id in /app/site/logs/transaction.phtml on line 32, referer: http://dealtrak/logs/proposal
[Tue Jul 28 13:53:45.659359 2015] [:error] [pid 6662] [client 172.17.0.1:35244] PHP Stack trace:, referer: http://dealtrak/logs/proposal
[Tue Jul 28 13:53:45.659361 2015] [:error] [pid 6662] [client 172.17.0.1:35244] PHP   1. {main}() /app/index.php:0, referer: http://dealtrak/logs/proposal
[Tue Jul 28 13:53:45.659363 2015] [:error] [pid 6662] [client 172.17.0.1:35244] PHP   2. include() /app/index.php:363, referer: http://dealtrak/logs/proposal
[Tue Jul 28 13:53:45.659365 2015] [:error] [pid 6662] [client 172.17.0.1:35244] PHP   3. include() /app/layouts/site.php:130, referer: http://dealtrak/logs/proposal
[Tue Jul 28 13:53:45.659369 2015] [:error] [pid 6662] [client 172.17.0.1:35244] PHP Notice:  Undefined index: destination_id in /app/site/logs/transaction.phtml on line 32, referer: http://dealtrak/logs/proposal
[Tue Jul 28 13:53:45.659373 2015] [:error] [pid 6662] [client 172.17.0.1:35244] PHP Stack trace:, referer: http://dealtrak/logs/proposal
[Tue Jul 28 13:53:45.659375 2015] [:error] [pid 6662] [client 172.17.0.1:35244] PHP   1. {main}() /app/index.php:0, referer: http://dealtrak/logs/proposal
[Tue Jul 28 13:53:45.659377 2015] [:error] [pid 6662] [client 172.17.0.1:35244] PHP   2. include() /app/index.php:363, referer: http://dealtrak/logs/proposal
[Tue Jul 28 13:53:45.659379 2015] [:error] [pid 6662] [client 172.17.0.1:35244] PHP   3. include() /app/layouts/site.php:130, referer: http://dealtrak/logs/proposal
[Tue Jul 28 13:53:45.659384 2015] [:error] [pid 6662] [client 172.17.0.1:35244] PHP Notice:  Undefined index: destination_id in /app/site/logs/transaction.phtml on line 32, referer: http://dealtrak/logs/proposal
[Tue Jul 28 13:53:45.659385 2015] [:error] [pid 6662] [client 172.17.0.1:35244] PHP Stack trace:, referer: http://dealtrak/logs/proposal
[Tue Jul 28 13:53:45.659387 2015] [:error] [pid 6662] [client 172.17.0.1:35244] PHP   1. {main}() /app/index.php:0, referer: http://dealtrak/logs/proposal
[Tue Jul 28 13:53:45.659389 2015] [:error] [pid 6662] [client 172.17.0.1:35244] PHP   2. include() /app/index.php:363, referer: http://dealtrak/logs/proposal
[Tue Jul 28 13:53:45.659391 2015] [:error] [pid 6662] [client 172.17.0.1:35244] PHP   3. include() /app/layouts/site.php:130, referer: http://dealtrak/logs/proposal
[Tue Jul 28 13:53:45.659396 2015] [:error] [pid 6662] [client 172.17.0.1:35244] PHP Notice:  Undefined index: destination_id in /app/site/logs/transaction.phtml on line 32, referer: http://dealtrak/logs/proposal
[Tue Jul 28 13:53:45.659397 2015] [:error] [pid 6662] [client 172.17.0.1:35244] PHP Stack trace:, referer: http://dealtrak/logs/proposal
[Tue Jul 28 13:53:45.659399 2015] [:error] [pid 6662] [client 172.17.0.1:35244] PHP   1. {main}() /app/index.php:0, referer: http://dealtrak/logs/proposal
[Tue Jul 28 13:53:45.659401 2015] [:error] [pid 6662] [client 172.17.0.1:35244] PHP   2. include() /app/index.php:363, referer: http://dealtrak/logs/proposal
[Tue Jul 28 13:53:45.659403 2015] [:error] [pid 6662] [client 172.17.0.1:35244] PHP   3. include() /app/layouts/site.php:130, referer: http://dealtrak/logs/proposal
[Tue Jul 28 13:53:45.659409 2015] [:error] [pid 6662] [client 172.17.0.1:35244] PHP Notice:  Undefined index: destination_status_id in /app/site/logs/transaction.phtml on line 41, referer: http://dealtrak/logs/proposal
[Tue Jul 28 13:53:45.659411 2015] [:error] [pid 6662] [client 172.17.0.1:35244] PHP Stack trace:, referer: http://dealtrak/logs/proposal
[Tue Jul 28 13:53:45.659413 2015] [:error] [pid 6662] [client 172.17.0.1:35244] PHP   1. {main}() /app/index.php:0, referer: http://dealtrak/logs/proposal
[Tue Jul 28 13:53:45.659415 2015] [:error] [pid 6662] [client 172.17.0.1:35244] PHP   2. include() /app/index.php:363, referer: http://dealtrak/logs/proposal
[Tue Jul 28 13:53:45.659417 2015] [:error] [pid 6662] [client 172.17.0.1:35244] PHP   3. include() /app/layouts/site.php:130, referer: http://dealtrak/logs/proposal
[Tue Jul 28 13:53:45.659421 2015] [:error] [pid 6662] [client 172.17.0.1:35244] PHP Notice:  Undefined index: destination_status_id in /app/site/logs/transaction.phtml on line 41, referer: http://dealtrak/logs/proposal
[Tue Jul 28 13:53:45.659423 2015] [:error] [pid 6662] [client 172.17.0.1:35244] PHP Stack trace:, referer: http://dealtrak/logs/proposal
[Tue Jul 28 13:53:45.659425 2015] [:error] [pid 6662] [client 172.17.0.1:35244] PHP   1. {main}() /app/index.php:0, referer: http://dealtrak/logs/proposal
[Tue Jul 28 13:53:45.659436 2015] [:error] [pid 6662] [client 172.17.0.1:35244] PHP   2. include() /app/index.php:363, referer: http://dealtrak/logs/proposal
[Tue Jul 28 13:53:45.659439 2015] [:error] [pid 6662] [client 172.17.0.1:35244] PHP   3. include() /app/layouts/site.php:130, referer: http://dealtrak/logs/proposal
[Tue Jul 28 13:53:45.659445 2015] [:error] [pid 6662] [client 172.17.0.1:35244] PHP Notice:  Undefined index: destination_status_id in /app/site/logs/transaction.phtml on line 41, referer: http://dealtrak/logs/proposal
[Tue Jul 28 13:53:45.659446 2015] [:error] [pid 6662] [client 172.17.0.1:35244] PHP Stack trace:, referer: http://dealtrak/logs/proposal
[Tue Jul 28 13:53:45.659448 2015] [:error] [pid 6662] [client 172.17.0.1:35244] PHP   1. {main}() /app/index.php:0, referer: http://dealtrak/logs/proposal
[Tue Jul 28 13:53:45.659452 2015] [:error] [pid 6662] [client 172.17.0.1:35244] PHP   2. include() /app/index.php:363, referer: http://dealtrak/logs/proposal
[Tue Jul 28 13:53:45.659455 2015] [:error] [pid 6662] [client 172.17.0.1:35244] PHP   3. include() /app/layouts/site.php:130, referer: http://dealtrak/logs/proposal
[Tue Jul 28 13:53:45.659459 2015] [:error] [pid 6662] [client 172.17.0.1:35244] PHP Notice:  Undefined index: destination_status_id in /app/site/logs/transaction.phtml on line 41, referer: http://dealtrak/logs/proposal
[Tue Jul 28 13:53:45.659461 2015] [:error] [pid 6662] [client 172.17.0.1:35244] PHP Stack trace:, referer: http://dealtrak/logs/proposal
[Tue Jul 28 13:53:45.659463 2015] [:error] [pid 6662] [client 172.17.0.1:35244] PHP   1. {main}() /app/index.php:0, referer: http://dealtrak/logs/proposal
[Tue Jul 28 13:53:45.659465 2015] [:error] [pid 6662] [client 172.17.0.1:35244] PHP   2. include() /app/index.php:363, referer: http://dealtrak/logs/proposal
[Tue Jul 28 13:53:45.659467 2015] [:error] [pid 6662] [client 172.17.0.1:35244] PHP   3. include() /app/layouts/site.php:130, referer: http://dealtrak/logs/proposal
[Tue Jul 28 13:53:45.659471 2015] [:error] [pid 6662] [client 172.17.0.1:35244] PHP Notice:  Undefined index: destination_status_id in /app/site/logs/transaction.phtml on line 41, referer: http://dealtrak/logs/proposal
[Tue Jul 28 13:53:45.659473 2015] [:error] [pid 6662] [client 172.17.0.1:35244] PHP Stack trace:, referer: http://dealtrak/logs/proposal
[Tue Jul 28 13:53:45.659475 2015] [:error] [pid 6662] [client 172.17.0.1:35244] PHP   1. {main}() /app/index.php:0, referer: http://dealtrak/logs/proposal
[Tue Jul 28 13:53:45.659477 2015] [:error] [pid 6662] [client 172.17.0.1:35244] PHP   2. include() /app/index.php:363, referer: http://dealtrak/logs/proposal
[Tue Jul 28 13:53:45.659479 2015] [:error] [pid 6662] [client 172.17.0.1:35244] PHP   3. include() /app/layouts/site.php:130, referer: http://dealtrak/logs/proposal
[Tue Jul 28 13:53:45.659483 2015] [:error] [pid 6662] [client 172.17.0.1:35244] PHP Notice:  Undefined index: destination_status_id in /app/site/logs/transaction.phtml on line 41, referer: http://dealtrak/logs/proposal
[Tue Jul 28 13:53:45.659485 2015] [:error] [pid 6662] [client 172.17.0.1:35244] PHP Stack trace:, referer: http://dealtrak/logs/proposal
[Tue Jul 28 13:53:45.659487 2015] [:error] [pid 6662] [client 172.17.0.1:35244] PHP   1. {main}() /app/index.php:0, referer: http://dealtrak/logs/proposal
[Tue Jul 28 13:53:45.659489 2015] [:error] [pid 6662] [client 172.17.0.1:35244] PHP   2. include() /app/index.php:363, referer: http://dealtrak/logs/proposal
[Tue Jul 28 13:53:45.659491 2015] [:error] [pid 6662] [client 172.17.0.1:35244] PHP   3. include() /app/layouts/site.php:130, referer: http://dealtrak/logs/proposal
[Tue Jul 28 13:53:45.659498 2015] [:error] [pid 6662] [client 172.17.0.1:35244] PHP Notice:  Undefined index: destination_status_id in /app/site/logs/transaction.phtml on line 41, referer: http://dealtrak/logs/proposal
[Tue Jul 28 13:53:45.659500 2015] [:error] [pid 6662] [client 172.17.0.1:35244] PHP Stack trace:, referer: http://dealtrak/logs/proposal
[Tue Jul 28 13:53:45.659502 2015] [:error] [pid 6662] [client 172.17.0.1:35244] PHP   1. {main}() /app/index.php:0, referer: http://dealtrak/logs/proposal
[Tue Jul 28 13:53:45.659504 2015] [:error] [pid 6662] [client 172.17.0.1:35244] PHP   2. include() /app/index.php:363, referer: http://dealtrak/logs/proposal
[Tue Jul 28 13:53:45.659506 2015] [:error] [pid 6662] [client 172.17.0.1:35244] PHP   3. include() /app/layouts/site.php:130, referer: http://dealtrak/logs/proposal
[Tue Jul 28 13:53:45.659510 2015] [:error] [pid 6662] [client 172.17.0.1:35244] PHP Notice:  Undefined index: destination_status_id in /app/site/logs/transaction.phtml on line 41, referer: http://dealtrak/logs/proposal
[Tue Jul 28 13:53:45.659512 2015] [:error] [pid 6662] [client 172.17.0.1:35244] PHP Stack trace:, referer: http://dealtrak/logs/proposal
[Tue Jul 28 13:53:45.659514 2015] [:error] [pid 6662] [client 172.17.0.1:35244] PHP   1. {main}() /app/index.php:0, referer: http://dealtrak/logs/proposal
[Tue Jul 28 13:53:45.659516 2015] [:error] [pid 6662] [client 172.17.0.1:35244] PHP   2. include() /app/index.php:363, referer: http://dealtrak/logs/proposal
[Tue Jul 28 13:53:45.659518 2015] [:error] [pid 6662] [client 172.17.0.1:35244] PHP   3. include() /app/layouts/site.php:130, referer: http://dealtrak/logs/proposal
[Tue Jul 28 13:53:45.659606 2015] [:error] [pid 6662] [client 172.17.0.1:35244] PHP Notice:  Undefined index: destination_status_id in /app/site/logs/transaction.phtml on line 41, referer: http://dealtrak/logs/proposal
[Tue Jul 28 13:53:45.659608 2015] [:error] [pid 6662] [client 172.17.0.1:35244] PHP Stack trace:, referer: http://dealtrak/logs/proposal
[Tue Jul 28 13:53:45.659610 2015] [:error] [pid 6662] [client 172.17.0.1:35244] PHP   1. {main}() /app/index.php:0, referer: http://dealtrak/logs/proposal
[Tue Jul 28 13:53:45.659612 2015] [:error] [pid 6662] [client 172.17.0.1:35244] PHP   2. include() /app/index.php:363, referer: http://dealtrak/logs/proposal
[Tue Jul 28 13:53:45.659614 2015] [:error] [pid 6662] [client 172.17.0.1:35244] PHP   3. include() /app/layouts/site.php:130, referer: http://dealtrak/logs/proposal
[Tue Jul 28 13:53:45.659619 2015] [:error] [pid 6662] [client 172.17.0.1:35244] PHP Notice:  Undefined index: destination_status_id in /app/site/logs/transaction.phtml on line 41, referer: http://dealtrak/logs/proposal
[Tue Jul 28 13:53:45.659620 2015] [:error] [pid 6662] [client 172.17.0.1:35244] PHP Stack trace:, referer: http://dealtrak/logs/proposal
[Tue Jul 28 13:53:45.659622 2015] [:error] [pid 6662] [client 172.17.0.1:35244] PHP   1. {main}() /app/index.php:0, referer: http://dealtrak/logs/proposal
[Tue Jul 28 13:53:45.659625 2015] [:error] [pid 6662] [client 172.17.0.1:35244] PHP   2. include() /app/index.php:363, referer: http://dealtrak/logs/proposal
[Tue Jul 28 13:53:45.659627 2015] [:error] [pid 6662] [client 172.17.0.1:35244] PHP   3. include() /app/layouts/site.php:130, referer: http://dealtrak/logs/proposal
[Tue Jul 28 13:53:45.659631 2015] [:error] [pid 6662] [client 172.17.0.1:35244] PHP Notice:  Undefined index: destination_status_id in /app/site/logs/transaction.phtml on line 41, referer: http://dealtrak/logs/proposal
[Tue Jul 28 13:53:45.659632 2015] [:error] [pid 6662] [client 172.17.0.1:35244] PHP Stack trace:, referer: http://dealtrak/logs/proposal
[Tue Jul 28 13:53:45.659636 2015] [:error] [pid 6662] [client 172.17.0.1:35244] PHP   1. {main}() /app/index.php:0, referer: http://dealtrak/logs/proposal
[Tue Jul 28 13:53:45.659638 2015] [:error] [pid 6662] [client 172.17.0.1:35244] PHP   2. include() /app/index.php:363, referer: http://dealtrak/logs/proposal
[Tue Jul 28 13:53:45.659641 2015] [:error] [pid 6662] [client 172.17.0.1:35244] PHP   3. include() /app/layouts/site.php:130, referer: http://dealtrak/logs/proposal
[Tue Jul 28 13:53:45.659645 2015] [:error] [pid 6662] [client 172.17.0.1:35244] PHP Notice:  Undefined index: destination_status_id in /app/site/logs/transaction.phtml on line 41, referer: http://dealtrak/logs/proposal
[Tue Jul 28 13:53:45.659647 2015] [:error] [pid 6662] [client 172.17.0.1:35244] PHP Stack trace:, referer: http://dealtrak/logs/proposal
[Tue Jul 28 13:53:45.659649 2015] [:error] [pid 6662] [client 172.17.0.1:35244] PHP   1. {main}() /app/index.php:0, referer: http://dealtrak/logs/proposal
[Tue Jul 28 13:53:45.659651 2015] [:error] [pid 6662] [client 172.17.0.1:35244] PHP   2. include() /app/index.php:363, referer: http://dealtrak/logs/proposal
[Tue Jul 28 13:53:45.659653 2015] [:error] [pid 6662] [client 172.17.0.1:35244] PHP   3. include() /app/layouts/site.php:130, referer: http://dealtrak/logs/proposal
[Tue Jul 28 13:53:45.659657 2015] [:error] [pid 6662] [client 172.17.0.1:35244] PHP Notice:  Undefined index: destination_status_id in /app/site/logs/transaction.phtml on line 41, referer: http://dealtrak/logs/proposal
[Tue Jul 28 13:53:45.659658 2015] [:error] [pid 6662] [client 172.17.0.1:35244] PHP Stack trace:, referer: http://dealtrak/logs/proposal
[Tue Jul 28 13:53:45.659661 2015] [:error] [pid 6662] [client 172.17.0.1:35244] PHP   1. {main}() /app/index.php:0, referer: http://dealtrak/logs/proposal
[Tue Jul 28 13:53:45.659663 2015] [:error] [pid 6662] [client 172.17.0.1:35244] PHP   2. include() /app/index.php:363, referer: http://dealtrak/logs/proposal
[Tue Jul 28 13:53:45.659665 2015] [:error] [pid 6662] [client 172.17.0.1:35244] PHP   3. include() /app/layouts/site.php:130, referer: http://dealtrak/logs/proposal
[Tue Jul 28 13:53:45.659669 2015] [:error] [pid 6662] [client 172.17.0.1:35244] PHP Notice:  Undefined index: destination_status_id in /app/site/logs/transaction.phtml on line 41, referer: http://dealtrak/logs/proposal
[Tue Jul 28 13:53:45.659670 2015] [:error] [pid 6662] [client 172.17.0.1:35244] PHP Stack trace:, referer: http://dealtrak/logs/proposal
[Tue Jul 28 13:53:45.659672 2015] [:error] [pid 6662] [client 172.17.0.1:35244] PHP   1. {main}() /app/index.php:0, referer: http://dealtrak/logs/proposal
[Tue Jul 28 13:53:45.659675 2015] [:error] [pid 6662] [client 172.17.0.1:35244] PHP   2. include() /app/index.php:363, referer: http://dealtrak/logs/proposal
[Tue Jul 28 13:53:45.659677 2015] [:error] [pid 6662] [client 172.17.0.1:35244] PHP   3. include() /app/layouts/site.php:130, referer: http://dealtrak/logs/proposal
[Tue Jul 28 13:53:45.659681 2015] [:error] [pid 6662] [client 172.17.0.1:35244] PHP Notice:  Undefined index: destination_status_id in /app/site/logs/transaction.phtml on line 41, referer: http://dealtrak/logs/proposal
[Tue Jul 28 13:53:45.659682 2015] [:error] [pid 6662] [client 172.17.0.1:35244] PHP Stack trace:, referer: http://dealtrak/logs/proposal
[Tue Jul 28 13:53:45.659684 2015] [:error] [pid 6662] [client 172.17.0.1:35244] PHP   1. {main}() /app/index.php:0, referer: http://dealtrak/logs/proposal
[Tue Jul 28 13:53:45.659686 2015] [:error] [pid 6662] [client 172.17.0.1:35244] PHP   2. include() /app/index.php:363, referer: http://dealtrak/logs/proposal
[Tue Jul 28 13:53:45.659690 2015] [:error] [pid 6662] [client 172.17.0.1:35244] PHP   3. include() /app/layouts/site.php:130, referer: http://dealtrak/logs/proposal
[Tue Jul 28 13:53:45.659694 2015] [:error] [pid 6662] [client 172.17.0.1:35244] PHP Notice:  Undefined index: destination_status_id in /app/site/logs/transaction.phtml on line 41, referer: http://dealtrak/logs/proposal
[Tue Jul 28 13:53:45.659696 2015] [:error] [pid 6662] [client 172.17.0.1:35244] PHP Stack trace:, referer: http://dealtrak/logs/proposal
[Tue Jul 28 13:53:45.659698 2015] [:error] [pid 6662] [client 172.17.0.1:35244] PHP   1. {main}() /app/index.php:0, referer: http://dealtrak/logs/proposal
[Tue Jul 28 13:53:45.659700 2015] [:error] [pid 6662] [client 172.17.0.1:35244] PHP   2. include() /app/index.php:363, referer: http://dealtrak/logs/proposal
[Tue Jul 28 13:53:45.659702 2015] [:error] [pid 6662] [client 172.17.0.1:35244] PHP   3. include() /app/layouts/site.php:130, referer: http://dealtrak/logs/proposal
[Tue Jul 28 13:53:45.659706 2015] [:error] [pid 6662] [client 172.17.0.1:35244] PHP Notice:  Undefined index: destination_status_id in /app/site/logs/transaction.phtml on line 41, referer: http://dealtrak/logs/proposal
[Tue Jul 28 13:53:45.659708 2015] [:error] [pid 6662] [client 172.17.0.1:35244] PHP Stack trace:, referer: http://dealtrak/logs/proposal
[Tue Jul 28 13:53:45.659710 2015] [:error] [pid 6662] [client 172.17.0.1:35244] PHP   1. {main}() /app/index.php:0, referer: http://dealtrak/logs/proposal
[Tue Jul 28 13:53:45.659712 2015] [:error] [pid 6662] [client 172.17.0.1:35244] PHP   2. include() /app/index.php:363, referer: http://dealtrak/logs/proposal
[Tue Jul 28 13:53:45.659714 2015] [:error] [pid 6662] [client 172.17.0.1:35244] PHP   3. include() /app/layouts/site.php:130, referer: http://dealtrak/logs/proposal
[Tue Jul 28 13:53:45.659718 2015] [:error] [pid 6662] [client 172.17.0.1:35244] PHP Notice:  Undefined index: destination_status_id in /app/site/logs/transaction.phtml on line 41, referer: http://dealtrak/logs/proposal
[Tue Jul 28 13:53:45.659720 2015] [:error] [pid 6662] [client 172.17.0.1:35244] PHP Stack trace:, referer: http://dealtrak/logs/proposal
[Tue Jul 28 13:53:45.659722 2015] [:error] [pid 6662] [client 172.17.0.1:35244] PHP   1. {main}() /app/index.php:0, referer: http://dealtrak/logs/proposal
[Tue Jul 28 13:53:45.659724 2015] [:error] [pid 6662] [client 172.17.0.1:35244] PHP   2. include() /app/index.php:363, referer: http://dealtrak/logs/proposal
[Tue Jul 28 13:53:45.659726 2015] [:error] [pid 6662] [client 172.17.0.1:35244] PHP   3. include() /app/layouts/site.php:130, referer: http://dealtrak/logs/proposal
[Tue Jul 28 13:53:45.659730 2015] [:error] [pid 6662] [client 172.17.0.1:35244] PHP Notice:  Undefined index: surname in /app/site/logs/transaction.phtml on line 47, referer: http://dealtrak/logs/proposal
[Tue Jul 28 13:53:45.659732 2015] [:error] [pid 6662] [client 172.17.0.1:35244] PHP Stack trace:, referer: http://dealtrak/logs/proposal
[Tue Jul 28 13:53:45.659734 2015] [:error] [pid 6662] [client 172.17.0.1:35244] PHP   1. {main}() /app/index.php:0, referer: http://dealtrak/logs/proposal
[Tue Jul 28 13:53:45.659736 2015] [:error] [pid 6662] [client 172.17.0.1:35244] PHP   2. include() /app/index.php:363, referer: http://dealtrak/logs/proposal
[Tue Jul 28 13:53:45.659738 2015] [:error] [pid 6662] [client 172.17.0.1:35244] PHP   3. include() /app/layouts/site.php:130, referer: http://dealtrak/logs/proposal
[Tue Jul 28 13:53:45.659744 2015] [:error] [pid 6662] [client 172.17.0.1:35244] PHP Notice:  Undefined index: creator in /app/site/logs/transaction.phtml on line 54, referer: http://dealtrak/logs/proposal
[Tue Jul 28 13:53:45.659748 2015] [:error] [pid 6662] [client 172.17.0.1:35244] PHP Stack trace:, referer: http://dealtrak/logs/proposal
[Tue Jul 28 13:53:45.659750 2015] [:error] [pid 6662] [client 172.17.0.1:35244] PHP   1. {main}() /app/index.php:0, referer: http://dealtrak/logs/proposal
[Tue Jul 28 13:53:45.659752 2015] [:error] [pid 6662] [client 172.17.0.1:35244] PHP   2. include() /app/index.php:363, referer: http://dealtrak/logs/proposal
[Tue Jul 28 13:53:45.659754 2015] [:error] [pid 6662] [client 172.17.0.1:35244] PHP   3. include() /app/layouts/site.php:130, referer: http://dealtrak/logs/proposal
[Tue Jul 28 13:53:45.659759 2015] [:error] [pid 6662] [client 172.17.0.1:35244] PHP Notice:  Undefined index: creator in /app/site/logs/transaction.phtml on line 54, referer: http://dealtrak/logs/proposal
[Tue Jul 28 13:53:45.659761 2015] [:error] [pid 6662] [client 172.17.0.1:35244] PHP Stack trace:, referer: http://dealtrak/logs/proposal
[Tue Jul 28 13:53:45.659763 2015] [:error] [pid 6662] [client 172.17.0.1:35244] PHP   1. {main}() /app/index.php:0, referer: http://dealtrak/logs/proposal
[Tue Jul 28 13:53:45.659765 2015] [:error] [pid 6662] [client 172.17.0.1:35244] PHP   2. include() /app/index.php:363, referer: http://dealtrak/logs/proposal
[Tue Jul 28 13:53:45.659767 2015] [:error] [pid 6662] [client 172.17.0.1:35244] PHP   3. include() /app/layouts/site.php:130, referer: http://dealtrak/logs/proposal
[Tue Jul 28 13:53:45.659772 2015] [:error] [pid 6662] [client 172.17.0.1:35244] PHP Notice:  Undefined index: creator in /app/site/logs/transaction.phtml on line 54, referer: http://dealtrak/logs/proposal
[Tue Jul 28 13:53:45.659773 2015] [:error] [pid 6662] [client 172.17.0.1:35244] PHP Stack trace:, referer: http://dealtrak/logs/proposal
[Tue Jul 28 13:53:45.659775 2015] [:error] [pid 6662] [client 172.17.0.1:35244] PHP   1. {main}() /app/index.php:0, referer: http://dealtrak/logs/proposal
[Tue Jul 28 13:53:45.659777 2015] [:error] [pid 6662] [client 172.17.0.1:35244] PHP   2. include() /app/index.php:363, referer: http://dealtrak/logs/proposal
[Tue Jul 28 13:53:45.659779 2015] [:error] [pid 6662] [client 172.17.0.1:35244] PHP   3. include() /app/layouts/site.php:130, referer: http://dealtrak/logs/proposal
[Tue Jul 28 13:53:45.659784 2015] [:error] [pid 6662] [client 172.17.0.1:35244] PHP Notice:  Undefined index: creator in /app/site/logs/transaction.phtml on line 54, referer: http://dealtrak/logs/proposal
[Tue Jul 28 13:53:45.659785 2015] [:error] [pid 6662] [client 172.17.0.1:35244] PHP Stack trace:, referer: http://dealtrak/logs/proposal
[Tue Jul 28 13:53:45.659787 2015] [:error] [pid 6662] [client 172.17.0.1:35244] PHP   1. {main}() /app/index.php:0, referer: http://dealtrak/logs/proposal
[Tue Jul 28 13:53:45.659789 2015] [:error] [pid 6662] [client 172.17.0.1:35244] PHP   2. include() /app/index.php:363, referer: http://dealtrak/logs/proposal
[Tue Jul 28 13:53:45.659792 2015] [:error] [pid 6662] [client 172.17.0.1:35244] PHP   3. include() /app/layouts/site.php:130, referer: http://dealtrak/logs/proposal
[Tue Jul 28 13:53:45.659797 2015] [:error] [pid 6662] [client 172.17.0.1:35244] PHP Notice:  Undefined index: salesperson in /app/site/logs/transaction.phtml on line 63, referer: http://dealtrak/logs/proposal
[Tue Jul 28 13:53:45.659798 2015] [:error] [pid 6662] [client 172.17.0.1:35244] PHP Stack trace:, referer: http://dealtrak/logs/proposal
[Tue Jul 28 13:53:45.659800 2015] [:error] [pid 6662] [client 172.17.0.1:35244] PHP   1. {main}() /app/index.php:0, referer: http://dealtrak/logs/proposal
[Tue Jul 28 13:53:45.659802 2015] [:error] [pid 6662] [client 172.17.0.1:35244] PHP   2. include() /app/index.php:363, referer: http://dealtrak/logs/proposal
[Tue Jul 28 13:53:45.659806 2015] [:error] [pid 6662] [client 172.17.0.1:35244] PHP   3. include() /app/layouts/site.php:130, referer: http://dealtrak/logs/proposal
[Tue Jul 28 13:53:45.659811 2015] [:error] [pid 6662] [client 172.17.0.1:35244] PHP Notice:  Undefined index: salesperson in /app/site/logs/transaction.phtml on line 63, referer: http://dealtrak/logs/proposal
[Tue Jul 28 13:53:45.659812 2015] [:error] [pid 6662] [client 172.17.0.1:35244] PHP Stack trace:, referer: http://dealtrak/logs/proposal
[Tue Jul 28 13:53:45.659814 2015] [:error] [pid 6662] [client 172.17.0.1:35244] PHP   1. {main}() /app/index.php:0, referer: http://dealtrak/logs/proposal
[Tue Jul 28 13:53:45.659816 2015] [:error] [pid 6662] [client 172.17.0.1:35244] PHP   2. include() /app/index.php:363, referer: http://dealtrak/logs/proposal
[Tue Jul 28 13:53:45.659819 2015] [:error] [pid 6662] [client 172.17.0.1:35244] PHP   3. include() /app/layouts/site.php:130, referer: http://dealtrak/logs/proposal
[Tue Jul 28 13:53:45.659824 2015] [:error] [pid 6662] [client 172.17.0.1:35244] PHP Notice:  Undefined index: destination_id in /app/site/logs/transaction.phtml on line 223, referer: http://dealtrak/logs/proposal
[Tue Jul 28 13:53:45.659826 2015] [:error] [pid 6662] [client 172.17.0.1:35244] PHP Stack trace:, referer: http://dealtrak/logs/proposal
[Tue Jul 28 13:53:45.659828 2015] [:error] [pid 6662] [client 172.17.0.1:35244] PHP   1. {main}() /app/index.php:0, referer: http://dealtrak/logs/proposal
[Tue Jul 28 13:53:45.659830 2015] [:error] [pid 6662] [client 172.17.0.1:35244] PHP   2. include() /app/index.php:363, referer: http://dealtrak/logs/proposal
[Tue Jul 28 13:53:45.659832 2015] [:error] [pid 6662] [client 172.17.0.1:35244] PHP   3. include() /app/layouts/site.php:130, referer: http://dealtrak/logs/proposal
[Tue Jul 28 13:53:45.659836 2015] [:error] [pid 6662] [client 172.17.0.1:35244] PHP Notice:  Undefined index: destination_status_id in /app/site/logs/transaction.phtml on line 223, referer: http://dealtrak/logs/proposal
[Tue Jul 28 13:53:45.659837 2015] [:error] [pid 6662] [client 172.17.0.1:35244] PHP Stack trace:, referer: http://dealtrak/logs/proposal
[Tue Jul 28 13:53:45.659840 2015] [:error] [pid 6662] [client 172.17.0.1:35244] PHP   1. {main}() /app/index.php:0, referer: http://dealtrak/logs/proposal
[Tue Jul 28 13:53:45.659842 2015] [:error] [pid 6662] [client 172.17.0.1:35244] PHP   2. include() /app/index.php:363, referer: http://dealtrak/logs/proposal
[Tue Jul 28 13:53:45.659844 2015] [:error] [pid 6662] [client 172.17.0.1:35244] PHP   3. include() /app/layouts/site.php:130, referer: http://dealtrak/logs/proposal
[Tue Jul 28 13:53:45.659898 2015] [:error] [pid 6662] [client 172.17.0.1:35244] PHP Notice:  Undefined variable: quarterly in /app/site/logs/transaction.phtml on line 271, referer: http://dealtrak/logs/proposal
[Tue Jul 28 13:53:45.659901 2015] [:error] [pid 6662] [client 172.17.0.1:35244] PHP Stack trace:, referer: http://dealtrak/logs/proposal
[Tue Jul 28 13:53:45.659904 2015] [:error] [pid 6662] [client 172.17.0.1:35244] PHP   1. {main}() /app/index.php:0, referer: http://dealtrak/logs/proposal
[Tue Jul 28 13:53:45.659906 2015] [:error] [pid 6662] [client 172.17.0.1:35244] PHP   2. include() /app/index.php:363, referer: http://dealtrak/logs/proposal
[Tue Jul 28 13:53:45.659908 2015] [:error] [pid 6662] [client 172.17.0.1:35244] PHP   3. include() /app/layouts/site.php:130, referer: http://dealtrak/logs/proposal
[Tue Jul 28 13:53:45.789088 2015] [:error] [pid 6662] [client 172.17.0.1:35244] PHP Notice:  Undefined variable: where in /app/site/logs/all_transactions.php on line 166, referer: http://dealtrak/logs/transaction
[Tue Jul 28 13:53:45.789110 2015] [:error] [pid 6662] [client 172.17.0.1:35244] PHP Stack trace:, referer: http://dealtrak/logs/transaction
[Tue Jul 28 13:53:45.789115 2015] [:error] [pid 6662] [client 172.17.0.1:35244] PHP   1. {main}() /app/index.php:0, referer: http://dealtrak/logs/transaction
[Tue Jul 28 13:53:45.789118 2015] [:error] [pid 6662] [client 172.17.0.1:35244] PHP   2. include() /app/index.php:268, referer: http://dealtrak/logs/transaction
[Tue Jul 28 13:53:45.789420 2015] [:error] [pid 6662] [client 172.17.0.1:35244] PHP Warning:  mysql_fetch_*(): supplied argument is not a valid MySQL result resource in /home/fsuk/www/dealtrak/vendor/matthewbaggett/mysql2pdo/MySQL.php on line 227, referer: http://dealtrak/logs/transaction
[Tue Jul 28 13:53:45.789428 2015] [:error] [pid 6662] [client 172.17.0.1:35244] PHP Stack trace:, referer: http://dealtrak/logs/transaction
[Tue Jul 28 13:53:45.789431 2015] [:error] [pid 6662] [client 172.17.0.1:35244] PHP   1. {main}() /app/index.php:0, referer: http://dealtrak/logs/transaction
[Tue Jul 28 13:53:45.789434 2015] [:error] [pid 6662] [client 172.17.0.1:35244] PHP   2. include() /app/index.php:268, referer: http://dealtrak/logs/transaction
[Tue Jul 28 13:53:45.789437 2015] [:error] [pid 6662] [client 172.17.0.1:35244] PHP   3. mysql_fetch_assoc() /app/site/logs/all_transactions.php:171, referer: http://dealtrak/logs/transaction
[Tue Jul 28 13:53:45.789441 2015] [:error] [pid 6662] [client 172.17.0.1:35244] PHP   4. MySQL->mysql_fetch_assoc() /home/fsuk/www/dealtrak/vendor/matthewbaggett/mysql2pdo/MySQL_Functions.php:79, referer: http://dealtrak/logs/transaction
[Tue Jul 28 13:53:45.789444 2015] [:error] [pid 6662] [client 172.17.0.1:35244] PHP   5. MySQL->mysql_fetch_array() /home/fsuk/www/dealtrak/vendor/matthewbaggett/mysql2pdo/MySQL.php:289, referer: http://dealtrak/logs/transaction
[Tue Jul 28 13:53:45.789447 2015] [:error] [pid 6662] [client 172.17.0.1:35244] PHP   6. trigger_error() /home/fsuk/www/dealtrak/vendor/matthewbaggett/mysql2pdo/MySQL.php:227, referer: http://dealtrak/logs/transaction
[Tue Jul 28 13:53:45.789476 2015] [:error] [pid 6662] [client 172.17.0.1:35244] PHP Notice:  Undefined variable: where in /app/site/logs/all_transactions.php on line 185, referer: http://dealtrak/logs/transaction
[Tue Jul 28 13:53:45.789479 2015] [:error] [pid 6662] [client 172.17.0.1:35244] PHP Stack trace:, referer: http://dealtrak/logs/transaction
[Tue Jul 28 13:53:45.789482 2015] [:error] [pid 6662] [client 172.17.0.1:35244] PHP   1. {main}() /app/index.php:0, referer: http://dealtrak/logs/transaction
[Tue Jul 28 13:53:45.789485 2015] [:error] [pid 6662] [client 172.17.0.1:35244] PHP   2. include() /app/index.php:268, referer: http://dealtrak/logs/transaction
[Tue Jul 28 13:53:45.805464 2015] [:error] [pid 6662] [client 172.17.0.1:35244] PHP Notice:  Undefined variable: has_login_quiz_module in /app/layouts/site.php on line 118, referer: http://dealtrak/logs/transaction
[Tue Jul 28 13:53:45.805479 2015] [:error] [pid 6662] [client 172.17.0.1:35244] PHP Stack trace:, referer: http://dealtrak/logs/transaction
[Tue Jul 28 13:53:45.805484 2015] [:error] [pid 6662] [client 172.17.0.1:35244] PHP   1. {main}() /app/index.php:0, referer: http://dealtrak/logs/transaction
[Tue Jul 28 13:53:45.805487 2015] [:error] [pid 6662] [client 172.17.0.1:35244] PHP   2. include() /app/index.php:363, referer: http://dealtrak/logs/transaction
[Tue Jul 28 13:53:45.806144 2015] [:error] [pid 6662] [client 172.17.0.1:35244] PHP Notice:  Undefined index: destination_id in /app/site/logs/all_transactions.phtml on line 9, referer: http://dealtrak/logs/transaction
[Tue Jul 28 13:53:45.806152 2015] [:error] [pid 6662] [client 172.17.0.1:35244] PHP Stack trace:, referer: http://dealtrak/logs/transaction
[Tue Jul 28 13:53:45.806161 2015] [:error] [pid 6662] [client 172.17.0.1:35244] PHP   1. {main}() /app/index.php:0, referer: http://dealtrak/logs/transaction
[Tue Jul 28 13:53:45.806164 2015] [:error] [pid 6662] [client 172.17.0.1:35244] PHP   2. include() /app/index.php:363, referer: http://dealtrak/logs/transaction
[Tue Jul 28 13:53:45.806167 2015] [:error] [pid 6662] [client 172.17.0.1:35244] PHP   3. include() /app/layouts/site.php:130, referer: http://dealtrak/logs/transaction
[Tue Jul 28 13:53:45.806173 2015] [:error] [pid 6662] [client 172.17.0.1:35244] PHP Notice:  Undefined index: destination_status_id in /app/site/logs/all_transactions.phtml on line 10, referer: http://dealtrak/logs/transaction
[Tue Jul 28 13:53:45.806175 2015] [:error] [pid 6662] [client 172.17.0.1:35244] PHP Stack trace:, referer: http://dealtrak/logs/transaction
[Tue Jul 28 13:53:45.806177 2015] [:error] [pid 6662] [client 172.17.0.1:35244] PHP   1. {main}() /app/index.php:0, referer: http://dealtrak/logs/transaction
[Tue Jul 28 13:53:45.806179 2015] [:error] [pid 6662] [client 172.17.0.1:35244] PHP   2. include() /app/index.php:363, referer: http://dealtrak/logs/transaction
[Tue Jul 28 13:53:45.806182 2015] [:error] [pid 6662] [client 172.17.0.1:35244] PHP   3. include() /app/layouts/site.php:130, referer: http://dealtrak/logs/transaction
[Tue Jul 28 13:53:45.806198 2015] [:error] [pid 6662] [client 172.17.0.1:35244] PHP Notice:  Undefined index: destination_id in /app/site/logs/all_transactions.phtml on line 32, referer: http://dealtrak/logs/transaction
[Tue Jul 28 13:53:45.806200 2015] [:error] [pid 6662] [client 172.17.0.1:35244] PHP Stack trace:, referer: http://dealtrak/logs/transaction
[Tue Jul 28 13:53:45.806202 2015] [:error] [pid 6662] [client 172.17.0.1:35244] PHP   1. {main}() /app/index.php:0, referer: http://dealtrak/logs/transaction
[Tue Jul 28 13:53:45.806205 2015] [:error] [pid 6662] [client 172.17.0.1:35244] PHP   2. include() /app/index.php:363, referer: http://dealtrak/logs/transaction
[Tue Jul 28 13:53:45.806207 2015] [:error] [pid 6662] [client 172.17.0.1:35244] PHP   3. include() /app/layouts/site.php:130, referer: http://dealtrak/logs/transaction
[Tue Jul 28 13:53:45.806212 2015] [:error] [pid 6662] [client 172.17.0.1:35244] PHP Notice:  Undefined index: destination_id in /app/site/logs/all_transactions.phtml on line 32, referer: http://dealtrak/logs/transaction
[Tue Jul 28 13:53:45.806214 2015] [:error] [pid 6662] [client 172.17.0.1:35244] PHP Stack trace:, referer: http://dealtrak/logs/transaction
[Tue Jul 28 13:53:45.806216 2015] [:error] [pid 6662] [client 172.17.0.1:35244] PHP   1. {main}() /app/index.php:0, referer: http://dealtrak/logs/transaction
[Tue Jul 28 13:53:45.806218 2015] [:error] [pid 6662] [client 172.17.0.1:35244] PHP   2. include() /app/index.php:363, referer: http://dealtrak/logs/transaction
[Tue Jul 28 13:53:45.806220 2015] [:error] [pid 6662] [client 172.17.0.1:35244] PHP   3. include() /app/layouts/site.php:130, referer: http://dealtrak/logs/transaction
[Tue Jul 28 13:53:45.806225 2015] [:error] [pid 6662] [client 172.17.0.1:35244] PHP Notice:  Undefined index: destination_id in /app/site/logs/all_transactions.phtml on line 32, referer: http://dealtrak/logs/transaction
[Tue Jul 28 13:53:45.806226 2015] [:error] [pid 6662] [client 172.17.0.1:35244] PHP Stack trace:, referer: http://dealtrak/logs/transaction
[Tue Jul 28 13:53:45.806228 2015] [:error] [pid 6662] [client 172.17.0.1:35244] PHP   1. {main}() /app/index.php:0, referer: http://dealtrak/logs/transaction
[Tue Jul 28 13:53:45.806233 2015] [:error] [pid 6662] [client 172.17.0.1:35244] PHP   2. include() /app/index.php:363, referer: http://dealtrak/logs/transaction
[Tue Jul 28 13:53:45.806235 2015] [:error] [pid 6662] [client 172.17.0.1:35244] PHP   3. include() /app/layouts/site.php:130, referer: http://dealtrak/logs/transaction
[Tue Jul 28 13:53:45.806240 2015] [:error] [pid 6662] [client 172.17.0.1:35244] PHP Notice:  Undefined index: destination_id in /app/site/logs/all_transactions.phtml on line 32, referer: http://dealtrak/logs/transaction
[Tue Jul 28 13:53:45.806241 2015] [:error] [pid 6662] [client 172.17.0.1:35244] PHP Stack trace:, referer: http://dealtrak/logs/transaction
[Tue Jul 28 13:53:45.806243 2015] [:error] [pid 6662] [client 172.17.0.1:35244] PHP   1. {main}() /app/index.php:0, referer: http://dealtrak/logs/transaction
[Tue Jul 28 13:53:45.806246 2015] [:error] [pid 6662] [client 172.17.0.1:35244] PHP   2. include() /app/index.php:363, referer: http://dealtrak/logs/transaction
[Tue Jul 28 13:53:45.806248 2015] [:error] [pid 6662] [client 172.17.0.1:35244] PHP   3. include() /app/layouts/site.php:130, referer: http://dealtrak/logs/transaction
[Tue Jul 28 13:53:45.806252 2015] [:error] [pid 6662] [client 172.17.0.1:35244] PHP Notice:  Undefined index: destination_id in /app/site/logs/all_transactions.phtml on line 32, referer: http://dealtrak/logs/transaction
[Tue Jul 28 13:53:45.806254 2015] [:error] [pid 6662] [client 172.17.0.1:35244] PHP Stack trace:, referer: http://dealtrak/logs/transaction
[Tue Jul 28 13:53:45.806256 2015] [:error] [pid 6662] [client 172.17.0.1:35244] PHP   1. {main}() /app/index.php:0, referer: http://dealtrak/logs/transaction
[Tue Jul 28 13:53:45.806258 2015] [:error] [pid 6662] [client 172.17.0.1:35244] PHP   2. include() /app/index.php:363, referer: http://dealtrak/logs/transaction
[Tue Jul 28 13:53:45.806260 2015] [:error] [pid 6662] [client 172.17.0.1:35244] PHP   3. include() /app/layouts/site.php:130, referer: http://dealtrak/logs/transaction
[Tue Jul 28 13:53:45.806393 2015] [:error] [pid 6662] [client 172.17.0.1:35244] PHP Notice:  Undefined index: destination_id in /app/site/logs/all_transactions.phtml on line 32, referer: http://dealtrak/logs/transaction
[Tue Jul 28 13:53:45.806396 2015] [:error] [pid 6662] [client 172.17.0.1:35244] PHP Stack trace:, referer: http://dealtrak/logs/transaction
[Tue Jul 28 13:53:45.806398 2015] [:error] [pid 6662] [client 172.17.0.1:35244] PHP   1. {main}() /app/index.php:0, referer: http://dealtrak/logs/transaction
[Tue Jul 28 13:53:45.806400 2015] [:error] [pid 6662] [client 172.17.0.1:35244] PHP   2. include() /app/index.php:363, referer: http://dealtrak/logs/transaction
[Tue Jul 28 13:53:45.806402 2015] [:error] [pid 6662] [client 172.17.0.1:35244] PHP   3. include() /app/layouts/site.php:130, referer: http://dealtrak/logs/transaction
[Tue Jul 28 13:53:45.806407 2015] [:error] [pid 6662] [client 172.17.0.1:35244] PHP Notice:  Undefined index: destination_id in /app/site/logs/all_transactions.phtml on line 32, referer: http://dealtrak/logs/transaction
[Tue Jul 28 13:53:45.806409 2015] [:error] [pid 6662] [client 172.17.0.1:35244] PHP Stack trace:, referer: http://dealtrak/logs/transaction
[Tue Jul 28 13:53:45.806411 2015] [:error] [pid 6662] [client 172.17.0.1:35244] PHP   1. {main}() /app/index.php:0, referer: http://dealtrak/logs/transaction
[Tue Jul 28 13:53:45.806413 2015] [:error] [pid 6662] [client 172.17.0.1:35244] PHP   2. include() /app/index.php:363, referer: http://dealtrak/logs/transaction
[Tue Jul 28 13:53:45.806415 2015] [:error] [pid 6662] [client 172.17.0.1:35244] PHP   3. include() /app/layouts/site.php:130, referer: http://dealtrak/logs/transaction
[Tue Jul 28 13:53:45.806423 2015] [:error] [pid 6662] [client 172.17.0.1:35244] PHP Notice:  Undefined index: destination_id in /app/site/logs/all_transactions.phtml on line 32, referer: http://dealtrak/logs/transaction
[Tue Jul 28 13:53:45.806425 2015] [:error] [pid 6662] [client 172.17.0.1:35244] PHP Stack trace:, referer: http://dealtrak/logs/transaction
[Tue Jul 28 13:53:45.806427 2015] [:error] [pid 6662] [client 172.17.0.1:35244] PHP   1. {main}() /app/index.php:0, referer: http://dealtrak/logs/transaction
[Tue Jul 28 13:53:45.806429 2015] [:error] [pid 6662] [client 172.17.0.1:35244] PHP   2. include() /app/index.php:363, referer: http://dealtrak/logs/transaction
[Tue Jul 28 13:53:45.806431 2015] [:error] [pid 6662] [client 172.17.0.1:35244] PHP   3. include() /app/layouts/site.php:130, referer: http://dealtrak/logs/transaction
[Tue Jul 28 13:53:45.806435 2015] [:error] [pid 6662] [client 172.17.0.1:35244] PHP Notice:  Undefined index: destination_id in /app/site/logs/all_transactions.phtml on line 32, referer: http://dealtrak/logs/transaction
[Tue Jul 28 13:53:45.806437 2015] [:error] [pid 6662] [client 172.17.0.1:35244] PHP Stack trace:, referer: http://dealtrak/logs/transaction
[Tue Jul 28 13:53:45.806439 2015] [:error] [pid 6662] [client 172.17.0.1:35244] PHP   1. {main}() /app/index.php:0, referer: http://dealtrak/logs/transaction
[Tue Jul 28 13:53:45.806441 2015] [:error] [pid 6662] [client 172.17.0.1:35244] PHP   2. include() /app/index.php:363, referer: http://dealtrak/logs/transaction
[Tue Jul 28 13:53:45.806443 2015] [:error] [pid 6662] [client 172.17.0.1:35244] PHP   3. include() /app/layouts/site.php:130, referer: http://dealtrak/logs/transaction
[Tue Jul 28 13:53:45.806448 2015] [:error] [pid 6662] [client 172.17.0.1:35244] PHP Notice:  Undefined index: destination_id in /app/site/logs/all_transactions.phtml on line 32, referer: http://dealtrak/logs/transaction
[Tue Jul 28 13:53:45.806449 2015] [:error] [pid 6662] [client 172.17.0.1:35244] PHP Stack trace:, referer: http://dealtrak/logs/transaction
[Tue Jul 28 13:53:45.806451 2015] [:error] [pid 6662] [client 172.17.0.1:35244] PHP   1. {main}() /app/index.php:0, referer: http://dealtrak/logs/transaction
[Tue Jul 28 13:53:45.806453 2015] [:error] [pid 6662] [client 172.17.0.1:35244] PHP   2. include() /app/index.php:363, referer: http://dealtrak/logs/transaction
[Tue Jul 28 13:53:45.806456 2015] [:error] [pid 6662] [client 172.17.0.1:35244] PHP   3. include() /app/layouts/site.php:130, referer: http://dealtrak/logs/transaction
[Tue Jul 28 13:53:45.806460 2015] [:error] [pid 6662] [client 172.17.0.1:35244] PHP Notice:  Undefined index: destination_id in /app/site/logs/all_transactions.phtml on line 32, referer: http://dealtrak/logs/transaction
[Tue Jul 28 13:53:45.806462 2015] [:error] [pid 6662] [client 172.17.0.1:35244] PHP Stack trace:, referer: http://dealtrak/logs/transaction
[Tue Jul 28 13:53:45.806464 2015] [:error] [pid 6662] [client 172.17.0.1:35244] PHP   1. {main}() /app/index.php:0, referer: http://dealtrak/logs/transaction
[Tue Jul 28 13:53:45.806466 2015] [:error] [pid 6662] [client 172.17.0.1:35244] PHP   2. include() /app/index.php:363, referer: http://dealtrak/logs/transaction
[Tue Jul 28 13:53:45.806468 2015] [:error] [pid 6662] [client 172.17.0.1:35244] PHP   3. include() /app/layouts/site.php:130, referer: http://dealtrak/logs/transaction
[Tue Jul 28 13:53:45.806472 2015] [:error] [pid 6662] [client 172.17.0.1:35244] PHP Notice:  Undefined index: destination_id in /app/site/logs/all_transactions.phtml on line 32, referer: http://dealtrak/logs/transaction
[Tue Jul 28 13:53:45.806474 2015] [:error] [pid 6662] [client 172.17.0.1:35244] PHP Stack trace:, referer: http://dealtrak/logs/transaction
[Tue Jul 28 13:53:45.806478 2015] [:error] [pid 6662] [client 172.17.0.1:35244] PHP   1. {main}() /app/index.php:0, referer: http://dealtrak/logs/transaction
[Tue Jul 28 13:53:45.806480 2015] [:error] [pid 6662] [client 172.17.0.1:35244] PHP   2. include() /app/index.php:363, referer: http://dealtrak/logs/transaction
[Tue Jul 28 13:53:45.806482 2015] [:error] [pid 6662] [client 172.17.0.1:35244] PHP   3. include() /app/layouts/site.php:130, referer: http://dealtrak/logs/transaction
[Tue Jul 28 13:53:45.806486 2015] [:error] [pid 6662] [client 172.17.0.1:35244] PHP Notice:  Undefined index: destination_id in /app/site/logs/all_transactions.phtml on line 32, referer: http://dealtrak/logs/transaction
[Tue Jul 28 13:53:45.806488 2015] [:error] [pid 6662] [client 172.17.0.1:35244] PHP Stack trace:, referer: http://dealtrak/logs/transaction
[Tue Jul 28 13:53:45.806490 2015] [:error] [pid 6662] [client 172.17.0.1:35244] PHP   1. {main}() /app/index.php:0, referer: http://dealtrak/logs/transaction
[Tue Jul 28 13:53:45.806492 2015] [:error] [pid 6662] [client 172.17.0.1:35244] PHP   2. include() /app/index.php:363, referer: http://dealtrak/logs/transaction
[Tue Jul 28 13:53:45.806494 2015] [:error] [pid 6662] [client 172.17.0.1:35244] PHP   3. include() /app/layouts/site.php:130, referer: http://dealtrak/logs/transaction
[Tue Jul 28 13:53:45.806499 2015] [:error] [pid 6662] [client 172.17.0.1:35244] PHP Notice:  Undefined index: destination_id in /app/site/logs/all_transactions.phtml on line 32, referer: http://dealtrak/logs/transaction
[Tue Jul 28 13:53:45.806500 2015] [:error] [pid 6662] [client 172.17.0.1:35244] PHP Stack trace:, referer: http://dealtrak/logs/transaction
[Tue Jul 28 13:53:45.806502 2015] [:error] [pid 6662] [client 172.17.0.1:35244] PHP   1. {main}() /app/index.php:0, referer: http://dealtrak/logs/transaction
[Tue Jul 28 13:53:45.806504 2015] [:error] [pid 6662] [client 172.17.0.1:35244] PHP   2. include() /app/index.php:363, referer: http://dealtrak/logs/transaction
[Tue Jul 28 13:53:45.806507 2015] [:error] [pid 6662] [client 172.17.0.1:35244] PHP   3. include() /app/layouts/site.php:130, referer: http://dealtrak/logs/transaction
[Tue Jul 28 13:53:45.806511 2015] [:error] [pid 6662] [client 172.17.0.1:35244] PHP Notice:  Undefined index: destination_id in /app/site/logs/all_transactions.phtml on line 32, referer: http://dealtrak/logs/transaction
[Tue Jul 28 13:53:45.806512 2015] [:error] [pid 6662] [client 172.17.0.1:35244] PHP Stack trace:, referer: http://dealtrak/logs/transaction
[Tue Jul 28 13:53:45.806515 2015] [:error] [pid 6662] [client 172.17.0.1:35244] PHP   1. {main}() /app/index.php:0, referer: http://dealtrak/logs/transaction
[Tue Jul 28 13:53:45.806517 2015] [:error] [pid 6662] [client 172.17.0.1:35244] PHP   2. include() /app/index.php:363, referer: http://dealtrak/logs/transaction
[Tue Jul 28 13:53:45.806519 2015] [:error] [pid 6662] [client 172.17.0.1:35244] PHP   3. include() /app/layouts/site.php:130, referer: http://dealtrak/logs/transaction
[Tue Jul 28 13:53:45.806523 2015] [:error] [pid 6662] [client 172.17.0.1:35244] PHP Notice:  Undefined index: destination_id in /app/site/logs/all_transactions.phtml on line 32, referer: http://dealtrak/logs/transaction
[Tue Jul 28 13:53:45.806525 2015] [:error] [pid 6662] [client 172.17.0.1:35244] PHP Stack trace:, referer: http://dealtrak/logs/transaction
[Tue Jul 28 13:53:45.806527 2015] [:error] [pid 6662] [client 172.17.0.1:35244] PHP   1. {main}() /app/index.php:0, referer: http://dealtrak/logs/transaction
[Tue Jul 28 13:53:45.806529 2015] [:error] [pid 6662] [client 172.17.0.1:35244] PHP   2. include() /app/index.php:363, referer: http://dealtrak/logs/transaction
[Tue Jul 28 13:53:45.806533 2015] [:error] [pid 6662] [client 172.17.0.1:35244] PHP   3. include() /app/layouts/site.php:130, referer: http://dealtrak/logs/transaction
[Tue Jul 28 13:53:45.806537 2015] [:error] [pid 6662] [client 172.17.0.1:35244] PHP Notice:  Undefined index: destination_id in /app/site/logs/all_transactions.phtml on line 32, referer: http://dealtrak/logs/transaction
[Tue Jul 28 13:53:45.806539 2015] [:error] [pid 6662] [client 172.17.0.1:35244] PHP Stack trace:, referer: http://dealtrak/logs/transaction
[Tue Jul 28 13:53:45.806541 2015] [:error] [pid 6662] [client 172.17.0.1:35244] PHP   1. {main}() /app/index.php:0, referer: http://dealtrak/logs/transaction
[Tue Jul 28 13:53:45.806543 2015] [:error] [pid 6662] [client 172.17.0.1:35244] PHP   2. include() /app/index.php:363, referer: http://dealtrak/logs/transaction
[Tue Jul 28 13:53:45.806545 2015] [:error] [pid 6662] [client 172.17.0.1:35244] PHP   3. include() /app/layouts/site.php:130, referer: http://dealtrak/logs/transaction
[Tue Jul 28 13:53:45.806549 2015] [:error] [pid 6662] [client 172.17.0.1:35244] PHP Notice:  Undefined index: destination_id in /app/site/logs/all_transactions.phtml on line 32, referer: http://dealtrak/logs/transaction
[Tue Jul 28 13:53:45.806551 2015] [:error] [pid 6662] [client 172.17.0.1:35244] PHP Stack trace:, referer: http://dealtrak/logs/transaction
[Tue Jul 28 13:53:45.806553 2015] [:error] [pid 6662] [client 172.17.0.1:35244] PHP   1. {main}() /app/index.php:0, referer: http://dealtrak/logs/transaction
[Tue Jul 28 13:53:45.806555 2015] [:error] [pid 6662] [client 172.17.0.1:35244] PHP   2. include() /app/index.php:363, referer: http://dealtrak/logs/transaction
[Tue Jul 28 13:53:45.806557 2015] [:error] [pid 6662] [client 172.17.0.1:35244] PHP   3. include() /app/layouts/site.php:130, referer: http://dealtrak/logs/transaction
[Tue Jul 28 13:53:45.806562 2015] [:error] [pid 6662] [client 172.17.0.1:35244] PHP Notice:  Undefined index: destination_id in /app/site/logs/all_transactions.phtml on line 32, referer: http://dealtrak/logs/transaction
[Tue Jul 28 13:53:45.806563 2015] [:error] [pid 6662] [client 172.17.0.1:35244] PHP Stack trace:, referer: http://dealtrak/logs/transaction
[Tue Jul 28 13:53:45.806565 2015] [:error] [pid 6662] [client 172.17.0.1:35244] PHP   1. {main}() /app/index.php:0, referer: http://dealtrak/logs/transaction
[Tue Jul 28 13:53:45.806567 2015] [:error] [pid 6662] [client 172.17.0.1:35244] PHP   2. include() /app/index.php:363, referer: http://dealtrak/logs/transaction
[Tue Jul 28 13:53:45.806570 2015] [:error] [pid 6662] [client 172.17.0.1:35244] PHP   3. include() /app/layouts/site.php:130, referer: http://dealtrak/logs/transaction
[Tue Jul 28 13:53:45.806574 2015] [:error] [pid 6662] [client 172.17.0.1:35244] PHP Notice:  Undefined index: destination_id in /app/site/logs/all_transactions.phtml on line 32, referer: http://dealtrak/logs/transaction
[Tue Jul 28 13:53:45.806576 2015] [:error] [pid 6662] [client 172.17.0.1:35244] PHP Stack trace:, referer: http://dealtrak/logs/transaction
[Tue Jul 28 13:53:45.806578 2015] [:error] [pid 6662] [client 172.17.0.1:35244] PHP   1. {main}() /app/index.php:0, referer: http://dealtrak/logs/transaction
[Tue Jul 28 13:53:45.806580 2015] [:error] [pid 6662] [client 172.17.0.1:35244] PHP   2. include() /app/index.php:363, referer: http://dealtrak/logs/transaction
[Tue Jul 28 13:53:45.806582 2015] [:error] [pid 6662] [client 172.17.0.1:35244] PHP   3. include() /app/layouts/site.php:130, referer: http://dealtrak/logs/transaction
[Tue Jul 28 13:53:45.806588 2015] [:error] [pid 6662] [client 172.17.0.1:35244] PHP Notice:  Undefined index: destination_id in /app/site/logs/all_transactions.phtml on line 32, referer: http://dealtrak/logs/transaction
[Tue Jul 28 13:53:45.806590 2015] [:error] [pid 6662] [client 172.17.0.1:35244] PHP Stack trace:, referer: http://dealtrak/logs/transaction
[Tue Jul 28 13:53:45.806592 2015] [:error] [pid 6662] [client 172.17.0.1:35244] PHP   1. {main}() /app/index.php:0, referer: http://dealtrak/logs/transaction
[Tue Jul 28 13:53:45.806594 2015] [:error] [pid 6662] [client 172.17.0.1:35244] PHP   2. include() /app/index.php:363, referer: http://dealtrak/logs/transaction
[Tue Jul 28 13:53:45.806596 2015] [:error] [pid 6662] [client 172.17.0.1:35244] PHP   3. include() /app/layouts/site.php:130, referer: http://dealtrak/logs/transaction
[Tue Jul 28 13:53:45.806600 2015] [:error] [pid 6662] [client 172.17.0.1:35244] PHP Notice:  Undefined index: destination_id in /app/site/logs/all_transactions.phtml on line 32, referer: http://dealtrak/logs/transaction
[Tue Jul 28 13:53:45.806602 2015] [:error] [pid 6662] [client 172.17.0.1:35244] PHP Stack trace:, referer: http://dealtrak/logs/transaction
[Tue Jul 28 13:53:45.806604 2015] [:error] [pid 6662] [client 172.17.0.1:35244] PHP   1. {main}() /app/index.php:0, referer: http://dealtrak/logs/transaction
[Tue Jul 28 13:53:45.806606 2015] [:error] [pid 6662] [client 172.17.0.1:35244] PHP   2. include() /app/index.php:363, referer: http://dealtrak/logs/transaction
[Tue Jul 28 13:53:45.806608 2015] [:error] [pid 6662] [client 172.17.0.1:35244] PHP   3. include() /app/layouts/site.php:130, referer: http://dealtrak/logs/transaction
[Tue Jul 28 13:53:45.806613 2015] [:error] [pid 6662] [client 172.17.0.1:35244] PHP Notice:  Undefined index: destination_id in /app/site/logs/all_transactions.phtml on line 32, referer: http://dealtrak/logs/transaction
[Tue Jul 28 13:53:45.806614 2015] [:error] [pid 6662] [client 172.17.0.1:35244] PHP Stack trace:, referer: http://dealtrak/logs/transaction
[Tue Jul 28 13:53:45.806616 2015] [:error] [pid 6662] [client 172.17.0.1:35244] PHP   1. {main}() /app/index.php:0, referer: http://dealtrak/logs/transaction
[Tue Jul 28 13:53:45.806618 2015] [:error] [pid 6662] [client 172.17.0.1:35244] PHP   2. include() /app/index.php:363, referer: http://dealtrak/logs/transaction
[Tue Jul 28 13:53:45.806620 2015] [:error] [pid 6662] [client 172.17.0.1:35244] PHP   3. include() /app/layouts/site.php:130, referer: http://dealtrak/logs/transaction
[Tue Jul 28 13:53:45.806625 2015] [:error] [pid 6662] [client 172.17.0.1:35244] PHP Notice:  Undefined index: destination_id in /app/site/logs/all_transactions.phtml on line 32, referer: http://dealtrak/logs/transaction
[Tue Jul 28 13:53:45.806626 2015] [:error] [pid 6662] [client 172.17.0.1:35244] PHP Stack trace:, referer: http://dealtrak/logs/transaction
[Tue Jul 28 13:53:45.806629 2015] [:error] [pid 6662] [client 172.17.0.1:35244] PHP   1. {main}() /app/index.php:0, referer: http://dealtrak/logs/transaction
[Tue Jul 28 13:53:45.806631 2015] [:error] [pid 6662] [client 172.17.0.1:35244] PHP   2. include() /app/index.php:363, referer: http://dealtrak/logs/transaction
[Tue Jul 28 13:53:45.806633 2015] [:error] [pid 6662] [client 172.17.0.1:35244] PHP   3. include() /app/layouts/site.php:130, referer: http://dealtrak/logs/transaction
[Tue Jul 28 13:53:45.806637 2015] [:error] [pid 6662] [client 172.17.0.1:35244] PHP Notice:  Undefined index: destination_id in /app/site/logs/all_transactions.phtml on line 32, referer: http://dealtrak/logs/transaction
[Tue Jul 28 13:53:45.806639 2015] [:error] [pid 6662] [client 172.17.0.1:35244] PHP Stack trace:, referer: http://dealtrak/logs/transaction
[Tue Jul 28 13:53:45.806643 2015] [:error] [pid 6662] [client 172.17.0.1:35244] PHP   1. {main}() /app/index.php:0, referer: http://dealtrak/logs/transaction
[Tue Jul 28 13:53:45.806645 2015] [:error] [pid 6662] [client 172.17.0.1:35244] PHP   2. include() /app/index.php:363, referer: http://dealtrak/logs/transaction
[Tue Jul 28 13:53:45.806647 2015] [:error] [pid 6662] [client 172.17.0.1:35244] PHP   3. include() /app/layouts/site.php:130, referer: http://dealtrak/logs/transaction
[Tue Jul 28 13:53:45.806652 2015] [:error] [pid 6662] [client 172.17.0.1:35244] PHP Notice:  Undefined index: destination_id in /app/site/logs/all_transactions.phtml on line 32, referer: http://dealtrak/logs/transaction
[Tue Jul 28 13:53:45.806653 2015] [:error] [pid 6662] [client 172.17.0.1:35244] PHP Stack trace:, referer: http://dealtrak/logs/transaction
[Tue Jul 28 13:53:45.806656 2015] [:error] [pid 6662] [client 172.17.0.1:35244] PHP   1. {main}() /app/index.php:0, referer: http://dealtrak/logs/transaction
[Tue Jul 28 13:53:45.806658 2015] [:error] [pid 6662] [client 172.17.0.1:35244] PHP   2. include() /app/index.php:363, referer: http://dealtrak/logs/transaction
[Tue Jul 28 13:53:45.806660 2015] [:error] [pid 6662] [client 172.17.0.1:35244] PHP   3. include() /app/layouts/site.php:130, referer: http://dealtrak/logs/transaction
[Tue Jul 28 13:53:45.806664 2015] [:error] [pid 6662] [client 172.17.0.1:35244] PHP Notice:  Undefined index: destination_id in /app/site/logs/all_transactions.phtml on line 32, referer: http://dealtrak/logs/transaction
[Tue Jul 28 13:53:45.806666 2015] [:error] [pid 6662] [client 172.17.0.1:35244] PHP Stack trace:, referer: http://dealtrak/logs/transaction
[Tue Jul 28 13:53:45.806668 2015] [:error] [pid 6662] [client 172.17.0.1:35244] PHP   1. {main}() /app/index.php:0, referer: http://dealtrak/logs/transaction
[Tue Jul 28 13:53:45.806670 2015] [:error] [pid 6662] [client 172.17.0.1:35244] PHP   2. include() /app/index.php:363, referer: http://dealtrak/logs/transaction
[Tue Jul 28 13:53:45.806672 2015] [:error] [pid 6662] [client 172.17.0.1:35244] PHP   3. include() /app/layouts/site.php:130, referer: http://dealtrak/logs/transaction
[Tue Jul 28 13:53:45.806676 2015] [:error] [pid 6662] [client 172.17.0.1:35244] PHP Notice:  Undefined index: destination_id in /app/site/logs/all_transactions.phtml on line 32, referer: http://dealtrak/logs/transaction
[Tue Jul 28 13:53:45.806678 2015] [:error] [pid 6662] [client 172.17.0.1:35244] PHP Stack trace:, referer: http://dealtrak/logs/transaction
[Tue Jul 28 13:53:45.806680 2015] [:error] [pid 6662] [client 172.17.0.1:35244] PHP   1. {main}() /app/index.php:0, referer: http://dealtrak/logs/transaction
[Tue Jul 28 13:53:45.806682 2015] [:error] [pid 6662] [client 172.17.0.1:35244] PHP   2. include() /app/index.php:363, referer: http://dealtrak/logs/transaction
[Tue Jul 28 13:53:45.806684 2015] [:error] [pid 6662] [client 172.17.0.1:35244] PHP   3. include() /app/layouts/site.php:130, referer: http://dealtrak/logs/transaction
[Tue Jul 28 13:53:45.806688 2015] [:error] [pid 6662] [client 172.17.0.1:35244] PHP Notice:  Undefined index: destination_id in /app/site/logs/all_transactions.phtml on line 32, referer: http://dealtrak/logs/transaction
[Tue Jul 28 13:53:45.806690 2015] [:error] [pid 6662] [client 172.17.0.1:35244] PHP Stack trace:, referer: http://dealtrak/logs/transaction
[Tue Jul 28 13:53:45.806692 2015] [:error] [pid 6662] [client 172.17.0.1:35244] PHP   1. {main}() /app/index.php:0, referer: http://dealtrak/logs/transaction
[Tue Jul 28 13:53:45.806694 2015] [:error] [pid 6662] [client 172.17.0.1:35244] PHP   2. include() /app/index.php:363, referer: http://dealtrak/logs/transaction
[Tue Jul 28 13:53:45.806698 2015] [:error] [pid 6662] [client 172.17.0.1:35244] PHP   3. include() /app/layouts/site.php:130, referer: http://dealtrak/logs/transaction
[Tue Jul 28 13:53:45.806703 2015] [:error] [pid 6662] [client 172.17.0.1:35244] PHP Notice:  Undefined index: destination_id in /app/site/logs/all_transactions.phtml on line 32, referer: http://dealtrak/logs/transaction
[Tue Jul 28 13:53:45.806704 2015] [:error] [pid 6662] [client 172.17.0.1:35244] PHP Stack trace:, referer: http://dealtrak/logs/transaction
[Tue Jul 28 13:53:45.806706 2015] [:error] [pid 6662] [client 172.17.0.1:35244] PHP   1. {main}() /app/index.php:0, referer: http://dealtrak/logs/transaction
[Tue Jul 28 13:53:45.806709 2015] [:error] [pid 6662] [client 172.17.0.1:35244] PHP   2. include() /app/index.php:363, referer: http://dealtrak/logs/transaction
[Tue Jul 28 13:53:45.806711 2015] [:error] [pid 6662] [client 172.17.0.1:35244] PHP   3. include() /app/layouts/site.php:130, referer: http://dealtrak/logs/transaction
[Tue Jul 28 13:53:45.806715 2015] [:error] [pid 6662] [client 172.17.0.1:35244] PHP Notice:  Undefined index: destination_id in /app/site/logs/all_transactions.phtml on line 32, referer: http://dealtrak/logs/transaction
[Tue Jul 28 13:53:45.806717 2015] [:error] [pid 6662] [client 172.17.0.1:35244] PHP Stack trace:, referer: http://dealtrak/logs/transaction
[Tue Jul 28 13:53:45.806719 2015] [:error] [pid 6662] [client 172.17.0.1:35244] PHP   1. {main}() /app/index.php:0, referer: http://dealtrak/logs/transaction
[Tue Jul 28 13:53:45.806721 2015] [:error] [pid 6662] [client 172.17.0.1:35244] PHP   2. include() /app/index.php:363, referer: http://dealtrak/logs/transaction
[Tue Jul 28 13:53:45.806723 2015] [:error] [pid 6662] [client 172.17.0.1:35244] PHP   3. include() /app/layouts/site.php:130, referer: http://dealtrak/logs/transaction
[Tue Jul 28 13:53:45.806727 2015] [:error] [pid 6662] [client 172.17.0.1:35244] PHP Notice:  Undefined index: destination_id in /app/site/logs/all_transactions.phtml on line 32, referer: http://dealtrak/logs/transaction
[Tue Jul 28 13:53:45.806729 2015] [:error] [pid 6662] [client 172.17.0.1:35244] PHP Stack trace:, referer: http://dealtrak/logs/transaction
[Tue Jul 28 13:53:45.806731 2015] [:error] [pid 6662] [client 172.17.0.1:35244] PHP   1. {main}() /app/index.php:0, referer: http://dealtrak/logs/transaction
[Tue Jul 28 13:53:45.806733 2015] [:error] [pid 6662] [client 172.17.0.1:35244] PHP   2. include() /app/index.php:363, referer: http://dealtrak/logs/transaction
[Tue Jul 28 13:53:45.806735 2015] [:error] [pid 6662] [client 172.17.0.1:35244] PHP   3. include() /app/layouts/site.php:130, referer: http://dealtrak/logs/transaction
[Tue Jul 28 13:53:45.806739 2015] [:error] [pid 6662] [client 172.17.0.1:35244] PHP Notice:  Undefined index: destination_id in /app/site/logs/all_transactions.phtml on line 32, referer: http://dealtrak/logs/transaction
[Tue Jul 28 13:53:45.806741 2015] [:error] [pid 6662] [client 172.17.0.1:35244] PHP Stack trace:, referer: http://dealtrak/logs/transaction
[Tue Jul 28 13:53:45.806743 2015] [:error] [pid 6662] [client 172.17.0.1:35244] PHP   1. {main}() /app/index.php:0, referer: http://dealtrak/logs/transaction
[Tue Jul 28 13:53:45.806745 2015] [:error] [pid 6662] [client 172.17.0.1:35244] PHP   2. include() /app/index.php:363, referer: http://dealtrak/logs/transaction
[Tue Jul 28 13:53:45.806747 2015] [:error] [pid 6662] [client 172.17.0.1:35244] PHP   3. include() /app/layouts/site.php:130, referer: http://dealtrak/logs/transaction
[Tue Jul 28 13:53:45.806752 2015] [:error] [pid 6662] [client 172.17.0.1:35244] PHP Notice:  Undefined index: destination_id in /app/site/logs/all_transactions.phtml on line 32, referer: http://dealtrak/logs/transaction
[Tue Jul 28 13:53:45.806755 2015] [:error] [pid 6662] [client 172.17.0.1:35244] PHP Stack trace:, referer: http://dealtrak/logs/transaction
[Tue Jul 28 13:53:45.806757 2015] [:error] [pid 6662] [client 172.17.0.1:35244] PHP   1. {main}() /app/index.php:0, referer: http://dealtrak/logs/transaction
[Tue Jul 28 13:53:45.806759 2015] [:error] [pid 6662] [client 172.17.0.1:35244] PHP   2. include() /app/index.php:363, referer: http://dealtrak/logs/transaction
[Tue Jul 28 13:53:45.806761 2015] [:error] [pid 6662] [client 172.17.0.1:35244] PHP   3. include() /app/layouts/site.php:130, referer: http://dealtrak/logs/transaction
[Tue Jul 28 13:53:45.806766 2015] [:error] [pid 6662] [client 172.17.0.1:35244] PHP Notice:  Undefined index: destination_id in /app/site/logs/all_transactions.phtml on line 32, referer: http://dealtrak/logs/transaction
[Tue Jul 28 13:53:45.806767 2015] [:error] [pid 6662] [client 172.17.0.1:35244] PHP Stack trace:, referer: http://dealtrak/logs/transaction
[Tue Jul 28 13:53:45.806770 2015] [:error] [pid 6662] [client 172.17.0.1:35244] PHP   1. {main}() /app/index.php:0, referer: http://dealtrak/logs/transaction
[Tue Jul 28 13:53:45.806772 2015] [:error] [pid 6662] [client 172.17.0.1:35244] PHP   2. include() /app/index.php:363, referer: http://dealtrak/logs/transaction
[Tue Jul 28 13:53:45.806774 2015] [:error] [pid 6662] [client 172.17.0.1:35244] PHP   3. include() /app/layouts/site.php:130, referer: http://dealtrak/logs/transaction
[Tue Jul 28 13:53:45.806778 2015] [:error] [pid 6662] [client 172.17.0.1:35244] PHP Notice:  Undefined index: destination_id in /app/site/logs/all_transactions.phtml on line 32, referer: http://dealtrak/logs/transaction
[Tue Jul 28 13:53:45.806780 2015] [:error] [pid 6662] [client 172.17.0.1:35244] PHP Stack trace:, referer: http://dealtrak/logs/transaction
[Tue Jul 28 13:53:45.806782 2015] [:error] [pid 6662] [client 172.17.0.1:35244] PHP   1. {main}() /app/index.php:0, referer: http://dealtrak/logs/transaction
[Tue Jul 28 13:53:45.806784 2015] [:error] [pid 6662] [client 172.17.0.1:35244] PHP   2. include() /app/index.php:363, referer: http://dealtrak/logs/transaction
[Tue Jul 28 13:53:45.806786 2015] [:error] [pid 6662] [client 172.17.0.1:35244] PHP   3. include() /app/layouts/site.php:130, referer: http://dealtrak/logs/transaction
[Tue Jul 28 13:53:45.806790 2015] [:error] [pid 6662] [client 172.17.0.1:35244] PHP Notice:  Undefined index: destination_id in /app/site/logs/all_transactions.phtml on line 32, referer: http://dealtrak/logs/transaction
[Tue Jul 28 13:53:45.806792 2015] [:error] [pid 6662] [client 172.17.0.1:35244] PHP Stack trace:, referer: http://dealtrak/logs/transaction
[Tue Jul 28 13:53:45.806794 2015] [:error] [pid 6662] [client 172.17.0.1:35244] PHP   1. {main}() /app/index.php:0, referer: http://dealtrak/logs/transaction
[Tue Jul 28 13:53:45.806796 2015] [:error] [pid 6662] [client 172.17.0.1:35244] PHP   2. include() /app/index.php:363, referer: http://dealtrak/logs/transaction
[Tue Jul 28 13:53:45.806798 2015] [:error] [pid 6662] [client 172.17.0.1:35244] PHP   3. include() /app/layouts/site.php:130, referer: http://dealtrak/logs/transaction
[Tue Jul 28 13:53:45.806802 2015] [:error] [pid 6662] [client 172.17.0.1:35244] PHP Notice:  Undefined index: destination_id in /app/site/logs/all_transactions.phtml on line 32, referer: http://dealtrak/logs/transaction
[Tue Jul 28 13:53:45.806804 2015] [:error] [pid 6662] [client 172.17.0.1:35244] PHP Stack trace:, referer: http://dealtrak/logs/transaction
[Tue Jul 28 13:53:45.806808 2015] [:error] [pid 6662] [client 172.17.0.1:35244] PHP   1. {main}() /app/index.php:0, referer: http://dealtrak/logs/transaction
[Tue Jul 28 13:53:45.806810 2015] [:error] [pid 6662] [client 172.17.0.1:35244] PHP   2. include() /app/index.php:363, referer: http://dealtrak/logs/transaction
[Tue Jul 28 13:53:45.806812 2015] [:error] [pid 6662] [client 172.17.0.1:35244] PHP   3. include() /app/layouts/site.php:130, referer: http://dealtrak/logs/transaction
[Tue Jul 28 13:53:45.806816 2015] [:error] [pid 6662] [client 172.17.0.1:35244] PHP Notice:  Undefined index: destination_id in /app/site/logs/all_transactions.phtml on line 32, referer: http://dealtrak/logs/transaction
[Tue Jul 28 13:53:45.806818 2015] [:error] [pid 6662] [client 172.17.0.1:35244] PHP Stack trace:, referer: http://dealtrak/logs/transaction
[Tue Jul 28 13:53:45.806820 2015] [:error] [pid 6662] [client 172.17.0.1:35244] PHP   1. {main}() /app/index.php:0, referer: http://dealtrak/logs/transaction
[Tue Jul 28 13:53:45.806822 2015] [:error] [pid 6662] [client 172.17.0.1:35244] PHP   2. include() /app/index.php:363, referer: http://dealtrak/logs/transaction
[Tue Jul 28 13:53:45.806824 2015] [:error] [pid 6662] [client 172.17.0.1:35244] PHP   3. include() /app/layouts/site.php:130, referer: http://dealtrak/logs/transaction
[Tue Jul 28 13:53:45.806829 2015] [:error] [pid 6662] [client 172.17.0.1:35244] PHP Notice:  Undefined index: destination_id in /app/site/logs/all_transactions.phtml on line 32, referer: http://dealtrak/logs/transaction
[Tue Jul 28 13:53:45.806830 2015] [:error] [pid 6662] [client 172.17.0.1:35244] PHP Stack trace:, referer: http://dealtrak/logs/transaction
[Tue Jul 28 13:53:45.806832 2015] [:error] [pid 6662] [client 172.17.0.1:35244] PHP   1. {main}() /app/index.php:0, referer: http://dealtrak/logs/transaction
[Tue Jul 28 13:53:45.806835 2015] [:error] [pid 6662] [client 172.17.0.1:35244] PHP   2. include() /app/index.php:363, referer: http://dealtrak/logs/transaction
[Tue Jul 28 13:53:45.806837 2015] [:error] [pid 6662] [client 172.17.0.1:35244] PHP   3. include() /app/layouts/site.php:130, referer: http://dealtrak/logs/transaction
[Tue Jul 28 13:53:45.806841 2015] [:error] [pid 6662] [client 172.17.0.1:35244] PHP Notice:  Undefined index: destination_id in /app/site/logs/all_transactions.phtml on line 32, referer: http://dealtrak/logs/transaction
[Tue Jul 28 13:53:45.806843 2015] [:error] [pid 6662] [client 172.17.0.1:35244] PHP Stack trace:, referer: http://dealtrak/logs/transaction
[Tue Jul 28 13:53:45.806845 2015] [:error] [pid 6662] [client 172.17.0.1:35244] PHP   1. {main}() /app/index.php:0, referer: http://dealtrak/logs/transaction
[Tue Jul 28 13:53:45.806847 2015] [:error] [pid 6662] [client 172.17.0.1:35244] PHP   2. include() /app/index.php:363, referer: http://dealtrak/logs/transaction
[Tue Jul 28 13:53:45.806849 2015] [:error] [pid 6662] [client 172.17.0.1:35244] PHP   3. include() /app/layouts/site.php:130, referer: http://dealtrak/logs/transaction
[Tue Jul 28 13:53:45.806853 2015] [:error] [pid 6662] [client 172.17.0.1:35244] PHP Notice:  Undefined index: destination_id in /app/site/logs/all_transactions.phtml on line 32, referer: http://dealtrak/logs/transaction
[Tue Jul 28 13:53:45.806855 2015] [:error] [pid 6662] [client 172.17.0.1:35244] PHP Stack trace:, referer: http://dealtrak/logs/transaction
[Tue Jul 28 13:53:45.806857 2015] [:error] [pid 6662] [client 172.17.0.1:35244] PHP   1. {main}() /app/index.php:0, referer: http://dealtrak/logs/transaction
[Tue Jul 28 13:53:45.806859 2015] [:error] [pid 6662] [client 172.17.0.1:35244] PHP   2. include() /app/index.php:363, referer: http://dealtrak/logs/transaction
[Tue Jul 28 13:53:45.806863 2015] [:error] [pid 6662] [client 172.17.0.1:35244] PHP   3. include() /app/layouts/site.php:130, referer: http://dealtrak/logs/transaction
[Tue Jul 28 13:53:45.806867 2015] [:error] [pid 6662] [client 172.17.0.1:35244] PHP Notice:  Undefined index: destination_id in /app/site/logs/all_transactions.phtml on line 32, referer: http://dealtrak/logs/transaction
[Tue Jul 28 13:53:45.806869 2015] [:error] [pid 6662] [client 172.17.0.1:35244] PHP Stack trace:, referer: http://dealtrak/logs/transaction
[Tue Jul 28 13:53:45.806871 2015] [:error] [pid 6662] [client 172.17.0.1:35244] PHP   1. {main}() /app/index.php:0, referer: http://dealtrak/logs/transaction
[Tue Jul 28 13:53:45.806873 2015] [:error] [pid 6662] [client 172.17.0.1:35244] PHP   2. include() /app/index.php:363, referer: http://dealtrak/logs/transaction
[Tue Jul 28 13:53:45.806875 2015] [:error] [pid 6662] [client 172.17.0.1:35244] PHP   3. include() /app/layouts/site.php:130, referer: http://dealtrak/logs/transaction
[Tue Jul 28 13:53:45.806879 2015] [:error] [pid 6662] [client 172.17.0.1:35244] PHP Notice:  Undefined index: destination_id in /app/site/logs/all_transactions.phtml on line 32, referer: http://dealtrak/logs/transaction
[Tue Jul 28 13:53:45.806881 2015] [:error] [pid 6662] [client 172.17.0.1:35244] PHP Stack trace:, referer: http://dealtrak/logs/transaction
[Tue Jul 28 13:53:45.806883 2015] [:error] [pid 6662] [client 172.17.0.1:35244] PHP   1. {main}() /app/index.php:0, referer: http://dealtrak/logs/transaction
[Tue Jul 28 13:53:45.806885 2015] [:error] [pid 6662] [client 172.17.0.1:35244] PHP   2. include() /app/index.php:363, referer: http://dealtrak/logs/transaction
[Tue Jul 28 13:53:45.806887 2015] [:error] [pid 6662] [client 172.17.0.1:35244] PHP   3. include() /app/layouts/site.php:130, referer: http://dealtrak/logs/transaction
[Tue Jul 28 13:53:45.806891 2015] [:error] [pid 6662] [client 172.17.0.1:35244] PHP Notice:  Undefined index: destination_id in /app/site/logs/all_transactions.phtml on line 32, referer: http://dealtrak/logs/transaction
[Tue Jul 28 13:53:45.806893 2015] [:error] [pid 6662] [client 172.17.0.1:35244] PHP Stack trace:, referer: http://dealtrak/logs/transaction
[Tue Jul 28 13:53:45.806895 2015] [:error] [pid 6662] [client 172.17.0.1:35244] PHP   1. {main}() /app/index.php:0, referer: http://dealtrak/logs/transaction
[Tue Jul 28 13:53:45.806897 2015] [:error] [pid 6662] [client 172.17.0.1:35244] PHP   2. include() /app/index.php:363, referer: http://dealtrak/logs/transaction
[Tue Jul 28 13:53:45.806899 2015] [:error] [pid 6662] [client 172.17.0.1:35244] PHP   3. include() /app/layouts/site.php:130, referer: http://dealtrak/logs/transaction
[Tue Jul 28 13:53:45.806904 2015] [:error] [pid 6662] [client 172.17.0.1:35244] PHP Notice:  Undefined index: destination_id in /app/site/logs/all_transactions.phtml on line 32, referer: http://dealtrak/logs/transaction
[Tue Jul 28 13:53:45.806905 2015] [:error] [pid 6662] [client 172.17.0.1:35244] PHP Stack trace:, referer: http://dealtrak/logs/transaction
[Tue Jul 28 13:53:45.806907 2015] [:error] [pid 6662] [client 172.17.0.1:35244] PHP   1. {main}() /app/index.php:0, referer: http://dealtrak/logs/transaction
[Tue Jul 28 13:53:45.806909 2015] [:error] [pid 6662] [client 172.17.0.1:35244] PHP   2. include() /app/index.php:363, referer: http://dealtrak/logs/transaction
[Tue Jul 28 13:53:45.806912 2015] [:error] [pid 6662] [client 172.17.0.1:35244] PHP   3. include() /app/layouts/site.php:130, referer: http://dealtrak/logs/transaction
[Tue Jul 28 13:53:45.806916 2015] [:error] [pid 6662] [client 172.17.0.1:35244] PHP Notice:  Undefined index: destination_id in /app/site/logs/all_transactions.phtml on line 32, referer: http://dealtrak/logs/transaction
[Tue Jul 28 13:53:45.806919 2015] [:error] [pid 6662] [client 172.17.0.1:35244] PHP Stack trace:, referer: http://dealtrak/logs/transaction
[Tue Jul 28 13:53:45.806921 2015] [:error] [pid 6662] [client 172.17.0.1:35244] PHP   1. {main}() /app/index.php:0, referer: http://dealtrak/logs/transaction
[Tue Jul 28 13:53:45.806923 2015] [:error] [pid 6662] [client 172.17.0.1:35244] PHP   2. include() /app/index.php:363, referer: http://dealtrak/logs/transaction
[Tue Jul 28 13:53:45.806925 2015] [:error] [pid 6662] [client 172.17.0.1:35244] PHP   3. include() /app/layouts/site.php:130, referer: http://dealtrak/logs/transaction
[Tue Jul 28 13:53:45.806930 2015] [:error] [pid 6662] [client 172.17.0.1:35244] PHP Notice:  Undefined index: destination_id in /app/site/logs/all_transactions.phtml on line 32, referer: http://dealtrak/logs/transaction
[Tue Jul 28 13:53:45.806931 2015] [:error] [pid 6662] [client 172.17.0.1:35244] PHP Stack trace:, referer: http://dealtrak/logs/transaction
[Tue Jul 28 13:53:45.806933 2015] [:error] [pid 6662] [client 172.17.0.1:35244] PHP   1. {main}() /app/index.php:0, referer: http://dealtrak/logs/transaction
[Tue Jul 28 13:53:45.806936 2015] [:error] [pid 6662] [client 172.17.0.1:35244] PHP   2. include() /app/index.php:363, referer: http://dealtrak/logs/transaction
[Tue Jul 28 13:53:45.806938 2015] [:error] [pid 6662] [client 172.17.0.1:35244] PHP   3. include() /app/layouts/site.php:130, referer: http://dealtrak/logs/transaction
[Tue Jul 28 13:53:45.806942 2015] [:error] [pid 6662] [client 172.17.0.1:35244] PHP Notice:  Undefined index: destination_id in /app/site/logs/all_transactions.phtml on line 32, referer: http://dealtrak/logs/transaction
[Tue Jul 28 13:53:45.806944 2015] [:error] [pid 6662] [client 172.17.0.1:35244] PHP Stack trace:, referer: http://dealtrak/logs/transaction
[Tue Jul 28 13:53:45.806946 2015] [:error] [pid 6662] [client 172.17.0.1:35244] PHP   1. {main}() /app/index.php:0, referer: http://dealtrak/logs/transaction
[Tue Jul 28 13:53:45.806948 2015] [:error] [pid 6662] [client 172.17.0.1:35244] PHP   2. include() /app/index.php:363, referer: http://dealtrak/logs/transaction
[Tue Jul 28 13:53:45.806950 2015] [:error] [pid 6662] [client 172.17.0.1:35244] PHP   3. include() /app/layouts/site.php:130, referer: http://dealtrak/logs/transaction
[Tue Jul 28 13:53:45.806954 2015] [:error] [pid 6662] [client 172.17.0.1:35244] PHP Notice:  Undefined index: destination_id in /app/site/logs/all_transactions.phtml on line 32, referer: http://dealtrak/logs/transaction
[Tue Jul 28 13:53:45.806956 2015] [:error] [pid 6662] [client 172.17.0.1:35244] PHP Stack trace:, referer: http://dealtrak/logs/transaction
[Tue Jul 28 13:53:45.806958 2015] [:error] [pid 6662] [client 172.17.0.1:35244] PHP   1. {main}() /app/index.php:0, referer: http://dealtrak/logs/transaction
[Tue Jul 28 13:53:45.806960 2015] [:error] [pid 6662] [client 172.17.0.1:35244] PHP   2. include() /app/index.php:363, referer: http://dealtrak/logs/transaction
[Tue Jul 28 13:53:45.806962 2015] [:error] [pid 6662] [client 172.17.0.1:35244] PHP   3. include() /app/layouts/site.php:130, referer: http://dealtrak/logs/transaction
[Tue Jul 28 13:53:45.806967 2015] [:error] [pid 6662] [client 172.17.0.1:35244] PHP Notice:  Undefined index: destination_id in /app/site/logs/all_transactions.phtml on line 32, referer: http://dealtrak/logs/transaction
[Tue Jul 28 13:53:45.806968 2015] [:error] [pid 6662] [client 172.17.0.1:35244] PHP Stack trace:, referer: http://dealtrak/logs/transaction
[Tue Jul 28 13:53:45.806972 2015] [:error] [pid 6662] [client 172.17.0.1:35244] PHP   1. {main}() /app/index.php:0, referer: http://dealtrak/logs/transaction
[Tue Jul 28 13:53:45.806975 2015] [:error] [pid 6662] [client 172.17.0.1:35244] PHP   2. include() /app/index.php:363, referer: http://dealtrak/logs/transaction
[Tue Jul 28 13:53:45.806977 2015] [:error] [pid 6662] [client 172.17.0.1:35244] PHP   3. include() /app/layouts/site.php:130, referer: http://dealtrak/logs/transaction
[Tue Jul 28 13:53:45.806981 2015] [:error] [pid 6662] [client 172.17.0.1:35244] PHP Notice:  Undefined index: destination_id in /app/site/logs/all_transactions.phtml on line 32, referer: http://dealtrak/logs/transaction
[Tue Jul 28 13:53:45.806983 2015] [:error] [pid 6662] [client 172.17.0.1:35244] PHP Stack trace:, referer: http://dealtrak/logs/transaction
[Tue Jul 28 13:53:45.806985 2015] [:error] [pid 6662] [client 172.17.0.1:35244] PHP   1. {main}() /app/index.php:0, referer: http://dealtrak/logs/transaction
[Tue Jul 28 13:53:45.806987 2015] [:error] [pid 6662] [client 172.17.0.1:35244] PHP   2. include() /app/index.php:363, referer: http://dealtrak/logs/transaction
[Tue Jul 28 13:53:45.806989 2015] [:error] [pid 6662] [client 172.17.0.1:35244] PHP   3. include() /app/layouts/site.php:130, referer: http://dealtrak/logs/transaction
[Tue Jul 28 13:53:45.806994 2015] [:error] [pid 6662] [client 172.17.0.1:35244] PHP Notice:  Undefined index: destination_id in /app/site/logs/all_transactions.phtml on line 32, referer: http://dealtrak/logs/transaction
[Tue Jul 28 13:53:45.806995 2015] [:error] [pid 6662] [client 172.17.0.1:35244] PHP Stack trace:, referer: http://dealtrak/logs/transaction
[Tue Jul 28 13:53:45.806997 2015] [:error] [pid 6662] [client 172.17.0.1:35244] PHP   1. {main}() /app/index.php:0, referer: http://dealtrak/logs/transaction
[Tue Jul 28 13:53:45.806999 2015] [:error] [pid 6662] [client 172.17.0.1:35244] PHP   2. include() /app/index.php:363, referer: http://dealtrak/logs/transaction
[Tue Jul 28 13:53:45.807001 2015] [:error] [pid 6662] [client 172.17.0.1:35244] PHP   3. include() /app/layouts/site.php:130, referer: http://dealtrak/logs/transaction
[Tue Jul 28 13:53:45.807006 2015] [:error] [pid 6662] [client 172.17.0.1:35244] PHP Notice:  Undefined index: destination_id in /app/site/logs/all_transactions.phtml on line 32, referer: http://dealtrak/logs/transaction
[Tue Jul 28 13:53:45.807007 2015] [:error] [pid 6662] [client 172.17.0.1:35244] PHP Stack trace:, referer: http://dealtrak/logs/transaction
[Tue Jul 28 13:53:45.807009 2015] [:error] [pid 6662] [client 172.17.0.1:35244] PHP   1. {main}() /app/index.php:0, referer: http://dealtrak/logs/transaction
[Tue Jul 28 13:53:45.807012 2015] [:error] [pid 6662] [client 172.17.0.1:35244] PHP   2. include() /app/index.php:363, referer: http://dealtrak/logs/transaction
[Tue Jul 28 13:53:45.807014 2015] [:error] [pid 6662] [client 172.17.0.1:35244] PHP   3. include() /app/layouts/site.php:130, referer: http://dealtrak/logs/transaction
[Tue Jul 28 13:53:45.807018 2015] [:error] [pid 6662] [client 172.17.0.1:35244] PHP Notice:  Undefined index: destination_id in /app/site/logs/all_transactions.phtml on line 32, referer: http://dealtrak/logs/transaction
[Tue Jul 28 13:53:45.807020 2015] [:error] [pid 6662] [client 172.17.0.1:35244] PHP Stack trace:, referer: http://dealtrak/logs/transaction
[Tue Jul 28 13:53:45.807022 2015] [:error] [pid 6662] [client 172.17.0.1:35244] PHP   1. {main}() /app/index.php:0, referer: http://dealtrak/logs/transaction
[Tue Jul 28 13:53:45.807024 2015] [:error] [pid 6662] [client 172.17.0.1:35244] PHP   2. include() /app/index.php:363, referer: http://dealtrak/logs/transaction
[Tue Jul 28 13:53:45.807027 2015] [:error] [pid 6662] [client 172.17.0.1:35244] PHP   3. include() /app/layouts/site.php:130, referer: http://dealtrak/logs/transaction
[Tue Jul 28 13:53:45.807032 2015] [:error] [pid 6662] [client 172.17.0.1:35244] PHP Notice:  Undefined index: destination_id in /app/site/logs/all_transactions.phtml on line 32, referer: http://dealtrak/logs/transaction
[Tue Jul 28 13:53:45.807033 2015] [:error] [pid 6662] [client 172.17.0.1:35244] PHP Stack trace:, referer: http://dealtrak/logs/transaction
[Tue Jul 28 13:53:45.807035 2015] [:error] [pid 6662] [client 172.17.0.1:35244] PHP   1. {main}() /app/index.php:0, referer: http://dealtrak/logs/transaction
[Tue Jul 28 13:53:45.807038 2015] [:error] [pid 6662] [client 172.17.0.1:35244] PHP   2. include() /app/index.php:363, referer: http://dealtrak/logs/transaction
[Tue Jul 28 13:53:45.807040 2015] [:error] [pid 6662] [client 172.17.0.1:35244] PHP   3. include() /app/layouts/site.php:130, referer: http://dealtrak/logs/transaction
[Tue Jul 28 13:53:45.807044 2015] [:error] [pid 6662] [client 172.17.0.1:35244] PHP Notice:  Undefined index: destination_id in /app/site/logs/all_transactions.phtml on line 32, referer: http://dealtrak/logs/transaction
[Tue Jul 28 13:53:45.807046 2015] [:error] [pid 6662] [client 172.17.0.1:35244] PHP Stack trace:, referer: http://dealtrak/logs/transaction
[Tue Jul 28 13:53:45.807048 2015] [:error] [pid 6662] [client 172.17.0.1:35244] PHP   1. {main}() /app/index.php:0, referer: http://dealtrak/logs/transaction
[Tue Jul 28 13:53:45.807050 2015] [:error] [pid 6662] [client 172.17.0.1:35244] PHP   2. include() /app/index.php:363, referer: http://dealtrak/logs/transaction
[Tue Jul 28 13:53:45.807052 2015] [:error] [pid 6662] [client 172.17.0.1:35244] PHP   3. include() /app/layouts/site.php:130, referer: http://dealtrak/logs/transaction
[Tue Jul 28 13:53:45.807056 2015] [:error] [pid 6662] [client 172.17.0.1:35244] PHP Notice:  Undefined index: destination_id in /app/site/logs/all_transactions.phtml on line 32, referer: http://dealtrak/logs/transaction
[Tue Jul 28 13:53:45.807058 2015] [:error] [pid 6662] [client 172.17.0.1:35244] PHP Stack trace:, referer: http://dealtrak/logs/transaction
[Tue Jul 28 13:53:45.807060 2015] [:error] [pid 6662] [client 172.17.0.1:35244] PHP   1. {main}() /app/index.php:0, referer: http://dealtrak/logs/transaction
[Tue Jul 28 13:53:45.807062 2015] [:error] [pid 6662] [client 172.17.0.1:35244] PHP   2. include() /app/index.php:363, referer: http://dealtrak/logs/transaction
[Tue Jul 28 13:53:45.807064 2015] [:error] [pid 6662] [client 172.17.0.1:35244] PHP   3. include() /app/layouts/site.php:130, referer: http://dealtrak/logs/transaction
[Tue Jul 28 13:53:45.807068 2015] [:error] [pid 6662] [client 172.17.0.1:35244] PHP Notice:  Undefined index: destination_id in /app/site/logs/all_transactions.phtml on line 32, referer: http://dealtrak/logs/transaction
[Tue Jul 28 13:53:45.807070 2015] [:error] [pid 6662] [client 172.17.0.1:35244] PHP Stack trace:, referer: http://dealtrak/logs/transaction
[Tue Jul 28 13:53:45.807072 2015] [:error] [pid 6662] [client 172.17.0.1:35244] PHP   1. {main}() /app/index.php:0, referer: http://dealtrak/logs/transaction
[Tue Jul 28 13:53:45.807074 2015] [:error] [pid 6662] [client 172.17.0.1:35244] PHP   2. include() /app/index.php:363, referer: http://dealtrak/logs/transaction
[Tue Jul 28 13:53:45.807076 2015] [:error] [pid 6662] [client 172.17.0.1:35244] PHP   3. include() /app/layouts/site.php:130, referer: http://dealtrak/logs/transaction
[Tue Jul 28 13:53:45.807081 2015] [:error] [pid 6662] [client 172.17.0.1:35244] PHP Notice:  Undefined index: destination_id in /app/site/logs/all_transactions.phtml on line 32, referer: http://dealtrak/logs/transaction
[Tue Jul 28 13:53:45.807084 2015] [:error] [pid 6662] [client 172.17.0.1:35244] PHP Stack trace:, referer: http://dealtrak/logs/transaction
[Tue Jul 28 13:53:45.807086 2015] [:error] [pid 6662] [client 172.17.0.1:35244] PHP   1. {main}() /app/index.php:0, referer: http://dealtrak/logs/transaction
[Tue Jul 28 13:53:45.807088 2015] [:error] [pid 6662] [client 172.17.0.1:35244] PHP   2. include() /app/index.php:363, referer: http://dealtrak/logs/transaction
[Tue Jul 28 13:53:45.807090 2015] [:error] [pid 6662] [client 172.17.0.1:35244] PHP   3. include() /app/layouts/site.php:130, referer: http://dealtrak/logs/transaction
[Tue Jul 28 13:53:45.807095 2015] [:error] [pid 6662] [client 172.17.0.1:35244] PHP Notice:  Undefined index: destination_id in /app/site/logs/all_transactions.phtml on line 32, referer: http://dealtrak/logs/transaction
[Tue Jul 28 13:53:45.807096 2015] [:error] [pid 6662] [client 172.17.0.1:35244] PHP Stack trace:, referer: http://dealtrak/logs/transaction
[Tue Jul 28 13:53:45.807098 2015] [:error] [pid 6662] [client 172.17.0.1:35244] PHP   1. {main}() /app/index.php:0, referer: http://dealtrak/logs/transaction
[Tue Jul 28 13:53:45.807100 2015] [:error] [pid 6662] [client 172.17.0.1:35244] PHP   2. include() /app/index.php:363, referer: http://dealtrak/logs/transaction
[Tue Jul 28 13:53:45.807103 2015] [:error] [pid 6662] [client 172.17.0.1:35244] PHP   3. include() /app/layouts/site.php:130, referer: http://dealtrak/logs/transaction
[Tue Jul 28 13:53:45.807107 2015] [:error] [pid 6662] [client 172.17.0.1:35244] PHP Notice:  Undefined index: destination_id in /app/site/logs/all_transactions.phtml on line 32, referer: http://dealtrak/logs/transaction
[Tue Jul 28 13:53:45.807108 2015] [:error] [pid 6662] [client 172.17.0.1:35244] PHP Stack trace:, referer: http://dealtrak/logs/transaction
[Tue Jul 28 13:53:45.807111 2015] [:error] [pid 6662] [client 172.17.0.1:35244] PHP   1. {main}() /app/index.php:0, referer: http://dealtrak/logs/transaction
[Tue Jul 28 13:53:45.807113 2015] [:error] [pid 6662] [client 172.17.0.1:35244] PHP   2. include() /app/index.php:363, referer: http://dealtrak/logs/transaction
[Tue Jul 28 13:53:45.807115 2015] [:error] [pid 6662] [client 172.17.0.1:35244] PHP   3. include() /app/layouts/site.php:130, referer: http://dealtrak/logs/transaction
[Tue Jul 28 13:53:45.807120 2015] [:error] [pid 6662] [client 172.17.0.1:35244] PHP Notice:  Undefined index: destination_id in /app/site/logs/all_transactions.phtml on line 32, referer: http://dealtrak/logs/transaction
[Tue Jul 28 13:53:45.807121 2015] [:error] [pid 6662] [client 172.17.0.1:35244] PHP Stack trace:, referer: http://dealtrak/logs/transaction
[Tue Jul 28 13:53:45.807123 2015] [:error] [pid 6662] [client 172.17.0.1:35244] PHP   1. {main}() /app/index.php:0, referer: http://dealtrak/logs/transaction
[Tue Jul 28 13:53:45.807126 2015] [:error] [pid 6662] [client 172.17.0.1:35244] PHP   2. include() /app/index.php:363, referer: http://dealtrak/logs/transaction
[Tue Jul 28 13:53:45.807128 2015] [:error] [pid 6662] [client 172.17.0.1:35244] PHP   3. include() /app/layouts/site.php:130, referer: http://dealtrak/logs/transaction
[Tue Jul 28 13:53:45.807132 2015] [:error] [pid 6662] [client 172.17.0.1:35244] PHP Notice:  Undefined index: destination_id in /app/site/logs/all_transactions.phtml on line 32, referer: http://dealtrak/logs/transaction
[Tue Jul 28 13:53:45.807134 2015] [:error] [pid 6662] [client 172.17.0.1:35244] PHP Stack trace:, referer: http://dealtrak/logs/transaction
[Tue Jul 28 13:53:45.807136 2015] [:error] [pid 6662] [client 172.17.0.1:35244] PHP   1. {main}() /app/index.php:0, referer: http://dealtrak/logs/transaction
[Tue Jul 28 13:53:45.807139 2015] [:error] [pid 6662] [client 172.17.0.1:35244] PHP   2. include() /app/index.php:363, referer: http://dealtrak/logs/transaction
[Tue Jul 28 13:53:45.807142 2015] [:error] [pid 6662] [client 172.17.0.1:35244] PHP   3. include() /app/layouts/site.php:130, referer: http://dealtrak/logs/transaction
[Tue Jul 28 13:53:45.807146 2015] [:error] [pid 6662] [client 172.17.0.1:35244] PHP Notice:  Undefined index: destination_id in /app/site/logs/all_transactions.phtml on line 32, referer: http://dealtrak/logs/transaction
[Tue Jul 28 13:53:45.807148 2015] [:error] [pid 6662] [client 172.17.0.1:35244] PHP Stack trace:, referer: http://dealtrak/logs/transaction
[Tue Jul 28 13:53:45.807150 2015] [:error] [pid 6662] [client 172.17.0.1:35244] PHP   1. {main}() /app/index.php:0, referer: http://dealtrak/logs/transaction
[Tue Jul 28 13:53:45.807152 2015] [:error] [pid 6662] [client 172.17.0.1:35244] PHP   2. include() /app/index.php:363, referer: http://dealtrak/logs/transaction
[Tue Jul 28 13:53:45.807154 2015] [:error] [pid 6662] [client 172.17.0.1:35244] PHP   3. include() /app/layouts/site.php:130, referer: http://dealtrak/logs/transaction
[Tue Jul 28 13:53:45.807158 2015] [:error] [pid 6662] [client 172.17.0.1:35244] PHP Notice:  Undefined index: destination_id in /app/site/logs/all_transactions.phtml on line 32, referer: http://dealtrak/logs/transaction
[Tue Jul 28 13:53:45.807160 2015] [:error] [pid 6662] [client 172.17.0.1:35244] PHP Stack trace:, referer: http://dealtrak/logs/transaction
[Tue Jul 28 13:53:45.807162 2015] [:error] [pid 6662] [client 172.17.0.1:35244] PHP   1. {main}() /app/index.php:0, referer: http://dealtrak/logs/transaction
[Tue Jul 28 13:53:45.807164 2015] [:error] [pid 6662] [client 172.17.0.1:35244] PHP   2. include() /app/index.php:363, referer: http://dealtrak/logs/transaction
[Tue Jul 28 13:53:45.807166 2015] [:error] [pid 6662] [client 172.17.0.1:35244] PHP   3. include() /app/layouts/site.php:130, referer: http://dealtrak/logs/transaction
[Tue Jul 28 13:53:45.807171 2015] [:error] [pid 6662] [client 172.17.0.1:35244] PHP Notice:  Undefined index: destination_id in /app/site/logs/all_transactions.phtml on line 32, referer: http://dealtrak/logs/transaction
[Tue Jul 28 13:53:45.807172 2015] [:error] [pid 6662] [client 172.17.0.1:35244] PHP Stack trace:, referer: http://dealtrak/logs/transaction
[Tue Jul 28 13:53:45.807174 2015] [:error] [pid 6662] [client 172.17.0.1:35244] PHP   1. {main}() /app/index.php:0, referer: http://dealtrak/logs/transaction
[Tue Jul 28 13:53:45.807176 2015] [:error] [pid 6662] [client 172.17.0.1:35244] PHP   2. include() /app/index.php:363, referer: http://dealtrak/logs/transaction
[Tue Jul 28 13:53:45.807179 2015] [:error] [pid 6662] [client 172.17.0.1:35244] PHP   3. include() /app/layouts/site.php:130, referer: http://dealtrak/logs/transaction
[Tue Jul 28 13:53:45.807183 2015] [:error] [pid 6662] [client 172.17.0.1:35244] PHP Notice:  Undefined index: destination_id in /app/site/logs/all_transactions.phtml on line 32, referer: http://dealtrak/logs/transaction
[Tue Jul 28 13:53:45.807184 2015] [:error] [pid 6662] [client 172.17.0.1:35244] PHP Stack trace:, referer: http://dealtrak/logs/transaction
[Tue Jul 28 13:53:45.807187 2015] [:error] [pid 6662] [client 172.17.0.1:35244] PHP   1. {main}() /app/index.php:0, referer: http://dealtrak/logs/transaction
[Tue Jul 28 13:53:45.807189 2015] [:error] [pid 6662] [client 172.17.0.1:35244] PHP   2. include() /app/index.php:363, referer: http://dealtrak/logs/transaction
[Tue Jul 28 13:53:45.807192 2015] [:error] [pid 6662] [client 172.17.0.1:35244] PHP   3. include() /app/layouts/site.php:130, referer: http://dealtrak/logs/transaction
[Tue Jul 28 13:53:45.807197 2015] [:error] [pid 6662] [client 172.17.0.1:35244] PHP Notice:  Undefined index: destination_id in /app/site/logs/all_transactions.phtml on line 32, referer: http://dealtrak/logs/transaction
[Tue Jul 28 13:53:45.807199 2015] [:error] [pid 6662] [client 172.17.0.1:35244] PHP Stack trace:, referer: http://dealtrak/logs/transaction
[Tue Jul 28 13:53:45.807201 2015] [:error] [pid 6662] [client 172.17.0.1:35244] PHP   1. {main}() /app/index.php:0, referer: http://dealtrak/logs/transaction
[Tue Jul 28 13:53:45.807203 2015] [:error] [pid 6662] [client 172.17.0.1:35244] PHP   2. include() /app/index.php:363, referer: http://dealtrak/logs/transaction
[Tue Jul 28 13:53:45.807205 2015] [:error] [pid 6662] [client 172.17.0.1:35244] PHP   3. include() /app/layouts/site.php:130, referer: http://dealtrak/logs/transaction
[Tue Jul 28 13:53:45.807209 2015] [:error] [pid 6662] [client 172.17.0.1:35244] PHP Notice:  Undefined index: destination_id in /app/site/logs/all_transactions.phtml on line 32, referer: http://dealtrak/logs/transaction
[Tue Jul 28 13:53:45.807211 2015] [:error] [pid 6662] [client 172.17.0.1:35244] PHP Stack trace:, referer: http://dealtrak/logs/transaction
[Tue Jul 28 13:53:45.807213 2015] [:error] [pid 6662] [client 172.17.0.1:35244] PHP   1. {main}() /app/index.php:0, referer: http://dealtrak/logs/transaction
[Tue Jul 28 13:53:45.807215 2015] [:error] [pid 6662] [client 172.17.0.1:35244] PHP   2. include() /app/index.php:363, referer: http://dealtrak/logs/transaction
[Tue Jul 28 13:53:45.807217 2015] [:error] [pid 6662] [client 172.17.0.1:35244] PHP   3. include() /app/layouts/site.php:130, referer: http://dealtrak/logs/transaction
[Tue Jul 28 13:53:45.807221 2015] [:error] [pid 6662] [client 172.17.0.1:35244] PHP Notice:  Undefined index: destination_id in /app/site/logs/all_transactions.phtml on line 32, referer: http://dealtrak/logs/transaction
[Tue Jul 28 13:53:45.807223 2015] [:error] [pid 6662] [client 172.17.0.1:35244] PHP Stack trace:, referer: http://dealtrak/logs/transaction
[Tue Jul 28 13:53:45.807225 2015] [:error] [pid 6662] [client 172.17.0.1:35244] PHP   1. {main}() /app/index.php:0, referer: http://dealtrak/logs/transaction
[Tue Jul 28 13:53:45.807227 2015] [:error] [pid 6662] [client 172.17.0.1:35244] PHP   2. include() /app/index.php:363, referer: http://dealtrak/logs/transaction
[Tue Jul 28 13:53:45.807229 2015] [:error] [pid 6662] [client 172.17.0.1:35244] PHP   3. include() /app/layouts/site.php:130, referer: http://dealtrak/logs/transaction
[Tue Jul 28 13:53:45.807233 2015] [:error] [pid 6662] [client 172.17.0.1:35244] PHP Notice:  Undefined index: destination_id in /app/site/logs/all_transactions.phtml on line 32, referer: http://dealtrak/logs/transaction
[Tue Jul 28 13:53:45.807235 2015] [:error] [pid 6662] [client 172.17.0.1:35244] PHP Stack trace:, referer: http://dealtrak/logs/transaction
[Tue Jul 28 13:53:45.807237 2015] [:error] [pid 6662] [client 172.17.0.1:35244] PHP   1. {main}() /app/index.php:0, referer: http://dealtrak/logs/transaction
[Tue Jul 28 13:53:45.807239 2015] [:error] [pid 6662] [client 172.17.0.1:35244] PHP   2. include() /app/index.php:363, referer: http://dealtrak/logs/transaction
[Tue Jul 28 13:53:45.807241 2015] [:error] [pid 6662] [client 172.17.0.1:35244] PHP   3. include() /app/layouts/site.php:130, referer: http://dealtrak/logs/transaction
[Tue Jul 28 13:53:45.807246 2015] [:error] [pid 6662] [client 172.17.0.1:35244] PHP Notice:  Undefined index: destination_id in /app/site/logs/all_transactions.phtml on line 32, referer: http://dealtrak/logs/transaction
[Tue Jul 28 13:53:45.807249 2015] [:error] [pid 6662] [client 172.17.0.1:35244] PHP Stack trace:, referer: http://dealtrak/logs/transaction
[Tue Jul 28 13:53:45.807251 2015] [:error] [pid 6662] [client 172.17.0.1:35244] PHP   1. {main}() /app/index.php:0, referer: http://dealtrak/logs/transaction
[Tue Jul 28 13:53:45.807253 2015] [:error] [pid 6662] [client 172.17.0.1:35244] PHP   2. include() /app/index.php:363, referer: http://dealtrak/logs/transaction
[Tue Jul 28 13:53:45.807255 2015] [:error] [pid 6662] [client 172.17.0.1:35244] PHP   3. include() /app/layouts/site.php:130, referer: http://dealtrak/logs/transaction
[Tue Jul 28 13:53:45.807260 2015] [:error] [pid 6662] [client 172.17.0.1:35244] PHP Notice:  Undefined index: destination_id in /app/site/logs/all_transactions.phtml on line 32, referer: http://dealtrak/logs/transaction
[Tue Jul 28 13:53:45.807261 2015] [:error] [pid 6662] [client 172.17.0.1:35244] PHP Stack trace:, referer: http://dealtrak/logs/transaction
[Tue Jul 28 13:53:45.807263 2015] [:error] [pid 6662] [client 172.17.0.1:35244] PHP   1. {main}() /app/index.php:0, referer: http://dealtrak/logs/transaction
[Tue Jul 28 13:53:45.807266 2015] [:error] [pid 6662] [client 172.17.0.1:35244] PHP   2. include() /app/index.php:363, referer: http://dealtrak/logs/transaction
[Tue Jul 28 13:53:45.807268 2015] [:error] [pid 6662] [client 172.17.0.1:35244] PHP   3. include() /app/layouts/site.php:130, referer: http://dealtrak/logs/transaction
[Tue Jul 28 13:53:45.807272 2015] [:error] [pid 6662] [client 172.17.0.1:35244] PHP Notice:  Undefined index: destination_id in /app/site/logs/all_transactions.phtml on line 32, referer: http://dealtrak/logs/transaction
[Tue Jul 28 13:53:45.807274 2015] [:error] [pid 6662] [client 172.17.0.1:35244] PHP Stack trace:, referer: http://dealtrak/logs/transaction
[Tue Jul 28 13:53:45.807276 2015] [:error] [pid 6662] [client 172.17.0.1:35244] PHP   1. {main}() /app/index.php:0, referer: http://dealtrak/logs/transaction
[Tue Jul 28 13:53:45.807278 2015] [:error] [pid 6662] [client 172.17.0.1:35244] PHP   2. include() /app/index.php:363, referer: http://dealtrak/logs/transaction
[Tue Jul 28 13:53:45.807280 2015] [:error] [pid 6662] [client 172.17.0.1:35244] PHP   3. include() /app/layouts/site.php:130, referer: http://dealtrak/logs/transaction
[Tue Jul 28 13:53:45.807284 2015] [:error] [pid 6662] [client 172.17.0.1:35244] PHP Notice:  Undefined index: destination_id in /app/site/logs/all_transactions.phtml on line 32, referer: http://dealtrak/logs/transaction
[Tue Jul 28 13:53:45.807286 2015] [:error] [pid 6662] [client 172.17.0.1:35244] PHP Stack trace:, referer: http://dealtrak/logs/transaction
[Tue Jul 28 13:53:45.807288 2015] [:error] [pid 6662] [client 172.17.0.1:35244] PHP   1. {main}() /app/index.php:0, referer: http://dealtrak/logs/transaction
[Tue Jul 28 13:53:45.807290 2015] [:error] [pid 6662] [client 172.17.0.1:35244] PHP   2. include() /app/index.php:363, referer: http://dealtrak/logs/transaction
[Tue Jul 28 13:53:45.807292 2015] [:error] [pid 6662] [client 172.17.0.1:35244] PHP   3. include() /app/layouts/site.php:130, referer: http://dealtrak/logs/transaction
[Tue Jul 28 13:53:45.807296 2015] [:error] [pid 6662] [client 172.17.0.1:35244] PHP Notice:  Undefined index: destination_id in /app/site/logs/all_transactions.phtml on line 32, referer: http://dealtrak/logs/transaction
[Tue Jul 28 13:53:45.807298 2015] [:error] [pid 6662] [client 172.17.0.1:35244] PHP Stack trace:, referer: http://dealtrak/logs/transaction
[Tue Jul 28 13:53:45.807300 2015] [:error] [pid 6662] [client 172.17.0.1:35244] PHP   1. {main}() /app/index.php:0, referer: http://dealtrak/logs/transaction
[Tue Jul 28 13:53:45.807304 2015] [:error] [pid 6662] [client 172.17.0.1:35244] PHP   2. include() /app/index.php:363, referer: http://dealtrak/logs/transaction
[Tue Jul 28 13:53:45.807306 2015] [:error] [pid 6662] [client 172.17.0.1:35244] PHP   3. include() /app/layouts/site.php:130, referer: http://dealtrak/logs/transaction
[Tue Jul 28 13:53:45.807310 2015] [:error] [pid 6662] [client 172.17.0.1:35244] PHP Notice:  Undefined index: destination_id in /app/site/logs/all_transactions.phtml on line 32, referer: http://dealtrak/logs/transaction
[Tue Jul 28 13:53:45.807312 2015] [:error] [pid 6662] [client 172.17.0.1:35244] PHP Stack trace:, referer: http://dealtrak/logs/transaction
[Tue Jul 28 13:53:45.807314 2015] [:error] [pid 6662] [client 172.17.0.1:35244] PHP   1. {main}() /app/index.php:0, referer: http://dealtrak/logs/transaction
[Tue Jul 28 13:53:45.807316 2015] [:error] [pid 6662] [client 172.17.0.1:35244] PHP   2. include() /app/index.php:363, referer: http://dealtrak/logs/transaction
[Tue Jul 28 13:53:45.807318 2015] [:error] [pid 6662] [client 172.17.0.1:35244] PHP   3. include() /app/layouts/site.php:130, referer: http://dealtrak/logs/transaction
[Tue Jul 28 13:53:45.807323 2015] [:error] [pid 6662] [client 172.17.0.1:35244] PHP Notice:  Undefined index: destination_id in /app/site/logs/all_transactions.phtml on line 32, referer: http://dealtrak/logs/transaction
[Tue Jul 28 13:53:45.807324 2015] [:error] [pid 6662] [client 172.17.0.1:35244] PHP Stack trace:, referer: http://dealtrak/logs/transaction
[Tue Jul 28 13:53:45.807326 2015] [:error] [pid 6662] [client 172.17.0.1:35244] PHP   1. {main}() /app/index.php:0, referer: http://dealtrak/logs/transaction
[Tue Jul 28 13:53:45.807328 2015] [:error] [pid 6662] [client 172.17.0.1:35244] PHP   2. include() /app/index.php:363, referer: http://dealtrak/logs/transaction
[Tue Jul 28 13:53:45.807331 2015] [:error] [pid 6662] [client 172.17.0.1:35244] PHP   3. include() /app/layouts/site.php:130, referer: http://dealtrak/logs/transaction
[Tue Jul 28 13:53:45.807335 2015] [:error] [pid 6662] [client 172.17.0.1:35244] PHP Notice:  Undefined index: destination_id in /app/site/logs/all_transactions.phtml on line 32, referer: http://dealtrak/logs/transaction
[Tue Jul 28 13:53:45.807337 2015] [:error] [pid 6662] [client 172.17.0.1:35244] PHP Stack trace:, referer: http://dealtrak/logs/transaction
[Tue Jul 28 13:53:45.807339 2015] [:error] [pid 6662] [client 172.17.0.1:35244] PHP   1. {main}() /app/index.php:0, referer: http://dealtrak/logs/transaction
[Tue Jul 28 13:53:45.807341 2015] [:error] [pid 6662] [client 172.17.0.1:35244] PHP   2. include() /app/index.php:363, referer: http://dealtrak/logs/transaction
[Tue Jul 28 13:53:45.807343 2015] [:error] [pid 6662] [client 172.17.0.1:35244] PHP   3. include() /app/layouts/site.php:130, referer: http://dealtrak/logs/transaction
[Tue Jul 28 13:53:45.807347 2015] [:error] [pid 6662] [client 172.17.0.1:35244] PHP Notice:  Undefined index: destination_id in /app/site/logs/all_transactions.phtml on line 32, referer: http://dealtrak/logs/transaction
[Tue Jul 28 13:53:45.807349 2015] [:error] [pid 6662] [client 172.17.0.1:35244] PHP Stack trace:, referer: http://dealtrak/logs/transaction
[Tue Jul 28 13:53:45.807351 2015] [:error] [pid 6662] [client 172.17.0.1:35244] PHP   1. {main}() /app/index.php:0, referer: http://dealtrak/logs/transaction
[Tue Jul 28 13:53:45.807353 2015] [:error] [pid 6662] [client 172.17.0.1:35244] PHP   2. include() /app/index.php:363, referer: http://dealtrak/logs/transaction
[Tue Jul 28 13:53:45.807357 2015] [:error] [pid 6662] [client 172.17.0.1:35244] PHP   3. include() /app/layouts/site.php:130, referer: http://dealtrak/logs/transaction
[Tue Jul 28 13:53:45.807362 2015] [:error] [pid 6662] [client 172.17.0.1:35244] PHP Notice:  Undefined index: destination_id in /app/site/logs/all_transactions.phtml on line 32, referer: http://dealtrak/logs/transaction
[Tue Jul 28 13:53:45.807363 2015] [:error] [pid 6662] [client 172.17.0.1:35244] PHP Stack trace:, referer: http://dealtrak/logs/transaction
[Tue Jul 28 13:53:45.807365 2015] [:error] [pid 6662] [client 172.17.0.1:35244] PHP   1. {main}() /app/index.php:0, referer: http://dealtrak/logs/transaction
[Tue Jul 28 13:53:45.807367 2015] [:error] [pid 6662] [client 172.17.0.1:35244] PHP   2. include() /app/index.php:363, referer: http://dealtrak/logs/transaction
[Tue Jul 28 13:53:45.807370 2015] [:error] [pid 6662] [client 172.17.0.1:35244] PHP   3. include() /app/layouts/site.php:130, referer: http://dealtrak/logs/transaction
[Tue Jul 28 13:53:45.807374 2015] [:error] [pid 6662] [client 172.17.0.1:35244] PHP Notice:  Undefined index: destination_id in /app/site/logs/all_transactions.phtml on line 32, referer: http://dealtrak/logs/transaction
[Tue Jul 28 13:53:45.807375 2015] [:error] [pid 6662] [client 172.17.0.1:35244] PHP Stack trace:, referer: http://dealtrak/logs/transaction
[Tue Jul 28 13:53:45.807377 2015] [:error] [pid 6662] [client 172.17.0.1:35244] PHP   1. {main}() /app/index.php:0, referer: http://dealtrak/logs/transaction
[Tue Jul 28 13:53:45.807380 2015] [:error] [pid 6662] [client 172.17.0.1:35244] PHP   2. include() /app/index.php:363, referer: http://dealtrak/logs/transaction
[Tue Jul 28 13:53:45.807382 2015] [:error] [pid 6662] [client 172.17.0.1:35244] PHP   3. include() /app/layouts/site.php:130, referer: http://dealtrak/logs/transaction
[Tue Jul 28 13:53:45.807386 2015] [:error] [pid 6662] [client 172.17.0.1:35244] PHP Notice:  Undefined index: destination_id in /app/site/logs/all_transactions.phtml on line 32, referer: http://dealtrak/logs/transaction
[Tue Jul 28 13:53:45.807387 2015] [:error] [pid 6662] [client 172.17.0.1:35244] PHP Stack trace:, referer: http://dealtrak/logs/transaction
[Tue Jul 28 13:53:45.807390 2015] [:error] [pid 6662] [client 172.17.0.1:35244] PHP   1. {main}() /app/index.php:0, referer: http://dealtrak/logs/transaction
[Tue Jul 28 13:53:45.807392 2015] [:error] [pid 6662] [client 172.17.0.1:35244] PHP   2. include() /app/index.php:363, referer: http://dealtrak/logs/transaction
[Tue Jul 28 13:53:45.807394 2015] [:error] [pid 6662] [client 172.17.0.1:35244] PHP   3. include() /app/layouts/site.php:130, referer: http://dealtrak/logs/transaction
[Tue Jul 28 13:53:45.807398 2015] [:error] [pid 6662] [client 172.17.0.1:35244] PHP Notice:  Undefined index: destination_id in /app/site/logs/all_transactions.phtml on line 32, referer: http://dealtrak/logs/transaction
[Tue Jul 28 13:53:45.807400 2015] [:error] [pid 6662] [client 172.17.0.1:35244] PHP Stack trace:, referer: http://dealtrak/logs/transaction
[Tue Jul 28 13:53:45.807402 2015] [:error] [pid 6662] [client 172.17.0.1:35244] PHP   1. {main}() /app/index.php:0, referer: http://dealtrak/logs/transaction
[Tue Jul 28 13:53:45.807404 2015] [:error] [pid 6662] [client 172.17.0.1:35244] PHP   2. include() /app/index.php:363, referer: http://dealtrak/logs/transaction
[Tue Jul 28 13:53:45.807406 2015] [:error] [pid 6662] [client 172.17.0.1:35244] PHP   3. include() /app/layouts/site.php:130, referer: http://dealtrak/logs/transaction
[Tue Jul 28 13:53:45.807410 2015] [:error] [pid 6662] [client 172.17.0.1:35244] PHP Notice:  Undefined index: destination_id in /app/site/logs/all_transactions.phtml on line 32, referer: http://dealtrak/logs/transaction
[Tue Jul 28 13:53:45.807413 2015] [:error] [pid 6662] [client 172.17.0.1:35244] PHP Stack trace:, referer: http://dealtrak/logs/transaction
[Tue Jul 28 13:53:45.807416 2015] [:error] [pid 6662] [client 172.17.0.1:35244] PHP   1. {main}() /app/index.php:0, referer: http://dealtrak/logs/transaction
[Tue Jul 28 13:53:45.807418 2015] [:error] [pid 6662] [client 172.17.0.1:35244] PHP   2. include() /app/index.php:363, referer: http://dealtrak/logs/transaction
[Tue Jul 28 13:53:45.807420 2015] [:error] [pid 6662] [client 172.17.0.1:35244] PHP   3. include() /app/layouts/site.php:130, referer: http://dealtrak/logs/transaction
[Tue Jul 28 13:53:45.807424 2015] [:error] [pid 6662] [client 172.17.0.1:35244] PHP Notice:  Undefined index: destination_id in /app/site/logs/all_transactions.phtml on line 32, referer: http://dealtrak/logs/transaction
[Tue Jul 28 13:53:45.807426 2015] [:error] [pid 6662] [client 172.17.0.1:35244] PHP Stack trace:, referer: http://dealtrak/logs/transaction
[Tue Jul 28 13:53:45.807448 2015] [:error] [pid 6662] [client 172.17.0.1:35244] PHP   1. {main}() /app/index.php:0, referer: http://dealtrak/logs/transaction
[Tue Jul 28 13:53:45.807451 2015] [:error] [pid 6662] [client 172.17.0.1:35244] PHP   2. include() /app/index.php:363, referer: http://dealtrak/logs/transaction
[Tue Jul 28 13:53:45.807453 2015] [:error] [pid 6662] [client 172.17.0.1:35244] PHP   3. include() /app/layouts/site.php:130, referer: http://dealtrak/logs/transaction
[Tue Jul 28 13:53:45.807491 2015] [:error] [pid 6662] [client 172.17.0.1:35244] PHP Notice:  Undefined index: destination_id in /app/site/logs/all_transactions.phtml on line 32, referer: http://dealtrak/logs/transaction
[Tue Jul 28 13:53:45.807494 2015] [:error] [pid 6662] [client 172.17.0.1:35244] PHP Stack trace:, referer: http://dealtrak/logs/transaction
[Tue Jul 28 13:53:45.807497 2015] [:error] [pid 6662] [client 172.17.0.1:35244] PHP   1. {main}() /app/index.php:0, referer: http://dealtrak/logs/transaction
[Tue Jul 28 13:53:45.807503 2015] [:error] [pid 6662] [client 172.17.0.1:35244] PHP   2. include() /app/index.php:363, referer: http://dealtrak/logs/transaction
[Tue Jul 28 13:53:45.807505 2015] [:error] [pid 6662] [client 172.17.0.1:35244] PHP   3. include() /app/layouts/site.php:130, referer: http://dealtrak/logs/transaction
[Tue Jul 28 13:53:45.807511 2015] [:error] [pid 6662] [client 172.17.0.1:35244] PHP Notice:  Undefined index: destination_id in /app/site/logs/all_transactions.phtml on line 32, referer: http://dealtrak/logs/transaction
[Tue Jul 28 13:53:45.807513 2015] [:error] [pid 6662] [client 172.17.0.1:35244] PHP Stack trace:, referer: http://dealtrak/logs/transaction
[Tue Jul 28 13:53:45.807515 2015] [:error] [pid 6662] [client 172.17.0.1:35244] PHP   1. {main}() /app/index.php:0, referer: http://dealtrak/logs/transaction
[Tue Jul 28 13:53:45.807517 2015] [:error] [pid 6662] [client 172.17.0.1:35244] PHP   2. include() /app/index.php:363, referer: http://dealtrak/logs/transaction
[Tue Jul 28 13:53:45.807519 2015] [:error] [pid 6662] [client 172.17.0.1:35244] PHP   3. include() /app/layouts/site.php:130, referer: http://dealtrak/logs/transaction
[Tue Jul 28 13:53:45.807524 2015] [:error] [pid 6662] [client 172.17.0.1:35244] PHP Notice:  Undefined index: destination_id in /app/site/logs/all_transactions.phtml on line 32, referer: http://dealtrak/logs/transaction
[Tue Jul 28 13:53:45.807525 2015] [:error] [pid 6662] [client 172.17.0.1:35244] PHP Stack trace:, referer: http://dealtrak/logs/transaction
[Tue Jul 28 13:53:45.807527 2015] [:error] [pid 6662] [client 172.17.0.1:35244] PHP   1. {main}() /app/index.php:0, referer: http://dealtrak/logs/transaction
[Tue Jul 28 13:53:45.807532 2015] [:error] [pid 6662] [client 172.17.0.1:35244] PHP   2. include() /app/index.php:363, referer: http://dealtrak/logs/transaction
[Tue Jul 28 13:53:45.807534 2015] [:error] [pid 6662] [client 172.17.0.1:35244] PHP   3. include() /app/layouts/site.php:130, referer: http://dealtrak/logs/transaction
[Tue Jul 28 13:53:45.807539 2015] [:error] [pid 6662] [client 172.17.0.1:35244] PHP Notice:  Undefined index: destination_id in /app/site/logs/all_transactions.phtml on line 32, referer: http://dealtrak/logs/transaction
[Tue Jul 28 13:53:45.807541 2015] [:error] [pid 6662] [client 172.17.0.1:35244] PHP Stack trace:, referer: http://dealtrak/logs/transaction
[Tue Jul 28 13:53:45.807543 2015] [:error] [pid 6662] [client 172.17.0.1:35244] PHP   1. {main}() /app/index.php:0, referer: http://dealtrak/logs/transaction
[Tue Jul 28 13:53:45.807545 2015] [:error] [pid 6662] [client 172.17.0.1:35244] PHP   2. include() /app/index.php:363, referer: http://dealtrak/logs/transaction
[Tue Jul 28 13:53:45.807547 2015] [:error] [pid 6662] [client 172.17.0.1:35244] PHP   3. include() /app/layouts/site.php:130, referer: http://dealtrak/logs/transaction
[Tue Jul 28 13:53:45.807552 2015] [:error] [pid 6662] [client 172.17.0.1:35244] PHP Notice:  Undefined index: destination_id in /app/site/logs/all_transactions.phtml on line 32, referer: http://dealtrak/logs/transaction
[Tue Jul 28 13:53:45.807553 2015] [:error] [pid 6662] [client 172.17.0.1:35244] PHP Stack trace:, referer: http://dealtrak/logs/transaction
[Tue Jul 28 13:53:45.807555 2015] [:error] [pid 6662] [client 172.17.0.1:35244] PHP   1. {main}() /app/index.php:0, referer: http://dealtrak/logs/transaction
[Tue Jul 28 13:53:45.807558 2015] [:error] [pid 6662] [client 172.17.0.1:35244] PHP   2. include() /app/index.php:363, referer: http://dealtrak/logs/transaction
[Tue Jul 28 13:53:45.807560 2015] [:error] [pid 6662] [client 172.17.0.1:35244] PHP   3. include() /app/layouts/site.php:130, referer: http://dealtrak/logs/transaction
[Tue Jul 28 13:53:45.807564 2015] [:error] [pid 6662] [client 172.17.0.1:35244] PHP Notice:  Undefined index: destination_id in /app/site/logs/all_transactions.phtml on line 32, referer: http://dealtrak/logs/transaction
[Tue Jul 28 13:53:45.807566 2015] [:error] [pid 6662] [client 172.17.0.1:35244] PHP Stack trace:, referer: http://dealtrak/logs/transaction
[Tue Jul 28 13:53:45.807568 2015] [:error] [pid 6662] [client 172.17.0.1:35244] PHP   1. {main}() /app/index.php:0, referer: http://dealtrak/logs/transaction
[Tue Jul 28 13:53:45.807570 2015] [:error] [pid 6662] [client 172.17.0.1:35244] PHP   2. include() /app/index.php:363, referer: http://dealtrak/logs/transaction
[Tue Jul 28 13:53:45.807572 2015] [:error] [pid 6662] [client 172.17.0.1:35244] PHP   3. include() /app/layouts/site.php:130, referer: http://dealtrak/logs/transaction
[Tue Jul 28 13:53:45.807577 2015] [:error] [pid 6662] [client 172.17.0.1:35244] PHP Notice:  Undefined index: destination_id in /app/site/logs/all_transactions.phtml on line 32, referer: http://dealtrak/logs/transaction
[Tue Jul 28 13:53:45.807578 2015] [:error] [pid 6662] [client 172.17.0.1:35244] PHP Stack trace:, referer: http://dealtrak/logs/transaction
[Tue Jul 28 13:53:45.807580 2015] [:error] [pid 6662] [client 172.17.0.1:35244] PHP   1. {main}() /app/index.php:0, referer: http://dealtrak/logs/transaction
[Tue Jul 28 13:53:45.807583 2015] [:error] [pid 6662] [client 172.17.0.1:35244] PHP   2. include() /app/index.php:363, referer: http://dealtrak/logs/transaction
[Tue Jul 28 13:53:45.807585 2015] [:error] [pid 6662] [client 172.17.0.1:35244] PHP   3. include() /app/layouts/site.php:130, referer: http://dealtrak/logs/transaction
[Tue Jul 28 13:53:45.807591 2015] [:error] [pid 6662] [client 172.17.0.1:35244] PHP Notice:  Undefined index: destination_id in /app/site/logs/all_transactions.phtml on line 32, referer: http://dealtrak/logs/transaction
[Tue Jul 28 13:53:45.807593 2015] [:error] [pid 6662] [client 172.17.0.1:35244] PHP Stack trace:, referer: http://dealtrak/logs/transaction
[Tue Jul 28 13:53:45.807595 2015] [:error] [pid 6662] [client 172.17.0.1:35244] PHP   1. {main}() /app/index.php:0, referer: http://dealtrak/logs/transaction
[Tue Jul 28 13:53:45.807597 2015] [:error] [pid 6662] [client 172.17.0.1:35244] PHP   2. include() /app/index.php:363, referer: http://dealtrak/logs/transaction
[Tue Jul 28 13:53:45.807599 2015] [:error] [pid 6662] [client 172.17.0.1:35244] PHP   3. include() /app/layouts/site.php:130, referer: http://dealtrak/logs/transaction
[Tue Jul 28 13:53:45.807604 2015] [:error] [pid 6662] [client 172.17.0.1:35244] PHP Notice:  Undefined index: destination_id in /app/site/logs/all_transactions.phtml on line 32, referer: http://dealtrak/logs/transaction
[Tue Jul 28 13:53:45.807605 2015] [:error] [pid 6662] [client 172.17.0.1:35244] PHP Stack trace:, referer: http://dealtrak/logs/transaction
[Tue Jul 28 13:53:45.807607 2015] [:error] [pid 6662] [client 172.17.0.1:35244] PHP   1. {main}() /app/index.php:0, referer: http://dealtrak/logs/transaction
[Tue Jul 28 13:53:45.807610 2015] [:error] [pid 6662] [client 172.17.0.1:35244] PHP   2. include() /app/index.php:363, referer: http://dealtrak/logs/transaction
[Tue Jul 28 13:53:45.807612 2015] [:error] [pid 6662] [client 172.17.0.1:35244] PHP   3. include() /app/layouts/site.php:130, referer: http://dealtrak/logs/transaction
[Tue Jul 28 13:53:45.807616 2015] [:error] [pid 6662] [client 172.17.0.1:35244] PHP Notice:  Undefined index: destination_id in /app/site/logs/all_transactions.phtml on line 32, referer: http://dealtrak/logs/transaction
[Tue Jul 28 13:53:45.807618 2015] [:error] [pid 6662] [client 172.17.0.1:35244] PHP Stack trace:, referer: http://dealtrak/logs/transaction
[Tue Jul 28 13:53:45.807620 2015] [:error] [pid 6662] [client 172.17.0.1:35244] PHP   1. {main}() /app/index.php:0, referer: http://dealtrak/logs/transaction
[Tue Jul 28 13:53:45.807622 2015] [:error] [pid 6662] [client 172.17.0.1:35244] PHP   2. include() /app/index.php:363, referer: http://dealtrak/logs/transaction
[Tue Jul 28 13:53:45.807624 2015] [:error] [pid 6662] [client 172.17.0.1:35244] PHP   3. include() /app/layouts/site.php:130, referer: http://dealtrak/logs/transaction
[Tue Jul 28 13:53:45.807629 2015] [:error] [pid 6662] [client 172.17.0.1:35244] PHP Notice:  Undefined index: destination_id in /app/site/logs/all_transactions.phtml on line 32, referer: http://dealtrak/logs/transaction
[Tue Jul 28 13:53:45.807630 2015] [:error] [pid 6662] [client 172.17.0.1:35244] PHP Stack trace:, referer: http://dealtrak/logs/transaction
[Tue Jul 28 13:53:45.807633 2015] [:error] [pid 6662] [client 172.17.0.1:35244] PHP   1. {main}() /app/index.php:0, referer: http://dealtrak/logs/transaction
[Tue Jul 28 13:53:45.807635 2015] [:error] [pid 6662] [client 172.17.0.1:35244] PHP   2. include() /app/index.php:363, referer: http://dealtrak/logs/transaction
[Tue Jul 28 13:53:45.807637 2015] [:error] [pid 6662] [client 172.17.0.1:35244] PHP   3. include() /app/layouts/site.php:130, referer: http://dealtrak/logs/transaction
[Tue Jul 28 13:53:45.807641 2015] [:error] [pid 6662] [client 172.17.0.1:35244] PHP Notice:  Undefined index: destination_id in /app/site/logs/all_transactions.phtml on line 32, referer: http://dealtrak/logs/transaction
[Tue Jul 28 13:53:45.807644 2015] [:error] [pid 6662] [client 172.17.0.1:35244] PHP Stack trace:, referer: http://dealtrak/logs/transaction
[Tue Jul 28 13:53:45.807647 2015] [:error] [pid 6662] [client 172.17.0.1:35244] PHP   1. {main}() /app/index.php:0, referer: http://dealtrak/logs/transaction
[Tue Jul 28 13:53:45.807649 2015] [:error] [pid 6662] [client 172.17.0.1:35244] PHP   2. include() /app/index.php:363, referer: http://dealtrak/logs/transaction
[Tue Jul 28 13:53:45.807651 2015] [:error] [pid 6662] [client 172.17.0.1:35244] PHP   3. include() /app/layouts/site.php:130, referer: http://dealtrak/logs/transaction
[Tue Jul 28 13:53:45.807664 2015] [:error] [pid 6662] [client 172.17.0.1:35244] PHP Notice:  Undefined index: destination_id in /app/site/logs/all_transactions.phtml on line 32, referer: http://dealtrak/logs/transaction
[Tue Jul 28 13:53:45.807666 2015] [:error] [pid 6662] [client 172.17.0.1:35244] PHP Stack trace:, referer: http://dealtrak/logs/transaction
[Tue Jul 28 13:53:45.807668 2015] [:error] [pid 6662] [client 172.17.0.1:35244] PHP   1. {main}() /app/index.php:0, referer: http://dealtrak/logs/transaction
[Tue Jul 28 13:53:45.807670 2015] [:error] [pid 6662] [client 172.17.0.1:35244] PHP   2. include() /app/index.php:363, referer: http://dealtrak/logs/transaction
[Tue Jul 28 13:53:45.807672 2015] [:error] [pid 6662] [client 172.17.0.1:35244] PHP   3. include() /app/layouts/site.php:130, referer: http://dealtrak/logs/transaction
[Tue Jul 28 13:53:45.807677 2015] [:error] [pid 6662] [client 172.17.0.1:35244] PHP Notice:  Undefined index: destination_id in /app/site/logs/all_transactions.phtml on line 32, referer: http://dealtrak/logs/transaction
[Tue Jul 28 13:53:45.807678 2015] [:error] [pid 6662] [client 172.17.0.1:35244] PHP Stack trace:, referer: http://dealtrak/logs/transaction
[Tue Jul 28 13:53:45.807681 2015] [:error] [pid 6662] [client 172.17.0.1:35244] PHP   1. {main}() /app/index.php:0, referer: http://dealtrak/logs/transaction
[Tue Jul 28 13:53:45.807683 2015] [:error] [pid 6662] [client 172.17.0.1:35244] PHP   2. include() /app/index.php:363, referer: http://dealtrak/logs/transaction
[Tue Jul 28 13:53:45.807685 2015] [:error] [pid 6662] [client 172.17.0.1:35244] PHP   3. include() /app/layouts/site.php:130, referer: http://dealtrak/logs/transaction
[Tue Jul 28 13:53:45.807689 2015] [:error] [pid 6662] [client 172.17.0.1:35244] PHP Notice:  Undefined index: destination_id in /app/site/logs/all_transactions.phtml on line 32, referer: http://dealtrak/logs/transaction
[Tue Jul 28 13:53:45.807691 2015] [:error] [pid 6662] [client 172.17.0.1:35244] PHP Stack trace:, referer: http://dealtrak/logs/transaction
[Tue Jul 28 13:53:45.807693 2015] [:error] [pid 6662] [client 172.17.0.1:35244] PHP   1. {main}() /app/index.php:0, referer: http://dealtrak/logs/transaction
[Tue Jul 28 13:53:45.807696 2015] [:error] [pid 6662] [client 172.17.0.1:35244] PHP   2. include() /app/index.php:363, referer: http://dealtrak/logs/transaction
[Tue Jul 28 13:53:45.807698 2015] [:error] [pid 6662] [client 172.17.0.1:35244] PHP   3. include() /app/layouts/site.php:130, referer: http://dealtrak/logs/transaction
[Tue Jul 28 13:53:45.807702 2015] [:error] [pid 6662] [client 172.17.0.1:35244] PHP Notice:  Undefined index: destination_id in /app/site/logs/all_transactions.phtml on line 32, referer: http://dealtrak/logs/transaction
[Tue Jul 28 13:53:45.807704 2015] [:error] [pid 6662] [client 172.17.0.1:35244] PHP Stack trace:, referer: http://dealtrak/logs/transaction
[Tue Jul 28 13:53:45.807706 2015] [:error] [pid 6662] [client 172.17.0.1:35244] PHP   1. {main}() /app/index.php:0, referer: http://dealtrak/logs/transaction
[Tue Jul 28 13:53:45.807712 2015] [:error] [pid 6662] [client 172.17.0.1:35244] PHP   2. include() /app/index.php:363, referer: http://dealtrak/logs/transaction
[Tue Jul 28 13:53:45.807715 2015] [:error] [pid 6662] [client 172.17.0.1:35244] PHP   3. include() /app/layouts/site.php:130, referer: http://dealtrak/logs/transaction
[Tue Jul 28 13:53:45.807719 2015] [:error] [pid 6662] [client 172.17.0.1:35244] PHP Notice:  Undefined index: destination_id in /app/site/logs/all_transactions.phtml on line 32, referer: http://dealtrak/logs/transaction
[Tue Jul 28 13:53:45.807721 2015] [:error] [pid 6662] [client 172.17.0.1:35244] PHP Stack trace:, referer: http://dealtrak/logs/transaction
[Tue Jul 28 13:53:45.807723 2015] [:error] [pid 6662] [client 172.17.0.1:35244] PHP   1. {main}() /app/index.php:0, referer: http://dealtrak/logs/transaction
[Tue Jul 28 13:53:45.807725 2015] [:error] [pid 6662] [client 172.17.0.1:35244] PHP   2. include() /app/index.php:363, referer: http://dealtrak/logs/transaction
[Tue Jul 28 13:53:45.807728 2015] [:error] [pid 6662] [client 172.17.0.1:35244] PHP   3. include() /app/layouts/site.php:130, referer: http://dealtrak/logs/transaction
[Tue Jul 28 13:53:45.807732 2015] [:error] [pid 6662] [client 172.17.0.1:35244] PHP Notice:  Undefined index: destination_id in /app/site/logs/all_transactions.phtml on line 32, referer: http://dealtrak/logs/transaction
[Tue Jul 28 13:53:45.807734 2015] [:error] [pid 6662] [client 172.17.0.1:35244] PHP Stack trace:, referer: http://dealtrak/logs/transaction
[Tue Jul 28 13:53:45.807736 2015] [:error] [pid 6662] [client 172.17.0.1:35244] PHP   1. {main}() /app/index.php:0, referer: http://dealtrak/logs/transaction
[Tue Jul 28 13:53:45.807738 2015] [:error] [pid 6662] [client 172.17.0.1:35244] PHP   2. include() /app/index.php:363, referer: http://dealtrak/logs/transaction
[Tue Jul 28 13:53:45.807741 2015] [:error] [pid 6662] [client 172.17.0.1:35244] PHP   3. include() /app/layouts/site.php:130, referer: http://dealtrak/logs/transaction
[Tue Jul 28 13:53:45.807745 2015] [:error] [pid 6662] [client 172.17.0.1:35244] PHP Notice:  Undefined index: destination_id in /app/site/logs/all_transactions.phtml on line 32, referer: http://dealtrak/logs/transaction
[Tue Jul 28 13:53:45.807747 2015] [:error] [pid 6662] [client 172.17.0.1:35244] PHP Stack trace:, referer: http://dealtrak/logs/transaction
[Tue Jul 28 13:53:45.807749 2015] [:error] [pid 6662] [client 172.17.0.1:35244] PHP   1. {main}() /app/index.php:0, referer: http://dealtrak/logs/transaction
[Tue Jul 28 13:53:45.807751 2015] [:error] [pid 6662] [client 172.17.0.1:35244] PHP   2. include() /app/index.php:363, referer: http://dealtrak/logs/transaction
[Tue Jul 28 13:53:45.807753 2015] [:error] [pid 6662] [client 172.17.0.1:35244] PHP   3. include() /app/layouts/site.php:130, referer: http://dealtrak/logs/transaction
[Tue Jul 28 13:53:45.807758 2015] [:error] [pid 6662] [client 172.17.0.1:35244] PHP Notice:  Undefined index: destination_id in /app/site/logs/all_transactions.phtml on line 32, referer: http://dealtrak/logs/transaction
[Tue Jul 28 13:53:45.807759 2015] [:error] [pid 6662] [client 172.17.0.1:35244] PHP Stack trace:, referer: http://dealtrak/logs/transaction
[Tue Jul 28 13:53:45.807762 2015] [:error] [pid 6662] [client 172.17.0.1:35244] PHP   1. {main}() /app/index.php:0, referer: http://dealtrak/logs/transaction
[Tue Jul 28 13:53:45.807764 2015] [:error] [pid 6662] [client 172.17.0.1:35244] PHP   2. include() /app/index.php:363, referer: http://dealtrak/logs/transaction
[Tue Jul 28 13:53:45.807766 2015] [:error] [pid 6662] [client 172.17.0.1:35244] PHP   3. include() /app/layouts/site.php:130, referer: http://dealtrak/logs/transaction
[Tue Jul 28 13:53:45.807773 2015] [:error] [pid 6662] [client 172.17.0.1:35244] PHP Notice:  Undefined index: destination_id in /app/site/logs/all_transactions.phtml on line 32, referer: http://dealtrak/logs/transaction
[Tue Jul 28 13:53:45.807775 2015] [:error] [pid 6662] [client 172.17.0.1:35244] PHP Stack trace:, referer: http://dealtrak/logs/transaction
[Tue Jul 28 13:53:45.807777 2015] [:error] [pid 6662] [client 172.17.0.1:35244] PHP   1. {main}() /app/index.php:0, referer: http://dealtrak/logs/transaction
[Tue Jul 28 13:53:45.807779 2015] [:error] [pid 6662] [client 172.17.0.1:35244] PHP   2. include() /app/index.php:363, referer: http://dealtrak/logs/transaction
[Tue Jul 28 13:53:45.807781 2015] [:error] [pid 6662] [client 172.17.0.1:35244] PHP   3. include() /app/layouts/site.php:130, referer: http://dealtrak/logs/transaction
[Tue Jul 28 13:53:45.807786 2015] [:error] [pid 6662] [client 172.17.0.1:35244] PHP Notice:  Undefined index: destination_id in /app/site/logs/all_transactions.phtml on line 32, referer: http://dealtrak/logs/transaction
[Tue Jul 28 13:53:45.807787 2015] [:error] [pid 6662] [client 172.17.0.1:35244] PHP Stack trace:, referer: http://dealtrak/logs/transaction
[Tue Jul 28 13:53:45.807790 2015] [:error] [pid 6662] [client 172.17.0.1:35244] PHP   1. {main}() /app/index.php:0, referer: http://dealtrak/logs/transaction
[Tue Jul 28 13:53:45.807792 2015] [:error] [pid 6662] [client 172.17.0.1:35244] PHP   2. include() /app/index.php:363, referer: http://dealtrak/logs/transaction
[Tue Jul 28 13:53:45.807794 2015] [:error] [pid 6662] [client 172.17.0.1:35244] PHP   3. include() /app/layouts/site.php:130, referer: http://dealtrak/logs/transaction
[Tue Jul 28 13:53:45.807799 2015] [:error] [pid 6662] [client 172.17.0.1:35244] PHP Notice:  Undefined index: destination_id in /app/site/logs/all_transactions.phtml on line 32, referer: http://dealtrak/logs/transaction
[Tue Jul 28 13:53:45.807800 2015] [:error] [pid 6662] [client 172.17.0.1:35244] PHP Stack trace:, referer: http://dealtrak/logs/transaction
[Tue Jul 28 13:53:45.807803 2015] [:error] [pid 6662] [client 172.17.0.1:35244] PHP   1. {main}() /app/index.php:0, referer: http://dealtrak/logs/transaction
[Tue Jul 28 13:53:45.807805 2015] [:error] [pid 6662] [client 172.17.0.1:35244] PHP   2. include() /app/index.php:363, referer: http://dealtrak/logs/transaction
[Tue Jul 28 13:53:45.807807 2015] [:error] [pid 6662] [client 172.17.0.1:35244] PHP   3. include() /app/layouts/site.php:130, referer: http://dealtrak/logs/transaction
[Tue Jul 28 13:53:45.807812 2015] [:error] [pid 6662] [client 172.17.0.1:35244] PHP Notice:  Undefined index: destination_id in /app/site/logs/all_transactions.phtml on line 32, referer: http://dealtrak/logs/transaction
[Tue Jul 28 13:53:45.807813 2015] [:error] [pid 6662] [client 172.17.0.1:35244] PHP Stack trace:, referer: http://dealtrak/logs/transaction
[Tue Jul 28 13:53:45.807815 2015] [:error] [pid 6662] [client 172.17.0.1:35244] PHP   1. {main}() /app/index.php:0, referer: http://dealtrak/logs/transaction
[Tue Jul 28 13:53:45.807818 2015] [:error] [pid 6662] [client 172.17.0.1:35244] PHP   2. include() /app/index.php:363, referer: http://dealtrak/logs/transaction
[Tue Jul 28 13:53:45.807820 2015] [:error] [pid 6662] [client 172.17.0.1:35244] PHP   3. include() /app/layouts/site.php:130, referer: http://dealtrak/logs/transaction
[Tue Jul 28 13:53:45.807824 2015] [:error] [pid 6662] [client 172.17.0.1:35244] PHP Notice:  Undefined index: destination_id in /app/site/logs/all_transactions.phtml on line 32, referer: http://dealtrak/logs/transaction
[Tue Jul 28 13:53:45.807828 2015] [:error] [pid 6662] [client 172.17.0.1:35244] PHP Stack trace:, referer: http://dealtrak/logs/transaction
[Tue Jul 28 13:53:45.807831 2015] [:error] [pid 6662] [client 172.17.0.1:35244] PHP   1. {main}() /app/index.php:0, referer: http://dealtrak/logs/transaction
[Tue Jul 28 13:53:45.807833 2015] [:error] [pid 6662] [client 172.17.0.1:35244] PHP   2. include() /app/index.php:363, referer: http://dealtrak/logs/transaction
[Tue Jul 28 13:53:45.807835 2015] [:error] [pid 6662] [client 172.17.0.1:35244] PHP   3. include() /app/layouts/site.php:130, referer: http://dealtrak/logs/transaction
[Tue Jul 28 13:53:45.807840 2015] [:error] [pid 6662] [client 172.17.0.1:35244] PHP Notice:  Undefined index: destination_id in /app/site/logs/all_transactions.phtml on line 32, referer: http://dealtrak/logs/transaction
[Tue Jul 28 13:53:45.807842 2015] [:error] [pid 6662] [client 172.17.0.1:35244] PHP Stack trace:, referer: http://dealtrak/logs/transaction
[Tue Jul 28 13:53:45.807844 2015] [:error] [pid 6662] [client 172.17.0.1:35244] PHP   1. {main}() /app/index.php:0, referer: http://dealtrak/logs/transaction
[Tue Jul 28 13:53:45.807846 2015] [:error] [pid 6662] [client 172.17.0.1:35244] PHP   2. include() /app/index.php:363, referer: http://dealtrak/logs/transaction
[Tue Jul 28 13:53:45.807848 2015] [:error] [pid 6662] [client 172.17.0.1:35244] PHP   3. include() /app/layouts/site.php:130, referer: http://dealtrak/logs/transaction
[Tue Jul 28 13:53:45.807853 2015] [:error] [pid 6662] [client 172.17.0.1:35244] PHP Notice:  Undefined index: destination_id in /app/site/logs/all_transactions.phtml on line 32, referer: http://dealtrak/logs/transaction
[Tue Jul 28 13:53:45.807854 2015] [:error] [pid 6662] [client 172.17.0.1:35244] PHP Stack trace:, referer: http://dealtrak/logs/transaction
[Tue Jul 28 13:53:45.807857 2015] [:error] [pid 6662] [client 172.17.0.1:35244] PHP   1. {main}() /app/index.php:0, referer: http://dealtrak/logs/transaction
[Tue Jul 28 13:53:45.807859 2015] [:error] [pid 6662] [client 172.17.0.1:35244] PHP   2. include() /app/index.php:363, referer: http://dealtrak/logs/transaction
[Tue Jul 28 13:53:45.807861 2015] [:error] [pid 6662] [client 172.17.0.1:35244] PHP   3. include() /app/layouts/site.php:130, referer: http://dealtrak/logs/transaction
[Tue Jul 28 13:53:45.807866 2015] [:error] [pid 6662] [client 172.17.0.1:35244] PHP Notice:  Undefined index: destination_id in /app/site/logs/all_transactions.phtml on line 32, referer: http://dealtrak/logs/transaction
[Tue Jul 28 13:53:45.807867 2015] [:error] [pid 6662] [client 172.17.0.1:35244] PHP Stack trace:, referer: http://dealtrak/logs/transaction
[Tue Jul 28 13:53:45.807869 2015] [:error] [pid 6662] [client 172.17.0.1:35244] PHP   1. {main}() /app/index.php:0, referer: http://dealtrak/logs/transaction
[Tue Jul 28 13:53:45.807872 2015] [:error] [pid 6662] [client 172.17.0.1:35244] PHP   2. include() /app/index.php:363, referer: http://dealtrak/logs/transaction
[Tue Jul 28 13:53:45.807874 2015] [:error] [pid 6662] [client 172.17.0.1:35244] PHP   3. include() /app/layouts/site.php:130, referer: http://dealtrak/logs/transaction
[Tue Jul 28 13:53:45.807878 2015] [:error] [pid 6662] [client 172.17.0.1:35244] PHP Notice:  Undefined index: destination_id in /app/site/logs/all_transactions.phtml on line 32, referer: http://dealtrak/logs/transaction
[Tue Jul 28 13:53:45.807880 2015] [:error] [pid 6662] [client 172.17.0.1:35244] PHP Stack trace:, referer: http://dealtrak/logs/transaction
[Tue Jul 28 13:53:45.807882 2015] [:error] [pid 6662] [client 172.17.0.1:35244] PHP   1. {main}() /app/index.php:0, referer: http://dealtrak/logs/transaction
[Tue Jul 28 13:53:45.807886 2015] [:error] [pid 6662] [client 172.17.0.1:35244] PHP   2. include() /app/index.php:363, referer: http://dealtrak/logs/transaction
[Tue Jul 28 13:53:45.807888 2015] [:error] [pid 6662] [client 172.17.0.1:35244] PHP   3. include() /app/layouts/site.php:130, referer: http://dealtrak/logs/transaction
[Tue Jul 28 13:53:45.807893 2015] [:error] [pid 6662] [client 172.17.0.1:35244] PHP Notice:  Undefined index: destination_id in /app/site/logs/all_transactions.phtml on line 32, referer: http://dealtrak/logs/transaction
[Tue Jul 28 13:53:45.807895 2015] [:error] [pid 6662] [client 172.17.0.1:35244] PHP Stack trace:, referer: http://dealtrak/logs/transaction
[Tue Jul 28 13:53:45.807897 2015] [:error] [pid 6662] [client 172.17.0.1:35244] PHP   1. {main}() /app/index.php:0, referer: http://dealtrak/logs/transaction
[Tue Jul 28 13:53:45.807899 2015] [:error] [pid 6662] [client 172.17.0.1:35244] PHP   2. include() /app/index.php:363, referer: http://dealtrak/logs/transaction
[Tue Jul 28 13:53:45.807902 2015] [:error] [pid 6662] [client 172.17.0.1:35244] PHP   3. include() /app/layouts/site.php:130, referer: http://dealtrak/logs/transaction
[Tue Jul 28 13:53:45.807906 2015] [:error] [pid 6662] [client 172.17.0.1:35244] PHP Notice:  Undefined index: destination_id in /app/site/logs/all_transactions.phtml on line 32, referer: http://dealtrak/logs/transaction
[Tue Jul 28 13:53:45.807908 2015] [:error] [pid 6662] [client 172.17.0.1:35244] PHP Stack trace:, referer: http://dealtrak/logs/transaction
[Tue Jul 28 13:53:45.807910 2015] [:error] [pid 6662] [client 172.17.0.1:35244] PHP   1. {main}() /app/index.php:0, referer: http://dealtrak/logs/transaction
[Tue Jul 28 13:53:45.807912 2015] [:error] [pid 6662] [client 172.17.0.1:35244] PHP   2. include() /app/index.php:363, referer: http://dealtrak/logs/transaction
[Tue Jul 28 13:53:45.807914 2015] [:error] [pid 6662] [client 172.17.0.1:35244] PHP   3. include() /app/layouts/site.php:130, referer: http://dealtrak/logs/transaction
[Tue Jul 28 13:53:45.807919 2015] [:error] [pid 6662] [client 172.17.0.1:35244] PHP Notice:  Undefined index: destination_id in /app/site/logs/all_transactions.phtml on line 32, referer: http://dealtrak/logs/transaction
[Tue Jul 28 13:53:45.807921 2015] [:error] [pid 6662] [client 172.17.0.1:35244] PHP Stack trace:, referer: http://dealtrak/logs/transaction
[Tue Jul 28 13:53:45.807923 2015] [:error] [pid 6662] [client 172.17.0.1:35244] PHP   1. {main}() /app/index.php:0, referer: http://dealtrak/logs/transaction
[Tue Jul 28 13:53:45.807925 2015] [:error] [pid 6662] [client 172.17.0.1:35244] PHP   2. include() /app/index.php:363, referer: http://dealtrak/logs/transaction
[Tue Jul 28 13:53:45.807927 2015] [:error] [pid 6662] [client 172.17.0.1:35244] PHP   3. include() /app/layouts/site.php:130, referer: http://dealtrak/logs/transaction
[Tue Jul 28 13:53:45.808012 2015] [:error] [pid 6662] [client 172.17.0.1:35244] PHP Notice:  Undefined index: destination_id in /app/site/logs/all_transactions.phtml on line 32, referer: http://dealtrak/logs/transaction
[Tue Jul 28 13:53:45.808014 2015] [:error] [pid 6662] [client 172.17.0.1:35244] PHP Stack trace:, referer: http://dealtrak/logs/transaction
[Tue Jul 28 13:53:45.808017 2015] [:error] [pid 6662] [client 172.17.0.1:35244] PHP   1. {main}() /app/index.php:0, referer: http://dealtrak/logs/transaction
[Tue Jul 28 13:53:45.808019 2015] [:error] [pid 6662] [client 172.17.0.1:35244] PHP   2. include() /app/index.php:363, referer: http://dealtrak/logs/transaction
[Tue Jul 28 13:53:45.808021 2015] [:error] [pid 6662] [client 172.17.0.1:35244] PHP   3. include() /app/layouts/site.php:130, referer: http://dealtrak/logs/transaction
[Tue Jul 28 13:53:45.808028 2015] [:error] [pid 6662] [client 172.17.0.1:35244] PHP Notice:  Undefined index: destination_id in /app/site/logs/all_transactions.phtml on line 32, referer: http://dealtrak/logs/transaction
[Tue Jul 28 13:53:45.808030 2015] [:error] [pid 6662] [client 172.17.0.1:35244] PHP Stack trace:, referer: http://dealtrak/logs/transaction
[Tue Jul 28 13:53:45.808032 2015] [:error] [pid 6662] [client 172.17.0.1:35244] PHP   1. {main}() /app/index.php:0, referer: http://dealtrak/logs/transaction
[Tue Jul 28 13:53:45.808035 2015] [:error] [pid 6662] [client 172.17.0.1:35244] PHP   2. include() /app/index.php:363, referer: http://dealtrak/logs/transaction
[Tue Jul 28 13:53:45.808037 2015] [:error] [pid 6662] [client 172.17.0.1:35244] PHP   3. include() /app/layouts/site.php:130, referer: http://dealtrak/logs/transaction
[Tue Jul 28 13:53:45.808041 2015] [:error] [pid 6662] [client 172.17.0.1:35244] PHP Notice:  Undefined index: destination_id in /app/site/logs/all_transactions.phtml on line 32, referer: http://dealtrak/logs/transaction
[Tue Jul 28 13:53:45.808043 2015] [:error] [pid 6662] [client 172.17.0.1:35244] PHP Stack trace:, referer: http://dealtrak/logs/transaction
[Tue Jul 28 13:53:45.808045 2015] [:error] [pid 6662] [client 172.17.0.1:35244] PHP   1. {main}() /app/index.php:0, referer: http://dealtrak/logs/transaction
[Tue Jul 28 13:53:45.808047 2015] [:error] [pid 6662] [client 172.17.0.1:35244] PHP   2. include() /app/index.php:363, referer: http://dealtrak/logs/transaction
[Tue Jul 28 13:53:45.808050 2015] [:error] [pid 6662] [client 172.17.0.1:35244] PHP   3. include() /app/layouts/site.php:130, referer: http://dealtrak/logs/transaction
[Tue Jul 28 13:53:45.808054 2015] [:error] [pid 6662] [client 172.17.0.1:35244] PHP Notice:  Undefined index: destination_id in /app/site/logs/all_transactions.phtml on line 32, referer: http://dealtrak/logs/transaction
[Tue Jul 28 13:53:45.808056 2015] [:error] [pid 6662] [client 172.17.0.1:35244] PHP Stack trace:, referer: http://dealtrak/logs/transaction
[Tue Jul 28 13:53:45.808058 2015] [:error] [pid 6662] [client 172.17.0.1:35244] PHP   1. {main}() /app/index.php:0, referer: http://dealtrak/logs/transaction
[Tue Jul 28 13:53:45.808060 2015] [:error] [pid 6662] [client 172.17.0.1:35244] PHP   2. include() /app/index.php:363, referer: http://dealtrak/logs/transaction
[Tue Jul 28 13:53:45.808063 2015] [:error] [pid 6662] [client 172.17.0.1:35244] PHP   3. include() /app/layouts/site.php:130, referer: http://dealtrak/logs/transaction
[Tue Jul 28 13:53:45.808067 2015] [:error] [pid 6662] [client 172.17.0.1:35244] PHP Notice:  Undefined index: destination_id in /app/site/logs/all_transactions.phtml on line 32, referer: http://dealtrak/logs/transaction
[Tue Jul 28 13:53:45.808069 2015] [:error] [pid 6662] [client 172.17.0.1:35244] PHP Stack trace:, referer: http://dealtrak/logs/transaction
[Tue Jul 28 13:53:45.808071 2015] [:error] [pid 6662] [client 172.17.0.1:35244] PHP   1. {main}() /app/index.php:0, referer: http://dealtrak/logs/transaction
[Tue Jul 28 13:53:45.808073 2015] [:error] [pid 6662] [client 172.17.0.1:35244] PHP   2. include() /app/index.php:363, referer: http://dealtrak/logs/transaction
[Tue Jul 28 13:53:45.808075 2015] [:error] [pid 6662] [client 172.17.0.1:35244] PHP   3. include() /app/layouts/site.php:130, referer: http://dealtrak/logs/transaction
[Tue Jul 28 13:53:45.808080 2015] [:error] [pid 6662] [client 172.17.0.1:35244] PHP Notice:  Undefined index: destination_id in /app/site/logs/all_transactions.phtml on line 32, referer: http://dealtrak/logs/transaction
[Tue Jul 28 13:53:45.808083 2015] [:error] [pid 6662] [client 172.17.0.1:35244] PHP Stack trace:, referer: http://dealtrak/logs/transaction
[Tue Jul 28 13:53:45.808086 2015] [:error] [pid 6662] [client 172.17.0.1:35244] PHP   1. {main}() /app/index.php:0, referer: http://dealtrak/logs/transaction
[Tue Jul 28 13:53:45.808088 2015] [:error] [pid 6662] [client 172.17.0.1:35244] PHP   2. include() /app/index.php:363, referer: http://dealtrak/logs/transaction
[Tue Jul 28 13:53:45.808090 2015] [:error] [pid 6662] [client 172.17.0.1:35244] PHP   3. include() /app/layouts/site.php:130, referer: http://dealtrak/logs/transaction
[Tue Jul 28 13:53:45.808095 2015] [:error] [pid 6662] [client 172.17.0.1:35244] PHP Notice:  Undefined index: destination_id in /app/site/logs/all_transactions.phtml on line 32, referer: http://dealtrak/logs/transaction
[Tue Jul 28 13:53:45.808097 2015] [:error] [pid 6662] [client 172.17.0.1:35244] PHP Stack trace:, referer: http://dealtrak/logs/transaction
[Tue Jul 28 13:53:45.808099 2015] [:error] [pid 6662] [client 172.17.0.1:35244] PHP   1. {main}() /app/index.php:0, referer: http://dealtrak/logs/transaction
[Tue Jul 28 13:53:45.808101 2015] [:error] [pid 6662] [client 172.17.0.1:35244] PHP   2. include() /app/index.php:363, referer: http://dealtrak/logs/transaction
[Tue Jul 28 13:53:45.808103 2015] [:error] [pid 6662] [client 172.17.0.1:35244] PHP   3. include() /app/layouts/site.php:130, referer: http://dealtrak/logs/transaction
[Tue Jul 28 13:53:45.808108 2015] [:error] [pid 6662] [client 172.17.0.1:35244] PHP Notice:  Undefined index: destination_id in /app/site/logs/all_transactions.phtml on line 32, referer: http://dealtrak/logs/transaction
[Tue Jul 28 13:53:45.808109 2015] [:error] [pid 6662] [client 172.17.0.1:35244] PHP Stack trace:, referer: http://dealtrak/logs/transaction
[Tue Jul 28 13:53:45.808112 2015] [:error] [pid 6662] [client 172.17.0.1:35244] PHP   1. {main}() /app/index.php:0, referer: http://dealtrak/logs/transaction
[Tue Jul 28 13:53:45.808114 2015] [:error] [pid 6662] [client 172.17.0.1:35244] PHP   2. include() /app/index.php:363, referer: http://dealtrak/logs/transaction
[Tue Jul 28 13:53:45.808116 2015] [:error] [pid 6662] [client 172.17.0.1:35244] PHP   3. include() /app/layouts/site.php:130, referer: http://dealtrak/logs/transaction
[Tue Jul 28 13:53:45.808121 2015] [:error] [pid 6662] [client 172.17.0.1:35244] PHP Notice:  Undefined index: destination_id in /app/site/logs/all_transactions.phtml on line 32, referer: http://dealtrak/logs/transaction
[Tue Jul 28 13:53:45.808122 2015] [:error] [pid 6662] [client 172.17.0.1:35244] PHP Stack trace:, referer: http://dealtrak/logs/transaction
[Tue Jul 28 13:53:45.808124 2015] [:error] [pid 6662] [client 172.17.0.1:35244] PHP   1. {main}() /app/index.php:0, referer: http://dealtrak/logs/transaction
[Tue Jul 28 13:53:45.808127 2015] [:error] [pid 6662] [client 172.17.0.1:35244] PHP   2. include() /app/index.php:363, referer: http://dealtrak/logs/transaction
[Tue Jul 28 13:53:45.808129 2015] [:error] [pid 6662] [client 172.17.0.1:35244] PHP   3. include() /app/layouts/site.php:130, referer: http://dealtrak/logs/transaction
[Tue Jul 28 13:53:45.808133 2015] [:error] [pid 6662] [client 172.17.0.1:35244] PHP Notice:  Undefined index: destination_id in /app/site/logs/all_transactions.phtml on line 32, referer: http://dealtrak/logs/transaction
[Tue Jul 28 13:53:45.808135 2015] [:error] [pid 6662] [client 172.17.0.1:35244] PHP Stack trace:, referer: http://dealtrak/logs/transaction
[Tue Jul 28 13:53:45.808137 2015] [:error] [pid 6662] [client 172.17.0.1:35244] PHP   1. {main}() /app/index.php:0, referer: http://dealtrak/logs/transaction
[Tue Jul 28 13:53:45.808141 2015] [:error] [pid 6662] [client 172.17.0.1:35244] PHP   2. include() /app/index.php:363, referer: http://dealtrak/logs/transaction
[Tue Jul 28 13:53:45.808144 2015] [:error] [pid 6662] [client 172.17.0.1:35244] PHP   3. include() /app/layouts/site.php:130, referer: http://dealtrak/logs/transaction
[Tue Jul 28 13:53:45.808148 2015] [:error] [pid 6662] [client 172.17.0.1:35244] PHP Notice:  Undefined index: destination_id in /app/site/logs/all_transactions.phtml on line 32, referer: http://dealtrak/logs/transaction
[Tue Jul 28 13:53:45.808150 2015] [:error] [pid 6662] [client 172.17.0.1:35244] PHP Stack trace:, referer: http://dealtrak/logs/transaction
[Tue Jul 28 13:53:45.808152 2015] [:error] [pid 6662] [client 172.17.0.1:35244] PHP   1. {main}() /app/index.php:0, referer: http://dealtrak/logs/transaction
[Tue Jul 28 13:53:45.808154 2015] [:error] [pid 6662] [client 172.17.0.1:35244] PHP   2. include() /app/index.php:363, referer: http://dealtrak/logs/transaction
[Tue Jul 28 13:53:45.808157 2015] [:error] [pid 6662] [client 172.17.0.1:35244] PHP   3. include() /app/layouts/site.php:130, referer: http://dealtrak/logs/transaction
[Tue Jul 28 13:53:45.808161 2015] [:error] [pid 6662] [client 172.17.0.1:35244] PHP Notice:  Undefined index: destination_id in /app/site/logs/all_transactions.phtml on line 32, referer: http://dealtrak/logs/transaction
[Tue Jul 28 13:53:45.808163 2015] [:error] [pid 6662] [client 172.17.0.1:35244] PHP Stack trace:, referer: http://dealtrak/logs/transaction
[Tue Jul 28 13:53:45.808165 2015] [:error] [pid 6662] [client 172.17.0.1:35244] PHP   1. {main}() /app/index.php:0, referer: http://dealtrak/logs/transaction
[Tue Jul 28 13:53:45.808167 2015] [:error] [pid 6662] [client 172.17.0.1:35244] PHP   2. include() /app/index.php:363, referer: http://dealtrak/logs/transaction
[Tue Jul 28 13:53:45.808169 2015] [:error] [pid 6662] [client 172.17.0.1:35244] PHP   3. include() /app/layouts/site.php:130, referer: http://dealtrak/logs/transaction
[Tue Jul 28 13:53:45.808174 2015] [:error] [pid 6662] [client 172.17.0.1:35244] PHP Notice:  Undefined index: destination_id in /app/site/logs/all_transactions.phtml on line 32, referer: http://dealtrak/logs/transaction
[Tue Jul 28 13:53:45.808176 2015] [:error] [pid 6662] [client 172.17.0.1:35244] PHP Stack trace:, referer: http://dealtrak/logs/transaction
[Tue Jul 28 13:53:45.808178 2015] [:error] [pid 6662] [client 172.17.0.1:35244] PHP   1. {main}() /app/index.php:0, referer: http://dealtrak/logs/transaction
[Tue Jul 28 13:53:45.808180 2015] [:error] [pid 6662] [client 172.17.0.1:35244] PHP   2. include() /app/index.php:363, referer: http://dealtrak/logs/transaction
[Tue Jul 28 13:53:45.808182 2015] [:error] [pid 6662] [client 172.17.0.1:35244] PHP   3. include() /app/layouts/site.php:130, referer: http://dealtrak/logs/transaction
[Tue Jul 28 13:53:45.808187 2015] [:error] [pid 6662] [client 172.17.0.1:35244] PHP Notice:  Undefined index: destination_id in /app/site/logs/all_transactions.phtml on line 32, referer: http://dealtrak/logs/transaction
[Tue Jul 28 13:53:45.808188 2015] [:error] [pid 6662] [client 172.17.0.1:35244] PHP Stack trace:, referer: http://dealtrak/logs/transaction
[Tue Jul 28 13:53:45.808191 2015] [:error] [pid 6662] [client 172.17.0.1:35244] PHP   1. {main}() /app/index.php:0, referer: http://dealtrak/logs/transaction
[Tue Jul 28 13:53:45.808193 2015] [:error] [pid 6662] [client 172.17.0.1:35244] PHP   2. include() /app/index.php:363, referer: http://dealtrak/logs/transaction
[Tue Jul 28 13:53:45.808195 2015] [:error] [pid 6662] [client 172.17.0.1:35244] PHP   3. include() /app/layouts/site.php:130, referer: http://dealtrak/logs/transaction
[Tue Jul 28 13:53:45.808202 2015] [:error] [pid 6662] [client 172.17.0.1:35244] PHP Notice:  Undefined index: destination_id in /app/site/logs/all_transactions.phtml on line 32, referer: http://dealtrak/logs/transaction
[Tue Jul 28 13:53:45.808203 2015] [:error] [pid 6662] [client 172.17.0.1:35244] PHP Stack trace:, referer: http://dealtrak/logs/transaction
[Tue Jul 28 13:53:45.808206 2015] [:error] [pid 6662] [client 172.17.0.1:35244] PHP   1. {main}() /app/index.php:0, referer: http://dealtrak/logs/transaction
[Tue Jul 28 13:53:45.808208 2015] [:error] [pid 6662] [client 172.17.0.1:35244] PHP   2. include() /app/index.php:363, referer: http://dealtrak/logs/transaction
[Tue Jul 28 13:53:45.808210 2015] [:error] [pid 6662] [client 172.17.0.1:35244] PHP   3. include() /app/layouts/site.php:130, referer: http://dealtrak/logs/transaction
[Tue Jul 28 13:53:45.808215 2015] [:error] [pid 6662] [client 172.17.0.1:35244] PHP Notice:  Undefined index: destination_id in /app/site/logs/all_transactions.phtml on line 32, referer: http://dealtrak/logs/transaction
[Tue Jul 28 13:53:45.808216 2015] [:error] [pid 6662] [client 172.17.0.1:35244] PHP Stack trace:, referer: http://dealtrak/logs/transaction
[Tue Jul 28 13:53:45.808219 2015] [:error] [pid 6662] [client 172.17.0.1:35244] PHP   1. {main}() /app/index.php:0, referer: http://dealtrak/logs/transaction
[Tue Jul 28 13:53:45.808221 2015] [:error] [pid 6662] [client 172.17.0.1:35244] PHP   2. include() /app/index.php:363, referer: http://dealtrak/logs/transaction
[Tue Jul 28 13:53:45.808223 2015] [:error] [pid 6662] [client 172.17.0.1:35244] PHP   3. include() /app/layouts/site.php:130, referer: http://dealtrak/logs/transaction
[Tue Jul 28 13:53:45.808228 2015] [:error] [pid 6662] [client 172.17.0.1:35244] PHP Notice:  Undefined index: destination_id in /app/site/logs/all_transactions.phtml on line 32, referer: http://dealtrak/logs/transaction
[Tue Jul 28 13:53:45.808229 2015] [:error] [pid 6662] [client 172.17.0.1:35244] PHP Stack trace:, referer: http://dealtrak/logs/transaction
[Tue Jul 28 13:53:45.808231 2015] [:error] [pid 6662] [client 172.17.0.1:35244] PHP   1. {main}() /app/index.php:0, referer: http://dealtrak/logs/transaction
[Tue Jul 28 13:53:45.808234 2015] [:error] [pid 6662] [client 172.17.0.1:35244] PHP   2. include() /app/index.php:363, referer: http://dealtrak/logs/transaction
[Tue Jul 28 13:53:45.808236 2015] [:error] [pid 6662] [client 172.17.0.1:35244] PHP   3. include() /app/layouts/site.php:130, referer: http://dealtrak/logs/transaction
[Tue Jul 28 13:53:45.808240 2015] [:error] [pid 6662] [client 172.17.0.1:35244] PHP Notice:  Undefined index: destination_id in /app/site/logs/all_transactions.phtml on line 32, referer: http://dealtrak/logs/transaction
[Tue Jul 28 13:53:45.808242 2015] [:error] [pid 6662] [client 172.17.0.1:35244] PHP Stack trace:, referer: http://dealtrak/logs/transaction
[Tue Jul 28 13:53:45.808244 2015] [:error] [pid 6662] [client 172.17.0.1:35244] PHP   1. {main}() /app/index.php:0, referer: http://dealtrak/logs/transaction
[Tue Jul 28 13:53:45.808246 2015] [:error] [pid 6662] [client 172.17.0.1:35244] PHP   2. include() /app/index.php:363, referer: http://dealtrak/logs/transaction
[Tue Jul 28 13:53:45.808249 2015] [:error] [pid 6662] [client 172.17.0.1:35244] PHP   3. include() /app/layouts/site.php:130, referer: http://dealtrak/logs/transaction
[Tue Jul 28 13:53:45.808253 2015] [:error] [pid 6662] [client 172.17.0.1:35244] PHP Notice:  Undefined index: destination_id in /app/site/logs/all_transactions.phtml on line 32, referer: http://dealtrak/logs/transaction
[Tue Jul 28 13:53:45.808256 2015] [:error] [pid 6662] [client 172.17.0.1:35244] PHP Stack trace:, referer: http://dealtrak/logs/transaction
[Tue Jul 28 13:53:45.808259 2015] [:error] [pid 6662] [client 172.17.0.1:35244] PHP   1. {main}() /app/index.php:0, referer: http://dealtrak/logs/transaction
[Tue Jul 28 13:53:45.808261 2015] [:error] [pid 6662] [client 172.17.0.1:35244] PHP   2. include() /app/index.php:363, referer: http://dealtrak/logs/transaction
[Tue Jul 28 13:53:45.808263 2015] [:error] [pid 6662] [client 172.17.0.1:35244] PHP   3. include() /app/layouts/site.php:130, referer: http://dealtrak/logs/transaction
[Tue Jul 28 13:53:45.808268 2015] [:error] [pid 6662] [client 172.17.0.1:35244] PHP Notice:  Undefined index: destination_id in /app/site/logs/all_transactions.phtml on line 32, referer: http://dealtrak/logs/transaction
[Tue Jul 28 13:53:45.808270 2015] [:error] [pid 6662] [client 172.17.0.1:35244] PHP Stack trace:, referer: http://dealtrak/logs/transaction
[Tue Jul 28 13:53:45.808272 2015] [:error] [pid 6662] [client 172.17.0.1:35244] PHP   1. {main}() /app/index.php:0, referer: http://dealtrak/logs/transaction
[Tue Jul 28 13:53:45.808274 2015] [:error] [pid 6662] [client 172.17.0.1:35244] PHP   2. include() /app/index.php:363, referer: http://dealtrak/logs/transaction
[Tue Jul 28 13:53:45.808276 2015] [:error] [pid 6662] [client 172.17.0.1:35244] PHP   3. include() /app/layouts/site.php:130, referer: http://dealtrak/logs/transaction
[Tue Jul 28 13:53:45.808281 2015] [:error] [pid 6662] [client 172.17.0.1:35244] PHP Notice:  Undefined index: destination_id in /app/site/logs/all_transactions.phtml on line 32, referer: http://dealtrak/logs/transaction
[Tue Jul 28 13:53:45.808282 2015] [:error] [pid 6662] [client 172.17.0.1:35244] PHP Stack trace:, referer: http://dealtrak/logs/transaction
[Tue Jul 28 13:53:45.808285 2015] [:error] [pid 6662] [client 172.17.0.1:35244] PHP   1. {main}() /app/index.php:0, referer: http://dealtrak/logs/transaction
[Tue Jul 28 13:53:45.808287 2015] [:error] [pid 6662] [client 172.17.0.1:35244] PHP   2. include() /app/index.php:363, referer: http://dealtrak/logs/transaction
[Tue Jul 28 13:53:45.808289 2015] [:error] [pid 6662] [client 172.17.0.1:35244] PHP   3. include() /app/layouts/site.php:130, referer: http://dealtrak/logs/transaction
[Tue Jul 28 13:53:45.808294 2015] [:error] [pid 6662] [client 172.17.0.1:35244] PHP Notice:  Undefined index: destination_id in /app/site/logs/all_transactions.phtml on line 32, referer: http://dealtrak/logs/transaction
[Tue Jul 28 13:53:45.808295 2015] [:error] [pid 6662] [client 172.17.0.1:35244] PHP Stack trace:, referer: http://dealtrak/logs/transaction
[Tue Jul 28 13:53:45.808297 2015] [:error] [pid 6662] [client 172.17.0.1:35244] PHP   1. {main}() /app/index.php:0, referer: http://dealtrak/logs/transaction
[Tue Jul 28 13:53:45.808300 2015] [:error] [pid 6662] [client 172.17.0.1:35244] PHP   2. include() /app/index.php:363, referer: http://dealtrak/logs/transaction
[Tue Jul 28 13:53:45.808302 2015] [:error] [pid 6662] [client 172.17.0.1:35244] PHP   3. include() /app/layouts/site.php:130, referer: http://dealtrak/logs/transaction
[Tue Jul 28 13:53:45.808306 2015] [:error] [pid 6662] [client 172.17.0.1:35244] PHP Notice:  Undefined index: destination_id in /app/site/logs/all_transactions.phtml on line 32, referer: http://dealtrak/logs/transaction
[Tue Jul 28 13:53:45.808308 2015] [:error] [pid 6662] [client 172.17.0.1:35244] PHP Stack trace:, referer: http://dealtrak/logs/transaction
[Tue Jul 28 13:53:45.808310 2015] [:error] [pid 6662] [client 172.17.0.1:35244] PHP   1. {main}() /app/index.php:0, referer: http://dealtrak/logs/transaction
[Tue Jul 28 13:53:45.808314 2015] [:error] [pid 6662] [client 172.17.0.1:35244] PHP   2. include() /app/index.php:363, referer: http://dealtrak/logs/transaction
[Tue Jul 28 13:53:45.808317 2015] [:error] [pid 6662] [client 172.17.0.1:35244] PHP   3. include() /app/layouts/site.php:130, referer: http://dealtrak/logs/transaction
[Tue Jul 28 13:53:45.808321 2015] [:error] [pid 6662] [client 172.17.0.1:35244] PHP Notice:  Undefined index: destination_id in /app/site/logs/all_transactions.phtml on line 32, referer: http://dealtrak/logs/transaction
[Tue Jul 28 13:53:45.808323 2015] [:error] [pid 6662] [client 172.17.0.1:35244] PHP Stack trace:, referer: http://dealtrak/logs/transaction
[Tue Jul 28 13:53:45.808325 2015] [:error] [pid 6662] [client 172.17.0.1:35244] PHP   1. {main}() /app/index.php:0, referer: http://dealtrak/logs/transaction
[Tue Jul 28 13:53:45.808327 2015] [:error] [pid 6662] [client 172.17.0.1:35244] PHP   2. include() /app/index.php:363, referer: http://dealtrak/logs/transaction
[Tue Jul 28 13:53:45.808330 2015] [:error] [pid 6662] [client 172.17.0.1:35244] PHP   3. include() /app/layouts/site.php:130, referer: http://dealtrak/logs/transaction
[Tue Jul 28 13:53:45.808334 2015] [:error] [pid 6662] [client 172.17.0.1:35244] PHP Notice:  Undefined index: destination_id in /app/site/logs/all_transactions.phtml on line 32, referer: http://dealtrak/logs/transaction
[Tue Jul 28 13:53:45.808336 2015] [:error] [pid 6662] [client 172.17.0.1:35244] PHP Stack trace:, referer: http://dealtrak/logs/transaction
[Tue Jul 28 13:53:45.808338 2015] [:error] [pid 6662] [client 172.17.0.1:35244] PHP   1. {main}() /app/index.php:0, referer: http://dealtrak/logs/transaction
[Tue Jul 28 13:53:45.808340 2015] [:error] [pid 6662] [client 172.17.0.1:35244] PHP   2. include() /app/index.php:363, referer: http://dealtrak/logs/transaction
[Tue Jul 28 13:53:45.808342 2015] [:error] [pid 6662] [client 172.17.0.1:35244] PHP   3. include() /app/layouts/site.php:130, referer: http://dealtrak/logs/transaction
[Tue Jul 28 13:53:45.808347 2015] [:error] [pid 6662] [client 172.17.0.1:35244] PHP Notice:  Undefined index: destination_id in /app/site/logs/all_transactions.phtml on line 32, referer: http://dealtrak/logs/transaction
[Tue Jul 28 13:53:45.808349 2015] [:error] [pid 6662] [client 172.17.0.1:35244] PHP Stack trace:, referer: http://dealtrak/logs/transaction
[Tue Jul 28 13:53:45.808351 2015] [:error] [pid 6662] [client 172.17.0.1:35244] PHP   1. {main}() /app/index.php:0, referer: http://dealtrak/logs/transaction
[Tue Jul 28 13:53:45.808353 2015] [:error] [pid 6662] [client 172.17.0.1:35244] PHP   2. include() /app/index.php:363, referer: http://dealtrak/logs/transaction
[Tue Jul 28 13:53:45.808355 2015] [:error] [pid 6662] [client 172.17.0.1:35244] PHP   3. include() /app/layouts/site.php:130, referer: http://dealtrak/logs/transaction
[Tue Jul 28 13:53:45.808360 2015] [:error] [pid 6662] [client 172.17.0.1:35244] PHP Notice:  Undefined index: destination_id in /app/site/logs/all_transactions.phtml on line 32, referer: http://dealtrak/logs/transaction
[Tue Jul 28 13:53:45.808361 2015] [:error] [pid 6662] [client 172.17.0.1:35244] PHP Stack trace:, referer: http://dealtrak/logs/transaction
[Tue Jul 28 13:53:45.808364 2015] [:error] [pid 6662] [client 172.17.0.1:35244] PHP   1. {main}() /app/index.php:0, referer: http://dealtrak/logs/transaction
[Tue Jul 28 13:53:45.808366 2015] [:error] [pid 6662] [client 172.17.0.1:35244] PHP   2. include() /app/index.php:363, referer: http://dealtrak/logs/transaction
[Tue Jul 28 13:53:45.808368 2015] [:error] [pid 6662] [client 172.17.0.1:35244] PHP   3. include() /app/layouts/site.php:130, referer: http://dealtrak/logs/transaction
[Tue Jul 28 13:53:45.808374 2015] [:error] [pid 6662] [client 172.17.0.1:35244] PHP Notice:  Undefined index: destination_id in /app/site/logs/all_transactions.phtml on line 32, referer: http://dealtrak/logs/transaction
[Tue Jul 28 13:53:45.808376 2015] [:error] [pid 6662] [client 172.17.0.1:35244] PHP Stack trace:, referer: http://dealtrak/logs/transaction
[Tue Jul 28 13:53:45.808378 2015] [:error] [pid 6662] [client 172.17.0.1:35244] PHP   1. {main}() /app/index.php:0, referer: http://dealtrak/logs/transaction
[Tue Jul 28 13:53:45.808381 2015] [:error] [pid 6662] [client 172.17.0.1:35244] PHP   2. include() /app/index.php:363, referer: http://dealtrak/logs/transaction
[Tue Jul 28 13:53:45.808383 2015] [:error] [pid 6662] [client 172.17.0.1:35244] PHP   3. include() /app/layouts/site.php:130, referer: http://dealtrak/logs/transaction
[Tue Jul 28 13:53:45.808387 2015] [:error] [pid 6662] [client 172.17.0.1:35244] PHP Notice:  Undefined index: destination_id in /app/site/logs/all_transactions.phtml on line 32, referer: http://dealtrak/logs/transaction
[Tue Jul 28 13:53:45.808389 2015] [:error] [pid 6662] [client 172.17.0.1:35244] PHP Stack trace:, referer: http://dealtrak/logs/transaction
[Tue Jul 28 13:53:45.808391 2015] [:error] [pid 6662] [client 172.17.0.1:35244] PHP   1. {main}() /app/index.php:0, referer: http://dealtrak/logs/transaction
[Tue Jul 28 13:53:45.808393 2015] [:error] [pid 6662] [client 172.17.0.1:35244] PHP   2. include() /app/index.php:363, referer: http://dealtrak/logs/transaction
[Tue Jul 28 13:53:45.808396 2015] [:error] [pid 6662] [client 172.17.0.1:35244] PHP   3. include() /app/layouts/site.php:130, referer: http://dealtrak/logs/transaction
[Tue Jul 28 13:53:45.808400 2015] [:error] [pid 6662] [client 172.17.0.1:35244] PHP Notice:  Undefined index: destination_id in /app/site/logs/all_transactions.phtml on line 32, referer: http://dealtrak/logs/transaction
[Tue Jul 28 13:53:45.808402 2015] [:error] [pid 6662] [client 172.17.0.1:35244] PHP Stack trace:, referer: http://dealtrak/logs/transaction
[Tue Jul 28 13:53:45.808404 2015] [:error] [pid 6662] [client 172.17.0.1:35244] PHP   1. {main}() /app/index.php:0, referer: http://dealtrak/logs/transaction
[Tue Jul 28 13:53:45.808406 2015] [:error] [pid 6662] [client 172.17.0.1:35244] PHP   2. include() /app/index.php:363, referer: http://dealtrak/logs/transaction
[Tue Jul 28 13:53:45.808408 2015] [:error] [pid 6662] [client 172.17.0.1:35244] PHP   3. include() /app/layouts/site.php:130, referer: http://dealtrak/logs/transaction
[Tue Jul 28 13:53:45.808413 2015] [:error] [pid 6662] [client 172.17.0.1:35244] PHP Notice:  Undefined index: destination_id in /app/site/logs/all_transactions.phtml on line 32, referer: http://dealtrak/logs/transaction
[Tue Jul 28 13:53:45.808415 2015] [:error] [pid 6662] [client 172.17.0.1:35244] PHP Stack trace:, referer: http://dealtrak/logs/transaction
[Tue Jul 28 13:53:45.808417 2015] [:error] [pid 6662] [client 172.17.0.1:35244] PHP   1. {main}() /app/index.php:0, referer: http://dealtrak/logs/transaction
[Tue Jul 28 13:53:45.808419 2015] [:error] [pid 6662] [client 172.17.0.1:35244] PHP   2. include() /app/index.php:363, referer: http://dealtrak/logs/transaction
[Tue Jul 28 13:53:45.808421 2015] [:error] [pid 6662] [client 172.17.0.1:35244] PHP   3. include() /app/layouts/site.php:130, referer: http://dealtrak/logs/transaction
[Tue Jul 28 13:53:45.808426 2015] [:error] [pid 6662] [client 172.17.0.1:35244] PHP Notice:  Undefined index: destination_id in /app/site/logs/all_transactions.phtml on line 32, referer: http://dealtrak/logs/transaction
[Tue Jul 28 13:53:45.808427 2015] [:error] [pid 6662] [client 172.17.0.1:35244] PHP Stack trace:, referer: http://dealtrak/logs/transaction
[Tue Jul 28 13:53:45.808431 2015] [:error] [pid 6662] [client 172.17.0.1:35244] PHP   1. {main}() /app/index.php:0, referer: http://dealtrak/logs/transaction
[Tue Jul 28 13:53:45.808434 2015] [:error] [pid 6662] [client 172.17.0.1:35244] PHP   2. include() /app/index.php:363, referer: http://dealtrak/logs/transaction
[Tue Jul 28 13:53:45.808436 2015] [:error] [pid 6662] [client 172.17.0.1:35244] PHP   3. include() /app/layouts/site.php:130, referer: http://dealtrak/logs/transaction
[Tue Jul 28 13:53:45.808441 2015] [:error] [pid 6662] [client 172.17.0.1:35244] PHP Notice:  Undefined index: destination_id in /app/site/logs/all_transactions.phtml on line 32, referer: http://dealtrak/logs/transaction
[Tue Jul 28 13:53:45.808442 2015] [:error] [pid 6662] [client 172.17.0.1:35244] PHP Stack trace:, referer: http://dealtrak/logs/transaction
[Tue Jul 28 13:53:45.808445 2015] [:error] [pid 6662] [client 172.17.0.1:35244] PHP   1. {main}() /app/index.php:0, referer: http://dealtrak/logs/transaction
[Tue Jul 28 13:53:45.808447 2015] [:error] [pid 6662] [client 172.17.0.1:35244] PHP   2. include() /app/index.php:363, referer: http://dealtrak/logs/transaction
[Tue Jul 28 13:53:45.808449 2015] [:error] [pid 6662] [client 172.17.0.1:35244] PHP   3. include() /app/layouts/site.php:130, referer: http://dealtrak/logs/transaction
[Tue Jul 28 13:53:45.808454 2015] [:error] [pid 6662] [client 172.17.0.1:35244] PHP Notice:  Undefined index: destination_id in /app/site/logs/all_transactions.phtml on line 32, referer: http://dealtrak/logs/transaction
[Tue Jul 28 13:53:45.808455 2015] [:error] [pid 6662] [client 172.17.0.1:35244] PHP Stack trace:, referer: http://dealtrak/logs/transaction
[Tue Jul 28 13:53:45.808457 2015] [:error] [pid 6662] [client 172.17.0.1:35244] PHP   1. {main}() /app/index.php:0, referer: http://dealtrak/logs/transaction
[Tue Jul 28 13:53:45.808460 2015] [:error] [pid 6662] [client 172.17.0.1:35244] PHP   2. include() /app/index.php:363, referer: http://dealtrak/logs/transaction
[Tue Jul 28 13:53:45.808462 2015] [:error] [pid 6662] [client 172.17.0.1:35244] PHP   3. include() /app/layouts/site.php:130, referer: http://dealtrak/logs/transaction
[Tue Jul 28 13:53:45.808467 2015] [:error] [pid 6662] [client 172.17.0.1:35244] PHP Notice:  Undefined index: destination_id in /app/site/logs/all_transactions.phtml on line 32, referer: http://dealtrak/logs/transaction
[Tue Jul 28 13:53:45.808468 2015] [:error] [pid 6662] [client 172.17.0.1:35244] PHP Stack trace:, referer: http://dealtrak/logs/transaction
[Tue Jul 28 13:53:45.808471 2015] [:error] [pid 6662] [client 172.17.0.1:35244] PHP   1. {main}() /app/index.php:0, referer: http://dealtrak/logs/transaction
[Tue Jul 28 13:53:45.808473 2015] [:error] [pid 6662] [client 172.17.0.1:35244] PHP   2. include() /app/index.php:363, referer: http://dealtrak/logs/transaction
[Tue Jul 28 13:53:45.808475 2015] [:error] [pid 6662] [client 172.17.0.1:35244] PHP   3. include() /app/layouts/site.php:130, referer: http://dealtrak/logs/transaction
[Tue Jul 28 13:53:45.808479 2015] [:error] [pid 6662] [client 172.17.0.1:35244] PHP Notice:  Undefined index: destination_id in /app/site/logs/all_transactions.phtml on line 32, referer: http://dealtrak/logs/transaction
[Tue Jul 28 13:53:45.808481 2015] [:error] [pid 6662] [client 172.17.0.1:35244] PHP Stack trace:, referer: http://dealtrak/logs/transaction
[Tue Jul 28 13:53:45.808483 2015] [:error] [pid 6662] [client 172.17.0.1:35244] PHP   1. {main}() /app/index.php:0, referer: http://dealtrak/logs/transaction
[Tue Jul 28 13:53:45.808486 2015] [:error] [pid 6662] [client 172.17.0.1:35244] PHP   2. include() /app/index.php:363, referer: http://dealtrak/logs/transaction
[Tue Jul 28 13:53:45.808489 2015] [:error] [pid 6662] [client 172.17.0.1:35244] PHP   3. include() /app/layouts/site.php:130, referer: http://dealtrak/logs/transaction
[Tue Jul 28 13:53:45.808494 2015] [:error] [pid 6662] [client 172.17.0.1:35244] PHP Notice:  Undefined index: destination_id in /app/site/logs/all_transactions.phtml on line 32, referer: http://dealtrak/logs/transaction
[Tue Jul 28 13:53:45.808496 2015] [:error] [pid 6662] [client 172.17.0.1:35244] PHP Stack trace:, referer: http://dealtrak/logs/transaction
[Tue Jul 28 13:53:45.808498 2015] [:error] [pid 6662] [client 172.17.0.1:35244] PHP   1. {main}() /app/index.php:0, referer: http://dealtrak/logs/transaction
[Tue Jul 28 13:53:45.808500 2015] [:error] [pid 6662] [client 172.17.0.1:35244] PHP   2. include() /app/index.php:363, referer: http://dealtrak/logs/transaction
[Tue Jul 28 13:53:45.808503 2015] [:error] [pid 6662] [client 172.17.0.1:35244] PHP   3. include() /app/layouts/site.php:130, referer: http://dealtrak/logs/transaction
[Tue Jul 28 13:53:45.808507 2015] [:error] [pid 6662] [client 172.17.0.1:35244] PHP Notice:  Undefined index: destination_id in /app/site/logs/all_transactions.phtml on line 32, referer: http://dealtrak/logs/transaction
[Tue Jul 28 13:53:45.808509 2015] [:error] [pid 6662] [client 172.17.0.1:35244] PHP Stack trace:, referer: http://dealtrak/logs/transaction
[Tue Jul 28 13:53:45.808511 2015] [:error] [pid 6662] [client 172.17.0.1:35244] PHP   1. {main}() /app/index.php:0, referer: http://dealtrak/logs/transaction
[Tue Jul 28 13:53:45.808513 2015] [:error] [pid 6662] [client 172.17.0.1:35244] PHP   2. include() /app/index.php:363, referer: http://dealtrak/logs/transaction
[Tue Jul 28 13:53:45.808515 2015] [:error] [pid 6662] [client 172.17.0.1:35244] PHP   3. include() /app/layouts/site.php:130, referer: http://dealtrak/logs/transaction
[Tue Jul 28 13:53:45.808520 2015] [:error] [pid 6662] [client 172.17.0.1:35244] PHP Notice:  Undefined index: destination_id in /app/site/logs/all_transactions.phtml on line 32, referer: http://dealtrak/logs/transaction
[Tue Jul 28 13:53:45.808522 2015] [:error] [pid 6662] [client 172.17.0.1:35244] PHP Stack trace:, referer: http://dealtrak/logs/transaction
[Tue Jul 28 13:53:45.808524 2015] [:error] [pid 6662] [client 172.17.0.1:35244] PHP   1. {main}() /app/index.php:0, referer: http://dealtrak/logs/transaction
[Tue Jul 28 13:53:45.808526 2015] [:error] [pid 6662] [client 172.17.0.1:35244] PHP   2. include() /app/index.php:363, referer: http://dealtrak/logs/transaction
[Tue Jul 28 13:53:45.808528 2015] [:error] [pid 6662] [client 172.17.0.1:35244] PHP   3. include() /app/layouts/site.php:130, referer: http://dealtrak/logs/transaction
[Tue Jul 28 13:53:45.808533 2015] [:error] [pid 6662] [client 172.17.0.1:35244] PHP Notice:  Undefined index: destination_id in /app/site/logs/all_transactions.phtml on line 32, referer: http://dealtrak/logs/transaction
[Tue Jul 28 13:53:45.808534 2015] [:error] [pid 6662] [client 172.17.0.1:35244] PHP Stack trace:, referer: http://dealtrak/logs/transaction
[Tue Jul 28 13:53:45.808537 2015] [:error] [pid 6662] [client 172.17.0.1:35244] PHP   1. {main}() /app/index.php:0, referer: http://dealtrak/logs/transaction
[Tue Jul 28 13:53:45.808539 2015] [:error] [pid 6662] [client 172.17.0.1:35244] PHP   2. include() /app/index.php:363, referer: http://dealtrak/logs/transaction
[Tue Jul 28 13:53:45.808541 2015] [:error] [pid 6662] [client 172.17.0.1:35244] PHP   3. include() /app/layouts/site.php:130, referer: http://dealtrak/logs/transaction
[Tue Jul 28 13:53:45.808548 2015] [:error] [pid 6662] [client 172.17.0.1:35244] PHP Notice:  Undefined index: destination_id in /app/site/logs/all_transactions.phtml on line 32, referer: http://dealtrak/logs/transaction
[Tue Jul 28 13:53:45.808549 2015] [:error] [pid 6662] [client 172.17.0.1:35244] PHP Stack trace:, referer: http://dealtrak/logs/transaction
[Tue Jul 28 13:53:45.808552 2015] [:error] [pid 6662] [client 172.17.0.1:35244] PHP   1. {main}() /app/index.php:0, referer: http://dealtrak/logs/transaction
[Tue Jul 28 13:53:45.808554 2015] [:error] [pid 6662] [client 172.17.0.1:35244] PHP   2. include() /app/index.php:363, referer: http://dealtrak/logs/transaction
[Tue Jul 28 13:53:45.808556 2015] [:error] [pid 6662] [client 172.17.0.1:35244] PHP   3. include() /app/layouts/site.php:130, referer: http://dealtrak/logs/transaction
[Tue Jul 28 13:53:45.808561 2015] [:error] [pid 6662] [client 172.17.0.1:35244] PHP Notice:  Undefined index: destination_id in /app/site/logs/all_transactions.phtml on line 32, referer: http://dealtrak/logs/transaction
[Tue Jul 28 13:53:45.808562 2015] [:error] [pid 6662] [client 172.17.0.1:35244] PHP Stack trace:, referer: http://dealtrak/logs/transaction
[Tue Jul 28 13:53:45.808564 2015] [:error] [pid 6662] [client 172.17.0.1:35244] PHP   1. {main}() /app/index.php:0, referer: http://dealtrak/logs/transaction
[Tue Jul 28 13:53:45.808567 2015] [:error] [pid 6662] [client 172.17.0.1:35244] PHP   2. include() /app/index.php:363, referer: http://dealtrak/logs/transaction
[Tue Jul 28 13:53:45.808569 2015] [:error] [pid 6662] [client 172.17.0.1:35244] PHP   3. include() /app/layouts/site.php:130, referer: http://dealtrak/logs/transaction
[Tue Jul 28 13:53:45.808573 2015] [:error] [pid 6662] [client 172.17.0.1:35244] PHP Notice:  Undefined index: destination_id in /app/site/logs/all_transactions.phtml on line 32, referer: http://dealtrak/logs/transaction
[Tue Jul 28 13:53:45.808575 2015] [:error] [pid 6662] [client 172.17.0.1:35244] PHP Stack trace:, referer: http://dealtrak/logs/transaction
[Tue Jul 28 13:53:45.808577 2015] [:error] [pid 6662] [client 172.17.0.1:35244] PHP   1. {main}() /app/index.php:0, referer: http://dealtrak/logs/transaction
[Tue Jul 28 13:53:45.808579 2015] [:error] [pid 6662] [client 172.17.0.1:35244] PHP   2. include() /app/index.php:363, referer: http://dealtrak/logs/transaction
[Tue Jul 28 13:53:45.808582 2015] [:error] [pid 6662] [client 172.17.0.1:35244] PHP   3. include() /app/layouts/site.php:130, referer: http://dealtrak/logs/transaction
[Tue Jul 28 13:53:45.808586 2015] [:error] [pid 6662] [client 172.17.0.1:35244] PHP Notice:  Undefined index: destination_id in /app/site/logs/all_transactions.phtml on line 32, referer: http://dealtrak/logs/transaction
[Tue Jul 28 13:53:45.808588 2015] [:error] [pid 6662] [client 172.17.0.1:35244] PHP Stack trace:, referer: http://dealtrak/logs/transaction
[Tue Jul 28 13:53:45.808590 2015] [:error] [pid 6662] [client 172.17.0.1:35244] PHP   1. {main}() /app/index.php:0, referer: http://dealtrak/logs/transaction
[Tue Jul 28 13:53:45.808592 2015] [:error] [pid 6662] [client 172.17.0.1:35244] PHP   2. include() /app/index.php:363, referer: http://dealtrak/logs/transaction
[Tue Jul 28 13:53:45.808594 2015] [:error] [pid 6662] [client 172.17.0.1:35244] PHP   3. include() /app/layouts/site.php:130, referer: http://dealtrak/logs/transaction
[Tue Jul 28 13:53:45.808599 2015] [:error] [pid 6662] [client 172.17.0.1:35244] PHP Notice:  Undefined index: destination_id in /app/site/logs/all_transactions.phtml on line 32, referer: http://dealtrak/logs/transaction
[Tue Jul 28 13:53:45.808601 2015] [:error] [pid 6662] [client 172.17.0.1:35244] PHP Stack trace:, referer: http://dealtrak/logs/transaction
[Tue Jul 28 13:53:45.808604 2015] [:error] [pid 6662] [client 172.17.0.1:35244] PHP   1. {main}() /app/index.php:0, referer: http://dealtrak/logs/transaction
[Tue Jul 28 13:53:45.808607 2015] [:error] [pid 6662] [client 172.17.0.1:35244] PHP   2. include() /app/index.php:363, referer: http://dealtrak/logs/transaction
[Tue Jul 28 13:53:45.808609 2015] [:error] [pid 6662] [client 172.17.0.1:35244] PHP   3. include() /app/layouts/site.php:130, referer: http://dealtrak/logs/transaction
[Tue Jul 28 13:53:45.808614 2015] [:error] [pid 6662] [client 172.17.0.1:35244] PHP Notice:  Undefined index: destination_id in /app/site/logs/all_transactions.phtml on line 32, referer: http://dealtrak/logs/transaction
[Tue Jul 28 13:53:45.808615 2015] [:error] [pid 6662] [client 172.17.0.1:35244] PHP Stack trace:, referer: http://dealtrak/logs/transaction
[Tue Jul 28 13:53:45.808617 2015] [:error] [pid 6662] [client 172.17.0.1:35244] PHP   1. {main}() /app/index.php:0, referer: http://dealtrak/logs/transaction
[Tue Jul 28 13:53:45.808620 2015] [:error] [pid 6662] [client 172.17.0.1:35244] PHP   2. include() /app/index.php:363, referer: http://dealtrak/logs/transaction
[Tue Jul 28 13:53:45.808622 2015] [:error] [pid 6662] [client 172.17.0.1:35244] PHP   3. include() /app/layouts/site.php:130, referer: http://dealtrak/logs/transaction
[Tue Jul 28 13:53:45.808626 2015] [:error] [pid 6662] [client 172.17.0.1:35244] PHP Notice:  Undefined index: destination_id in /app/site/logs/all_transactions.phtml on line 32, referer: http://dealtrak/logs/transaction
[Tue Jul 28 13:53:45.808628 2015] [:error] [pid 6662] [client 172.17.0.1:35244] PHP Stack trace:, referer: http://dealtrak/logs/transaction
[Tue Jul 28 13:53:45.808630 2015] [:error] [pid 6662] [client 172.17.0.1:35244] PHP   1. {main}() /app/index.php:0, referer: http://dealtrak/logs/transaction
[Tue Jul 28 13:53:45.808633 2015] [:error] [pid 6662] [client 172.17.0.1:35244] PHP   2. include() /app/index.php:363, referer: http://dealtrak/logs/transaction
[Tue Jul 28 13:53:45.808635 2015] [:error] [pid 6662] [client 172.17.0.1:35244] PHP   3. include() /app/layouts/site.php:130, referer: http://dealtrak/logs/transaction
[Tue Jul 28 13:53:45.808639 2015] [:error] [pid 6662] [client 172.17.0.1:35244] PHP Notice:  Undefined index: destination_id in /app/site/logs/all_transactions.phtml on line 32, referer: http://dealtrak/logs/transaction
[Tue Jul 28 13:53:45.808641 2015] [:error] [pid 6662] [client 172.17.0.1:35244] PHP Stack trace:, referer: http://dealtrak/logs/transaction
[Tue Jul 28 13:53:45.808643 2015] [:error] [pid 6662] [client 172.17.0.1:35244] PHP   1. {main}() /app/index.php:0, referer: http://dealtrak/logs/transaction
[Tue Jul 28 13:53:45.808645 2015] [:error] [pid 6662] [client 172.17.0.1:35244] PHP   2. include() /app/index.php:363, referer: http://dealtrak/logs/transaction
[Tue Jul 28 13:53:45.808648 2015] [:error] [pid 6662] [client 172.17.0.1:35244] PHP   3. include() /app/layouts/site.php:130, referer: http://dealtrak/logs/transaction
[Tue Jul 28 13:53:45.808652 2015] [:error] [pid 6662] [client 172.17.0.1:35244] PHP Notice:  Undefined index: destination_id in /app/site/logs/all_transactions.phtml on line 32, referer: http://dealtrak/logs/transaction
[Tue Jul 28 13:53:45.808654 2015] [:error] [pid 6662] [client 172.17.0.1:35244] PHP Stack trace:, referer: http://dealtrak/logs/transaction
[Tue Jul 28 13:53:45.808656 2015] [:error] [pid 6662] [client 172.17.0.1:35244] PHP   1. {main}() /app/index.php:0, referer: http://dealtrak/logs/transaction
[Tue Jul 28 13:53:45.808666 2015] [:error] [pid 6662] [client 172.17.0.1:35244] PHP   2. include() /app/index.php:363, referer: http://dealtrak/logs/transaction
[Tue Jul 28 13:53:45.808671 2015] [:error] [pid 6662] [client 172.17.0.1:35244] PHP   3. include() /app/layouts/site.php:130, referer: http://dealtrak/logs/transaction
[Tue Jul 28 13:53:45.808676 2015] [:error] [pid 6662] [client 172.17.0.1:35244] PHP Notice:  Undefined index: destination_id in /app/site/logs/all_transactions.phtml on line 32, referer: http://dealtrak/logs/transaction
[Tue Jul 28 13:53:45.808677 2015] [:error] [pid 6662] [client 172.17.0.1:35244] PHP Stack trace:, referer: http://dealtrak/logs/transaction
[Tue Jul 28 13:53:45.808680 2015] [:error] [pid 6662] [client 172.17.0.1:35244] PHP   1. {main}() /app/index.php:0, referer: http://dealtrak/logs/transaction
[Tue Jul 28 13:53:45.808682 2015] [:error] [pid 6662] [client 172.17.0.1:35244] PHP   2. include() /app/index.php:363, referer: http://dealtrak/logs/transaction
[Tue Jul 28 13:53:45.808684 2015] [:error] [pid 6662] [client 172.17.0.1:35244] PHP   3. include() /app/layouts/site.php:130, referer: http://dealtrak/logs/transaction
[Tue Jul 28 13:53:45.808688 2015] [:error] [pid 6662] [client 172.17.0.1:35244] PHP Notice:  Undefined index: destination_id in /app/site/logs/all_transactions.phtml on line 32, referer: http://dealtrak/logs/transaction
[Tue Jul 28 13:53:45.808690 2015] [:error] [pid 6662] [client 172.17.0.1:35244] PHP Stack trace:, referer: http://dealtrak/logs/transaction
[Tue Jul 28 13:53:45.808692 2015] [:error] [pid 6662] [client 172.17.0.1:35244] PHP   1. {main}() /app/index.php:0, referer: http://dealtrak/logs/transaction
[Tue Jul 28 13:53:45.808694 2015] [:error] [pid 6662] [client 172.17.0.1:35244] PHP   2. include() /app/index.php:363, referer: http://dealtrak/logs/transaction
[Tue Jul 28 13:53:45.808696 2015] [:error] [pid 6662] [client 172.17.0.1:35244] PHP   3. include() /app/layouts/site.php:130, referer: http://dealtrak/logs/transaction
[Tue Jul 28 13:53:45.808700 2015] [:error] [pid 6662] [client 172.17.0.1:35244] PHP Notice:  Undefined index: destination_id in /app/site/logs/all_transactions.phtml on line 32, referer: http://dealtrak/logs/transaction
[Tue Jul 28 13:53:45.808702 2015] [:error] [pid 6662] [client 172.17.0.1:35244] PHP Stack trace:, referer: http://dealtrak/logs/transaction
[Tue Jul 28 13:53:45.808704 2015] [:error] [pid 6662] [client 172.17.0.1:35244] PHP   1. {main}() /app/index.php:0, referer: http://dealtrak/logs/transaction
[Tue Jul 28 13:53:45.808706 2015] [:error] [pid 6662] [client 172.17.0.1:35244] PHP   2. include() /app/index.php:363, referer: http://dealtrak/logs/transaction
[Tue Jul 28 13:53:45.808708 2015] [:error] [pid 6662] [client 172.17.0.1:35244] PHP   3. include() /app/layouts/site.php:130, referer: http://dealtrak/logs/transaction
[Tue Jul 28 13:53:45.808712 2015] [:error] [pid 6662] [client 172.17.0.1:35244] PHP Notice:  Undefined index: destination_id in /app/site/logs/all_transactions.phtml on line 32, referer: http://dealtrak/logs/transaction
[Tue Jul 28 13:53:45.808714 2015] [:error] [pid 6662] [client 172.17.0.1:35244] PHP Stack trace:, referer: http://dealtrak/logs/transaction
[Tue Jul 28 13:53:45.808716 2015] [:error] [pid 6662] [client 172.17.0.1:35244] PHP   1. {main}() /app/index.php:0, referer: http://dealtrak/logs/transaction
[Tue Jul 28 13:53:45.808718 2015] [:error] [pid 6662] [client 172.17.0.1:35244] PHP   2. include() /app/index.php:363, referer: http://dealtrak/logs/transaction
[Tue Jul 28 13:53:45.808720 2015] [:error] [pid 6662] [client 172.17.0.1:35244] PHP   3. include() /app/layouts/site.php:130, referer: http://dealtrak/logs/transaction
[Tue Jul 28 13:53:45.808726 2015] [:error] [pid 6662] [client 172.17.0.1:35244] PHP Notice:  Undefined index: destination_id in /app/site/logs/all_transactions.phtml on line 32, referer: http://dealtrak/logs/transaction
[Tue Jul 28 13:53:45.808728 2015] [:error] [pid 6662] [client 172.17.0.1:35244] PHP Stack trace:, referer: http://dealtrak/logs/transaction
[Tue Jul 28 13:53:45.808730 2015] [:error] [pid 6662] [client 172.17.0.1:35244] PHP   1. {main}() /app/index.php:0, referer: http://dealtrak/logs/transaction
[Tue Jul 28 13:53:45.808732 2015] [:error] [pid 6662] [client 172.17.0.1:35244] PHP   2. include() /app/index.php:363, referer: http://dealtrak/logs/transaction
[Tue Jul 28 13:53:45.808734 2015] [:error] [pid 6662] [client 172.17.0.1:35244] PHP   3. include() /app/layouts/site.php:130, referer: http://dealtrak/logs/transaction
[Tue Jul 28 13:53:45.808739 2015] [:error] [pid 6662] [client 172.17.0.1:35244] PHP Notice:  Undefined index: destination_id in /app/site/logs/all_transactions.phtml on line 32, referer: http://dealtrak/logs/transaction
[Tue Jul 28 13:53:45.808740 2015] [:error] [pid 6662] [client 172.17.0.1:35244] PHP Stack trace:, referer: http://dealtrak/logs/transaction
[Tue Jul 28 13:53:45.808742 2015] [:error] [pid 6662] [client 172.17.0.1:35244] PHP   1. {main}() /app/index.php:0, referer: http://dealtrak/logs/transaction
[Tue Jul 28 13:53:45.808745 2015] [:error] [pid 6662] [client 172.17.0.1:35244] PHP   2. include() /app/index.php:363, referer: http://dealtrak/logs/transaction
[Tue Jul 28 13:53:45.808747 2015] [:error] [pid 6662] [client 172.17.0.1:35244] PHP   3. include() /app/layouts/site.php:130, referer: http://dealtrak/logs/transaction
[Tue Jul 28 13:53:45.808751 2015] [:error] [pid 6662] [client 172.17.0.1:35244] PHP Notice:  Undefined index: destination_id in /app/site/logs/all_transactions.phtml on line 32, referer: http://dealtrak/logs/transaction
[Tue Jul 28 13:53:45.808752 2015] [:error] [pid 6662] [client 172.17.0.1:35244] PHP Stack trace:, referer: http://dealtrak/logs/transaction
[Tue Jul 28 13:53:45.808755 2015] [:error] [pid 6662] [client 172.17.0.1:35244] PHP   1. {main}() /app/index.php:0, referer: http://dealtrak/logs/transaction
[Tue Jul 28 13:53:45.808757 2015] [:error] [pid 6662] [client 172.17.0.1:35244] PHP   2. include() /app/index.php:363, referer: http://dealtrak/logs/transaction
[Tue Jul 28 13:53:45.808759 2015] [:error] [pid 6662] [client 172.17.0.1:35244] PHP   3. include() /app/layouts/site.php:130, referer: http://dealtrak/logs/transaction
[Tue Jul 28 13:53:45.808763 2015] [:error] [pid 6662] [client 172.17.0.1:35244] PHP Notice:  Undefined index: destination_id in /app/site/logs/all_transactions.phtml on line 32, referer: http://dealtrak/logs/transaction
[Tue Jul 28 13:53:45.808765 2015] [:error] [pid 6662] [client 172.17.0.1:35244] PHP Stack trace:, referer: http://dealtrak/logs/transaction
[Tue Jul 28 13:53:45.808767 2015] [:error] [pid 6662] [client 172.17.0.1:35244] PHP   1. {main}() /app/index.php:0, referer: http://dealtrak/logs/transaction
[Tue Jul 28 13:53:45.808769 2015] [:error] [pid 6662] [client 172.17.0.1:35244] PHP   2. include() /app/index.php:363, referer: http://dealtrak/logs/transaction
[Tue Jul 28 13:53:45.808771 2015] [:error] [pid 6662] [client 172.17.0.1:35244] PHP   3. include() /app/layouts/site.php:130, referer: http://dealtrak/logs/transaction
[Tue Jul 28 13:53:45.808776 2015] [:error] [pid 6662] [client 172.17.0.1:35244] PHP Notice:  Undefined index: destination_id in /app/site/logs/all_transactions.phtml on line 32, referer: http://dealtrak/logs/transaction
[Tue Jul 28 13:53:45.808778 2015] [:error] [pid 6662] [client 172.17.0.1:35244] PHP Stack trace:, referer: http://dealtrak/logs/transaction
[Tue Jul 28 13:53:45.808781 2015] [:error] [pid 6662] [client 172.17.0.1:35244] PHP   1. {main}() /app/index.php:0, referer: http://dealtrak/logs/transaction
[Tue Jul 28 13:53:45.808784 2015] [:error] [pid 6662] [client 172.17.0.1:35244] PHP   2. include() /app/index.php:363, referer: http://dealtrak/logs/transaction
[Tue Jul 28 13:53:45.808786 2015] [:error] [pid 6662] [client 172.17.0.1:35244] PHP   3. include() /app/layouts/site.php:130, referer: http://dealtrak/logs/transaction
[Tue Jul 28 13:53:45.808790 2015] [:error] [pid 6662] [client 172.17.0.1:35244] PHP Notice:  Undefined index: destination_id in /app/site/logs/all_transactions.phtml on line 32, referer: http://dealtrak/logs/transaction
[Tue Jul 28 13:53:45.808792 2015] [:error] [pid 6662] [client 172.17.0.1:35244] PHP Stack trace:, referer: http://dealtrak/logs/transaction
[Tue Jul 28 13:53:45.808794 2015] [:error] [pid 6662] [client 172.17.0.1:35244] PHP   1. {main}() /app/index.php:0, referer: http://dealtrak/logs/transaction
[Tue Jul 28 13:53:45.808796 2015] [:error] [pid 6662] [client 172.17.0.1:35244] PHP   2. include() /app/index.php:363, referer: http://dealtrak/logs/transaction
[Tue Jul 28 13:53:45.808798 2015] [:error] [pid 6662] [client 172.17.0.1:35244] PHP   3. include() /app/layouts/site.php:130, referer: http://dealtrak/logs/transaction
[Tue Jul 28 13:53:45.808802 2015] [:error] [pid 6662] [client 172.17.0.1:35244] PHP Notice:  Undefined index: destination_id in /app/site/logs/all_transactions.phtml on line 32, referer: http://dealtrak/logs/transaction
[Tue Jul 28 13:53:45.808804 2015] [:error] [pid 6662] [client 172.17.0.1:35244] PHP Stack trace:, referer: http://dealtrak/logs/transaction
[Tue Jul 28 13:53:45.808806 2015] [:error] [pid 6662] [client 172.17.0.1:35244] PHP   1. {main}() /app/index.php:0, referer: http://dealtrak/logs/transaction
[Tue Jul 28 13:53:45.808808 2015] [:error] [pid 6662] [client 172.17.0.1:35244] PHP   2. include() /app/index.php:363, referer: http://dealtrak/logs/transaction
[Tue Jul 28 13:53:45.808810 2015] [:error] [pid 6662] [client 172.17.0.1:35244] PHP   3. include() /app/layouts/site.php:130, referer: http://dealtrak/logs/transaction
[Tue Jul 28 13:53:45.808815 2015] [:error] [pid 6662] [client 172.17.0.1:35244] PHP Notice:  Undefined index: destination_id in /app/site/logs/all_transactions.phtml on line 32, referer: http://dealtrak/logs/transaction
[Tue Jul 28 13:53:45.808816 2015] [:error] [pid 6662] [client 172.17.0.1:35244] PHP Stack trace:, referer: http://dealtrak/logs/transaction
[Tue Jul 28 13:53:45.808818 2015] [:error] [pid 6662] [client 172.17.0.1:35244] PHP   1. {main}() /app/index.php:0, referer: http://dealtrak/logs/transaction
[Tue Jul 28 13:53:45.808820 2015] [:error] [pid 6662] [client 172.17.0.1:35244] PHP   2. include() /app/index.php:363, referer: http://dealtrak/logs/transaction
[Tue Jul 28 13:53:45.808823 2015] [:error] [pid 6662] [client 172.17.0.1:35244] PHP   3. include() /app/layouts/site.php:130, referer: http://dealtrak/logs/transaction
[Tue Jul 28 13:53:45.808827 2015] [:error] [pid 6662] [client 172.17.0.1:35244] PHP Notice:  Undefined index: destination_id in /app/site/logs/all_transactions.phtml on line 32, referer: http://dealtrak/logs/transaction
[Tue Jul 28 13:53:45.808828 2015] [:error] [pid 6662] [client 172.17.0.1:35244] PHP Stack trace:, referer: http://dealtrak/logs/transaction
[Tue Jul 28 13:53:45.808830 2015] [:error] [pid 6662] [client 172.17.0.1:35244] PHP   1. {main}() /app/index.php:0, referer: http://dealtrak/logs/transaction
[Tue Jul 28 13:53:45.808833 2015] [:error] [pid 6662] [client 172.17.0.1:35244] PHP   2. include() /app/index.php:363, referer: http://dealtrak/logs/transaction
[Tue Jul 28 13:53:45.808836 2015] [:error] [pid 6662] [client 172.17.0.1:35244] PHP   3. include() /app/layouts/site.php:130, referer: http://dealtrak/logs/transaction
[Tue Jul 28 13:53:45.808841 2015] [:error] [pid 6662] [client 172.17.0.1:35244] PHP Notice:  Undefined index: destination_id in /app/site/logs/all_transactions.phtml on line 32, referer: http://dealtrak/logs/transaction
[Tue Jul 28 13:53:45.808842 2015] [:error] [pid 6662] [client 172.17.0.1:35244] PHP Stack trace:, referer: http://dealtrak/logs/transaction
[Tue Jul 28 13:53:45.808844 2015] [:error] [pid 6662] [client 172.17.0.1:35244] PHP   1. {main}() /app/index.php:0, referer: http://dealtrak/logs/transaction
[Tue Jul 28 13:53:45.808847 2015] [:error] [pid 6662] [client 172.17.0.1:35244] PHP   2. include() /app/index.php:363, referer: http://dealtrak/logs/transaction
[Tue Jul 28 13:53:45.808849 2015] [:error] [pid 6662] [client 172.17.0.1:35244] PHP   3. include() /app/layouts/site.php:130, referer: http://dealtrak/logs/transaction
[Tue Jul 28 13:53:45.808853 2015] [:error] [pid 6662] [client 172.17.0.1:35244] PHP Notice:  Undefined index: destination_id in /app/site/logs/all_transactions.phtml on line 32, referer: http://dealtrak/logs/transaction
[Tue Jul 28 13:53:45.808855 2015] [:error] [pid 6662] [client 172.17.0.1:35244] PHP Stack trace:, referer: http://dealtrak/logs/transaction
[Tue Jul 28 13:53:45.808857 2015] [:error] [pid 6662] [client 172.17.0.1:35244] PHP   1. {main}() /app/index.php:0, referer: http://dealtrak/logs/transaction
[Tue Jul 28 13:53:45.808859 2015] [:error] [pid 6662] [client 172.17.0.1:35244] PHP   2. include() /app/index.php:363, referer: http://dealtrak/logs/transaction
[Tue Jul 28 13:53:45.808861 2015] [:error] [pid 6662] [client 172.17.0.1:35244] PHP   3. include() /app/layouts/site.php:130, referer: http://dealtrak/logs/transaction
[Tue Jul 28 13:53:45.808865 2015] [:error] [pid 6662] [client 172.17.0.1:35244] PHP Notice:  Undefined index: destination_id in /app/site/logs/all_transactions.phtml on line 32, referer: http://dealtrak/logs/transaction
[Tue Jul 28 13:53:45.808867 2015] [:error] [pid 6662] [client 172.17.0.1:35244] PHP Stack trace:, referer: http://dealtrak/logs/transaction
[Tue Jul 28 13:53:45.808869 2015] [:error] [pid 6662] [client 172.17.0.1:35244] PHP   1. {main}() /app/index.php:0, referer: http://dealtrak/logs/transaction
[Tue Jul 28 13:53:45.808871 2015] [:error] [pid 6662] [client 172.17.0.1:35244] PHP   2. include() /app/index.php:363, referer: http://dealtrak/logs/transaction
[Tue Jul 28 13:53:45.808873 2015] [:error] [pid 6662] [client 172.17.0.1:35244] PHP   3. include() /app/layouts/site.php:130, referer: http://dealtrak/logs/transaction
[Tue Jul 28 13:53:45.808877 2015] [:error] [pid 6662] [client 172.17.0.1:35244] PHP Notice:  Undefined index: destination_id in /app/site/logs/all_transactions.phtml on line 32, referer: http://dealtrak/logs/transaction
[Tue Jul 28 13:53:45.808879 2015] [:error] [pid 6662] [client 172.17.0.1:35244] PHP Stack trace:, referer: http://dealtrak/logs/transaction
[Tue Jul 28 13:53:45.808881 2015] [:error] [pid 6662] [client 172.17.0.1:35244] PHP   1. {main}() /app/index.php:0, referer: http://dealtrak/logs/transaction
[Tue Jul 28 13:53:45.808883 2015] [:error] [pid 6662] [client 172.17.0.1:35244] PHP   2. include() /app/index.php:363, referer: http://dealtrak/logs/transaction
[Tue Jul 28 13:53:45.808885 2015] [:error] [pid 6662] [client 172.17.0.1:35244] PHP   3. include() /app/layouts/site.php:130, referer: http://dealtrak/logs/transaction
[Tue Jul 28 13:53:45.808889 2015] [:error] [pid 6662] [client 172.17.0.1:35244] PHP Notice:  Undefined index: destination_id in /app/site/logs/all_transactions.phtml on line 32, referer: http://dealtrak/logs/transaction
[Tue Jul 28 13:53:45.808893 2015] [:error] [pid 6662] [client 172.17.0.1:35244] PHP Stack trace:, referer: http://dealtrak/logs/transaction
[Tue Jul 28 13:53:45.808895 2015] [:error] [pid 6662] [client 172.17.0.1:35244] PHP   1. {main}() /app/index.php:0, referer: http://dealtrak/logs/transaction
[Tue Jul 28 13:53:45.808897 2015] [:error] [pid 6662] [client 172.17.0.1:35244] PHP   2. include() /app/index.php:363, referer: http://dealtrak/logs/transaction
[Tue Jul 28 13:53:45.808899 2015] [:error] [pid 6662] [client 172.17.0.1:35244] PHP   3. include() /app/layouts/site.php:130, referer: http://dealtrak/logs/transaction
[Tue Jul 28 13:53:45.808904 2015] [:error] [pid 6662] [client 172.17.0.1:35244] PHP Notice:  Undefined index: destination_id in /app/site/logs/all_transactions.phtml on line 32, referer: http://dealtrak/logs/transaction
[Tue Jul 28 13:53:45.808905 2015] [:error] [pid 6662] [client 172.17.0.1:35244] PHP Stack trace:, referer: http://dealtrak/logs/transaction
[Tue Jul 28 13:53:45.808907 2015] [:error] [pid 6662] [client 172.17.0.1:35244] PHP   1. {main}() /app/index.php:0, referer: http://dealtrak/logs/transaction
[Tue Jul 28 13:53:45.808910 2015] [:error] [pid 6662] [client 172.17.0.1:35244] PHP   2. include() /app/index.php:363, referer: http://dealtrak/logs/transaction
[Tue Jul 28 13:53:45.808912 2015] [:error] [pid 6662] [client 172.17.0.1:35244] PHP   3. include() /app/layouts/site.php:130, referer: http://dealtrak/logs/transaction
[Tue Jul 28 13:53:45.808916 2015] [:error] [pid 6662] [client 172.17.0.1:35244] PHP Notice:  Undefined index: destination_id in /app/site/logs/all_transactions.phtml on line 32, referer: http://dealtrak/logs/transaction
[Tue Jul 28 13:53:45.808918 2015] [:error] [pid 6662] [client 172.17.0.1:35244] PHP Stack trace:, referer: http://dealtrak/logs/transaction
[Tue Jul 28 13:53:45.808920 2015] [:error] [pid 6662] [client 172.17.0.1:35244] PHP   1. {main}() /app/index.php:0, referer: http://dealtrak/logs/transaction
[Tue Jul 28 13:53:45.808922 2015] [:error] [pid 6662] [client 172.17.0.1:35244] PHP   2. include() /app/index.php:363, referer: http://dealtrak/logs/transaction
[Tue Jul 28 13:53:45.808924 2015] [:error] [pid 6662] [client 172.17.0.1:35244] PHP   3. include() /app/layouts/site.php:130, referer: http://dealtrak/logs/transaction
[Tue Jul 28 13:53:45.808928 2015] [:error] [pid 6662] [client 172.17.0.1:35244] PHP Notice:  Undefined index: destination_id in /app/site/logs/all_transactions.phtml on line 32, referer: http://dealtrak/logs/transaction
[Tue Jul 28 13:53:45.808930 2015] [:error] [pid 6662] [client 172.17.0.1:35244] PHP Stack trace:, referer: http://dealtrak/logs/transaction
[Tue Jul 28 13:53:45.808932 2015] [:error] [pid 6662] [client 172.17.0.1:35244] PHP   1. {main}() /app/index.php:0, referer: http://dealtrak/logs/transaction
[Tue Jul 28 13:53:45.808934 2015] [:error] [pid 6662] [client 172.17.0.1:35244] PHP   2. include() /app/index.php:363, referer: http://dealtrak/logs/transaction
[Tue Jul 28 13:53:45.808936 2015] [:error] [pid 6662] [client 172.17.0.1:35244] PHP   3. include() /app/layouts/site.php:130, referer: http://dealtrak/logs/transaction
[Tue Jul 28 13:53:45.808940 2015] [:error] [pid 6662] [client 172.17.0.1:35244] PHP Notice:  Undefined index: destination_id in /app/site/logs/all_transactions.phtml on line 32, referer: http://dealtrak/logs/transaction
[Tue Jul 28 13:53:45.808942 2015] [:error] [pid 6662] [client 172.17.0.1:35244] PHP Stack trace:, referer: http://dealtrak/logs/transaction
[Tue Jul 28 13:53:45.808946 2015] [:error] [pid 6662] [client 172.17.0.1:35244] PHP   1. {main}() /app/index.php:0, referer: http://dealtrak/logs/transaction
[Tue Jul 28 13:53:45.808948 2015] [:error] [pid 6662] [client 172.17.0.1:35244] PHP   2. include() /app/index.php:363, referer: http://dealtrak/logs/transaction
[Tue Jul 28 13:53:45.808950 2015] [:error] [pid 6662] [client 172.17.0.1:35244] PHP   3. include() /app/layouts/site.php:130, referer: http://dealtrak/logs/transaction
[Tue Jul 28 13:53:45.808954 2015] [:error] [pid 6662] [client 172.17.0.1:35244] PHP Notice:  Undefined index: destination_id in /app/site/logs/all_transactions.phtml on line 32, referer: http://dealtrak/logs/transaction
[Tue Jul 28 13:53:45.808956 2015] [:error] [pid 6662] [client 172.17.0.1:35244] PHP Stack trace:, referer: http://dealtrak/logs/transaction
[Tue Jul 28 13:53:45.808958 2015] [:error] [pid 6662] [client 172.17.0.1:35244] PHP   1. {main}() /app/index.php:0, referer: http://dealtrak/logs/transaction
[Tue Jul 28 13:53:45.808960 2015] [:error] [pid 6662] [client 172.17.0.1:35244] PHP   2. include() /app/index.php:363, referer: http://dealtrak/logs/transaction
[Tue Jul 28 13:53:45.808962 2015] [:error] [pid 6662] [client 172.17.0.1:35244] PHP   3. include() /app/layouts/site.php:130, referer: http://dealtrak/logs/transaction
[Tue Jul 28 13:53:45.808967 2015] [:error] [pid 6662] [client 172.17.0.1:35244] PHP Notice:  Undefined index: destination_id in /app/site/logs/all_transactions.phtml on line 32, referer: http://dealtrak/logs/transaction
[Tue Jul 28 13:53:45.808968 2015] [:error] [pid 6662] [client 172.17.0.1:35244] PHP Stack trace:, referer: http://dealtrak/logs/transaction
[Tue Jul 28 13:53:45.808970 2015] [:error] [pid 6662] [client 172.17.0.1:35244] PHP   1. {main}() /app/index.php:0, referer: http://dealtrak/logs/transaction
[Tue Jul 28 13:53:45.808973 2015] [:error] [pid 6662] [client 172.17.0.1:35244] PHP   2. include() /app/index.php:363, referer: http://dealtrak/logs/transaction
[Tue Jul 28 13:53:45.808975 2015] [:error] [pid 6662] [client 172.17.0.1:35244] PHP   3. include() /app/layouts/site.php:130, referer: http://dealtrak/logs/transaction
[Tue Jul 28 13:53:45.808979 2015] [:error] [pid 6662] [client 172.17.0.1:35244] PHP Notice:  Undefined index: destination_id in /app/site/logs/all_transactions.phtml on line 32, referer: http://dealtrak/logs/transaction
[Tue Jul 28 13:53:45.808981 2015] [:error] [pid 6662] [client 172.17.0.1:35244] PHP Stack trace:, referer: http://dealtrak/logs/transaction
[Tue Jul 28 13:53:45.808983 2015] [:error] [pid 6662] [client 172.17.0.1:35244] PHP   1. {main}() /app/index.php:0, referer: http://dealtrak/logs/transaction
[Tue Jul 28 13:53:45.808985 2015] [:error] [pid 6662] [client 172.17.0.1:35244] PHP   2. include() /app/index.php:363, referer: http://dealtrak/logs/transaction
[Tue Jul 28 13:53:45.808987 2015] [:error] [pid 6662] [client 172.17.0.1:35244] PHP   3. include() /app/layouts/site.php:130, referer: http://dealtrak/logs/transaction
[Tue Jul 28 13:53:45.808991 2015] [:error] [pid 6662] [client 172.17.0.1:35244] PHP Notice:  Undefined index: destination_id in /app/site/logs/all_transactions.phtml on line 32, referer: http://dealtrak/logs/transaction
[Tue Jul 28 13:53:45.808993 2015] [:error] [pid 6662] [client 172.17.0.1:35244] PHP Stack trace:, referer: http://dealtrak/logs/transaction
[Tue Jul 28 13:53:45.808995 2015] [:error] [pid 6662] [client 172.17.0.1:35244] PHP   1. {main}() /app/index.php:0, referer: http://dealtrak/logs/transaction
[Tue Jul 28 13:53:45.808997 2015] [:error] [pid 6662] [client 172.17.0.1:35244] PHP   2. include() /app/index.php:363, referer: http://dealtrak/logs/transaction
[Tue Jul 28 13:53:45.809001 2015] [:error] [pid 6662] [client 172.17.0.1:35244] PHP   3. include() /app/layouts/site.php:130, referer: http://dealtrak/logs/transaction
[Tue Jul 28 13:53:45.809005 2015] [:error] [pid 6662] [client 172.17.0.1:35244] PHP Notice:  Undefined index: destination_id in /app/site/logs/all_transactions.phtml on line 32, referer: http://dealtrak/logs/transaction
[Tue Jul 28 13:53:45.809007 2015] [:error] [pid 6662] [client 172.17.0.1:35244] PHP Stack trace:, referer: http://dealtrak/logs/transaction
[Tue Jul 28 13:53:45.809009 2015] [:error] [pid 6662] [client 172.17.0.1:35244] PHP   1. {main}() /app/index.php:0, referer: http://dealtrak/logs/transaction
[Tue Jul 28 13:53:45.809011 2015] [:error] [pid 6662] [client 172.17.0.1:35244] PHP   2. include() /app/index.php:363, referer: http://dealtrak/logs/transaction
[Tue Jul 28 13:53:45.809013 2015] [:error] [pid 6662] [client 172.17.0.1:35244] PHP   3. include() /app/layouts/site.php:130, referer: http://dealtrak/logs/transaction
[Tue Jul 28 13:53:45.809018 2015] [:error] [pid 6662] [client 172.17.0.1:35244] PHP Notice:  Undefined index: destination_id in /app/site/logs/all_transactions.phtml on line 32, referer: http://dealtrak/logs/transaction
[Tue Jul 28 13:53:45.809019 2015] [:error] [pid 6662] [client 172.17.0.1:35244] PHP Stack trace:, referer: http://dealtrak/logs/transaction
[Tue Jul 28 13:53:45.809021 2015] [:error] [pid 6662] [client 172.17.0.1:35244] PHP   1. {main}() /app/index.php:0, referer: http://dealtrak/logs/transaction
[Tue Jul 28 13:53:45.809023 2015] [:error] [pid 6662] [client 172.17.0.1:35244] PHP   2. include() /app/index.php:363, referer: http://dealtrak/logs/transaction
[Tue Jul 28 13:53:45.809026 2015] [:error] [pid 6662] [client 172.17.0.1:35244] PHP   3. include() /app/layouts/site.php:130, referer: http://dealtrak/logs/transaction
[Tue Jul 28 13:53:45.809030 2015] [:error] [pid 6662] [client 172.17.0.1:35244] PHP Notice:  Undefined index: destination_id in /app/site/logs/all_transactions.phtml on line 32, referer: http://dealtrak/logs/transaction
[Tue Jul 28 13:53:45.809031 2015] [:error] [pid 6662] [client 172.17.0.1:35244] PHP Stack trace:, referer: http://dealtrak/logs/transaction
[Tue Jul 28 13:53:45.809033 2015] [:error] [pid 6662] [client 172.17.0.1:35244] PHP   1. {main}() /app/index.php:0, referer: http://dealtrak/logs/transaction
[Tue Jul 28 13:53:45.809036 2015] [:error] [pid 6662] [client 172.17.0.1:35244] PHP   2. include() /app/index.php:363, referer: http://dealtrak/logs/transaction
[Tue Jul 28 13:53:45.809038 2015] [:error] [pid 6662] [client 172.17.0.1:35244] PHP   3. include() /app/layouts/site.php:130, referer: http://dealtrak/logs/transaction
[Tue Jul 28 13:53:45.809042 2015] [:error] [pid 6662] [client 172.17.0.1:35244] PHP Notice:  Undefined index: destination_id in /app/site/logs/all_transactions.phtml on line 32, referer: http://dealtrak/logs/transaction
[Tue Jul 28 13:53:45.809044 2015] [:error] [pid 6662] [client 172.17.0.1:35244] PHP Stack trace:, referer: http://dealtrak/logs/transaction
[Tue Jul 28 13:53:45.809046 2015] [:error] [pid 6662] [client 172.17.0.1:35244] PHP   1. {main}() /app/index.php:0, referer: http://dealtrak/logs/transaction
[Tue Jul 28 13:53:45.809048 2015] [:error] [pid 6662] [client 172.17.0.1:35244] PHP   2. include() /app/index.php:363, referer: http://dealtrak/logs/transaction
[Tue Jul 28 13:53:45.809050 2015] [:error] [pid 6662] [client 172.17.0.1:35244] PHP   3. include() /app/layouts/site.php:130, referer: http://dealtrak/logs/transaction
[Tue Jul 28 13:53:45.809054 2015] [:error] [pid 6662] [client 172.17.0.1:35244] PHP Notice:  Undefined index: destination_id in /app/site/logs/all_transactions.phtml on line 32, referer: http://dealtrak/logs/transaction
[Tue Jul 28 13:53:45.809057 2015] [:error] [pid 6662] [client 172.17.0.1:35244] PHP Stack trace:, referer: http://dealtrak/logs/transaction
[Tue Jul 28 13:53:45.809059 2015] [:error] [pid 6662] [client 172.17.0.1:35244] PHP   1. {main}() /app/index.php:0, referer: http://dealtrak/logs/transaction
[Tue Jul 28 13:53:45.809062 2015] [:error] [pid 6662] [client 172.17.0.1:35244] PHP   2. include() /app/index.php:363, referer: http://dealtrak/logs/transaction
[Tue Jul 28 13:53:45.809064 2015] [:error] [pid 6662] [client 172.17.0.1:35244] PHP   3. include() /app/layouts/site.php:130, referer: http://dealtrak/logs/transaction
[Tue Jul 28 13:53:45.809068 2015] [:error] [pid 6662] [client 172.17.0.1:35244] PHP Notice:  Undefined index: destination_id in /app/site/logs/all_transactions.phtml on line 32, referer: http://dealtrak/logs/transaction
[Tue Jul 28 13:53:45.809070 2015] [:error] [pid 6662] [client 172.17.0.1:35244] PHP Stack trace:, referer: http://dealtrak/logs/transaction
[Tue Jul 28 13:53:45.809072 2015] [:error] [pid 6662] [client 172.17.0.1:35244] PHP   1. {main}() /app/index.php:0, referer: http://dealtrak/logs/transaction
[Tue Jul 28 13:53:45.809074 2015] [:error] [pid 6662] [client 172.17.0.1:35244] PHP   2. include() /app/index.php:363, referer: http://dealtrak/logs/transaction
[Tue Jul 28 13:53:45.809076 2015] [:error] [pid 6662] [client 172.17.0.1:35244] PHP   3. include() /app/layouts/site.php:130, referer: http://dealtrak/logs/transaction
[Tue Jul 28 13:53:45.809080 2015] [:error] [pid 6662] [client 172.17.0.1:35244] PHP Notice:  Undefined index: destination_id in /app/site/logs/all_transactions.phtml on line 32, referer: http://dealtrak/logs/transaction
[Tue Jul 28 13:53:45.809082 2015] [:error] [pid 6662] [client 172.17.0.1:35244] PHP Stack trace:, referer: http://dealtrak/logs/transaction
[Tue Jul 28 13:53:45.809084 2015] [:error] [pid 6662] [client 172.17.0.1:35244] PHP   1. {main}() /app/index.php:0, referer: http://dealtrak/logs/transaction
[Tue Jul 28 13:53:45.809086 2015] [:error] [pid 6662] [client 172.17.0.1:35244] PHP   2. include() /app/index.php:363, referer: http://dealtrak/logs/transaction
[Tue Jul 28 13:53:45.809088 2015] [:error] [pid 6662] [client 172.17.0.1:35244] PHP   3. include() /app/layouts/site.php:130, referer: http://dealtrak/logs/transaction
[Tue Jul 28 13:53:45.809093 2015] [:error] [pid 6662] [client 172.17.0.1:35244] PHP Notice:  Undefined index: destination_id in /app/site/logs/all_transactions.phtml on line 32, referer: http://dealtrak/logs/transaction
[Tue Jul 28 13:53:45.809094 2015] [:error] [pid 6662] [client 172.17.0.1:35244] PHP Stack trace:, referer: http://dealtrak/logs/transaction
[Tue Jul 28 13:53:45.809096 2015] [:error] [pid 6662] [client 172.17.0.1:35244] PHP   1. {main}() /app/index.php:0, referer: http://dealtrak/logs/transaction
[Tue Jul 28 13:53:45.809098 2015] [:error] [pid 6662] [client 172.17.0.1:35244] PHP   2. include() /app/index.php:363, referer: http://dealtrak/logs/transaction
[Tue Jul 28 13:53:45.809101 2015] [:error] [pid 6662] [client 172.17.0.1:35244] PHP   3. include() /app/layouts/site.php:130, referer: http://dealtrak/logs/transaction
[Tue Jul 28 13:53:45.809105 2015] [:error] [pid 6662] [client 172.17.0.1:35244] PHP Notice:  Undefined index: destination_id in /app/site/logs/all_transactions.phtml on line 32, referer: http://dealtrak/logs/transaction
[Tue Jul 28 13:53:45.809106 2015] [:error] [pid 6662] [client 172.17.0.1:35244] PHP Stack trace:, referer: http://dealtrak/logs/transaction
[Tue Jul 28 13:53:45.809110 2015] [:error] [pid 6662] [client 172.17.0.1:35244] PHP   1. {main}() /app/index.php:0, referer: http://dealtrak/logs/transaction
[Tue Jul 28 13:53:45.809112 2015] [:error] [pid 6662] [client 172.17.0.1:35244] PHP   2. include() /app/index.php:363, referer: http://dealtrak/logs/transaction
[Tue Jul 28 13:53:45.809114 2015] [:error] [pid 6662] [client 172.17.0.1:35244] PHP   3. include() /app/layouts/site.php:130, referer: http://dealtrak/logs/transaction
[Tue Jul 28 13:53:45.809119 2015] [:error] [pid 6662] [client 172.17.0.1:35244] PHP Notice:  Undefined index: destination_id in /app/site/logs/all_transactions.phtml on line 32, referer: http://dealtrak/logs/transaction
[Tue Jul 28 13:53:45.809120 2015] [:error] [pid 6662] [client 172.17.0.1:35244] PHP Stack trace:, referer: http://dealtrak/logs/transaction
[Tue Jul 28 13:53:45.809123 2015] [:error] [pid 6662] [client 172.17.0.1:35244] PHP   1. {main}() /app/index.php:0, referer: http://dealtrak/logs/transaction
[Tue Jul 28 13:53:45.809125 2015] [:error] [pid 6662] [client 172.17.0.1:35244] PHP   2. include() /app/index.php:363, referer: http://dealtrak/logs/transaction
[Tue Jul 28 13:53:45.809127 2015] [:error] [pid 6662] [client 172.17.0.1:35244] PHP   3. include() /app/layouts/site.php:130, referer: http://dealtrak/logs/transaction
[Tue Jul 28 13:53:45.809131 2015] [:error] [pid 6662] [client 172.17.0.1:35244] PHP Notice:  Undefined index: destination_id in /app/site/logs/all_transactions.phtml on line 32, referer: http://dealtrak/logs/transaction
[Tue Jul 28 13:53:45.809133 2015] [:error] [pid 6662] [client 172.17.0.1:35244] PHP Stack trace:, referer: http://dealtrak/logs/transaction
[Tue Jul 28 13:53:45.809135 2015] [:error] [pid 6662] [client 172.17.0.1:35244] PHP   1. {main}() /app/index.php:0, referer: http://dealtrak/logs/transaction
[Tue Jul 28 13:53:45.809137 2015] [:error] [pid 6662] [client 172.17.0.1:35244] PHP   2. include() /app/index.php:363, referer: http://dealtrak/logs/transaction
[Tue Jul 28 13:53:45.809139 2015] [:error] [pid 6662] [client 172.17.0.1:35244] PHP   3. include() /app/layouts/site.php:130, referer: http://dealtrak/logs/transaction
[Tue Jul 28 13:53:45.809143 2015] [:error] [pid 6662] [client 172.17.0.1:35244] PHP Notice:  Undefined index: destination_id in /app/site/logs/all_transactions.phtml on line 32, referer: http://dealtrak/logs/transaction
[Tue Jul 28 13:53:45.809145 2015] [:error] [pid 6662] [client 172.17.0.1:35244] PHP Stack trace:, referer: http://dealtrak/logs/transaction
[Tue Jul 28 13:53:45.809147 2015] [:error] [pid 6662] [client 172.17.0.1:35244] PHP   1. {main}() /app/index.php:0, referer: http://dealtrak/logs/transaction
[Tue Jul 28 13:53:45.809149 2015] [:error] [pid 6662] [client 172.17.0.1:35244] PHP   2. include() /app/index.php:363, referer: http://dealtrak/logs/transaction
[Tue Jul 28 13:53:45.809151 2015] [:error] [pid 6662] [client 172.17.0.1:35244] PHP   3. include() /app/layouts/site.php:130, referer: http://dealtrak/logs/transaction
[Tue Jul 28 13:53:45.809155 2015] [:error] [pid 6662] [client 172.17.0.1:35244] PHP Notice:  Undefined index: destination_id in /app/site/logs/all_transactions.phtml on line 32, referer: http://dealtrak/logs/transaction
[Tue Jul 28 13:53:45.809157 2015] [:error] [pid 6662] [client 172.17.0.1:35244] PHP Stack trace:, referer: http://dealtrak/logs/transaction
[Tue Jul 28 13:53:45.809159 2015] [:error] [pid 6662] [client 172.17.0.1:35244] PHP   1. {main}() /app/index.php:0, referer: http://dealtrak/logs/transaction
[Tue Jul 28 13:53:45.809161 2015] [:error] [pid 6662] [client 172.17.0.1:35244] PHP   2. include() /app/index.php:363, referer: http://dealtrak/logs/transaction
[Tue Jul 28 13:53:45.809165 2015] [:error] [pid 6662] [client 172.17.0.1:35244] PHP   3. include() /app/layouts/site.php:130, referer: http://dealtrak/logs/transaction
[Tue Jul 28 13:53:45.809169 2015] [:error] [pid 6662] [client 172.17.0.1:35244] PHP Notice:  Undefined index: destination_id in /app/site/logs/all_transactions.phtml on line 32, referer: http://dealtrak/logs/transaction
[Tue Jul 28 13:53:45.809171 2015] [:error] [pid 6662] [client 172.17.0.1:35244] PHP Stack trace:, referer: http://dealtrak/logs/transaction
[Tue Jul 28 13:53:45.809173 2015] [:error] [pid 6662] [client 172.17.0.1:35244] PHP   1. {main}() /app/index.php:0, referer: http://dealtrak/logs/transaction
[Tue Jul 28 13:53:45.809175 2015] [:error] [pid 6662] [client 172.17.0.1:35244] PHP   2. include() /app/index.php:363, referer: http://dealtrak/logs/transaction
[Tue Jul 28 13:53:45.809177 2015] [:error] [pid 6662] [client 172.17.0.1:35244] PHP   3. include() /app/layouts/site.php:130, referer: http://dealtrak/logs/transaction
[Tue Jul 28 13:53:45.809182 2015] [:error] [pid 6662] [client 172.17.0.1:35244] PHP Notice:  Undefined index: destination_id in /app/site/logs/all_transactions.phtml on line 32, referer: http://dealtrak/logs/transaction
[Tue Jul 28 13:53:45.809183 2015] [:error] [pid 6662] [client 172.17.0.1:35244] PHP Stack trace:, referer: http://dealtrak/logs/transaction
[Tue Jul 28 13:53:45.809185 2015] [:error] [pid 6662] [client 172.17.0.1:35244] PHP   1. {main}() /app/index.php:0, referer: http://dealtrak/logs/transaction
[Tue Jul 28 13:53:45.809187 2015] [:error] [pid 6662] [client 172.17.0.1:35244] PHP   2. include() /app/index.php:363, referer: http://dealtrak/logs/transaction
[Tue Jul 28 13:53:45.809190 2015] [:error] [pid 6662] [client 172.17.0.1:35244] PHP   3. include() /app/layouts/site.php:130, referer: http://dealtrak/logs/transaction
[Tue Jul 28 13:53:45.809194 2015] [:error] [pid 6662] [client 172.17.0.1:35244] PHP Notice:  Undefined index: destination_id in /app/site/logs/all_transactions.phtml on line 32, referer: http://dealtrak/logs/transaction
[Tue Jul 28 13:53:45.809195 2015] [:error] [pid 6662] [client 172.17.0.1:35244] PHP Stack trace:, referer: http://dealtrak/logs/transaction
[Tue Jul 28 13:53:45.809197 2015] [:error] [pid 6662] [client 172.17.0.1:35244] PHP   1. {main}() /app/index.php:0, referer: http://dealtrak/logs/transaction
[Tue Jul 28 13:53:45.809200 2015] [:error] [pid 6662] [client 172.17.0.1:35244] PHP   2. include() /app/index.php:363, referer: http://dealtrak/logs/transaction
[Tue Jul 28 13:53:45.809202 2015] [:error] [pid 6662] [client 172.17.0.1:35244] PHP   3. include() /app/layouts/site.php:130, referer: http://dealtrak/logs/transaction
[Tue Jul 28 13:53:45.809206 2015] [:error] [pid 6662] [client 172.17.0.1:35244] PHP Notice:  Undefined index: destination_id in /app/site/logs/all_transactions.phtml on line 32, referer: http://dealtrak/logs/transaction
[Tue Jul 28 13:53:45.809208 2015] [:error] [pid 6662] [client 172.17.0.1:35244] PHP Stack trace:, referer: http://dealtrak/logs/transaction
[Tue Jul 28 13:53:45.809210 2015] [:error] [pid 6662] [client 172.17.0.1:35244] PHP   1. {main}() /app/index.php:0, referer: http://dealtrak/logs/transaction
[Tue Jul 28 13:53:45.809212 2015] [:error] [pid 6662] [client 172.17.0.1:35244] PHP   2. include() /app/index.php:363, referer: http://dealtrak/logs/transaction
[Tue Jul 28 13:53:45.809214 2015] [:error] [pid 6662] [client 172.17.0.1:35244] PHP   3. include() /app/layouts/site.php:130, referer: http://dealtrak/logs/transaction
[Tue Jul 28 13:53:45.809218 2015] [:error] [pid 6662] [client 172.17.0.1:35244] PHP Notice:  Undefined index: destination_id in /app/site/logs/all_transactions.phtml on line 32, referer: http://dealtrak/logs/transaction
[Tue Jul 28 13:53:45.809221 2015] [:error] [pid 6662] [client 172.17.0.1:35244] PHP Stack trace:, referer: http://dealtrak/logs/transaction
[Tue Jul 28 13:53:45.809223 2015] [:error] [pid 6662] [client 172.17.0.1:35244] PHP   1. {main}() /app/index.php:0, referer: http://dealtrak/logs/transaction
[Tue Jul 28 13:53:45.809226 2015] [:error] [pid 6662] [client 172.17.0.1:35244] PHP   2. include() /app/index.php:363, referer: http://dealtrak/logs/transaction
[Tue Jul 28 13:53:45.809228 2015] [:error] [pid 6662] [client 172.17.0.1:35244] PHP   3. include() /app/layouts/site.php:130, referer: http://dealtrak/logs/transaction
[Tue Jul 28 13:53:45.809232 2015] [:error] [pid 6662] [client 172.17.0.1:35244] PHP Notice:  Undefined index: destination_id in /app/site/logs/all_transactions.phtml on line 32, referer: http://dealtrak/logs/transaction
[Tue Jul 28 13:53:45.809234 2015] [:error] [pid 6662] [client 172.17.0.1:35244] PHP Stack trace:, referer: http://dealtrak/logs/transaction
[Tue Jul 28 13:53:45.809236 2015] [:error] [pid 6662] [client 172.17.0.1:35244] PHP   1. {main}() /app/index.php:0, referer: http://dealtrak/logs/transaction
[Tue Jul 28 13:53:45.809238 2015] [:error] [pid 6662] [client 172.17.0.1:35244] PHP   2. include() /app/index.php:363, referer: http://dealtrak/logs/transaction
[Tue Jul 28 13:53:45.809240 2015] [:error] [pid 6662] [client 172.17.0.1:35244] PHP   3. include() /app/layouts/site.php:130, referer: http://dealtrak/logs/transaction
[Tue Jul 28 13:53:45.809244 2015] [:error] [pid 6662] [client 172.17.0.1:35244] PHP Notice:  Undefined index: destination_id in /app/site/logs/all_transactions.phtml on line 32, referer: http://dealtrak/logs/transaction
[Tue Jul 28 13:53:45.809246 2015] [:error] [pid 6662] [client 172.17.0.1:35244] PHP Stack trace:, referer: http://dealtrak/logs/transaction
[Tue Jul 28 13:53:45.809248 2015] [:error] [pid 6662] [client 172.17.0.1:35244] PHP   1. {main}() /app/index.php:0, referer: http://dealtrak/logs/transaction
[Tue Jul 28 13:53:45.809250 2015] [:error] [pid 6662] [client 172.17.0.1:35244] PHP   2. include() /app/index.php:363, referer: http://dealtrak/logs/transaction
[Tue Jul 28 13:53:45.809252 2015] [:error] [pid 6662] [client 172.17.0.1:35244] PHP   3. include() /app/layouts/site.php:130, referer: http://dealtrak/logs/transaction
[Tue Jul 28 13:53:45.809257 2015] [:error] [pid 6662] [client 172.17.0.1:35244] PHP Notice:  Undefined index: destination_id in /app/site/logs/all_transactions.phtml on line 32, referer: http://dealtrak/logs/transaction
[Tue Jul 28 13:53:45.809258 2015] [:error] [pid 6662] [client 172.17.0.1:35244] PHP Stack trace:, referer: http://dealtrak/logs/transaction
[Tue Jul 28 13:53:45.809260 2015] [:error] [pid 6662] [client 172.17.0.1:35244] PHP   1. {main}() /app/index.php:0, referer: http://dealtrak/logs/transaction
[Tue Jul 28 13:53:45.809262 2015] [:error] [pid 6662] [client 172.17.0.1:35244] PHP   2. include() /app/index.php:363, referer: http://dealtrak/logs/transaction
[Tue Jul 28 13:53:45.809264 2015] [:error] [pid 6662] [client 172.17.0.1:35244] PHP   3. include() /app/layouts/site.php:130, referer: http://dealtrak/logs/transaction
[Tue Jul 28 13:53:45.809269 2015] [:error] [pid 6662] [client 172.17.0.1:35244] PHP Notice:  Undefined index: destination_id in /app/site/logs/all_transactions.phtml on line 32, referer: http://dealtrak/logs/transaction
[Tue Jul 28 13:53:45.809270 2015] [:error] [pid 6662] [client 172.17.0.1:35244] PHP Stack trace:, referer: http://dealtrak/logs/transaction
[Tue Jul 28 13:53:45.809272 2015] [:error] [pid 6662] [client 172.17.0.1:35244] PHP   1. {main}() /app/index.php:0, referer: http://dealtrak/logs/transaction
[Tue Jul 28 13:53:45.809276 2015] [:error] [pid 6662] [client 172.17.0.1:35244] PHP   2. include() /app/index.php:363, referer: http://dealtrak/logs/transaction
[Tue Jul 28 13:53:45.809278 2015] [:error] [pid 6662] [client 172.17.0.1:35244] PHP   3. include() /app/layouts/site.php:130, referer: http://dealtrak/logs/transaction
[Tue Jul 28 13:53:45.809283 2015] [:error] [pid 6662] [client 172.17.0.1:35244] PHP Notice:  Undefined index: destination_id in /app/site/logs/all_transactions.phtml on line 32, referer: http://dealtrak/logs/transaction
[Tue Jul 28 13:53:45.809284 2015] [:error] [pid 6662] [client 172.17.0.1:35244] PHP Stack trace:, referer: http://dealtrak/logs/transaction
[Tue Jul 28 13:53:45.809286 2015] [:error] [pid 6662] [client 172.17.0.1:35244] PHP   1. {main}() /app/index.php:0, referer: http://dealtrak/logs/transaction
[Tue Jul 28 13:53:45.809288 2015] [:error] [pid 6662] [client 172.17.0.1:35244] PHP   2. include() /app/index.php:363, referer: http://dealtrak/logs/transaction
[Tue Jul 28 13:53:45.809291 2015] [:error] [pid 6662] [client 172.17.0.1:35244] PHP   3. include() /app/layouts/site.php:130, referer: http://dealtrak/logs/transaction
[Tue Jul 28 13:53:45.809295 2015] [:error] [pid 6662] [client 172.17.0.1:35244] PHP Notice:  Undefined index: destination_id in /app/site/logs/all_transactions.phtml on line 32, referer: http://dealtrak/logs/transaction
[Tue Jul 28 13:53:45.809296 2015] [:error] [pid 6662] [client 172.17.0.1:35244] PHP Stack trace:, referer: http://dealtrak/logs/transaction
[Tue Jul 28 13:53:45.809299 2015] [:error] [pid 6662] [client 172.17.0.1:35244] PHP   1. {main}() /app/index.php:0, referer: http://dealtrak/logs/transaction
[Tue Jul 28 13:53:45.809301 2015] [:error] [pid 6662] [client 172.17.0.1:35244] PHP   2. include() /app/index.php:363, referer: http://dealtrak/logs/transaction
[Tue Jul 28 13:53:45.809303 2015] [:error] [pid 6662] [client 172.17.0.1:35244] PHP   3. include() /app/layouts/site.php:130, referer: http://dealtrak/logs/transaction
[Tue Jul 28 13:53:45.809307 2015] [:error] [pid 6662] [client 172.17.0.1:35244] PHP Notice:  Undefined index: destination_id in /app/site/logs/all_transactions.phtml on line 32, referer: http://dealtrak/logs/transaction
[Tue Jul 28 13:53:45.809309 2015] [:error] [pid 6662] [client 172.17.0.1:35244] PHP Stack trace:, referer: http://dealtrak/logs/transaction
[Tue Jul 28 13:53:45.809311 2015] [:error] [pid 6662] [client 172.17.0.1:35244] PHP   1. {main}() /app/index.php:0, referer: http://dealtrak/logs/transaction
[Tue Jul 28 13:53:45.809313 2015] [:error] [pid 6662] [client 172.17.0.1:35244] PHP   2. include() /app/index.php:363, referer: http://dealtrak/logs/transaction
[Tue Jul 28 13:53:45.809315 2015] [:error] [pid 6662] [client 172.17.0.1:35244] PHP   3. include() /app/layouts/site.php:130, referer: http://dealtrak/logs/transaction
[Tue Jul 28 13:53:45.809319 2015] [:error] [pid 6662] [client 172.17.0.1:35244] PHP Notice:  Undefined index: destination_id in /app/site/logs/all_transactions.phtml on line 32, referer: http://dealtrak/logs/transaction
[Tue Jul 28 13:53:45.809321 2015] [:error] [pid 6662] [client 172.17.0.1:35244] PHP Stack trace:, referer: http://dealtrak/logs/transaction
[Tue Jul 28 13:53:45.809323 2015] [:error] [pid 6662] [client 172.17.0.1:35244] PHP   1. {main}() /app/index.php:0, referer: http://dealtrak/logs/transaction
[Tue Jul 28 13:53:45.809325 2015] [:error] [pid 6662] [client 172.17.0.1:35244] PHP   2. include() /app/index.php:363, referer: http://dealtrak/logs/transaction
[Tue Jul 28 13:53:45.809329 2015] [:error] [pid 6662] [client 172.17.0.1:35244] PHP   3. include() /app/layouts/site.php:130, referer: http://dealtrak/logs/transaction
[Tue Jul 28 13:53:45.809333 2015] [:error] [pid 6662] [client 172.17.0.1:35244] PHP Notice:  Undefined index: destination_id in /app/site/logs/all_transactions.phtml on line 32, referer: http://dealtrak/logs/transaction
[Tue Jul 28 13:53:45.809335 2015] [:error] [pid 6662] [client 172.17.0.1:35244] PHP Stack trace:, referer: http://dealtrak/logs/transaction
[Tue Jul 28 13:53:45.809337 2015] [:error] [pid 6662] [client 172.17.0.1:35244] PHP   1. {main}() /app/index.php:0, referer: http://dealtrak/logs/transaction
[Tue Jul 28 13:53:45.809339 2015] [:error] [pid 6662] [client 172.17.0.1:35244] PHP   2. include() /app/index.php:363, referer: http://dealtrak/logs/transaction
[Tue Jul 28 13:53:45.809341 2015] [:error] [pid 6662] [client 172.17.0.1:35244] PHP   3. include() /app/layouts/site.php:130, referer: http://dealtrak/logs/transaction
[Tue Jul 28 13:53:45.809346 2015] [:error] [pid 6662] [client 172.17.0.1:35244] PHP Notice:  Undefined index: destination_id in /app/site/logs/all_transactions.phtml on line 32, referer: http://dealtrak/logs/transaction
[Tue Jul 28 13:53:45.809347 2015] [:error] [pid 6662] [client 172.17.0.1:35244] PHP Stack trace:, referer: http://dealtrak/logs/transaction
[Tue Jul 28 13:53:45.809349 2015] [:error] [pid 6662] [client 172.17.0.1:35244] PHP   1. {main}() /app/index.php:0, referer: http://dealtrak/logs/transaction
[Tue Jul 28 13:53:45.809351 2015] [:error] [pid 6662] [client 172.17.0.1:35244] PHP   2. include() /app/index.php:363, referer: http://dealtrak/logs/transaction
[Tue Jul 28 13:53:45.809353 2015] [:error] [pid 6662] [client 172.17.0.1:35244] PHP   3. include() /app/layouts/site.php:130, referer: http://dealtrak/logs/transaction
[Tue Jul 28 13:53:45.809359 2015] [:error] [pid 6662] [client 172.17.0.1:35244] PHP Notice:  Undefined index: destination_status_id in /app/site/logs/all_transactions.phtml on line 41, referer: http://dealtrak/logs/transaction
[Tue Jul 28 13:53:45.809361 2015] [:error] [pid 6662] [client 172.17.0.1:35244] PHP Stack trace:, referer: http://dealtrak/logs/transaction
[Tue Jul 28 13:53:45.809363 2015] [:error] [pid 6662] [client 172.17.0.1:35244] PHP   1. {main}() /app/index.php:0, referer: http://dealtrak/logs/transaction
[Tue Jul 28 13:53:45.809365 2015] [:error] [pid 6662] [client 172.17.0.1:35244] PHP   2. include() /app/index.php:363, referer: http://dealtrak/logs/transaction
[Tue Jul 28 13:53:45.809367 2015] [:error] [pid 6662] [client 172.17.0.1:35244] PHP   3. include() /app/layouts/site.php:130, referer: http://dealtrak/logs/transaction
[Tue Jul 28 13:53:45.809371 2015] [:error] [pid 6662] [client 172.17.0.1:35244] PHP Notice:  Undefined index: destination_status_id in /app/site/logs/all_transactions.phtml on line 41, referer: http://dealtrak/logs/transaction
[Tue Jul 28 13:53:45.809373 2015] [:error] [pid 6662] [client 172.17.0.1:35244] PHP Stack trace:, referer: http://dealtrak/logs/transaction
[Tue Jul 28 13:53:45.809375 2015] [:error] [pid 6662] [client 172.17.0.1:35244] PHP   1. {main}() /app/index.php:0, referer: http://dealtrak/logs/transaction
[Tue Jul 28 13:53:45.809377 2015] [:error] [pid 6662] [client 172.17.0.1:35244] PHP   2. include() /app/index.php:363, referer: http://dealtrak/logs/transaction
[Tue Jul 28 13:53:45.809379 2015] [:error] [pid 6662] [client 172.17.0.1:35244] PHP   3. include() /app/layouts/site.php:130, referer: http://dealtrak/logs/transaction
[Tue Jul 28 13:53:45.809384 2015] [:error] [pid 6662] [client 172.17.0.1:35244] PHP Notice:  Undefined index: destination_status_id in /app/site/logs/all_transactions.phtml on line 41, referer: http://dealtrak/logs/transaction
[Tue Jul 28 13:53:45.809387 2015] [:error] [pid 6662] [client 172.17.0.1:35244] PHP Stack trace:, referer: http://dealtrak/logs/transaction
[Tue Jul 28 13:53:45.809389 2015] [:error] [pid 6662] [client 172.17.0.1:35244] PHP   1. {main}() /app/index.php:0, referer: http://dealtrak/logs/transaction
[Tue Jul 28 13:53:45.809391 2015] [:error] [pid 6662] [client 172.17.0.1:35244] PHP   2. include() /app/index.php:363, referer: http://dealtrak/logs/transaction
[Tue Jul 28 13:53:45.809393 2015] [:error] [pid 6662] [client 172.17.0.1:35244] PHP   3. include() /app/layouts/site.php:130, referer: http://dealtrak/logs/transaction
[Tue Jul 28 13:53:45.809398 2015] [:error] [pid 6662] [client 172.17.0.1:35244] PHP Notice:  Undefined index: destination_status_id in /app/site/logs/all_transactions.phtml on line 41, referer: http://dealtrak/logs/transaction
[Tue Jul 28 13:53:45.809399 2015] [:error] [pid 6662] [client 172.17.0.1:35244] PHP Stack trace:, referer: http://dealtrak/logs/transaction
[Tue Jul 28 13:53:45.809401 2015] [:error] [pid 6662] [client 172.17.0.1:35244] PHP   1. {main}() /app/index.php:0, referer: http://dealtrak/logs/transaction
[Tue Jul 28 13:53:45.809404 2015] [:error] [pid 6662] [client 172.17.0.1:35244] PHP   2. include() /app/index.php:363, referer: http://dealtrak/logs/transaction
[Tue Jul 28 13:53:45.809406 2015] [:error] [pid 6662] [client 172.17.0.1:35244] PHP   3. include() /app/layouts/site.php:130, referer: http://dealtrak/logs/transaction
[Tue Jul 28 13:53:45.809410 2015] [:error] [pid 6662] [client 172.17.0.1:35244] PHP Notice:  Undefined index: destination_status_id in /app/site/logs/all_transactions.phtml on line 41, referer: http://dealtrak/logs/transaction
[Tue Jul 28 13:53:45.809412 2015] [:error] [pid 6662] [client 172.17.0.1:35244] PHP Stack trace:, referer: http://dealtrak/logs/transaction
[Tue Jul 28 13:53:45.809414 2015] [:error] [pid 6662] [client 172.17.0.1:35244] PHP   1. {main}() /app/index.php:0, referer: http://dealtrak/logs/transaction
[Tue Jul 28 13:53:45.809416 2015] [:error] [pid 6662] [client 172.17.0.1:35244] PHP   2. include() /app/index.php:363, referer: http://dealtrak/logs/transaction
[Tue Jul 28 13:53:45.809418 2015] [:error] [pid 6662] [client 172.17.0.1:35244] PHP   3. include() /app/layouts/site.php:130, referer: http://dealtrak/logs/transaction
[Tue Jul 28 13:53:45.809422 2015] [:error] [pid 6662] [client 172.17.0.1:35244] PHP Notice:  Undefined index: destination_status_id in /app/site/logs/all_transactions.phtml on line 41, referer: http://dealtrak/logs/transaction
[Tue Jul 28 13:53:45.809424 2015] [:error] [pid 6662] [client 172.17.0.1:35244] PHP Stack trace:, referer: http://dealtrak/logs/transaction
[Tue Jul 28 13:53:45.809426 2015] [:error] [pid 6662] [client 172.17.0.1:35244] PHP   1. {main}() /app/index.php:0, referer: http://dealtrak/logs/transaction
[Tue Jul 28 13:53:45.809428 2015] [:error] [pid 6662] [client 172.17.0.1:35244] PHP   2. include() /app/index.php:363, referer: http://dealtrak/logs/transaction
[Tue Jul 28 13:53:45.809430 2015] [:error] [pid 6662] [client 172.17.0.1:35244] PHP   3. include() /app/layouts/site.php:130, referer: http://dealtrak/logs/transaction
[Tue Jul 28 13:53:45.809434 2015] [:error] [pid 6662] [client 172.17.0.1:35244] PHP Notice:  Undefined index: destination_status_id in /app/site/logs/all_transactions.phtml on line 41, referer: http://dealtrak/logs/transaction
[Tue Jul 28 13:53:45.809436 2015] [:error] [pid 6662] [client 172.17.0.1:35244] PHP Stack trace:, referer: http://dealtrak/logs/transaction
[Tue Jul 28 13:53:45.809438 2015] [:error] [pid 6662] [client 172.17.0.1:35244] PHP   1. {main}() /app/index.php:0, referer: http://dealtrak/logs/transaction
[Tue Jul 28 13:53:45.809442 2015] [:error] [pid 6662] [client 172.17.0.1:35244] PHP   2. include() /app/index.php:363, referer: http://dealtrak/logs/transaction
[Tue Jul 28 13:53:45.809444 2015] [:error] [pid 6662] [client 172.17.0.1:35244] PHP   3. include() /app/layouts/site.php:130, referer: http://dealtrak/logs/transaction
[Tue Jul 28 13:53:45.809449 2015] [:error] [pid 6662] [client 172.17.0.1:35244] PHP Notice:  Undefined index: destination_status_id in /app/site/logs/all_transactions.phtml on line 41, referer: http://dealtrak/logs/transaction
[Tue Jul 28 13:53:45.809451 2015] [:error] [pid 6662] [client 172.17.0.1:35244] PHP Stack trace:, referer: http://dealtrak/logs/transaction
[Tue Jul 28 13:53:45.809453 2015] [:error] [pid 6662] [client 172.17.0.1:35244] PHP   1. {main}() /app/index.php:0, referer: http://dealtrak/logs/transaction
[Tue Jul 28 13:53:45.809455 2015] [:error] [pid 6662] [client 172.17.0.1:35244] PHP   2. include() /app/index.php:363, referer: http://dealtrak/logs/transaction
[Tue Jul 28 13:53:45.809457 2015] [:error] [pid 6662] [client 172.17.0.1:35244] PHP   3. include() /app/layouts/site.php:130, referer: http://dealtrak/logs/transaction
[Tue Jul 28 13:53:45.809546 2015] [:error] [pid 6662] [client 172.17.0.1:35244] PHP Notice:  Undefined index: destination_status_id in /app/site/logs/all_transactions.phtml on line 41, referer: http://dealtrak/logs/transaction
[Tue Jul 28 13:53:45.809548 2015] [:error] [pid 6662] [client 172.17.0.1:35244] PHP Stack trace:, referer: http://dealtrak/logs/transaction
[Tue Jul 28 13:53:45.809550 2015] [:error] [pid 6662] [client 172.17.0.1:35244] PHP   1. {main}() /app/index.php:0, referer: http://dealtrak/logs/transaction
[Tue Jul 28 13:53:45.809552 2015] [:error] [pid 6662] [client 172.17.0.1:35244] PHP   2. include() /app/index.php:363, referer: http://dealtrak/logs/transaction
[Tue Jul 28 13:53:45.809554 2015] [:error] [pid 6662] [client 172.17.0.1:35244] PHP   3. include() /app/layouts/site.php:130, referer: http://dealtrak/logs/transaction
[Tue Jul 28 13:53:45.809559 2015] [:error] [pid 6662] [client 172.17.0.1:35244] PHP Notice:  Undefined index: destination_status_id in /app/site/logs/all_transactions.phtml on line 41, referer: http://dealtrak/logs/transaction
[Tue Jul 28 13:53:45.809560 2015] [:error] [pid 6662] [client 172.17.0.1:35244] PHP Stack trace:, referer: http://dealtrak/logs/transaction
[Tue Jul 28 13:53:45.809563 2015] [:error] [pid 6662] [client 172.17.0.1:35244] PHP   1. {main}() /app/index.php:0, referer: http://dealtrak/logs/transaction
[Tue Jul 28 13:53:45.809565 2015] [:error] [pid 6662] [client 172.17.0.1:35244] PHP   2. include() /app/index.php:363, referer: http://dealtrak/logs/transaction
[Tue Jul 28 13:53:45.809567 2015] [:error] [pid 6662] [client 172.17.0.1:35244] PHP   3. include() /app/layouts/site.php:130, referer: http://dealtrak/logs/transaction
[Tue Jul 28 13:53:45.809571 2015] [:error] [pid 6662] [client 172.17.0.1:35244] PHP Notice:  Undefined index: destination_status_id in /app/site/logs/all_transactions.phtml on line 41, referer: http://dealtrak/logs/transaction
[Tue Jul 28 13:53:45.809573 2015] [:error] [pid 6662] [client 172.17.0.1:35244] PHP Stack trace:, referer: http://dealtrak/logs/transaction
[Tue Jul 28 13:53:45.809575 2015] [:error] [pid 6662] [client 172.17.0.1:35244] PHP   1. {main}() /app/index.php:0, referer: http://dealtrak/logs/transaction
[Tue Jul 28 13:53:45.809577 2015] [:error] [pid 6662] [client 172.17.0.1:35244] PHP   2. include() /app/index.php:363, referer: http://dealtrak/logs/transaction
[Tue Jul 28 13:53:45.809582 2015] [:error] [pid 6662] [client 172.17.0.1:35244] PHP   3. include() /app/layouts/site.php:130, referer: http://dealtrak/logs/transaction
[Tue Jul 28 13:53:45.809587 2015] [:error] [pid 6662] [client 172.17.0.1:35244] PHP Notice:  Undefined index: destination_status_id in /app/site/logs/all_transactions.phtml on line 41, referer: http://dealtrak/logs/transaction
[Tue Jul 28 13:53:45.809588 2015] [:error] [pid 6662] [client 172.17.0.1:35244] PHP Stack trace:, referer: http://dealtrak/logs/transaction
[Tue Jul 28 13:53:45.809591 2015] [:error] [pid 6662] [client 172.17.0.1:35244] PHP   1. {main}() /app/index.php:0, referer: http://dealtrak/logs/transaction
[Tue Jul 28 13:53:45.809593 2015] [:error] [pid 6662] [client 172.17.0.1:35244] PHP   2. include() /app/index.php:363, referer: http://dealtrak/logs/transaction
[Tue Jul 28 13:53:45.809595 2015] [:error] [pid 6662] [client 172.17.0.1:35244] PHP   3. include() /app/layouts/site.php:130, referer: http://dealtrak/logs/transaction
[Tue Jul 28 13:53:45.809599 2015] [:error] [pid 6662] [client 172.17.0.1:35244] PHP Notice:  Undefined index: destination_status_id in /app/site/logs/all_transactions.phtml on line 41, referer: http://dealtrak/logs/transaction
[Tue Jul 28 13:53:45.809601 2015] [:error] [pid 6662] [client 172.17.0.1:35244] PHP Stack trace:, referer: http://dealtrak/logs/transaction
[Tue Jul 28 13:53:45.809603 2015] [:error] [pid 6662] [client 172.17.0.1:35244] PHP   1. {main}() /app/index.php:0, referer: http://dealtrak/logs/transaction
[Tue Jul 28 13:53:45.809605 2015] [:error] [pid 6662] [client 172.17.0.1:35244] PHP   2. include() /app/index.php:363, referer: http://dealtrak/logs/transaction
[Tue Jul 28 13:53:45.809607 2015] [:error] [pid 6662] [client 172.17.0.1:35244] PHP   3. include() /app/layouts/site.php:130, referer: http://dealtrak/logs/transaction
[Tue Jul 28 13:53:45.809611 2015] [:error] [pid 6662] [client 172.17.0.1:35244] PHP Notice:  Undefined index: destination_status_id in /app/site/logs/all_transactions.phtml on line 41, referer: http://dealtrak/logs/transaction
[Tue Jul 28 13:53:45.809613 2015] [:error] [pid 6662] [client 172.17.0.1:35244] PHP Stack trace:, referer: http://dealtrak/logs/transaction
[Tue Jul 28 13:53:45.809615 2015] [:error] [pid 6662] [client 172.17.0.1:35244] PHP   1. {main}() /app/index.php:0, referer: http://dealtrak/logs/transaction
[Tue Jul 28 13:53:45.809617 2015] [:error] [pid 6662] [client 172.17.0.1:35244] PHP   2. include() /app/index.php:363, referer: http://dealtrak/logs/transaction
[Tue Jul 28 13:53:45.809619 2015] [:error] [pid 6662] [client 172.17.0.1:35244] PHP   3. include() /app/layouts/site.php:130, referer: http://dealtrak/logs/transaction
[Tue Jul 28 13:53:45.809624 2015] [:error] [pid 6662] [client 172.17.0.1:35244] PHP Notice:  Undefined index: destination_status_id in /app/site/logs/all_transactions.phtml on line 41, referer: http://dealtrak/logs/transaction
[Tue Jul 28 13:53:45.809625 2015] [:error] [pid 6662] [client 172.17.0.1:35244] PHP Stack trace:, referer: http://dealtrak/logs/transaction
[Tue Jul 28 13:53:45.809627 2015] [:error] [pid 6662] [client 172.17.0.1:35244] PHP   1. {main}() /app/index.php:0, referer: http://dealtrak/logs/transaction
[Tue Jul 28 13:53:45.809629 2015] [:error] [pid 6662] [client 172.17.0.1:35244] PHP   2. include() /app/index.php:363, referer: http://dealtrak/logs/transaction
[Tue Jul 28 13:53:45.809631 2015] [:error] [pid 6662] [client 172.17.0.1:35244] PHP   3. include() /app/layouts/site.php:130, referer: http://dealtrak/logs/transaction
[Tue Jul 28 13:53:45.809636 2015] [:error] [pid 6662] [client 172.17.0.1:35244] PHP Notice:  Undefined index: destination_status_id in /app/site/logs/all_transactions.phtml on line 41, referer: http://dealtrak/logs/transaction
[Tue Jul 28 13:53:45.809639 2015] [:error] [pid 6662] [client 172.17.0.1:35244] PHP Stack trace:, referer: http://dealtrak/logs/transaction
[Tue Jul 28 13:53:45.809641 2015] [:error] [pid 6662] [client 172.17.0.1:35244] PHP   1. {main}() /app/index.php:0, referer: http://dealtrak/logs/transaction
[Tue Jul 28 13:53:45.809643 2015] [:error] [pid 6662] [client 172.17.0.1:35244] PHP   2. include() /app/index.php:363, referer: http://dealtrak/logs/transaction
[Tue Jul 28 13:53:45.809646 2015] [:error] [pid 6662] [client 172.17.0.1:35244] PHP   3. include() /app/layouts/site.php:130, referer: http://dealtrak/logs/transaction
[Tue Jul 28 13:53:45.809650 2015] [:error] [pid 6662] [client 172.17.0.1:35244] PHP Notice:  Undefined index: destination_status_id in /app/site/logs/all_transactions.phtml on line 41, referer: http://dealtrak/logs/transaction
[Tue Jul 28 13:53:45.809652 2015] [:error] [pid 6662] [client 172.17.0.1:35244] PHP Stack trace:, referer: http://dealtrak/logs/transaction
[Tue Jul 28 13:53:45.809654 2015] [:error] [pid 6662] [client 172.17.0.1:35244] PHP   1. {main}() /app/index.php:0, referer: http://dealtrak/logs/transaction
[Tue Jul 28 13:53:45.809656 2015] [:error] [pid 6662] [client 172.17.0.1:35244] PHP   2. include() /app/index.php:363, referer: http://dealtrak/logs/transaction
[Tue Jul 28 13:53:45.809658 2015] [:error] [pid 6662] [client 172.17.0.1:35244] PHP   3. include() /app/layouts/site.php:130, referer: http://dealtrak/logs/transaction
[Tue Jul 28 13:53:45.809662 2015] [:error] [pid 6662] [client 172.17.0.1:35244] PHP Notice:  Undefined index: destination_status_id in /app/site/logs/all_transactions.phtml on line 41, referer: http://dealtrak/logs/transaction
[Tue Jul 28 13:53:45.809664 2015] [:error] [pid 6662] [client 172.17.0.1:35244] PHP Stack trace:, referer: http://dealtrak/logs/transaction
[Tue Jul 28 13:53:45.809666 2015] [:error] [pid 6662] [client 172.17.0.1:35244] PHP   1. {main}() /app/index.php:0, referer: http://dealtrak/logs/transaction
[Tue Jul 28 13:53:45.809668 2015] [:error] [pid 6662] [client 172.17.0.1:35244] PHP   2. include() /app/index.php:363, referer: http://dealtrak/logs/transaction
[Tue Jul 28 13:53:45.809670 2015] [:error] [pid 6662] [client 172.17.0.1:35244] PHP   3. include() /app/layouts/site.php:130, referer: http://dealtrak/logs/transaction
[Tue Jul 28 13:53:45.809675 2015] [:error] [pid 6662] [client 172.17.0.1:35244] PHP Notice:  Undefined index: surname in /app/site/logs/all_transactions.phtml on line 47, referer: http://dealtrak/logs/transaction
[Tue Jul 28 13:53:45.809676 2015] [:error] [pid 6662] [client 172.17.0.1:35244] PHP Stack trace:, referer: http://dealtrak/logs/transaction
[Tue Jul 28 13:53:45.809679 2015] [:error] [pid 6662] [client 172.17.0.1:35244] PHP   1. {main}() /app/index.php:0, referer: http://dealtrak/logs/transaction
[Tue Jul 28 13:53:45.809681 2015] [:error] [pid 6662] [client 172.17.0.1:35244] PHP   2. include() /app/index.php:363, referer: http://dealtrak/logs/transaction
[Tue Jul 28 13:53:45.809683 2015] [:error] [pid 6662] [client 172.17.0.1:35244] PHP   3. include() /app/layouts/site.php:130, referer: http://dealtrak/logs/transaction
[Tue Jul 28 13:53:45.809689 2015] [:error] [pid 6662] [client 172.17.0.1:35244] PHP Notice:  Undefined index: creator in /app/site/logs/all_transactions.phtml on line 54, referer: http://dealtrak/logs/transaction
[Tue Jul 28 13:53:45.809691 2015] [:error] [pid 6662] [client 172.17.0.1:35244] PHP Stack trace:, referer: http://dealtrak/logs/transaction
[Tue Jul 28 13:53:45.809695 2015] [:error] [pid 6662] [client 172.17.0.1:35244] PHP   1. {main}() /app/index.php:0, referer: http://dealtrak/logs/transaction
[Tue Jul 28 13:53:45.809697 2015] [:error] [pid 6662] [client 172.17.0.1:35244] PHP   2. include() /app/index.php:363, referer: http://dealtrak/logs/transaction
[Tue Jul 28 13:53:45.809699 2015] [:error] [pid 6662] [client 172.17.0.1:35244] PHP   3. include() /app/layouts/site.php:130, referer: http://dealtrak/logs/transaction
[Tue Jul 28 13:53:45.809705 2015] [:error] [pid 6662] [client 172.17.0.1:35244] PHP Notice:  Undefined index: creator in /app/site/logs/all_transactions.phtml on line 54, referer: http://dealtrak/logs/transaction
[Tue Jul 28 13:53:45.809706 2015] [:error] [pid 6662] [client 172.17.0.1:35244] PHP Stack trace:, referer: http://dealtrak/logs/transaction
[Tue Jul 28 13:53:45.809708 2015] [:error] [pid 6662] [client 172.17.0.1:35244] PHP   1. {main}() /app/index.php:0, referer: http://dealtrak/logs/transaction
[Tue Jul 28 13:53:45.809710 2015] [:error] [pid 6662] [client 172.17.0.1:35244] PHP   2. include() /app/index.php:363, referer: http://dealtrak/logs/transaction
[Tue Jul 28 13:53:45.809713 2015] [:error] [pid 6662] [client 172.17.0.1:35244] PHP   3. include() /app/layouts/site.php:130, referer: http://dealtrak/logs/transaction
[Tue Jul 28 13:53:45.809717 2015] [:error] [pid 6662] [client 172.17.0.1:35244] PHP Notice:  Undefined index: creator in /app/site/logs/all_transactions.phtml on line 54, referer: http://dealtrak/logs/transaction
[Tue Jul 28 13:53:45.809719 2015] [:error] [pid 6662] [client 172.17.0.1:35244] PHP Stack trace:, referer: http://dealtrak/logs/transaction
[Tue Jul 28 13:53:45.809721 2015] [:error] [pid 6662] [client 172.17.0.1:35244] PHP   1. {main}() /app/index.php:0, referer: http://dealtrak/logs/transaction
[Tue Jul 28 13:53:45.809723 2015] [:error] [pid 6662] [client 172.17.0.1:35244] PHP   2. include() /app/index.php:363, referer: http://dealtrak/logs/transaction
[Tue Jul 28 13:53:45.809725 2015] [:error] [pid 6662] [client 172.17.0.1:35244] PHP   3. include() /app/layouts/site.php:130, referer: http://dealtrak/logs/transaction
[Tue Jul 28 13:53:45.809730 2015] [:error] [pid 6662] [client 172.17.0.1:35244] PHP Notice:  Undefined index: creator in /app/site/logs/all_transactions.phtml on line 54, referer: http://dealtrak/logs/transaction
[Tue Jul 28 13:53:45.809731 2015] [:error] [pid 6662] [client 172.17.0.1:35244] PHP Stack trace:, referer: http://dealtrak/logs/transaction
[Tue Jul 28 13:53:45.809733 2015] [:error] [pid 6662] [client 172.17.0.1:35244] PHP   1. {main}() /app/index.php:0, referer: http://dealtrak/logs/transaction
[Tue Jul 28 13:53:45.809736 2015] [:error] [pid 6662] [client 172.17.0.1:35244] PHP   2. include() /app/index.php:363, referer: http://dealtrak/logs/transaction
[Tue Jul 28 13:53:45.809738 2015] [:error] [pid 6662] [client 172.17.0.1:35244] PHP   3. include() /app/layouts/site.php:130, referer: http://dealtrak/logs/transaction
[Tue Jul 28 13:53:45.809743 2015] [:error] [pid 6662] [client 172.17.0.1:35244] PHP Notice:  Undefined index: salesperson in /app/site/logs/all_transactions.phtml on line 63, referer: http://dealtrak/logs/transaction
[Tue Jul 28 13:53:45.809745 2015] [:error] [pid 6662] [client 172.17.0.1:35244] PHP Stack trace:, referer: http://dealtrak/logs/transaction
[Tue Jul 28 13:53:45.809747 2015] [:error] [pid 6662] [client 172.17.0.1:35244] PHP   1. {main}() /app/index.php:0, referer: http://dealtrak/logs/transaction
[Tue Jul 28 13:53:45.809749 2015] [:error] [pid 6662] [client 172.17.0.1:35244] PHP   2. include() /app/index.php:363, referer: http://dealtrak/logs/transaction
[Tue Jul 28 13:53:45.809753 2015] [:error] [pid 6662] [client 172.17.0.1:35244] PHP   3. include() /app/layouts/site.php:130, referer: http://dealtrak/logs/transaction
[Tue Jul 28 13:53:45.809757 2015] [:error] [pid 6662] [client 172.17.0.1:35244] PHP Notice:  Undefined index: salesperson in /app/site/logs/all_transactions.phtml on line 63, referer: http://dealtrak/logs/transaction
[Tue Jul 28 13:53:45.809759 2015] [:error] [pid 6662] [client 172.17.0.1:35244] PHP Stack trace:, referer: http://dealtrak/logs/transaction
[Tue Jul 28 13:53:45.809761 2015] [:error] [pid 6662] [client 172.17.0.1:35244] PHP   1. {main}() /app/index.php:0, referer: http://dealtrak/logs/transaction
[Tue Jul 28 13:53:45.809763 2015] [:error] [pid 6662] [client 172.17.0.1:35244] PHP   2. include() /app/index.php:363, referer: http://dealtrak/logs/transaction
[Tue Jul 28 13:53:45.809765 2015] [:error] [pid 6662] [client 172.17.0.1:35244] PHP   3. include() /app/layouts/site.php:130, referer: http://dealtrak/logs/transaction
[Tue Jul 28 13:53:45.809770 2015] [:error] [pid 6662] [client 172.17.0.1:35244] PHP Notice:  Undefined index: start_date in /app/site/logs/all_transactions.phtml on line 70, referer: http://dealtrak/logs/transaction
[Tue Jul 28 13:53:45.809772 2015] [:error] [pid 6662] [client 172.17.0.1:35244] PHP Stack trace:, referer: http://dealtrak/logs/transaction
[Tue Jul 28 13:53:45.809774 2015] [:error] [pid 6662] [client 172.17.0.1:35244] PHP   1. {main}() /app/index.php:0, referer: http://dealtrak/logs/transaction
[Tue Jul 28 13:53:45.809776 2015] [:error] [pid 6662] [client 172.17.0.1:35244] PHP   2. include() /app/index.php:363, referer: http://dealtrak/logs/transaction
[Tue Jul 28 13:53:45.809778 2015] [:error] [pid 6662] [client 172.17.0.1:35244] PHP   3. include() /app/layouts/site.php:130, referer: http://dealtrak/logs/transaction
[Tue Jul 28 13:53:45.809782 2015] [:error] [pid 6662] [client 172.17.0.1:35244] PHP Notice:  Undefined index: end_date in /app/site/logs/all_transactions.phtml on line 71, referer: http://dealtrak/logs/transaction
[Tue Jul 28 13:53:45.809783 2015] [:error] [pid 6662] [client 172.17.0.1:35244] PHP Stack trace:, referer: http://dealtrak/logs/transaction
[Tue Jul 28 13:53:45.809786 2015] [:error] [pid 6662] [client 172.17.0.1:35244] PHP   1. {main}() /app/index.php:0, referer: http://dealtrak/logs/transaction
[Tue Jul 28 13:53:45.809788 2015] [:error] [pid 6662] [client 172.17.0.1:35244] PHP   2. include() /app/index.php:363, referer: http://dealtrak/logs/transaction
[Tue Jul 28 13:53:45.809790 2015] [:error] [pid 6662] [client 172.17.0.1:35244] PHP   3. include() /app/layouts/site.php:130, referer: http://dealtrak/logs/transaction
[Tue Jul 28 13:53:45.809794 2015] [:error] [pid 6662] [client 172.17.0.1:35244] PHP Notice:  Undefined index: quick_picker in /app/site/logs/all_transactions.phtml on line 78, referer: http://dealtrak/logs/transaction
[Tue Jul 28 13:53:45.809795 2015] [:error] [pid 6662] [client 172.17.0.1:35244] PHP Stack trace:, referer: http://dealtrak/logs/transaction
[Tue Jul 28 13:53:45.809797 2015] [:error] [pid 6662] [client 172.17.0.1:35244] PHP   1. {main}() /app/index.php:0, referer: http://dealtrak/logs/transaction
[Tue Jul 28 13:53:45.809799 2015] [:error] [pid 6662] [client 172.17.0.1:35244] PHP   2. include() /app/index.php:363, referer: http://dealtrak/logs/transaction
[Tue Jul 28 13:53:45.809802 2015] [:error] [pid 6662] [client 172.17.0.1:35244] PHP   3. include() /app/layouts/site.php:130, referer: http://dealtrak/logs/transaction
[Tue Jul 28 13:53:45.809806 2015] [:error] [pid 6662] [client 172.17.0.1:35244] PHP Notice:  Undefined index: quick_picker in /app/site/logs/all_transactions.phtml on line 79, referer: http://dealtrak/logs/transaction
[Tue Jul 28 13:53:45.809809 2015] [:error] [pid 6662] [client 172.17.0.1:35244] PHP Stack trace:, referer: http://dealtrak/logs/transaction
[Tue Jul 28 13:53:45.809811 2015] [:error] [pid 6662] [client 172.17.0.1:35244] PHP   1. {main}() /app/index.php:0, referer: http://dealtrak/logs/transaction
[Tue Jul 28 13:53:45.809813 2015] [:error] [pid 6662] [client 172.17.0.1:35244] PHP   2. include() /app/index.php:363, referer: http://dealtrak/logs/transaction
[Tue Jul 28 13:53:45.809815 2015] [:error] [pid 6662] [client 172.17.0.1:35244] PHP   3. include() /app/layouts/site.php:130, referer: http://dealtrak/logs/transaction
[Tue Jul 28 13:53:45.809819 2015] [:error] [pid 6662] [client 172.17.0.1:35244] PHP Notice:  Undefined index: quick_picker in /app/site/logs/all_transactions.phtml on line 80, referer: http://dealtrak/logs/transaction
[Tue Jul 28 13:53:45.809821 2015] [:error] [pid 6662] [client 172.17.0.1:35244] PHP Stack trace:, referer: http://dealtrak/logs/transaction
[Tue Jul 28 13:53:45.809823 2015] [:error] [pid 6662] [client 172.17.0.1:35244] PHP   1. {main}() /app/index.php:0, referer: http://dealtrak/logs/transaction
[Tue Jul 28 13:53:45.809825 2015] [:error] [pid 6662] [client 172.17.0.1:35244] PHP   2. include() /app/index.php:363, referer: http://dealtrak/logs/transaction
[Tue Jul 28 13:53:45.809827 2015] [:error] [pid 6662] [client 172.17.0.1:35244] PHP   3. include() /app/layouts/site.php:130, referer: http://dealtrak/logs/transaction
[Tue Jul 28 13:53:45.809831 2015] [:error] [pid 6662] [client 172.17.0.1:35244] PHP Notice:  Undefined index: quick_picker in /app/site/logs/all_transactions.phtml on line 81, referer: http://dealtrak/logs/transaction
[Tue Jul 28 13:53:45.809833 2015] [:error] [pid 6662] [client 172.17.0.1:35244] PHP Stack trace:, referer: http://dealtrak/logs/transaction
[Tue Jul 28 13:53:45.809835 2015] [:error] [pid 6662] [client 172.17.0.1:35244] PHP   1. {main}() /app/index.php:0, referer: http://dealtrak/logs/transaction
[Tue Jul 28 13:53:45.809837 2015] [:error] [pid 6662] [client 172.17.0.1:35244] PHP   2. include() /app/index.php:363, referer: http://dealtrak/logs/transaction
[Tue Jul 28 13:53:45.809839 2015] [:error] [pid 6662] [client 172.17.0.1:35244] PHP   3. include() /app/layouts/site.php:130, referer: http://dealtrak/logs/transaction
[Tue Jul 28 13:53:45.809843 2015] [:error] [pid 6662] [client 172.17.0.1:35244] PHP Notice:  Undefined index: quick_picker in /app/site/logs/all_transactions.phtml on line 82, referer: http://dealtrak/logs/transaction
[Tue Jul 28 13:53:45.809844 2015] [:error] [pid 6662] [client 172.17.0.1:35244] PHP Stack trace:, referer: http://dealtrak/logs/transaction
[Tue Jul 28 13:53:45.809846 2015] [:error] [pid 6662] [client 172.17.0.1:35244] PHP   1. {main}() /app/index.php:0, referer: http://dealtrak/logs/transaction
[Tue Jul 28 13:53:45.809849 2015] [:error] [pid 6662] [client 172.17.0.1:35244] PHP   2. include() /app/index.php:363, referer: http://dealtrak/logs/transaction
[Tue Jul 28 13:53:45.809851 2015] [:error] [pid 6662] [client 172.17.0.1:35244] PHP   3. include() /app/layouts/site.php:130, referer: http://dealtrak/logs/transaction
[Tue Jul 28 13:53:45.809854 2015] [:error] [pid 6662] [client 172.17.0.1:35244] PHP Notice:  Undefined index: quick_picker in /app/site/logs/all_transactions.phtml on line 83, referer: http://dealtrak/logs/transaction
[Tue Jul 28 13:53:45.809856 2015] [:error] [pid 6662] [client 172.17.0.1:35244] PHP Stack trace:, referer: http://dealtrak/logs/transaction
[Tue Jul 28 13:53:45.809858 2015] [:error] [pid 6662] [client 172.17.0.1:35244] PHP   1. {main}() /app/index.php:0, referer: http://dealtrak/logs/transaction
[Tue Jul 28 13:53:45.809862 2015] [:error] [pid 6662] [client 172.17.0.1:35244] PHP   2. include() /app/index.php:363, referer: http://dealtrak/logs/transaction
[Tue Jul 28 13:53:45.809864 2015] [:error] [pid 6662] [client 172.17.0.1:35244] PHP   3. include() /app/layouts/site.php:130, referer: http://dealtrak/logs/transaction
[Tue Jul 28 13:53:45.809868 2015] [:error] [pid 6662] [client 172.17.0.1:35244] PHP Notice:  Undefined index: quick_picker in /app/site/logs/all_transactions.phtml on line 84, referer: http://dealtrak/logs/transaction
[Tue Jul 28 13:53:45.809869 2015] [:error] [pid 6662] [client 172.17.0.1:35244] PHP Stack trace:, referer: http://dealtrak/logs/transaction
[Tue Jul 28 13:53:45.809871 2015] [:error] [pid 6662] [client 172.17.0.1:35244] PHP   1. {main}() /app/index.php:0, referer: http://dealtrak/logs/transaction
[Tue Jul 28 13:53:45.809874 2015] [:error] [pid 6662] [client 172.17.0.1:35244] PHP   2. include() /app/index.php:363, referer: http://dealtrak/logs/transaction
[Tue Jul 28 13:53:45.809876 2015] [:error] [pid 6662] [client 172.17.0.1:35244] PHP   3. include() /app/layouts/site.php:130, referer: http://dealtrak/logs/transaction
[Tue Jul 28 13:53:45.809879 2015] [:error] [pid 6662] [client 172.17.0.1:35244] PHP Notice:  Undefined index: report_id in /app/site/logs/all_transactions.phtml on line 85, referer: http://dealtrak/logs/transaction
[Tue Jul 28 13:53:45.809881 2015] [:error] [pid 6662] [client 172.17.0.1:35244] PHP Stack trace:, referer: http://dealtrak/logs/transaction
[Tue Jul 28 13:53:45.809883 2015] [:error] [pid 6662] [client 172.17.0.1:35244] PHP   1. {main}() /app/index.php:0, referer: http://dealtrak/logs/transaction
[Tue Jul 28 13:53:45.809885 2015] [:error] [pid 6662] [client 172.17.0.1:35244] PHP   2. include() /app/index.php:363, referer: http://dealtrak/logs/transaction
[Tue Jul 28 13:53:45.809887 2015] [:error] [pid 6662] [client 172.17.0.1:35244] PHP   3. include() /app/layouts/site.php:130, referer: http://dealtrak/logs/transaction
[Tue Jul 28 13:53:45.809891 2015] [:error] [pid 6662] [client 172.17.0.1:35244] PHP Notice:  Undefined index: quick_picker in /app/site/logs/all_transactions.phtml on line 86, referer: http://dealtrak/logs/transaction
[Tue Jul 28 13:53:45.809893 2015] [:error] [pid 6662] [client 172.17.0.1:35244] PHP Stack trace:, referer: http://dealtrak/logs/transaction
[Tue Jul 28 13:53:45.809895 2015] [:error] [pid 6662] [client 172.17.0.1:35244] PHP   1. {main}() /app/index.php:0, referer: http://dealtrak/logs/transaction
[Tue Jul 28 13:53:45.809897 2015] [:error] [pid 6662] [client 172.17.0.1:35244] PHP   2. include() /app/index.php:363, referer: http://dealtrak/logs/transaction
[Tue Jul 28 13:53:45.809899 2015] [:error] [pid 6662] [client 172.17.0.1:35244] PHP   3. include() /app/layouts/site.php:130, referer: http://dealtrak/logs/transaction
[Tue Jul 28 13:53:45.809903 2015] [:error] [pid 6662] [client 172.17.0.1:35244] PHP Notice:  Undefined index: quick_picker in /app/site/logs/all_transactions.phtml on line 88, referer: http://dealtrak/logs/transaction
[Tue Jul 28 13:53:45.809905 2015] [:error] [pid 6662] [client 172.17.0.1:35244] PHP Stack trace:, referer: http://dealtrak/logs/transaction
[Tue Jul 28 13:53:45.809907 2015] [:error] [pid 6662] [client 172.17.0.1:35244] PHP   1. {main}() /app/index.php:0, referer: http://dealtrak/logs/transaction
[Tue Jul 28 13:53:45.809909 2015] [:error] [pid 6662] [client 172.17.0.1:35244] PHP   2. include() /app/index.php:363, referer: http://dealtrak/logs/transaction
[Tue Jul 28 13:53:45.809911 2015] [:error] [pid 6662] [client 172.17.0.1:35244] PHP   3. include() /app/layouts/site.php:130, referer: http://dealtrak/logs/transaction
[Tue Jul 28 13:53:45.809916 2015] [:error] [pid 6662] [client 172.17.0.1:35244] PHP Notice:  Undefined index: report_id in /app/site/logs/all_transactions.phtml on line 89, referer: http://dealtrak/logs/transaction
[Tue Jul 28 13:53:45.809918 2015] [:error] [pid 6662] [client 172.17.0.1:35244] PHP Stack trace:, referer: http://dealtrak/logs/transaction
[Tue Jul 28 13:53:45.809920 2015] [:error] [pid 6662] [client 172.17.0.1:35244] PHP   1. {main}() /app/index.php:0, referer: http://dealtrak/logs/transaction
[Tue Jul 28 13:53:45.809922 2015] [:error] [pid 6662] [client 172.17.0.1:35244] PHP   2. include() /app/index.php:363, referer: http://dealtrak/logs/transaction
[Tue Jul 28 13:53:45.809924 2015] [:error] [pid 6662] [client 172.17.0.1:35244] PHP   3. include() /app/layouts/site.php:130, referer: http://dealtrak/logs/transaction
[Tue Jul 28 13:53:45.809928 2015] [:error] [pid 6662] [client 172.17.0.1:35244] PHP Notice:  Undefined index: report_id in /app/site/logs/all_transactions.phtml on line 89, referer: http://dealtrak/logs/transaction
[Tue Jul 28 13:53:45.809930 2015] [:error] [pid 6662] [client 172.17.0.1:35244] PHP Stack trace:, referer: http://dealtrak/logs/transaction
[Tue Jul 28 13:53:45.809932 2015] [:error] [pid 6662] [client 172.17.0.1:35244] PHP   1. {main}() /app/index.php:0, referer: http://dealtrak/logs/transaction
[Tue Jul 28 13:53:45.809934 2015] [:error] [pid 6662] [client 172.17.0.1:35244] PHP   2. include() /app/index.php:363, referer: http://dealtrak/logs/transaction
[Tue Jul 28 13:53:45.809936 2015] [:error] [pid 6662] [client 172.17.0.1:35244] PHP   3. include() /app/layouts/site.php:130, referer: http://dealtrak/logs/transaction
[Tue Jul 28 13:53:45.809940 2015] [:error] [pid 6662] [client 172.17.0.1:35244] PHP Notice:  Undefined index: quick_picker in /app/site/logs/all_transactions.phtml on line 90, referer: http://dealtrak/logs/transaction
[Tue Jul 28 13:53:45.809941 2015] [:error] [pid 6662] [client 172.17.0.1:35244] PHP Stack trace:, referer: http://dealtrak/logs/transaction
[Tue Jul 28 13:53:45.809943 2015] [:error] [pid 6662] [client 172.17.0.1:35244] PHP   1. {main}() /app/index.php:0, referer: http://dealtrak/logs/transaction
[Tue Jul 28 13:53:45.809946 2015] [:error] [pid 6662] [client 172.17.0.1:35244] PHP   2. include() /app/index.php:363, referer: http://dealtrak/logs/transaction
[Tue Jul 28 13:53:45.809948 2015] [:error] [pid 6662] [client 172.17.0.1:35244] PHP   3. include() /app/layouts/site.php:130, referer: http://dealtrak/logs/transaction
[Tue Jul 28 13:53:45.809953 2015] [:error] [pid 6662] [client 172.17.0.1:35244] PHP Notice:  Undefined index: destination_id in /app/site/logs/all_transactions.phtml on line 221, referer: http://dealtrak/logs/transaction
[Tue Jul 28 13:53:45.809955 2015] [:error] [pid 6662] [client 172.17.0.1:35244] PHP Stack trace:, referer: http://dealtrak/logs/transaction
[Tue Jul 28 13:53:45.809957 2015] [:error] [pid 6662] [client 172.17.0.1:35244] PHP   1. {main}() /app/index.php:0, referer: http://dealtrak/logs/transaction
[Tue Jul 28 13:53:45.809959 2015] [:error] [pid 6662] [client 172.17.0.1:35244] PHP   2. include() /app/index.php:363, referer: http://dealtrak/logs/transaction
[Tue Jul 28 13:53:45.809961 2015] [:error] [pid 6662] [client 172.17.0.1:35244] PHP   3. include() /app/layouts/site.php:130, referer: http://dealtrak/logs/transaction
[Tue Jul 28 13:53:45.809965 2015] [:error] [pid 6662] [client 172.17.0.1:35244] PHP Notice:  Undefined index: destination_status_id in /app/site/logs/all_transactions.phtml on line 221, referer: http://dealtrak/logs/transaction
[Tue Jul 28 13:53:45.809968 2015] [:error] [pid 6662] [client 172.17.0.1:35244] PHP Stack trace:, referer: http://dealtrak/logs/transaction
[Tue Jul 28 13:53:45.809971 2015] [:error] [pid 6662] [client 172.17.0.1:35244] PHP   1. {main}() /app/index.php:0, referer: http://dealtrak/logs/transaction
[Tue Jul 28 13:53:45.809973 2015] [:error] [pid 6662] [client 172.17.0.1:35244] PHP   2. include() /app/index.php:363, referer: http://dealtrak/logs/transaction
[Tue Jul 28 13:53:45.809975 2015] [:error] [pid 6662] [client 172.17.0.1:35244] PHP   3. include() /app/layouts/site.php:130, referer: http://dealtrak/logs/transaction
[Tue Jul 28 13:53:45.810026 2015] [:error] [pid 6662] [client 172.17.0.1:35244] PHP Notice:  Undefined variable: quarterly in /app/site/logs/all_transactions.phtml on line 269, referer: http://dealtrak/logs/transaction
[Tue Jul 28 13:53:45.810029 2015] [:error] [pid 6662] [client 172.17.0.1:35244] PHP Stack trace:, referer: http://dealtrak/logs/transaction
[Tue Jul 28 13:53:45.810032 2015] [:error] [pid 6662] [client 172.17.0.1:35244] PHP   1. {main}() /app/index.php:0, referer: http://dealtrak/logs/transaction
[Tue Jul 28 13:53:45.810034 2015] [:error] [pid 6662] [client 172.17.0.1:35244] PHP   2. include() /app/index.php:363, referer: http://dealtrak/logs/transaction
[Tue Jul 28 13:53:45.810036 2015] [:error] [pid 6662] [client 172.17.0.1:35244] PHP   3. include() /app/layouts/site.php:130, referer: http://dealtrak/logs/transaction
[Tue Jul 28 13:53:45.935478 2015] [:error] [pid 6662] [client 172.17.0.1:35244] PHP Notice:  Undefined variable: has_login_quiz_module in /app/layouts/site.php on line 118, referer: http://dealtrak/logs/all_transactions
[Tue Jul 28 13:53:45.935492 2015] [:error] [pid 6662] [client 172.17.0.1:35244] PHP Stack trace:, referer: http://dealtrak/logs/all_transactions
[Tue Jul 28 13:53:45.935496 2015] [:error] [pid 6662] [client 172.17.0.1:35244] PHP   1. {main}() /app/index.php:0, referer: http://dealtrak/logs/all_transactions
[Tue Jul 28 13:53:45.935499 2015] [:error] [pid 6662] [client 172.17.0.1:35244] PHP   2. include() /app/index.php:363, referer: http://dealtrak/logs/all_transactions
[Tue Jul 28 13:53:46.062350 2015] [:error] [pid 6662] [client 172.17.0.1:35244] PHP Notice:  Undefined variable: has_login_quiz_module in /app/layouts/site.php on line 118, referer: http://dealtrak/reporting/main
[Tue Jul 28 13:53:46.062364 2015] [:error] [pid 6662] [client 172.17.0.1:35244] PHP Stack trace:, referer: http://dealtrak/reporting/main
[Tue Jul 28 13:53:46.062368 2015] [:error] [pid 6662] [client 172.17.0.1:35244] PHP   1. {main}() /app/index.php:0, referer: http://dealtrak/reporting/main
[Tue Jul 28 13:53:46.062371 2015] [:error] [pid 6662] [client 172.17.0.1:35244] PHP   2. include() /app/index.php:363, referer: http://dealtrak/reporting/main
[Tue Jul 28 13:53:46.179997 2015] [:error] [pid 6662] [client 172.17.0.1:35244] PHP Notice:  Undefined variable: has_login_quiz_module in /app/layouts/site.php on line 118, referer: http://dealtrak/branch_control/main
[Tue Jul 28 13:53:46.180009 2015] [:error] [pid 6662] [client 172.17.0.1:35244] PHP Stack trace:, referer: http://dealtrak/branch_control/main
[Tue Jul 28 13:53:46.180014 2015] [:error] [pid 6662] [client 172.17.0.1:35244] PHP   1. {main}() /app/index.php:0, referer: http://dealtrak/branch_control/main
[Tue Jul 28 13:53:46.180017 2015] [:error] [pid 6662] [client 172.17.0.1:35244] PHP   2. include() /app/index.php:363, referer: http://dealtrak/branch_control/main
[Tue Jul 28 13:53:46.180257 2015] [:error] [pid 6662] [client 172.17.0.1:35244] PHP Notice:  Undefined index: communication in /app/site/control_panel/main.phtml on line 44, referer: http://dealtrak/branch_control/main
[Tue Jul 28 13:53:46.180265 2015] [:error] [pid 6662] [client 172.17.0.1:35244] PHP Stack trace:, referer: http://dealtrak/branch_control/main
[Tue Jul 28 13:53:46.180269 2015] [:error] [pid 6662] [client 172.17.0.1:35244] PHP   1. {main}() /app/index.php:0, referer: http://dealtrak/branch_control/main
[Tue Jul 28 13:53:46.180272 2015] [:error] [pid 6662] [client 172.17.0.1:35244] PHP   2. include() /app/index.php:363, referer: http://dealtrak/branch_control/main
[Tue Jul 28 13:53:46.180274 2015] [:error] [pid 6662] [client 172.17.0.1:35244] PHP   3. include() /app/layouts/site.php:130, referer: http://dealtrak/branch_control/main
[Tue Jul 28 13:53:46.288216 2015] [:error] [pid 6662] [client 172.17.0.1:35244] PHP Notice:  Undefined variable: has_login_quiz_module in /app/layouts/site.php on line 118, referer: http://dealtrak/control_panel/main
[Tue Jul 28 13:53:46.288240 2015] [:error] [pid 6662] [client 172.17.0.1:35244] PHP Stack trace:, referer: http://dealtrak/control_panel/main
[Tue Jul 28 13:53:46.288245 2015] [:error] [pid 6662] [client 172.17.0.1:35244] PHP   1. {main}() /app/index.php:0, referer: http://dealtrak/control_panel/main
[Tue Jul 28 13:53:46.288249 2015] [:error] [pid 6662] [client 172.17.0.1:35244] PHP   2. include() /app/index.php:363, referer: http://dealtrak/control_panel/main
[Tue Jul 28 13:53:46.288322 2015] [:error] [pid 6662] [client 172.17.0.1:35244] PHP Notice:  Undefined index: communication in /app/site/control_panel/main.phtml on line 44, referer: http://dealtrak/control_panel/main
[Tue Jul 28 13:53:46.288325 2015] [:error] [pid 6662] [client 172.17.0.1:35244] PHP Stack trace:, referer: http://dealtrak/control_panel/main
[Tue Jul 28 13:53:46.288327 2015] [:error] [pid 6662] [client 172.17.0.1:35244] PHP   1. {main}() /app/index.php:0, referer: http://dealtrak/control_panel/main
[Tue Jul 28 13:53:46.288330 2015] [:error] [pid 6662] [client 172.17.0.1:35244] PHP   2. include() /app/index.php:363, referer: http://dealtrak/control_panel/main
[Tue Jul 28 13:53:46.288341 2015] [:error] [pid 6662] [client 172.17.0.1:35244] PHP   3. include() /app/layouts/site.php:130, referer: http://dealtrak/control_panel/main
[Tue Jul 28 13:53:46.405154 2015] [:error] [pid 6662] [client 172.17.0.1:35244] PHP Notice:  Undefined variable: has_login_quiz_module in /app/layouts/site.php on line 118, referer: http://dealtrak/control_panel/main
[Tue Jul 28 13:53:46.405167 2015] [:error] [pid 6662] [client 172.17.0.1:35244] PHP Stack trace:, referer: http://dealtrak/control_panel/main
[Tue Jul 28 13:53:46.405172 2015] [:error] [pid 6662] [client 172.17.0.1:35244] PHP   1. {main}() /app/index.php:0, referer: http://dealtrak/control_panel/main
[Tue Jul 28 13:53:46.405175 2015] [:error] [pid 6662] [client 172.17.0.1:35244] PHP   2. include() /app/index.php:363, referer: http://dealtrak/control_panel/main
[Tue Jul 28 13:53:46.405422 2015] [:error] [pid 6662] [client 172.17.0.1:35244] PHP Warning:  Invalid argument supplied for foreach() in /app/site/support/email.phtml on line 19, referer: http://dealtrak/control_panel/main
[Tue Jul 28 13:53:46.405427 2015] [:error] [pid 6662] [client 172.17.0.1:35244] PHP Stack trace:, referer: http://dealtrak/control_panel/main
[Tue Jul 28 13:53:46.405430 2015] [:error] [pid 6662] [client 172.17.0.1:35244] PHP   1. {main}() /app/index.php:0, referer: http://dealtrak/control_panel/main
[Tue Jul 28 13:53:46.405433 2015] [:error] [pid 6662] [client 172.17.0.1:35244] PHP   2. include() /app/index.php:363, referer: http://dealtrak/control_panel/main
[Tue Jul 28 13:53:46.405436 2015] [:error] [pid 6662] [client 172.17.0.1:35244] PHP   3. include() /app/layouts/site.php:130, referer: http://dealtrak/control_panel/main
[Tue Jul 28 13:53:48.925983 2015] [:error] [pid 32491] [client 172.17.0.1:35430] PHP Notice:  Undefined index: auth in /app/index.php on line 131
[Tue Jul 28 13:53:48.925996 2015] [:error] [pid 32491] [client 172.17.0.1:35430] PHP Stack trace:
[Tue Jul 28 13:53:48.926002 2015] [:error] [pid 32491] [client 172.17.0.1:35430] PHP   1. {main}() /app/index.php:0
[Tue Jul 28 13:53:48.926032 2015] [:error] [pid 32491] [client 172.17.0.1:35430] PHP Notice:  Undefined index: auth in /app/index.php on line 248
[Tue Jul 28 13:53:48.926035 2015] [:error] [pid 32491] [client 172.17.0.1:35430] PHP Stack trace:
[Tue Jul 28 13:53:48.926039 2015] [:error] [pid 32491] [client 172.17.0.1:35430] PHP   1. {main}() /app/index.php:0
[Tue Jul 28 13:53:48.926046 2015] [:error] [pid 32491] [client 172.17.0.1:35430] PHP Notice:  Undefined index: auth in /app/index.php on line 260
[Tue Jul 28 13:53:48.926049 2015] [:error] [pid 32491] [client 172.17.0.1:35430] PHP Stack trace:
[Tue Jul 28 13:53:48.926052 2015] [:error] [pid 32491] [client 172.17.0.1:35430] PHP   1. {main}() /app/index.php:0
[Tue Jul 28 13:53:48.926061 2015] [:error] [pid 32491] [client 172.17.0.1:35430] PHP Notice:  Undefined index: auth in /app/index.php on line 261
[Tue Jul 28 13:53:48.926063 2015] [:error] [pid 32491] [client 172.17.0.1:35430] PHP Stack trace:
[Tue Jul 28 13:53:48.926067 2015] [:error] [pid 32491] [client 172.17.0.1:35430] PHP   1. {main}() /app/index.php:0
[Tue Jul 28 13:53:48.926074 2015] [:error] [pid 32491] [client 172.17.0.1:35430] PHP Notice:  Undefined index: auth in /app/index.php on line 262
[Tue Jul 28 13:53:48.926076 2015] [:error] [pid 32491] [client 172.17.0.1:35430] PHP Stack trace:
[Tue Jul 28 13:53:48.926080 2015] [:error] [pid 32491] [client 172.17.0.1:35430] PHP   1. {main}() /app/index.php:0
[Tue Jul 28 13:53:48.926087 2015] [:error] [pid 32491] [client 172.17.0.1:35430] PHP Notice:  Undefined index: auth in /app/index.php on line 263
[Tue Jul 28 13:53:48.926089 2015] [:error] [pid 32491] [client 172.17.0.1:35430] PHP Stack trace:
[Tue Jul 28 13:53:48.926092 2015] [:error] [pid 32491] [client 172.17.0.1:35430] PHP   1. {main}() /app/index.php:0
[Tue Jul 28 13:53:48.926299 2015] [:error] [pid 32491] [client 172.17.0.1:35430] PHP Notice:  Undefined index: auth in /app/index.php on line 276
[Tue Jul 28 13:53:48.926304 2015] [:error] [pid 32491] [client 172.17.0.1:35430] PHP Stack trace:
[Tue Jul 28 13:53:48.926309 2015] [:error] [pid 32491] [client 172.17.0.1:35430] PHP   1. {main}() /app/index.php:0
[Tue Jul 28 13:53:48.926338 2015] [:error] [pid 32491] [client 172.17.0.1:35430] PHP Notice:  Undefined variable: proposalLock in /app/layouts/site.php on line 53
[Tue Jul 28 13:53:48.926341 2015] [:error] [pid 32491] [client 172.17.0.1:35430] PHP Stack trace:
[Tue Jul 28 13:53:48.926345 2015] [:error] [pid 32491] [client 172.17.0.1:35430] PHP   1. {main}() /app/index.php:0
[Tue Jul 28 13:53:48.926349 2015] [:error] [pid 32491] [client 172.17.0.1:35430] PHP   2. include() /app/index.php:363
[Tue Jul 28 13:53:48.926357 2015] [:error] [pid 32491] [client 172.17.0.1:35430] PHP Notice:  Undefined index: auth in /app/layouts/site.php on line 72
[Tue Jul 28 13:53:48.926360 2015] [:error] [pid 32491] [client 172.17.0.1:35430] PHP Stack trace:
[Tue Jul 28 13:53:48.926364 2015] [:error] [pid 32491] [client 172.17.0.1:35430] PHP   1. {main}() /app/index.php:0
[Tue Jul 28 13:53:48.926367 2015] [:error] [pid 32491] [client 172.17.0.1:35430] PHP   2. include() /app/index.php:363
[Tue Jul 28 13:53:48.926386 2015] [:error] [pid 32491] [client 172.17.0.1:35430] PHP Notice:  Undefined variable: has_login_quiz_module in /app/layouts/site.php on line 118
[Tue Jul 28 13:53:48.926388 2015] [:error] [pid 32491] [client 172.17.0.1:35430] PHP Stack trace:
[Tue Jul 28 13:53:48.926392 2015] [:error] [pid 32491] [client 172.17.0.1:35430] PHP   1. {main}() /app/index.php:0
[Tue Jul 28 13:53:48.926395 2015] [:error] [pid 32491] [client 172.17.0.1:35430] PHP   2. include() /app/index.php:363
[Tue Jul 28 13:53:48.926422 2015] [:error] [pid 32491] [client 172.17.0.1:35430] PHP Notice:  Undefined index: id in /app/site/login.phtml on line 10
[Tue Jul 28 13:53:48.926425 2015] [:error] [pid 32491] [client 172.17.0.1:35430] PHP Stack trace:
[Tue Jul 28 13:53:48.926428 2015] [:error] [pid 32491] [client 172.17.0.1:35430] PHP   1. {main}() /app/index.php:0
[Tue Jul 28 13:53:48.926432 2015] [:error] [pid 32491] [client 172.17.0.1:35430] PHP   2. include() /app/index.php:363
[Tue Jul 28 13:53:48.926435 2015] [:error] [pid 32491] [client 172.17.0.1:35430] PHP   3. include() /app/layouts/site.php:130
[Tue Jul 28 13:53:49.444750 2015] [:error] [pid 6661] [client 172.17.0.1:35435] PHP Notice:  Undefined index: auth in /app/index.php on line 131, referer: http://dealtrak/login
[Tue Jul 28 13:53:49.444771 2015] [:error] [pid 6661] [client 172.17.0.1:35435] PHP Stack trace:, referer: http://dealtrak/login
[Tue Jul 28 13:53:49.444778 2015] [:error] [pid 6661] [client 172.17.0.1:35435] PHP   1. {main}() /app/index.php:0, referer: http://dealtrak/login
[Tue Jul 28 13:53:49.444824 2015] [:error] [pid 6661] [client 172.17.0.1:35435] PHP Notice:  Undefined index: auth in /app/index.php on line 248, referer: http://dealtrak/login
[Tue Jul 28 13:53:49.444827 2015] [:error] [pid 6661] [client 172.17.0.1:35435] PHP Stack trace:, referer: http://dealtrak/login
[Tue Jul 28 13:53:49.444831 2015] [:error] [pid 6661] [client 172.17.0.1:35435] PHP   1. {main}() /app/index.php:0, referer: http://dealtrak/login
[Tue Jul 28 13:53:49.444840 2015] [:error] [pid 6661] [client 172.17.0.1:35435] PHP Notice:  Undefined index: auth in /app/index.php on line 260, referer: http://dealtrak/login
[Tue Jul 28 13:53:49.444842 2015] [:error] [pid 6661] [client 172.17.0.1:35435] PHP Stack trace:, referer: http://dealtrak/login
[Tue Jul 28 13:53:49.444845 2015] [:error] [pid 6661] [client 172.17.0.1:35435] PHP   1. {main}() /app/index.php:0, referer: http://dealtrak/login
[Tue Jul 28 13:53:49.444855 2015] [:error] [pid 6661] [client 172.17.0.1:35435] PHP Notice:  Undefined index: auth in /app/index.php on line 261, referer: http://dealtrak/login
[Tue Jul 28 13:53:49.444857 2015] [:error] [pid 6661] [client 172.17.0.1:35435] PHP Stack trace:, referer: http://dealtrak/login
[Tue Jul 28 13:53:49.444860 2015] [:error] [pid 6661] [client 172.17.0.1:35435] PHP   1. {main}() /app/index.php:0, referer: http://dealtrak/login
[Tue Jul 28 13:53:49.444867 2015] [:error] [pid 6661] [client 172.17.0.1:35435] PHP Notice:  Undefined index: auth in /app/index.php on line 262, referer: http://dealtrak/login
[Tue Jul 28 13:53:49.444869 2015] [:error] [pid 6661] [client 172.17.0.1:35435] PHP Stack trace:, referer: http://dealtrak/login
[Tue Jul 28 13:53:49.444872 2015] [:error] [pid 6661] [client 172.17.0.1:35435] PHP   1. {main}() /app/index.php:0, referer: http://dealtrak/login
[Tue Jul 28 13:53:49.444880 2015] [:error] [pid 6661] [client 172.17.0.1:35435] PHP Notice:  Undefined index: auth in /app/index.php on line 263, referer: http://dealtrak/login
[Tue Jul 28 13:53:49.444882 2015] [:error] [pid 6661] [client 172.17.0.1:35435] PHP Stack trace:, referer: http://dealtrak/login
[Tue Jul 28 13:53:49.444892 2015] [:error] [pid 6661] [client 172.17.0.1:35435] PHP   1. {main}() /app/index.php:0, referer: http://dealtrak/login
[Tue Jul 28 13:53:49.445300 2015] [:error] [pid 6661] [client 172.17.0.1:35435] PHP Notice:  Undefined index: gotoselect in /app/models/client_sessions.php on line 74, referer: http://dealtrak/login
[Tue Jul 28 13:53:49.445307 2015] [:error] [pid 6661] [client 172.17.0.1:35435] PHP Stack trace:, referer: http://dealtrak/login
[Tue Jul 28 13:53:49.445312 2015] [:error] [pid 6661] [client 172.17.0.1:35435] PHP   1. {main}() /app/index.php:0, referer: http://dealtrak/login
[Tue Jul 28 13:53:49.445315 2015] [:error] [pid 6661] [client 172.17.0.1:35435] PHP   2. include() /app/index.php:268, referer: http://dealtrak/login
[Tue Jul 28 13:53:49.445319 2015] [:error] [pid 6661] [client 172.17.0.1:35435] PHP   3. create_session() /app/site/login.php:69, referer: http://dealtrak/login
[Tue Jul 28 13:53:49.449375 2015] [:error] [pid 6661] [client 172.17.0.1:35435] PHP Notice:  Undefined index: this_month_click in /app/site/main.php on line 233, referer: http://dealtrak/login
[Tue Jul 28 13:53:49.449386 2015] [:error] [pid 6661] [client 172.17.0.1:35435] PHP Stack trace:, referer: http://dealtrak/login
[Tue Jul 28 13:53:49.449392 2015] [:error] [pid 6661] [client 172.17.0.1:35435] PHP   1. {main}() /app/index.php:0, referer: http://dealtrak/login
[Tue Jul 28 13:53:49.449396 2015] [:error] [pid 6661] [client 172.17.0.1:35435] PHP   2. include() /app/index.php:268, referer: http://dealtrak/login
[Tue Jul 28 13:53:49.449611 2015] [:error] [pid 6661] [client 172.17.0.1:35435] PHP Notice:  Undefined index: logs/proposal in /app/site/main.php on line 298, referer: http://dealtrak/login
[Tue Jul 28 13:53:49.449617 2015] [:error] [pid 6661] [client 172.17.0.1:35435] PHP Stack trace:, referer: http://dealtrak/login
[Tue Jul 28 13:53:49.449621 2015] [:error] [pid 6661] [client 172.17.0.1:35435] PHP   1. {main}() /app/index.php:0, referer: http://dealtrak/login
[Tue Jul 28 13:53:49.449625 2015] [:error] [pid 6661] [client 172.17.0.1:35435] PHP   2. include() /app/index.php:268, referer: http://dealtrak/login
[Tue Jul 28 13:53:49.450640 2015] [:error] [pid 6661] [client 172.17.0.1:35435] PHP Notice:  Undefined variable: where_join_sql in /app/site/main.php on line 322, referer: http://dealtrak/login
[Tue Jul 28 13:53:49.450644 2015] [:error] [pid 6661] [client 172.17.0.1:35435] PHP Stack trace:, referer: http://dealtrak/login
[Tue Jul 28 13:53:49.450648 2015] [:error] [pid 6661] [client 172.17.0.1:35435] PHP   1. {main}() /app/index.php:0, referer: http://dealtrak/login
[Tue Jul 28 13:53:49.450651 2015] [:error] [pid 6661] [client 172.17.0.1:35435] PHP   2. include() /app/index.php:268, referer: http://dealtrak/login
[Tue Jul 28 13:53:49.452978 2015] [:error] [pid 6661] [client 172.17.0.1:35435] PHP Notice:  Undefined variable: foursquarelink in /app/models/foursquare.php on line 178, referer: http://dealtrak/login
[Tue Jul 28 13:53:49.452985 2015] [:error] [pid 6661] [client 172.17.0.1:35435] PHP Stack trace:, referer: http://dealtrak/login
[Tue Jul 28 13:53:49.452990 2015] [:error] [pid 6661] [client 172.17.0.1:35435] PHP   1. {main}() /app/index.php:0, referer: http://dealtrak/login
[Tue Jul 28 13:53:49.452994 2015] [:error] [pid 6661] [client 172.17.0.1:35435] PHP   2. include() /app/index.php:268, referer: http://dealtrak/login
[Tue Jul 28 13:53:49.452997 2015] [:error] [pid 6661] [client 172.17.0.1:35435] PHP   3. foursquare_redirect() /app/site/main.php:680, referer: http://dealtrak/login
[Tue Jul 28 13:53:49.453004 2015] [:error] [pid 6661] [client 172.17.0.1:35435] PHP Notice:  Undefined variable: foursquaretext in /app/models/foursquare.php on line 178, referer: http://dealtrak/login
[Tue Jul 28 13:53:49.453012 2015] [:error] [pid 6661] [client 172.17.0.1:35435] PHP Stack trace:, referer: http://dealtrak/login
[Tue Jul 28 13:53:49.453015 2015] [:error] [pid 6661] [client 172.17.0.1:35435] PHP   1. {main}() /app/index.php:0, referer: http://dealtrak/login
[Tue Jul 28 13:53:49.453019 2015] [:error] [pid 6661] [client 172.17.0.1:35435] PHP   2. include() /app/index.php:268, referer: http://dealtrak/login
[Tue Jul 28 13:53:49.453022 2015] [:error] [pid 6661] [client 172.17.0.1:35435] PHP   3. foursquare_redirect() /app/site/main.php:680, referer: http://dealtrak/login
[Tue Jul 28 13:53:49.648353 2015] [:error] [pid 6661] [client 172.17.0.1:35435] PHP Notice:  Undefined index: this_month_click in /app/site/main.php on line 233, referer: http://dealtrak/main
[Tue Jul 28 13:53:49.648366 2015] [:error] [pid 6661] [client 172.17.0.1:35435] PHP Stack trace:, referer: http://dealtrak/main
[Tue Jul 28 13:53:49.648370 2015] [:error] [pid 6661] [client 172.17.0.1:35435] PHP   1. {main}() /app/index.php:0, referer: http://dealtrak/main
[Tue Jul 28 13:53:49.648373 2015] [:error] [pid 6661] [client 172.17.0.1:35435] PHP   2. include() /app/index.php:268, referer: http://dealtrak/main
[Tue Jul 28 13:53:49.648512 2015] [:error] [pid 6661] [client 172.17.0.1:35435] PHP Notice:  Undefined index: logs/proposal in /app/site/main.php on line 298, referer: http://dealtrak/main
[Tue Jul 28 13:53:49.648516 2015] [:error] [pid 6661] [client 172.17.0.1:35435] PHP Stack trace:, referer: http://dealtrak/main
[Tue Jul 28 13:53:49.648520 2015] [:error] [pid 6661] [client 172.17.0.1:35435] PHP   1. {main}() /app/index.php:0, referer: http://dealtrak/main
[Tue Jul 28 13:53:49.648522 2015] [:error] [pid 6661] [client 172.17.0.1:35435] PHP   2. include() /app/index.php:268, referer: http://dealtrak/main
[Tue Jul 28 13:53:49.649321 2015] [:error] [pid 6661] [client 172.17.0.1:35435] PHP Notice:  Undefined variable: where_join_sql in /app/site/main.php on line 322, referer: http://dealtrak/main
[Tue Jul 28 13:53:49.649331 2015] [:error] [pid 6661] [client 172.17.0.1:35435] PHP Stack trace:, referer: http://dealtrak/main
[Tue Jul 28 13:53:49.649335 2015] [:error] [pid 6661] [client 172.17.0.1:35435] PHP   1. {main}() /app/index.php:0, referer: http://dealtrak/main
[Tue Jul 28 13:53:49.649338 2015] [:error] [pid 6661] [client 172.17.0.1:35435] PHP   2. include() /app/index.php:268, referer: http://dealtrak/main
[Tue Jul 28 13:53:49.651398 2015] [:error] [pid 6661] [client 172.17.0.1:35435] PHP Notice:  Undefined variable: foursquarelink in /app/models/foursquare.php on line 178, referer: http://dealtrak/main
[Tue Jul 28 13:53:49.651406 2015] [:error] [pid 6661] [client 172.17.0.1:35435] PHP Stack trace:, referer: http://dealtrak/main
[Tue Jul 28 13:53:49.651410 2015] [:error] [pid 6661] [client 172.17.0.1:35435] PHP   1. {main}() /app/index.php:0, referer: http://dealtrak/main
[Tue Jul 28 13:53:49.651413 2015] [:error] [pid 6661] [client 172.17.0.1:35435] PHP   2. include() /app/index.php:268, referer: http://dealtrak/main
[Tue Jul 28 13:53:49.651416 2015] [:error] [pid 6661] [client 172.17.0.1:35435] PHP   3. foursquare_redirect() /app/site/main.php:680, referer: http://dealtrak/main
[Tue Jul 28 13:53:49.651422 2015] [:error] [pid 6661] [client 172.17.0.1:35435] PHP Notice:  Undefined variable: foursquaretext in /app/models/foursquare.php on line 178, referer: http://dealtrak/main
[Tue Jul 28 13:53:49.651423 2015] [:error] [pid 6661] [client 172.17.0.1:35435] PHP Stack trace:, referer: http://dealtrak/main
[Tue Jul 28 13:53:49.651437 2015] [:error] [pid 6661] [client 172.17.0.1:35435] PHP   1. {main}() /app/index.php:0, referer: http://dealtrak/main
[Tue Jul 28 13:53:49.651441 2015] [:error] [pid 6661] [client 172.17.0.1:35435] PHP   2. include() /app/index.php:268, referer: http://dealtrak/main
[Tue Jul 28 13:53:49.651444 2015] [:error] [pid 6661] [client 172.17.0.1:35435] PHP   3. foursquare_redirect() /app/site/main.php:680, referer: http://dealtrak/main
[Tue Jul 28 13:53:49.651907 2015] [:error] [pid 6661] [client 172.17.0.1:35435] PHP Notice:  Undefined index: bm_user_id in /app/site/main.phtml on line 151, referer: http://dealtrak/main
[Tue Jul 28 13:53:49.651914 2015] [:error] [pid 6661] [client 172.17.0.1:35435] PHP Stack trace:, referer: http://dealtrak/main
[Tue Jul 28 13:53:49.651918 2015] [:error] [pid 6661] [client 172.17.0.1:35435] PHP   1. {main}() /app/index.php:0, referer: http://dealtrak/main
[Tue Jul 28 13:53:49.651920 2015] [:error] [pid 6661] [client 172.17.0.1:35435] PHP   2. include() /app/index.php:363, referer: http://dealtrak/main
[Tue Jul 28 13:53:49.651923 2015] [:error] [pid 6661] [client 172.17.0.1:35435] PHP   3. include() /app/layouts/site.php:130, referer: http://dealtrak/main
[Tue Jul 28 13:53:49.651931 2015] [:error] [pid 6661] [client 172.17.0.1:35435] PHP Notice:  Undefined index: bm_user_id in /app/site/main.phtml on line 151, referer: http://dealtrak/main
[Tue Jul 28 13:53:49.651933 2015] [:error] [pid 6661] [client 172.17.0.1:35435] PHP Stack trace:, referer: http://dealtrak/main
[Tue Jul 28 13:53:49.651935 2015] [:error] [pid 6661] [client 172.17.0.1:35435] PHP   1. {main}() /app/index.php:0, referer: http://dealtrak/main
[Tue Jul 28 13:53:49.651938 2015] [:error] [pid 6661] [client 172.17.0.1:35435] PHP   2. include() /app/index.php:363, referer: http://dealtrak/main
[Tue Jul 28 13:53:49.651940 2015] [:error] [pid 6661] [client 172.17.0.1:35435] PHP   3. include() /app/layouts/site.php:130, referer: http://dealtrak/main
[Tue Jul 28 13:53:49.651945 2015] [:error] [pid 6661] [client 172.17.0.1:35435] PHP Notice:  Undefined index: bm_user_id in /app/site/main.phtml on line 151, referer: http://dealtrak/main
[Tue Jul 28 13:53:49.651947 2015] [:error] [pid 6661] [client 172.17.0.1:35435] PHP Stack trace:, referer: http://dealtrak/main
[Tue Jul 28 13:53:49.651949 2015] [:error] [pid 6661] [client 172.17.0.1:35435] PHP   1. {main}() /app/index.php:0, referer: http://dealtrak/main
[Tue Jul 28 13:53:49.651951 2015] [:error] [pid 6661] [client 172.17.0.1:35435] PHP   2. include() /app/index.php:363, referer: http://dealtrak/main
[Tue Jul 28 13:53:49.651953 2015] [:error] [pid 6661] [client 172.17.0.1:35435] PHP   3. include() /app/layouts/site.php:130, referer: http://dealtrak/main
[Tue Jul 28 13:53:49.837464 2015] [:error] [pid 6661] [client 172.17.0.1:35435] PHP Notice:  Undefined variable: has_login_quiz_module in /app/layouts/site.php on line 118, referer: http://dealtrak/main
[Tue Jul 28 13:53:49.837479 2015] [:error] [pid 6661] [client 172.17.0.1:35435] PHP Stack trace:, referer: http://dealtrak/main
[Tue Jul 28 13:53:49.837483 2015] [:error] [pid 6661] [client 172.17.0.1:35435] PHP   1. {main}() /app/index.php:0, referer: http://dealtrak/main
[Tue Jul 28 13:53:49.837486 2015] [:error] [pid 6661] [client 172.17.0.1:35435] PHP   2. include() /app/index.php:363, referer: http://dealtrak/main
[Tue Jul 28 13:53:49.966982 2015] [:error] [pid 6661] [client 172.17.0.1:35435] PHP Notice:  Undefined offset: 0 in /app/models/proposal_statuses_custom.php on line 113, referer: http://dealtrak/reporting/main
[Tue Jul 28 13:53:49.967001 2015] [:error] [pid 6661] [client 172.17.0.1:35435] PHP Stack trace:, referer: http://dealtrak/reporting/main
[Tue Jul 28 13:53:49.967005 2015] [:error] [pid 6661] [client 172.17.0.1:35435] PHP   1. {main}() /app/index.php:0, referer: http://dealtrak/reporting/main
[Tue Jul 28 13:53:49.967008 2015] [:error] [pid 6661] [client 172.17.0.1:35435] PHP   2. include() /app/index.php:268, referer: http://dealtrak/reporting/main
[Tue Jul 28 13:53:49.967011 2015] [:error] [pid 6661] [client 172.17.0.1:35435] PHP   3. get_all_proposal_statuses() /app/site/reporting/builder.php:117, referer: http://dealtrak/reporting/main
[Tue Jul 28 13:53:49.967017 2015] [:error] [pid 6661] [client 172.17.0.1:35435] PHP Warning:  Invalid argument supplied for foreach() in /app/models/proposal_statuses_custom.php on line 113, referer: http://dealtrak/reporting/main
[Tue Jul 28 13:53:49.967019 2015] [:error] [pid 6661] [client 172.17.0.1:35435] PHP Stack trace:, referer: http://dealtrak/reporting/main
[Tue Jul 28 13:53:49.967022 2015] [:error] [pid 6661] [client 172.17.0.1:35435] PHP   1. {main}() /app/index.php:0, referer: http://dealtrak/reporting/main
[Tue Jul 28 13:53:49.967024 2015] [:error] [pid 6661] [client 172.17.0.1:35435] PHP   2. include() /app/index.php:268, referer: http://dealtrak/reporting/main
[Tue Jul 28 13:53:49.967026 2015] [:error] [pid 6661] [client 172.17.0.1:35435] PHP   3. get_all_proposal_statuses() /app/site/reporting/builder.php:117, referer: http://dealtrak/reporting/main
[Tue Jul 28 13:53:49.967710 2015] [:error] [pid 6661] [client 172.17.0.1:35435] PHP Notice:  Undefined index: select_staff in /app/site/reporting/builder.php on line 316, referer: http://dealtrak/reporting/main
[Tue Jul 28 13:53:49.967716 2015] [:error] [pid 6661] [client 172.17.0.1:35435] PHP Stack trace:, referer: http://dealtrak/reporting/main
[Tue Jul 28 13:53:49.967719 2015] [:error] [pid 6661] [client 172.17.0.1:35435] PHP   1. {main}() /app/index.php:0, referer: http://dealtrak/reporting/main
[Tue Jul 28 13:53:49.967722 2015] [:error] [pid 6661] [client 172.17.0.1:35435] PHP   2. include() /app/index.php:268, referer: http://dealtrak/reporting/main
[Tue Jul 28 13:53:49.967737 2015] [:error] [pid 6661] [client 172.17.0.1:35435] PHP Notice:  Undefined index: select_staff in /app/site/reporting/builder.php on line 316, referer: http://dealtrak/reporting/main
[Tue Jul 28 13:53:49.967739 2015] [:error] [pid 6661] [client 172.17.0.1:35435] PHP Stack trace:, referer: http://dealtrak/reporting/main
[Tue Jul 28 13:53:49.967741 2015] [:error] [pid 6661] [client 172.17.0.1:35435] PHP   1. {main}() /app/index.php:0, referer: http://dealtrak/reporting/main
[Tue Jul 28 13:53:49.967743 2015] [:error] [pid 6661] [client 172.17.0.1:35435] PHP   2. include() /app/index.php:268, referer: http://dealtrak/reporting/main
[Tue Jul 28 13:53:49.967976 2015] [:error] [pid 6661] [client 172.17.0.1:35435] PHP Notice:  Undefined variable: has_login_quiz_module in /app/layouts/site.php on line 118, referer: http://dealtrak/reporting/main
[Tue Jul 28 13:53:49.967980 2015] [:error] [pid 6661] [client 172.17.0.1:35435] PHP Stack trace:, referer: http://dealtrak/reporting/main
[Tue Jul 28 13:53:49.967984 2015] [:error] [pid 6661] [client 172.17.0.1:35435] PHP   1. {main}() /app/index.php:0, referer: http://dealtrak/reporting/main
[Tue Jul 28 13:53:49.967986 2015] [:error] [pid 6661] [client 172.17.0.1:35435] PHP   2. include() /app/index.php:363, referer: http://dealtrak/reporting/main
[Tue Jul 28 13:53:49.970634 2015] [:error] [pid 6661] [client 172.17.0.1:35435] PHP Notice:  Undefined index: select_proposal_status in /app/site/reporting/builder.phtml on line 21, referer: http://dealtrak/reporting/main
[Tue Jul 28 13:53:49.970646 2015] [:error] [pid 6661] [client 172.17.0.1:35435] PHP Stack trace:, referer: http://dealtrak/reporting/main
[Tue Jul 28 13:53:49.970649 2015] [:error] [pid 6661] [client 172.17.0.1:35435] PHP   1. {main}() /app/index.php:0, referer: http://dealtrak/reporting/main
[Tue Jul 28 13:53:49.970652 2015] [:error] [pid 6661] [client 172.17.0.1:35435] PHP   2. include() /app/index.php:363, referer: http://dealtrak/reporting/main
[Tue Jul 28 13:53:49.970654 2015] [:error] [pid 6661] [client 172.17.0.1:35435] PHP   3. include() /app/layouts/site.php:130, referer: http://dealtrak/reporting/main
[Tue Jul 28 13:53:49.970661 2015] [:error] [pid 6661] [client 172.17.0.1:35435] PHP Notice:  Undefined index: select_proposal_status in /app/site/reporting/builder.phtml on line 21, referer: http://dealtrak/reporting/main
[Tue Jul 28 13:53:49.970663 2015] [:error] [pid 6661] [client 172.17.0.1:35435] PHP Stack trace:, referer: http://dealtrak/reporting/main
[Tue Jul 28 13:53:49.970666 2015] [:error] [pid 6661] [client 172.17.0.1:35435] PHP   1. {main}() /app/index.php:0, referer: http://dealtrak/reporting/main
[Tue Jul 28 13:53:49.970668 2015] [:error] [pid 6661] [client 172.17.0.1:35435] PHP   2. include() /app/index.php:363, referer: http://dealtrak/reporting/main
[Tue Jul 28 13:53:49.970670 2015] [:error] [pid 6661] [client 172.17.0.1:35435] PHP   3. include() /app/layouts/site.php:130, referer: http://dealtrak/reporting/main
[Tue Jul 28 13:53:49.970675 2015] [:error] [pid 6661] [client 172.17.0.1:35435] PHP Notice:  Undefined index: select_proposal_status in /app/site/reporting/builder.phtml on line 21, referer: http://dealtrak/reporting/main
[Tue Jul 28 13:53:49.970677 2015] [:error] [pid 6661] [client 172.17.0.1:35435] PHP Stack trace:, referer: http://dealtrak/reporting/main
[Tue Jul 28 13:53:49.970679 2015] [:error] [pid 6661] [client 172.17.0.1:35435] PHP   1. {main}() /app/index.php:0, referer: http://dealtrak/reporting/main
[Tue Jul 28 13:53:49.970681 2015] [:error] [pid 6661] [client 172.17.0.1:35435] PHP   2. include() /app/index.php:363, referer: http://dealtrak/reporting/main
[Tue Jul 28 13:53:49.970683 2015] [:error] [pid 6661] [client 172.17.0.1:35435] PHP   3. include() /app/layouts/site.php:130, referer: http://dealtrak/reporting/main
[Tue Jul 28 13:53:49.970688 2015] [:error] [pid 6661] [client 172.17.0.1:35435] PHP Notice:  Undefined index: select_proposal_status in /app/site/reporting/builder.phtml on line 21, referer: http://dealtrak/reporting/main
[Tue Jul 28 13:53:49.970690 2015] [:error] [pid 6661] [client 172.17.0.1:35435] PHP Stack trace:, referer: http://dealtrak/reporting/main
[Tue Jul 28 13:53:49.970692 2015] [:error] [pid 6661] [client 172.17.0.1:35435] PHP   1. {main}() /app/index.php:0, referer: http://dealtrak/reporting/main
[Tue Jul 28 13:53:49.970694 2015] [:error] [pid 6661] [client 172.17.0.1:35435] PHP   2. include() /app/index.php:363, referer: http://dealtrak/reporting/main
[Tue Jul 28 13:53:49.970696 2015] [:error] [pid 6661] [client 172.17.0.1:35435] PHP   3. include() /app/layouts/site.php:130, referer: http://dealtrak/reporting/main
[Tue Jul 28 13:53:49.970701 2015] [:error] [pid 6661] [client 172.17.0.1:35435] PHP Notice:  Undefined index: select_proposal_status in /app/site/reporting/builder.phtml on line 21, referer: http://dealtrak/reporting/main
[Tue Jul 28 13:53:49.970702 2015] [:error] [pid 6661] [client 172.17.0.1:35435] PHP Stack trace:, referer: http://dealtrak/reporting/main
[Tue Jul 28 13:53:49.970704 2015] [:error] [pid 6661] [client 172.17.0.1:35435] PHP   1. {main}() /app/index.php:0, referer: http://dealtrak/reporting/main
[Tue Jul 28 13:53:49.970708 2015] [:error] [pid 6661] [client 172.17.0.1:35435] PHP   2. include() /app/index.php:363, referer: http://dealtrak/reporting/main
[Tue Jul 28 13:53:49.970710 2015] [:error] [pid 6661] [client 172.17.0.1:35435] PHP   3. include() /app/layouts/site.php:130, referer: http://dealtrak/reporting/main
[Tue Jul 28 13:53:49.970715 2015] [:error] [pid 6661] [client 172.17.0.1:35435] PHP Notice:  Undefined index: select_proposal_status in /app/site/reporting/builder.phtml on line 21, referer: http://dealtrak/reporting/main
[Tue Jul 28 13:53:49.970717 2015] [:error] [pid 6661] [client 172.17.0.1:35435] PHP Stack trace:, referer: http://dealtrak/reporting/main
[Tue Jul 28 13:53:49.970719 2015] [:error] [pid 6661] [client 172.17.0.1:35435] PHP   1. {main}() /app/index.php:0, referer: http://dealtrak/reporting/main
[Tue Jul 28 13:53:49.970721 2015] [:error] [pid 6661] [client 172.17.0.1:35435] PHP   2. include() /app/index.php:363, referer: http://dealtrak/reporting/main
[Tue Jul 28 13:53:49.970723 2015] [:error] [pid 6661] [client 172.17.0.1:35435] PHP   3. include() /app/layouts/site.php:130, referer: http://dealtrak/reporting/main
[Tue Jul 28 13:53:49.970728 2015] [:error] [pid 6661] [client 172.17.0.1:35435] PHP Notice:  Undefined index: select_proposal_status in /app/site/reporting/builder.phtml on line 21, referer: http://dealtrak/reporting/main
[Tue Jul 28 13:53:49.970729 2015] [:error] [pid 6661] [client 172.17.0.1:35435] PHP Stack trace:, referer: http://dealtrak/reporting/main
[Tue Jul 28 13:53:49.970731 2015] [:error] [pid 6661] [client 172.17.0.1:35435] PHP   1. {main}() /app/index.php:0, referer: http://dealtrak/reporting/main
[Tue Jul 28 13:53:49.970733 2015] [:error] [pid 6661] [client 172.17.0.1:35435] PHP   2. include() /app/index.php:363, referer: http://dealtrak/reporting/main
[Tue Jul 28 13:53:49.970735 2015] [:error] [pid 6661] [client 172.17.0.1:35435] PHP   3. include() /app/layouts/site.php:130, referer: http://dealtrak/reporting/main
[Tue Jul 28 13:53:49.970740 2015] [:error] [pid 6661] [client 172.17.0.1:35435] PHP Notice:  Undefined index: select_proposal_status in /app/site/reporting/builder.phtml on line 21, referer: http://dealtrak/reporting/main
[Tue Jul 28 13:53:49.970741 2015] [:error] [pid 6661] [client 172.17.0.1:35435] PHP Stack trace:, referer: http://dealtrak/reporting/main
[Tue Jul 28 13:53:49.970744 2015] [:error] [pid 6661] [client 172.17.0.1:35435] PHP   1. {main}() /app/index.php:0, referer: http://dealtrak/reporting/main
[Tue Jul 28 13:53:49.970746 2015] [:error] [pid 6661] [client 172.17.0.1:35435] PHP   2. include() /app/index.php:363, referer: http://dealtrak/reporting/main
[Tue Jul 28 13:53:49.970748 2015] [:error] [pid 6661] [client 172.17.0.1:35435] PHP   3. include() /app/layouts/site.php:130, referer: http://dealtrak/reporting/main
[Tue Jul 28 13:53:49.970752 2015] [:error] [pid 6661] [client 172.17.0.1:35435] PHP Notice:  Undefined index: select_proposal_status in /app/site/reporting/builder.phtml on line 21, referer: http://dealtrak/reporting/main
[Tue Jul 28 13:53:49.970754 2015] [:error] [pid 6661] [client 172.17.0.1:35435] PHP Stack trace:, referer: http://dealtrak/reporting/main
[Tue Jul 28 13:53:49.970756 2015] [:error] [pid 6661] [client 172.17.0.1:35435] PHP   1. {main}() /app/index.php:0, referer: http://dealtrak/reporting/main
[Tue Jul 28 13:53:49.970758 2015] [:error] [pid 6661] [client 172.17.0.1:35435] PHP   2. include() /app/index.php:363, referer: http://dealtrak/reporting/main
[Tue Jul 28 13:53:49.970760 2015] [:error] [pid 6661] [client 172.17.0.1:35435] PHP   3. include() /app/layouts/site.php:130, referer: http://dealtrak/reporting/main
[Tue Jul 28 13:53:49.970766 2015] [:error] [pid 6661] [client 172.17.0.1:35435] PHP Notice:  Undefined index: select_proposal_status in /app/site/reporting/builder.phtml on line 21, referer: http://dealtrak/reporting/main
[Tue Jul 28 13:53:49.970768 2015] [:error] [pid 6661] [client 172.17.0.1:35435] PHP Stack trace:, referer: http://dealtrak/reporting/main
[Tue Jul 28 13:53:49.970770 2015] [:error] [pid 6661] [client 172.17.0.1:35435] PHP   1. {main}() /app/index.php:0, referer: http://dealtrak/reporting/main
[Tue Jul 28 13:53:49.970772 2015] [:error] [pid 6661] [client 172.17.0.1:35435] PHP   2. include() /app/index.php:363, referer: http://dealtrak/reporting/main
[Tue Jul 28 13:53:49.970774 2015] [:error] [pid 6661] [client 172.17.0.1:35435] PHP   3. include() /app/layouts/site.php:130, referer: http://dealtrak/reporting/main
[Tue Jul 28 13:53:49.970778 2015] [:error] [pid 6661] [client 172.17.0.1:35435] PHP Notice:  Undefined index: select_proposal_status in /app/site/reporting/builder.phtml on line 21, referer: http://dealtrak/reporting/main
[Tue Jul 28 13:53:49.970780 2015] [:error] [pid 6661] [client 172.17.0.1:35435] PHP Stack trace:, referer: http://dealtrak/reporting/main
[Tue Jul 28 13:53:49.970782 2015] [:error] [pid 6661] [client 172.17.0.1:35435] PHP   1. {main}() /app/index.php:0, referer: http://dealtrak/reporting/main
[Tue Jul 28 13:53:49.970784 2015] [:error] [pid 6661] [client 172.17.0.1:35435] PHP   2. include() /app/index.php:363, referer: http://dealtrak/reporting/main
[Tue Jul 28 13:53:49.970786 2015] [:error] [pid 6661] [client 172.17.0.1:35435] PHP   3. include() /app/layouts/site.php:130, referer: http://dealtrak/reporting/main
[Tue Jul 28 13:53:49.970790 2015] [:error] [pid 6661] [client 172.17.0.1:35435] PHP Notice:  Undefined index: select_proposal_status in /app/site/reporting/builder.phtml on line 21, referer: http://dealtrak/reporting/main
[Tue Jul 28 13:53:49.970792 2015] [:error] [pid 6661] [client 172.17.0.1:35435] PHP Stack trace:, referer: http://dealtrak/reporting/main
[Tue Jul 28 13:53:49.970794 2015] [:error] [pid 6661] [client 172.17.0.1:35435] PHP   1. {main}() /app/index.php:0, referer: http://dealtrak/reporting/main
[Tue Jul 28 13:53:49.970796 2015] [:error] [pid 6661] [client 172.17.0.1:35435] PHP   2. include() /app/index.php:363, referer: http://dealtrak/reporting/main
[Tue Jul 28 13:53:49.970798 2015] [:error] [pid 6661] [client 172.17.0.1:35435] PHP   3. include() /app/layouts/site.php:130, referer: http://dealtrak/reporting/main
[Tue Jul 28 13:53:49.970803 2015] [:error] [pid 6661] [client 172.17.0.1:35435] PHP Notice:  Undefined index: select_proposal_status in /app/site/reporting/builder.phtml on line 21, referer: http://dealtrak/reporting/main
[Tue Jul 28 13:53:49.970804 2015] [:error] [pid 6661] [client 172.17.0.1:35435] PHP Stack trace:, referer: http://dealtrak/reporting/main
[Tue Jul 28 13:53:49.970806 2015] [:error] [pid 6661] [client 172.17.0.1:35435] PHP   1. {main}() /app/index.php:0, referer: http://dealtrak/reporting/main
[Tue Jul 28 13:53:49.970808 2015] [:error] [pid 6661] [client 172.17.0.1:35435] PHP   2. include() /app/index.php:363, referer: http://dealtrak/reporting/main
[Tue Jul 28 13:53:49.970811 2015] [:error] [pid 6661] [client 172.17.0.1:35435] PHP   3. include() /app/layouts/site.php:130, referer: http://dealtrak/reporting/main
[Tue Jul 28 13:53:49.970815 2015] [:error] [pid 6661] [client 172.17.0.1:35435] PHP Notice:  Undefined index: select_proposal_status in /app/site/reporting/builder.phtml on line 21, referer: http://dealtrak/reporting/main
[Tue Jul 28 13:53:49.970816 2015] [:error] [pid 6661] [client 172.17.0.1:35435] PHP Stack trace:, referer: http://dealtrak/reporting/main
[Tue Jul 28 13:53:49.970820 2015] [:error] [pid 6661] [client 172.17.0.1:35435] PHP   1. {main}() /app/index.php:0, referer: http://dealtrak/reporting/main
[Tue Jul 28 13:53:49.970822 2015] [:error] [pid 6661] [client 172.17.0.1:35435] PHP   2. include() /app/index.php:363, referer: http://dealtrak/reporting/main
[Tue Jul 28 13:53:49.970824 2015] [:error] [pid 6661] [client 172.17.0.1:35435] PHP   3. include() /app/layouts/site.php:130, referer: http://dealtrak/reporting/main
[Tue Jul 28 13:53:49.970829 2015] [:error] [pid 6661] [client 172.17.0.1:35435] PHP Notice:  Undefined index: select_proposal_status in /app/site/reporting/builder.phtml on line 21, referer: http://dealtrak/reporting/main
[Tue Jul 28 13:53:49.970831 2015] [:error] [pid 6661] [client 172.17.0.1:35435] PHP Stack trace:, referer: http://dealtrak/reporting/main
[Tue Jul 28 13:53:49.970833 2015] [:error] [pid 6661] [client 172.17.0.1:35435] PHP   1. {main}() /app/index.php:0, referer: http://dealtrak/reporting/main
[Tue Jul 28 13:53:49.970835 2015] [:error] [pid 6661] [client 172.17.0.1:35435] PHP   2. include() /app/index.php:363, referer: http://dealtrak/reporting/main
[Tue Jul 28 13:53:49.970837 2015] [:error] [pid 6661] [client 172.17.0.1:35435] PHP   3. include() /app/layouts/site.php:130, referer: http://dealtrak/reporting/main
[Tue Jul 28 13:53:49.970841 2015] [:error] [pid 6661] [client 172.17.0.1:35435] PHP Notice:  Undefined index: select_proposal_status in /app/site/reporting/builder.phtml on line 21, referer: http://dealtrak/reporting/main
[Tue Jul 28 13:53:49.970843 2015] [:error] [pid 6661] [client 172.17.0.1:35435] PHP Stack trace:, referer: http://dealtrak/reporting/main
[Tue Jul 28 13:53:49.970845 2015] [:error] [pid 6661] [client 172.17.0.1:35435] PHP   1. {main}() /app/index.php:0, referer: http://dealtrak/reporting/main
[Tue Jul 28 13:53:49.970847 2015] [:error] [pid 6661] [client 172.17.0.1:35435] PHP   2. include() /app/index.php:363, referer: http://dealtrak/reporting/main
[Tue Jul 28 13:53:49.970849 2015] [:error] [pid 6661] [client 172.17.0.1:35435] PHP   3. include() /app/layouts/site.php:130, referer: http://dealtrak/reporting/main
[Tue Jul 28 13:53:49.970853 2015] [:error] [pid 6661] [client 172.17.0.1:35435] PHP Notice:  Undefined index: select_proposal_status in /app/site/reporting/builder.phtml on line 21, referer: http://dealtrak/reporting/main
[Tue Jul 28 13:53:49.970855 2015] [:error] [pid 6661] [client 172.17.0.1:35435] PHP Stack trace:, referer: http://dealtrak/reporting/main
[Tue Jul 28 13:53:49.970857 2015] [:error] [pid 6661] [client 172.17.0.1:35435] PHP   1. {main}() /app/index.php:0, referer: http://dealtrak/reporting/main
[Tue Jul 28 13:53:49.970869 2015] [:error] [pid 6661] [client 172.17.0.1:35435] PHP   2. include() /app/index.php:363, referer: http://dealtrak/reporting/main
[Tue Jul 28 13:53:49.970871 2015] [:error] [pid 6661] [client 172.17.0.1:35435] PHP   3. include() /app/layouts/site.php:130, referer: http://dealtrak/reporting/main
[Tue Jul 28 13:53:49.971034 2015] [:error] [pid 6661] [client 172.17.0.1:35435] PHP Notice:  Undefined index: select_proposal_status in /app/site/reporting/builder.phtml on line 21, referer: http://dealtrak/reporting/main
[Tue Jul 28 13:53:49.971037 2015] [:error] [pid 6661] [client 172.17.0.1:35435] PHP Stack trace:, referer: http://dealtrak/reporting/main
[Tue Jul 28 13:53:49.971039 2015] [:error] [pid 6661] [client 172.17.0.1:35435] PHP   1. {main}() /app/index.php:0, referer: http://dealtrak/reporting/main
[Tue Jul 28 13:53:49.971041 2015] [:error] [pid 6661] [client 172.17.0.1:35435] PHP   2. include() /app/index.php:363, referer: http://dealtrak/reporting/main
[Tue Jul 28 13:53:49.971046 2015] [:error] [pid 6661] [client 172.17.0.1:35435] PHP   3. include() /app/layouts/site.php:130, referer: http://dealtrak/reporting/main
[Tue Jul 28 13:53:49.971050 2015] [:error] [pid 6661] [client 172.17.0.1:35435] PHP Notice:  Undefined index: select_proposal_status in /app/site/reporting/builder.phtml on line 24, referer: http://dealtrak/reporting/main
[Tue Jul 28 13:53:49.971052 2015] [:error] [pid 6661] [client 172.17.0.1:35435] PHP Stack trace:, referer: http://dealtrak/reporting/main
[Tue Jul 28 13:53:49.971054 2015] [:error] [pid 6661] [client 172.17.0.1:35435] PHP   1. {main}() /app/index.php:0, referer: http://dealtrak/reporting/main
[Tue Jul 28 13:53:49.971056 2015] [:error] [pid 6661] [client 172.17.0.1:35435] PHP   2. include() /app/index.php:363, referer: http://dealtrak/reporting/main
[Tue Jul 28 13:53:49.971058 2015] [:error] [pid 6661] [client 172.17.0.1:35435] PHP   3. include() /app/layouts/site.php:130, referer: http://dealtrak/reporting/main
[Tue Jul 28 13:53:49.971089 2015] [:error] [pid 6661] [client 172.17.0.1:35435] PHP Notice:  Undefined index: select_vehicles in /app/site/reporting/builder.phtml on line 181, referer: http://dealtrak/reporting/main
[Tue Jul 28 13:53:49.971091 2015] [:error] [pid 6661] [client 172.17.0.1:35435] PHP Stack trace:, referer: http://dealtrak/reporting/main
[Tue Jul 28 13:53:49.971093 2015] [:error] [pid 6661] [client 172.17.0.1:35435] PHP   1. {main}() /app/index.php:0, referer: http://dealtrak/reporting/main
[Tue Jul 28 13:53:49.971095 2015] [:error] [pid 6661] [client 172.17.0.1:35435] PHP   2. include() /app/index.php:363, referer: http://dealtrak/reporting/main
[Tue Jul 28 13:53:49.971097 2015] [:error] [pid 6661] [client 172.17.0.1:35435] PHP   3. include() /app/layouts/site.php:130, referer: http://dealtrak/reporting/main
[Tue Jul 28 13:53:49.971102 2015] [:error] [pid 6661] [client 172.17.0.1:35435] PHP Notice:  Undefined index: select_vehicles in /app/site/reporting/builder.phtml on line 181, referer: http://dealtrak/reporting/main
[Tue Jul 28 13:53:49.971104 2015] [:error] [pid 6661] [client 172.17.0.1:35435] PHP Stack trace:, referer: http://dealtrak/reporting/main
[Tue Jul 28 13:53:49.971106 2015] [:error] [pid 6661] [client 172.17.0.1:35435] PHP   1. {main}() /app/index.php:0, referer: http://dealtrak/reporting/main
[Tue Jul 28 13:53:49.971108 2015] [:error] [pid 6661] [client 172.17.0.1:35435] PHP   2. include() /app/index.php:363, referer: http://dealtrak/reporting/main
[Tue Jul 28 13:53:49.971110 2015] [:error] [pid 6661] [client 172.17.0.1:35435] PHP   3. include() /app/layouts/site.php:130, referer: http://dealtrak/reporting/main
[Tue Jul 28 13:53:49.971114 2015] [:error] [pid 6661] [client 172.17.0.1:35435] PHP Notice:  Undefined index: select_vehicles in /app/site/reporting/builder.phtml on line 181, referer: http://dealtrak/reporting/main
[Tue Jul 28 13:53:49.971116 2015] [:error] [pid 6661] [client 172.17.0.1:35435] PHP Stack trace:, referer: http://dealtrak/reporting/main
[Tue Jul 28 13:53:49.971118 2015] [:error] [pid 6661] [client 172.17.0.1:35435] PHP   1. {main}() /app/index.php:0, referer: http://dealtrak/reporting/main
[Tue Jul 28 13:53:49.971120 2015] [:error] [pid 6661] [client 172.17.0.1:35435] PHP   2. include() /app/index.php:363, referer: http://dealtrak/reporting/main
[Tue Jul 28 13:53:49.971122 2015] [:error] [pid 6661] [client 172.17.0.1:35435] PHP   3. include() /app/layouts/site.php:130, referer: http://dealtrak/reporting/main
[Tue Jul 28 13:53:49.971126 2015] [:error] [pid 6661] [client 172.17.0.1:35435] PHP Notice:  Undefined index: select_vehicles in /app/site/reporting/builder.phtml on line 181, referer: http://dealtrak/reporting/main
[Tue Jul 28 13:53:49.971130 2015] [:error] [pid 6661] [client 172.17.0.1:35435] PHP Stack trace:, referer: http://dealtrak/reporting/main
[Tue Jul 28 13:53:49.971132 2015] [:error] [pid 6661] [client 172.17.0.1:35435] PHP   1. {main}() /app/index.php:0, referer: http://dealtrak/reporting/main
[Tue Jul 28 13:53:49.971134 2015] [:error] [pid 6661] [client 172.17.0.1:35435] PHP   2. include() /app/index.php:363, referer: http://dealtrak/reporting/main
[Tue Jul 28 13:53:49.971136 2015] [:error] [pid 6661] [client 172.17.0.1:35435] PHP   3. include() /app/layouts/site.php:130, referer: http://dealtrak/reporting/main
[Tue Jul 28 13:53:49.971141 2015] [:error] [pid 6661] [client 172.17.0.1:35435] PHP Notice:  Undefined index: select_vehicles in /app/site/reporting/builder.phtml on line 181, referer: http://dealtrak/reporting/main
[Tue Jul 28 13:53:49.971142 2015] [:error] [pid 6661] [client 172.17.0.1:35435] PHP Stack trace:, referer: http://dealtrak/reporting/main
[Tue Jul 28 13:53:49.971144 2015] [:error] [pid 6661] [client 172.17.0.1:35435] PHP   1. {main}() /app/index.php:0, referer: http://dealtrak/reporting/main
[Tue Jul 28 13:53:49.971147 2015] [:error] [pid 6661] [client 172.17.0.1:35435] PHP   2. include() /app/index.php:363, referer: http://dealtrak/reporting/main
[Tue Jul 28 13:53:49.971149 2015] [:error] [pid 6661] [client 172.17.0.1:35435] PHP   3. include() /app/layouts/site.php:130, referer: http://dealtrak/reporting/main
[Tue Jul 28 13:53:49.971153 2015] [:error] [pid 6661] [client 172.17.0.1:35435] PHP Notice:  Undefined index: select_vehicles in /app/site/reporting/builder.phtml on line 181, referer: http://dealtrak/reporting/main
[Tue Jul 28 13:53:49.971155 2015] [:error] [pid 6661] [client 172.17.0.1:35435] PHP Stack trace:, referer: http://dealtrak/reporting/main
[Tue Jul 28 13:53:49.971157 2015] [:error] [pid 6661] [client 172.17.0.1:35435] PHP   1. {main}() /app/index.php:0, referer: http://dealtrak/reporting/main
[Tue Jul 28 13:53:49.971159 2015] [:error] [pid 6661] [client 172.17.0.1:35435] PHP   2. include() /app/index.php:363, referer: http://dealtrak/reporting/main
[Tue Jul 28 13:53:49.971161 2015] [:error] [pid 6661] [client 172.17.0.1:35435] PHP   3. include() /app/layouts/site.php:130, referer: http://dealtrak/reporting/main
[Tue Jul 28 13:53:49.971165 2015] [:error] [pid 6661] [client 172.17.0.1:35435] PHP Notice:  Undefined index: select_vehicles in /app/site/reporting/builder.phtml on line 184, referer: http://dealtrak/reporting/main
[Tue Jul 28 13:53:49.971167 2015] [:error] [pid 6661] [client 172.17.0.1:35435] PHP Stack trace:, referer: http://dealtrak/reporting/main
[Tue Jul 28 13:53:49.971169 2015] [:error] [pid 6661] [client 172.17.0.1:35435] PHP   1. {main}() /app/index.php:0, referer: http://dealtrak/reporting/main
[Tue Jul 28 13:53:49.971171 2015] [:error] [pid 6661] [client 172.17.0.1:35435] PHP   2. include() /app/index.php:363, referer: http://dealtrak/reporting/main
[Tue Jul 28 13:53:49.971173 2015] [:error] [pid 6661] [client 172.17.0.1:35435] PHP   3. include() /app/layouts/site.php:130, referer: http://dealtrak/reporting/main
[Tue Jul 28 13:53:49.971180 2015] [:error] [pid 6661] [client 172.17.0.1:35435] PHP Notice:  Undefined index: select_staff in /app/site/reporting/builder.phtml on line 195, referer: http://dealtrak/reporting/main
[Tue Jul 28 13:53:49.971181 2015] [:error] [pid 6661] [client 172.17.0.1:35435] PHP Stack trace:, referer: http://dealtrak/reporting/main
[Tue Jul 28 13:53:49.971183 2015] [:error] [pid 6661] [client 172.17.0.1:35435] PHP   1. {main}() /app/index.php:0, referer: http://dealtrak/reporting/main
[Tue Jul 28 13:53:49.971187 2015] [:error] [pid 6661] [client 172.17.0.1:35435] PHP   2. include() /app/index.php:363, referer: http://dealtrak/reporting/main
[Tue Jul 28 13:53:49.971189 2015] [:error] [pid 6661] [client 172.17.0.1:35435] PHP   3. include() /app/layouts/site.php:130, referer: http://dealtrak/reporting/main
[Tue Jul 28 13:53:49.971193 2015] [:error] [pid 6661] [client 172.17.0.1:35435] PHP Notice:  Undefined index: hide_inactive_sales_people in /app/site/reporting/builder.phtml on line 196, referer: http://dealtrak/reporting/main
[Tue Jul 28 13:53:49.971195 2015] [:error] [pid 6661] [client 172.17.0.1:35435] PHP Stack trace:, referer: http://dealtrak/reporting/main
[Tue Jul 28 13:53:49.971197 2015] [:error] [pid 6661] [client 172.17.0.1:35435] PHP   1. {main}() /app/index.php:0, referer: http://dealtrak/reporting/main
[Tue Jul 28 13:53:49.971199 2015] [:error] [pid 6661] [client 172.17.0.1:35435] PHP   2. include() /app/index.php:363, referer: http://dealtrak/reporting/main
[Tue Jul 28 13:53:49.971201 2015] [:error] [pid 6661] [client 172.17.0.1:35435] PHP   3. include() /app/layouts/site.php:130, referer: http://dealtrak/reporting/main
[Tue Jul 28 13:53:49.971218 2015] [:error] [pid 6661] [client 172.17.0.1:35435] PHP Notice:  Undefined index: quick_picker in /app/site/reporting/builder.phtml on line 430, referer: http://dealtrak/reporting/main
[Tue Jul 28 13:53:49.971219 2015] [:error] [pid 6661] [client 172.17.0.1:35435] PHP Stack trace:, referer: http://dealtrak/reporting/main
[Tue Jul 28 13:53:49.971221 2015] [:error] [pid 6661] [client 172.17.0.1:35435] PHP   1. {main}() /app/index.php:0, referer: http://dealtrak/reporting/main
[Tue Jul 28 13:53:49.971224 2015] [:error] [pid 6661] [client 172.17.0.1:35435] PHP   2. include() /app/index.php:363, referer: http://dealtrak/reporting/main
[Tue Jul 28 13:53:49.971226 2015] [:error] [pid 6661] [client 172.17.0.1:35435] PHP   3. include() /app/layouts/site.php:130, referer: http://dealtrak/reporting/main
[Tue Jul 28 13:53:49.971230 2015] [:error] [pid 6661] [client 172.17.0.1:35435] PHP Notice:  Undefined index: quick_picker in /app/site/reporting/builder.phtml on line 431, referer: http://dealtrak/reporting/main
[Tue Jul 28 13:53:49.971231 2015] [:error] [pid 6661] [client 172.17.0.1:35435] PHP Stack trace:, referer: http://dealtrak/reporting/main
[Tue Jul 28 13:53:49.971233 2015] [:error] [pid 6661] [client 172.17.0.1:35435] PHP   1. {main}() /app/index.php:0, referer: http://dealtrak/reporting/main
[Tue Jul 28 13:53:49.971236 2015] [:error] [pid 6661] [client 172.17.0.1:35435] PHP   2. include() /app/index.php:363, referer: http://dealtrak/reporting/main
[Tue Jul 28 13:53:49.971238 2015] [:error] [pid 6661] [client 172.17.0.1:35435] PHP   3. include() /app/layouts/site.php:130, referer: http://dealtrak/reporting/main
[Tue Jul 28 13:53:49.971241 2015] [:error] [pid 6661] [client 172.17.0.1:35435] PHP Notice:  Undefined index: quick_picker in /app/site/reporting/builder.phtml on line 432, referer: http://dealtrak/reporting/main
[Tue Jul 28 13:53:49.971243 2015] [:error] [pid 6661] [client 172.17.0.1:35435] PHP Stack trace:, referer: http://dealtrak/reporting/main
[Tue Jul 28 13:53:49.971245 2015] [:error] [pid 6661] [client 172.17.0.1:35435] PHP   1. {main}() /app/index.php:0, referer: http://dealtrak/reporting/main
[Tue Jul 28 13:53:49.971247 2015] [:error] [pid 6661] [client 172.17.0.1:35435] PHP   2. include() /app/index.php:363, referer: http://dealtrak/reporting/main
[Tue Jul 28 13:53:49.971249 2015] [:error] [pid 6661] [client 172.17.0.1:35435] PHP   3. include() /app/layouts/site.php:130, referer: http://dealtrak/reporting/main
[Tue Jul 28 13:53:49.971255 2015] [:error] [pid 6661] [client 172.17.0.1:35435] PHP Notice:  Undefined index: quick_picker in /app/site/reporting/builder.phtml on line 433, referer: http://dealtrak/reporting/main
[Tue Jul 28 13:53:49.971256 2015] [:error] [pid 6661] [client 172.17.0.1:35435] PHP Stack trace:, referer: http://dealtrak/reporting/main
[Tue Jul 28 13:53:49.971258 2015] [:error] [pid 6661] [client 172.17.0.1:35435] PHP   1. {main}() /app/index.php:0, referer: http://dealtrak/reporting/main
[Tue Jul 28 13:53:49.971261 2015] [:error] [pid 6661] [client 172.17.0.1:35435] PHP   2. include() /app/index.php:363, referer: http://dealtrak/reporting/main
[Tue Jul 28 13:53:49.971263 2015] [:error] [pid 6661] [client 172.17.0.1:35435] PHP   3. include() /app/layouts/site.php:130, referer: http://dealtrak/reporting/main
[Tue Jul 28 13:53:49.971267 2015] [:error] [pid 6661] [client 172.17.0.1:35435] PHP Notice:  Undefined index: quick_picker in /app/site/reporting/builder.phtml on line 434, referer: http://dealtrak/reporting/main
[Tue Jul 28 13:53:49.971268 2015] [:error] [pid 6661] [client 172.17.0.1:35435] PHP Stack trace:, referer: http://dealtrak/reporting/main
[Tue Jul 28 13:53:49.971270 2015] [:error] [pid 6661] [client 172.17.0.1:35435] PHP   1. {main}() /app/index.php:0, referer: http://dealtrak/reporting/main
[Tue Jul 28 13:53:49.971272 2015] [:error] [pid 6661] [client 172.17.0.1:35435] PHP   2. include() /app/index.php:363, referer: http://dealtrak/reporting/main
[Tue Jul 28 13:53:49.971274 2015] [:error] [pid 6661] [client 172.17.0.1:35435] PHP   3. include() /app/layouts/site.php:130, referer: http://dealtrak/reporting/main
[Tue Jul 28 13:53:49.971278 2015] [:error] [pid 6661] [client 172.17.0.1:35435] PHP Notice:  Undefined index: quick_picker in /app/site/reporting/builder.phtml on line 435, referer: http://dealtrak/reporting/main
[Tue Jul 28 13:53:49.971280 2015] [:error] [pid 6661] [client 172.17.0.1:35435] PHP Stack trace:, referer: http://dealtrak/reporting/main
[Tue Jul 28 13:53:49.971282 2015] [:error] [pid 6661] [client 172.17.0.1:35435] PHP   1. {main}() /app/index.php:0, referer: http://dealtrak/reporting/main
[Tue Jul 28 13:53:49.971284 2015] [:error] [pid 6661] [client 172.17.0.1:35435] PHP   2. include() /app/index.php:363, referer: http://dealtrak/reporting/main
[Tue Jul 28 13:53:49.971286 2015] [:error] [pid 6661] [client 172.17.0.1:35435] PHP   3. include() /app/layouts/site.php:130, referer: http://dealtrak/reporting/main
[Tue Jul 28 13:53:49.971290 2015] [:error] [pid 6661] [client 172.17.0.1:35435] PHP Notice:  Undefined index: quick_picker in /app/site/reporting/builder.phtml on line 436, referer: http://dealtrak/reporting/main
[Tue Jul 28 13:53:49.971291 2015] [:error] [pid 6661] [client 172.17.0.1:35435] PHP Stack trace:, referer: http://dealtrak/reporting/main
[Tue Jul 28 13:53:49.971293 2015] [:error] [pid 6661] [client 172.17.0.1:35435] PHP   1. {main}() /app/index.php:0, referer: http://dealtrak/reporting/main
[Tue Jul 28 13:53:49.971295 2015] [:error] [pid 6661] [client 172.17.0.1:35435] PHP   2. include() /app/index.php:363, referer: http://dealtrak/reporting/main
[Tue Jul 28 13:53:49.971297 2015] [:error] [pid 6661] [client 172.17.0.1:35435] PHP   3. include() /app/layouts/site.php:130, referer: http://dealtrak/reporting/main
[Tue Jul 28 13:53:49.971301 2015] [:error] [pid 6661] [client 172.17.0.1:35435] PHP Notice:  Undefined index: quick_picker in /app/site/reporting/builder.phtml on line 438, referer: http://dealtrak/reporting/main
[Tue Jul 28 13:53:49.971304 2015] [:error] [pid 6661] [client 172.17.0.1:35435] PHP Stack trace:, referer: http://dealtrak/reporting/main
[Tue Jul 28 13:53:49.971306 2015] [:error] [pid 6661] [client 172.17.0.1:35435] PHP   1. {main}() /app/index.php:0, referer: http://dealtrak/reporting/main
[Tue Jul 28 13:53:49.971309 2015] [:error] [pid 6661] [client 172.17.0.1:35435] PHP   2. include() /app/index.php:363, referer: http://dealtrak/reporting/main
[Tue Jul 28 13:53:49.971311 2015] [:error] [pid 6661] [client 172.17.0.1:35435] PHP   3. include() /app/layouts/site.php:130, referer: http://dealtrak/reporting/main
[Tue Jul 28 13:53:49.971315 2015] [:error] [pid 6661] [client 172.17.0.1:35435] PHP Notice:  Undefined index: quick_picker in /app/site/reporting/builder.phtml on line 440, referer: http://dealtrak/reporting/main
[Tue Jul 28 13:53:49.971316 2015] [:error] [pid 6661] [client 172.17.0.1:35435] PHP Stack trace:, referer: http://dealtrak/reporting/main
[Tue Jul 28 13:53:49.971318 2015] [:error] [pid 6661] [client 172.17.0.1:35435] PHP   1. {main}() /app/index.php:0, referer: http://dealtrak/reporting/main
[Tue Jul 28 13:53:49.971320 2015] [:error] [pid 6661] [client 172.17.0.1:35435] PHP   2. include() /app/index.php:363, referer: http://dealtrak/reporting/main
[Tue Jul 28 13:53:49.971322 2015] [:error] [pid 6661] [client 172.17.0.1:35435] PHP   3. include() /app/layouts/site.php:130, referer: http://dealtrak/reporting/main
[Tue Jul 28 13:53:49.971326 2015] [:error] [pid 6661] [client 172.17.0.1:35435] PHP Notice:  Undefined index: quick_picker in /app/site/reporting/builder.phtml on line 442, referer: http://dealtrak/reporting/main
[Tue Jul 28 13:53:49.971328 2015] [:error] [pid 6661] [client 172.17.0.1:35435] PHP Stack trace:, referer: http://dealtrak/reporting/main
[Tue Jul 28 13:53:49.971330 2015] [:error] [pid 6661] [client 172.17.0.1:35435] PHP   1. {main}() /app/index.php:0, referer: http://dealtrak/reporting/main
[Tue Jul 28 13:53:49.971332 2015] [:error] [pid 6661] [client 172.17.0.1:35435] PHP   2. include() /app/index.php:363, referer: http://dealtrak/reporting/main
[Tue Jul 28 13:53:49.971334 2015] [:error] [pid 6661] [client 172.17.0.1:35435] PHP   3. include() /app/layouts/site.php:130, referer: http://dealtrak/reporting/main
[Tue Jul 28 13:53:49.971338 2015] [:error] [pid 6661] [client 172.17.0.1:35435] PHP Notice:  Undefined index: start_date in /app/site/reporting/builder.phtml on line 464, referer: http://dealtrak/reporting/main
[Tue Jul 28 13:53:49.971340 2015] [:error] [pid 6661] [client 172.17.0.1:35435] PHP Stack trace:, referer: http://dealtrak/reporting/main
[Tue Jul 28 13:53:49.971342 2015] [:error] [pid 6661] [client 172.17.0.1:35435] PHP   1. {main}() /app/index.php:0, referer: http://dealtrak/reporting/main
[Tue Jul 28 13:53:49.971344 2015] [:error] [pid 6661] [client 172.17.0.1:35435] PHP   2. include() /app/index.php:363, referer: http://dealtrak/reporting/main
[Tue Jul 28 13:53:49.971346 2015] [:error] [pid 6661] [client 172.17.0.1:35435] PHP   3. include() /app/layouts/site.php:130, referer: http://dealtrak/reporting/main
[Tue Jul 28 13:53:49.971350 2015] [:error] [pid 6661] [client 172.17.0.1:35435] PHP Notice:  Undefined index: end_date in /app/site/reporting/builder.phtml on line 467, referer: http://dealtrak/reporting/main
[Tue Jul 28 13:53:49.971352 2015] [:error] [pid 6661] [client 172.17.0.1:35435] PHP Stack trace:, referer: http://dealtrak/reporting/main
[Tue Jul 28 13:53:49.971354 2015] [:error] [pid 6661] [client 172.17.0.1:35435] PHP   1. {main}() /app/index.php:0, referer: http://dealtrak/reporting/main
[Tue Jul 28 13:53:49.971356 2015] [:error] [pid 6661] [client 172.17.0.1:35435] PHP   2. include() /app/index.php:363, referer: http://dealtrak/reporting/main
[Tue Jul 28 13:53:49.971359 2015] [:error] [pid 6661] [client 172.17.0.1:35435] PHP   3. include() /app/layouts/site.php:130, referer: http://dealtrak/reporting/main
[Tue Jul 28 13:53:49.971794 2015] [:error] [pid 6661] [client 172.17.0.1:35435] PHP Notice:  Undefined index: select_staff in /app/site/reporting/builder.phtml on line 987, referer: http://dealtrak/reporting/main
[Tue Jul 28 13:53:49.971799 2015] [:error] [pid 6661] [client 172.17.0.1:35435] PHP Stack trace:, referer: http://dealtrak/reporting/main
[Tue Jul 28 13:53:49.971803 2015] [:error] [pid 6661] [client 172.17.0.1:35435] PHP   1. {main}() /app/index.php:0, referer: http://dealtrak/reporting/main
[Tue Jul 28 13:53:49.971805 2015] [:error] [pid 6661] [client 172.17.0.1:35435] PHP   2. include() /app/index.php:363, referer: http://dealtrak/reporting/main
[Tue Jul 28 13:53:49.971808 2015] [:error] [pid 6661] [client 172.17.0.1:35435] PHP   3. include() /app/layouts/site.php:130, referer: http://dealtrak/reporting/main
[Tue Jul 28 13:53:50.107412 2015] [:error] [pid 6661] [client 172.17.0.1:35435] PHP Notice:  Undefined variable: has_login_quiz_module in /app/layouts/site.php on line 118, referer: http://dealtrak/reporting/builder.php?report_id=1
[Tue Jul 28 13:53:50.107426 2015] [:error] [pid 6661] [client 172.17.0.1:35435] PHP Stack trace:, referer: http://dealtrak/reporting/builder.php?report_id=1
[Tue Jul 28 13:53:50.107437 2015] [:error] [pid 6661] [client 172.17.0.1:35435] PHP   1. {main}() /app/index.php:0, referer: http://dealtrak/reporting/builder.php?report_id=1
[Tue Jul 28 13:53:50.107441 2015] [:error] [pid 6661] [client 172.17.0.1:35435] PHP   2. include() /app/index.php:363, referer: http://dealtrak/reporting/builder.php?report_id=1
[Tue Jul 28 13:53:50.233058 2015] [:error] [pid 6661] [client 172.17.0.1:35435] PHP Notice:  Undefined variable: has_login_quiz_module in /app/layouts/site.php on line 118, referer: http://dealtrak/reporting/main
[Tue Jul 28 13:53:50.233073 2015] [:error] [pid 6661] [client 172.17.0.1:35435] PHP Stack trace:, referer: http://dealtrak/reporting/main
[Tue Jul 28 13:53:50.233077 2015] [:error] [pid 6661] [client 172.17.0.1:35435] PHP   1. {main}() /app/index.php:0, referer: http://dealtrak/reporting/main
[Tue Jul 28 13:53:50.233080 2015] [:error] [pid 6661] [client 172.17.0.1:35435] PHP   2. include() /app/index.php:363, referer: http://dealtrak/reporting/main
[Tue Jul 28 13:53:50.233283 2015] [:error] [pid 6661] [client 172.17.0.1:35435] PHP Notice:  Undefined index: select_vehicles in /app/site/reporting/builder.phtml on line 181, referer: http://dealtrak/reporting/main
[Tue Jul 28 13:53:50.233288 2015] [:error] [pid 6661] [client 172.17.0.1:35435] PHP Stack trace:, referer: http://dealtrak/reporting/main
[Tue Jul 28 13:53:50.233291 2015] [:error] [pid 6661] [client 172.17.0.1:35435] PHP   1. {main}() /app/index.php:0, referer: http://dealtrak/reporting/main
[Tue Jul 28 13:53:50.233294 2015] [:error] [pid 6661] [client 172.17.0.1:35435] PHP   2. include() /app/index.php:363, referer: http://dealtrak/reporting/main
[Tue Jul 28 13:53:50.233296 2015] [:error] [pid 6661] [client 172.17.0.1:35435] PHP   3. include() /app/layouts/site.php:130, referer: http://dealtrak/reporting/main
[Tue Jul 28 13:53:50.233302 2015] [:error] [pid 6661] [client 172.17.0.1:35435] PHP Notice:  Undefined index: select_vehicles in /app/site/reporting/builder.phtml on line 181, referer: http://dealtrak/reporting/main
[Tue Jul 28 13:53:50.233303 2015] [:error] [pid 6661] [client 172.17.0.1:35435] PHP Stack trace:, referer: http://dealtrak/reporting/main
[Tue Jul 28 13:53:50.233306 2015] [:error] [pid 6661] [client 172.17.0.1:35435] PHP   1. {main}() /app/index.php:0, referer: http://dealtrak/reporting/main
[Tue Jul 28 13:53:50.233315 2015] [:error] [pid 6661] [client 172.17.0.1:35435] PHP   2. include() /app/index.php:363, referer: http://dealtrak/reporting/main
[Tue Jul 28 13:53:50.233317 2015] [:error] [pid 6661] [client 172.17.0.1:35435] PHP   3. include() /app/layouts/site.php:130, referer: http://dealtrak/reporting/main
[Tue Jul 28 13:53:50.233322 2015] [:error] [pid 6661] [client 172.17.0.1:35435] PHP Notice:  Undefined index: select_vehicles in /app/site/reporting/builder.phtml on line 181, referer: http://dealtrak/reporting/main
[Tue Jul 28 13:53:50.233324 2015] [:error] [pid 6661] [client 172.17.0.1:35435] PHP Stack trace:, referer: http://dealtrak/reporting/main
[Tue Jul 28 13:53:50.233326 2015] [:error] [pid 6661] [client 172.17.0.1:35435] PHP   1. {main}() /app/index.php:0, referer: http://dealtrak/reporting/main
[Tue Jul 28 13:53:50.233329 2015] [:error] [pid 6661] [client 172.17.0.1:35435] PHP   2. include() /app/index.php:363, referer: http://dealtrak/reporting/main
[Tue Jul 28 13:53:50.233331 2015] [:error] [pid 6661] [client 172.17.0.1:35435] PHP   3. include() /app/layouts/site.php:130, referer: http://dealtrak/reporting/main
[Tue Jul 28 13:53:50.233335 2015] [:error] [pid 6661] [client 172.17.0.1:35435] PHP Notice:  Undefined index: select_vehicles in /app/site/reporting/builder.phtml on line 181, referer: http://dealtrak/reporting/main
[Tue Jul 28 13:53:50.233337 2015] [:error] [pid 6661] [client 172.17.0.1:35435] PHP Stack trace:, referer: http://dealtrak/reporting/main
[Tue Jul 28 13:53:50.233339 2015] [:error] [pid 6661] [client 172.17.0.1:35435] PHP   1. {main}() /app/index.php:0, referer: http://dealtrak/reporting/main
[Tue Jul 28 13:53:50.233341 2015] [:error] [pid 6661] [client 172.17.0.1:35435] PHP   2. include() /app/index.php:363, referer: http://dealtrak/reporting/main
[Tue Jul 28 13:53:50.233343 2015] [:error] [pid 6661] [client 172.17.0.1:35435] PHP   3. include() /app/layouts/site.php:130, referer: http://dealtrak/reporting/main
[Tue Jul 28 13:53:50.233347 2015] [:error] [pid 6661] [client 172.17.0.1:35435] PHP Notice:  Undefined index: select_vehicles in /app/site/reporting/builder.phtml on line 181, referer: http://dealtrak/reporting/main
[Tue Jul 28 13:53:50.233349 2015] [:error] [pid 6661] [client 172.17.0.1:35435] PHP Stack trace:, referer: http://dealtrak/reporting/main
[Tue Jul 28 13:53:50.233351 2015] [:error] [pid 6661] [client 172.17.0.1:35435] PHP   1. {main}() /app/index.php:0, referer: http://dealtrak/reporting/main
[Tue Jul 28 13:53:50.233353 2015] [:error] [pid 6661] [client 172.17.0.1:35435] PHP   2. include() /app/index.php:363, referer: http://dealtrak/reporting/main
[Tue Jul 28 13:53:50.233355 2015] [:error] [pid 6661] [client 172.17.0.1:35435] PHP   3. include() /app/layouts/site.php:130, referer: http://dealtrak/reporting/main
[Tue Jul 28 13:53:50.233359 2015] [:error] [pid 6661] [client 172.17.0.1:35435] PHP Notice:  Undefined index: select_vehicles in /app/site/reporting/builder.phtml on line 181, referer: http://dealtrak/reporting/main
[Tue Jul 28 13:53:50.233361 2015] [:error] [pid 6661] [client 172.17.0.1:35435] PHP Stack trace:, referer: http://dealtrak/reporting/main
[Tue Jul 28 13:53:50.233363 2015] [:error] [pid 6661] [client 172.17.0.1:35435] PHP   1. {main}() /app/index.php:0, referer: http://dealtrak/reporting/main
[Tue Jul 28 13:53:50.233365 2015] [:error] [pid 6661] [client 172.17.0.1:35435] PHP   2. include() /app/index.php:363, referer: http://dealtrak/reporting/main
[Tue Jul 28 13:53:50.233367 2015] [:error] [pid 6661] [client 172.17.0.1:35435] PHP   3. include() /app/layouts/site.php:130, referer: http://dealtrak/reporting/main
[Tue Jul 28 13:53:50.233374 2015] [:error] [pid 6661] [client 172.17.0.1:35435] PHP Notice:  Undefined index: select_vehicles in /app/site/reporting/builder.phtml on line 184, referer: http://dealtrak/reporting/main
[Tue Jul 28 13:53:50.233375 2015] [:error] [pid 6661] [client 172.17.0.1:35435] PHP Stack trace:, referer: http://dealtrak/reporting/main
[Tue Jul 28 13:53:50.233377 2015] [:error] [pid 6661] [client 172.17.0.1:35435] PHP   1. {main}() /app/index.php:0, referer: http://dealtrak/reporting/main
[Tue Jul 28 13:53:50.233379 2015] [:error] [pid 6661] [client 172.17.0.1:35435] PHP   2. include() /app/index.php:363, referer: http://dealtrak/reporting/main
[Tue Jul 28 13:53:50.233382 2015] [:error] [pid 6661] [client 172.17.0.1:35435] PHP   3. include() /app/layouts/site.php:130, referer: http://dealtrak/reporting/main
[Tue Jul 28 13:53:50.233404 2015] [:error] [pid 6661] [client 172.17.0.1:35435] PHP Notice:  Undefined index: quick_picker in /app/site/reporting/builder.phtml on line 430, referer: http://dealtrak/reporting/main
[Tue Jul 28 13:53:50.233405 2015] [:error] [pid 6661] [client 172.17.0.1:35435] PHP Stack trace:, referer: http://dealtrak/reporting/main
[Tue Jul 28 13:53:50.233407 2015] [:error] [pid 6661] [client 172.17.0.1:35435] PHP   1. {main}() /app/index.php:0, referer: http://dealtrak/reporting/main
[Tue Jul 28 13:53:50.233409 2015] [:error] [pid 6661] [client 172.17.0.1:35435] PHP   2. include() /app/index.php:363, referer: http://dealtrak/reporting/main
[Tue Jul 28 13:53:50.233412 2015] [:error] [pid 6661] [client 172.17.0.1:35435] PHP   3. include() /app/layouts/site.php:130, referer: http://dealtrak/reporting/main
[Tue Jul 28 13:53:50.233416 2015] [:error] [pid 6661] [client 172.17.0.1:35435] PHP Notice:  Undefined index: quick_picker in /app/site/reporting/builder.phtml on line 431, referer: http://dealtrak/reporting/main
[Tue Jul 28 13:53:50.233417 2015] [:error] [pid 6661] [client 172.17.0.1:35435] PHP Stack trace:, referer: http://dealtrak/reporting/main
[Tue Jul 28 13:53:50.233419 2015] [:error] [pid 6661] [client 172.17.0.1:35435] PHP   1. {main}() /app/index.php:0, referer: http://dealtrak/reporting/main
[Tue Jul 28 13:53:50.233421 2015] [:error] [pid 6661] [client 172.17.0.1:35435] PHP   2. include() /app/index.php:363, referer: http://dealtrak/reporting/main
[Tue Jul 28 13:53:50.233423 2015] [:error] [pid 6661] [client 172.17.0.1:35435] PHP   3. include() /app/layouts/site.php:130, referer: http://dealtrak/reporting/main
[Tue Jul 28 13:53:50.233427 2015] [:error] [pid 6661] [client 172.17.0.1:35435] PHP Notice:  Undefined index: quick_picker in /app/site/reporting/builder.phtml on line 432, referer: http://dealtrak/reporting/main
[Tue Jul 28 13:53:50.233429 2015] [:error] [pid 6661] [client 172.17.0.1:35435] PHP Stack trace:, referer: http://dealtrak/reporting/main
[Tue Jul 28 13:53:50.233431 2015] [:error] [pid 6661] [client 172.17.0.1:35435] PHP   1. {main}() /app/index.php:0, referer: http://dealtrak/reporting/main
[Tue Jul 28 13:53:50.233433 2015] [:error] [pid 6661] [client 172.17.0.1:35435] PHP   2. include() /app/index.php:363, referer: http://dealtrak/reporting/main
[Tue Jul 28 13:53:50.233435 2015] [:error] [pid 6661] [client 172.17.0.1:35435] PHP   3. include() /app/layouts/site.php:130, referer: http://dealtrak/reporting/main
[Tue Jul 28 13:53:50.233439 2015] [:error] [pid 6661] [client 172.17.0.1:35435] PHP Notice:  Undefined index: quick_picker in /app/site/reporting/builder.phtml on line 433, referer: http://dealtrak/reporting/main
[Tue Jul 28 13:53:50.233442 2015] [:error] [pid 6661] [client 172.17.0.1:35435] PHP Stack trace:, referer: http://dealtrak/reporting/main
[Tue Jul 28 13:53:50.233444 2015] [:error] [pid 6661] [client 172.17.0.1:35435] PHP   1. {main}() /app/index.php:0, referer: http://dealtrak/reporting/main
[Tue Jul 28 13:53:50.233446 2015] [:error] [pid 6661] [client 172.17.0.1:35435] PHP   2. include() /app/index.php:363, referer: http://dealtrak/reporting/main
[Tue Jul 28 13:53:50.233449 2015] [:error] [pid 6661] [client 172.17.0.1:35435] PHP   3. include() /app/layouts/site.php:130, referer: http://dealtrak/reporting/main
[Tue Jul 28 13:53:50.233452 2015] [:error] [pid 6661] [client 172.17.0.1:35435] PHP Notice:  Undefined index: quick_picker in /app/site/reporting/builder.phtml on line 434, referer: http://dealtrak/reporting/main
[Tue Jul 28 13:53:50.233454 2015] [:error] [pid 6661] [client 172.17.0.1:35435] PHP Stack trace:, referer: http://dealtrak/reporting/main
[Tue Jul 28 13:53:50.233456 2015] [:error] [pid 6661] [client 172.17.0.1:35435] PHP   1. {main}() /app/index.php:0, referer: http://dealtrak/reporting/main
[Tue Jul 28 13:53:50.233458 2015] [:error] [pid 6661] [client 172.17.0.1:35435] PHP   2. include() /app/index.php:363, referer: http://dealtrak/reporting/main
[Tue Jul 28 13:53:50.233460 2015] [:error] [pid 6661] [client 172.17.0.1:35435] PHP   3. include() /app/layouts/site.php:130, referer: http://dealtrak/reporting/main
[Tue Jul 28 13:53:50.233464 2015] [:error] [pid 6661] [client 172.17.0.1:35435] PHP Notice:  Undefined index: quick_picker in /app/site/reporting/builder.phtml on line 435, referer: http://dealtrak/reporting/main
[Tue Jul 28 13:53:50.233466 2015] [:error] [pid 6661] [client 172.17.0.1:35435] PHP Stack trace:, referer: http://dealtrak/reporting/main
[Tue Jul 28 13:53:50.233468 2015] [:error] [pid 6661] [client 172.17.0.1:35435] PHP   1. {main}() /app/index.php:0, referer: http://dealtrak/reporting/main
[Tue Jul 28 13:53:50.233470 2015] [:error] [pid 6661] [client 172.17.0.1:35435] PHP   2. include() /app/index.php:363, referer: http://dealtrak/reporting/main
[Tue Jul 28 13:53:50.233472 2015] [:error] [pid 6661] [client 172.17.0.1:35435] PHP   3. include() /app/layouts/site.php:130, referer: http://dealtrak/reporting/main
[Tue Jul 28 13:53:50.233476 2015] [:error] [pid 6661] [client 172.17.0.1:35435] PHP Notice:  Undefined index: quick_picker in /app/site/reporting/builder.phtml on line 436, referer: http://dealtrak/reporting/main
[Tue Jul 28 13:53:50.233478 2015] [:error] [pid 6661] [client 172.17.0.1:35435] PHP Stack trace:, referer: http://dealtrak/reporting/main
[Tue Jul 28 13:53:50.233480 2015] [:error] [pid 6661] [client 172.17.0.1:35435] PHP   1. {main}() /app/index.php:0, referer: http://dealtrak/reporting/main
[Tue Jul 28 13:53:50.233482 2015] [:error] [pid 6661] [client 172.17.0.1:35435] PHP   2. include() /app/index.php:363, referer: http://dealtrak/reporting/main
[Tue Jul 28 13:53:50.233484 2015] [:error] [pid 6661] [client 172.17.0.1:35435] PHP   3. include() /app/layouts/site.php:130, referer: http://dealtrak/reporting/main
[Tue Jul 28 13:53:50.233488 2015] [:error] [pid 6661] [client 172.17.0.1:35435] PHP Notice:  Undefined index: quick_picker in /app/site/reporting/builder.phtml on line 438, referer: http://dealtrak/reporting/main
[Tue Jul 28 13:53:50.233490 2015] [:error] [pid 6661] [client 172.17.0.1:35435] PHP Stack trace:, referer: http://dealtrak/reporting/main
[Tue Jul 28 13:53:50.233492 2015] [:error] [pid 6661] [client 172.17.0.1:35435] PHP   1. {main}() /app/index.php:0, referer: http://dealtrak/reporting/main
[Tue Jul 28 13:53:50.233494 2015] [:error] [pid 6661] [client 172.17.0.1:35435] PHP   2. include() /app/index.php:363, referer: http://dealtrak/reporting/main
[Tue Jul 28 13:53:50.233497 2015] [:error] [pid 6661] [client 172.17.0.1:35435] PHP   3. include() /app/layouts/site.php:130, referer: http://dealtrak/reporting/main
[Tue Jul 28 13:53:50.233501 2015] [:error] [pid 6661] [client 172.17.0.1:35435] PHP Notice:  Undefined index: quick_picker in /app/site/reporting/builder.phtml on line 440, referer: http://dealtrak/reporting/main
[Tue Jul 28 13:53:50.233503 2015] [:error] [pid 6661] [client 172.17.0.1:35435] PHP Stack trace:, referer: http://dealtrak/reporting/main
[Tue Jul 28 13:53:50.233505 2015] [:error] [pid 6661] [client 172.17.0.1:35435] PHP   1. {main}() /app/index.php:0, referer: http://dealtrak/reporting/main
[Tue Jul 28 13:53:50.233507 2015] [:error] [pid 6661] [client 172.17.0.1:35435] PHP   2. include() /app/index.php:363, referer: http://dealtrak/reporting/main
[Tue Jul 28 13:53:50.233509 2015] [:error] [pid 6661] [client 172.17.0.1:35435] PHP   3. include() /app/layouts/site.php:130, referer: http://dealtrak/reporting/main
[Tue Jul 28 13:53:50.233513 2015] [:error] [pid 6661] [client 172.17.0.1:35435] PHP Notice:  Undefined index: quick_picker in /app/site/reporting/builder.phtml on line 442, referer: http://dealtrak/reporting/main
[Tue Jul 28 13:53:50.233515 2015] [:error] [pid 6661] [client 172.17.0.1:35435] PHP Stack trace:, referer: http://dealtrak/reporting/main
[Tue Jul 28 13:53:50.233517 2015] [:error] [pid 6661] [client 172.17.0.1:35435] PHP   1. {main}() /app/index.php:0, referer: http://dealtrak/reporting/main
[Tue Jul 28 13:53:50.233519 2015] [:error] [pid 6661] [client 172.17.0.1:35435] PHP   2. include() /app/index.php:363, referer: http://dealtrak/reporting/main
[Tue Jul 28 13:53:50.233521 2015] [:error] [pid 6661] [client 172.17.0.1:35435] PHP   3. include() /app/layouts/site.php:130, referer: http://dealtrak/reporting/main
[Tue Jul 28 13:53:50.233526 2015] [:error] [pid 6661] [client 172.17.0.1:35435] PHP Notice:  Undefined index: start_date in /app/site/reporting/builder.phtml on line 464, referer: http://dealtrak/reporting/main
[Tue Jul 28 13:53:50.233528 2015] [:error] [pid 6661] [client 172.17.0.1:35435] PHP Stack trace:, referer: http://dealtrak/reporting/main
[Tue Jul 28 13:53:50.233530 2015] [:error] [pid 6661] [client 172.17.0.1:35435] PHP   1. {main}() /app/index.php:0, referer: http://dealtrak/reporting/main
[Tue Jul 28 13:53:50.233532 2015] [:error] [pid 6661] [client 172.17.0.1:35435] PHP   2. include() /app/index.php:363, referer: http://dealtrak/reporting/main
[Tue Jul 28 13:53:50.233534 2015] [:error] [pid 6661] [client 172.17.0.1:35435] PHP   3. include() /app/layouts/site.php:130, referer: http://dealtrak/reporting/main
[Tue Jul 28 13:53:50.233538 2015] [:error] [pid 6661] [client 172.17.0.1:35435] PHP Notice:  Undefined index: end_date in /app/site/reporting/builder.phtml on line 467, referer: http://dealtrak/reporting/main
[Tue Jul 28 13:53:50.233539 2015] [:error] [pid 6661] [client 172.17.0.1:35435] PHP Stack trace:, referer: http://dealtrak/reporting/main
[Tue Jul 28 13:53:50.233542 2015] [:error] [pid 6661] [client 172.17.0.1:35435] PHP   1. {main}() /app/index.php:0, referer: http://dealtrak/reporting/main
[Tue Jul 28 13:53:50.233544 2015] [:error] [pid 6661] [client 172.17.0.1:35435] PHP   2. include() /app/index.php:363, referer: http://dealtrak/reporting/main
[Tue Jul 28 13:53:50.233546 2015] [:error] [pid 6661] [client 172.17.0.1:35435] PHP   3. include() /app/layouts/site.php:130, referer: http://dealtrak/reporting/main
[Tue Jul 28 13:53:50.233827 2015] [:error] [pid 6661] [client 172.17.0.1:35435] PHP Notice:  Undefined variable: staff_js in /app/site/reporting/builder.phtml on line 981, referer: http://dealtrak/reporting/main
[Tue Jul 28 13:53:50.233834 2015] [:error] [pid 6661] [client 172.17.0.1:35435] PHP Stack trace:, referer: http://dealtrak/reporting/main
[Tue Jul 28 13:53:50.233837 2015] [:error] [pid 6661] [client 172.17.0.1:35435] PHP   1. {main}() /app/index.php:0, referer: http://dealtrak/reporting/main
[Tue Jul 28 13:53:50.233840 2015] [:error] [pid 6661] [client 172.17.0.1:35435] PHP   2. include() /app/index.php:363, referer: http://dealtrak/reporting/main
[Tue Jul 28 13:53:50.233842 2015] [:error] [pid 6661] [client 172.17.0.1:35435] PHP   3. include() /app/layouts/site.php:130, referer: http://dealtrak/reporting/main
[Tue Jul 28 13:53:50.233854 2015] [:error] [pid 6661] [client 172.17.0.1:35435] PHP Warning:  join(): Invalid arguments passed in /app/site/reporting/builder.phtml on line 981, referer: http://dealtrak/reporting/main
[Tue Jul 28 13:53:50.233858 2015] [:error] [pid 6661] [client 172.17.0.1:35435] PHP Stack trace:, referer: http://dealtrak/reporting/main
[Tue Jul 28 13:53:50.233860 2015] [:error] [pid 6661] [client 172.17.0.1:35435] PHP   1. {main}() /app/index.php:0, referer: http://dealtrak/reporting/main
[Tue Jul 28 13:53:50.233862 2015] [:error] [pid 6661] [client 172.17.0.1:35435] PHP   2. include() /app/index.php:363, referer: http://dealtrak/reporting/main
[Tue Jul 28 13:53:50.233864 2015] [:error] [pid 6661] [client 172.17.0.1:35435] PHP   3. include() /app/layouts/site.php:130, referer: http://dealtrak/reporting/main
[Tue Jul 28 13:53:50.233867 2015] [:error] [pid 6661] [client 172.17.0.1:35435] PHP   4. join() /app/site/reporting/builder.phtml:981, referer: http://dealtrak/reporting/main
[Tue Jul 28 13:53:50.233873 2015] [:error] [pid 6661] [client 172.17.0.1:35435] PHP Notice:  Undefined index: select_staff in /app/site/reporting/builder.phtml on line 987, referer: http://dealtrak/reporting/main
[Tue Jul 28 13:53:50.233875 2015] [:error] [pid 6661] [client 172.17.0.1:35435] PHP Stack trace:, referer: http://dealtrak/reporting/main
[Tue Jul 28 13:53:50.233877 2015] [:error] [pid 6661] [client 172.17.0.1:35435] PHP   1. {main}() /app/index.php:0, referer: http://dealtrak/reporting/main
[Tue Jul 28 13:53:50.233879 2015] [:error] [pid 6661] [client 172.17.0.1:35435] PHP   2. include() /app/index.php:363, referer: http://dealtrak/reporting/main
[Tue Jul 28 13:53:50.233881 2015] [:error] [pid 6661] [client 172.17.0.1:35435] PHP   3. include() /app/layouts/site.php:130, referer: http://dealtrak/reporting/main
[Tue Jul 28 13:53:50.363043 2015] [:error] [pid 6661] [client 172.17.0.1:35435] PHP Notice:  Undefined variable: has_login_quiz_module in /app/layouts/site.php on line 118, referer: http://dealtrak/reporting/builder.php?report_id=2
[Tue Jul 28 13:53:50.363058 2015] [:error] [pid 6661] [client 172.17.0.1:35435] PHP Stack trace:, referer: http://dealtrak/reporting/builder.php?report_id=2
[Tue Jul 28 13:53:50.363062 2015] [:error] [pid 6661] [client 172.17.0.1:35435] PHP   1. {main}() /app/index.php:0, referer: http://dealtrak/reporting/builder.php?report_id=2
[Tue Jul 28 13:53:50.363065 2015] [:error] [pid 6661] [client 172.17.0.1:35435] PHP   2. include() /app/index.php:363, referer: http://dealtrak/reporting/builder.php?report_id=2
[Tue Jul 28 13:53:50.493868 2015] [:error] [pid 6661] [client 172.17.0.1:35435] PHP Notice:  Undefined variable: has_login_quiz_module in /app/layouts/site.php on line 118, referer: http://dealtrak/reporting/main
[Tue Jul 28 13:53:50.493885 2015] [:error] [pid 6661] [client 172.17.0.1:35435] PHP Stack trace:, referer: http://dealtrak/reporting/main
[Tue Jul 28 13:53:50.493897 2015] [:error] [pid 6661] [client 172.17.0.1:35435] PHP   1. {main}() /app/index.php:0, referer: http://dealtrak/reporting/main
[Tue Jul 28 13:53:50.493901 2015] [:error] [pid 6661] [client 172.17.0.1:35435] PHP   2. include() /app/index.php:363, referer: http://dealtrak/reporting/main
[Tue Jul 28 13:53:50.493964 2015] [:error] [pid 6661] [client 172.17.0.1:35435] PHP Notice:  Undefined index: select_proposal_status in /app/site/reporting/builder.phtml on line 21, referer: http://dealtrak/reporting/main
[Tue Jul 28 13:53:50.493967 2015] [:error] [pid 6661] [client 172.17.0.1:35435] PHP Stack trace:, referer: http://dealtrak/reporting/main
[Tue Jul 28 13:53:50.493971 2015] [:error] [pid 6661] [client 172.17.0.1:35435] PHP   1. {main}() /app/index.php:0, referer: http://dealtrak/reporting/main
[Tue Jul 28 13:53:50.493973 2015] [:error] [pid 6661] [client 172.17.0.1:35435] PHP   2. include() /app/index.php:363, referer: http://dealtrak/reporting/main
[Tue Jul 28 13:53:50.493976 2015] [:error] [pid 6661] [client 172.17.0.1:35435] PHP   3. include() /app/layouts/site.php:130, referer: http://dealtrak/reporting/main
[Tue Jul 28 13:53:50.493982 2015] [:error] [pid 6661] [client 172.17.0.1:35435] PHP Notice:  Undefined index: select_proposal_status in /app/site/reporting/builder.phtml on line 21, referer: http://dealtrak/reporting/main
[Tue Jul 28 13:53:50.493984 2015] [:error] [pid 6661] [client 172.17.0.1:35435] PHP Stack trace:, referer: http://dealtrak/reporting/main
[Tue Jul 28 13:53:50.493987 2015] [:error] [pid 6661] [client 172.17.0.1:35435] PHP   1. {main}() /app/index.php:0, referer: http://dealtrak/reporting/main
[Tue Jul 28 13:53:50.493989 2015] [:error] [pid 6661] [client 172.17.0.1:35435] PHP   2. include() /app/index.php:363, referer: http://dealtrak/reporting/main
[Tue Jul 28 13:53:50.493992 2015] [:error] [pid 6661] [client 172.17.0.1:35435] PHP   3. include() /app/layouts/site.php:130, referer: http://dealtrak/reporting/main
[Tue Jul 28 13:53:50.493997 2015] [:error] [pid 6661] [client 172.17.0.1:35435] PHP Notice:  Undefined index: select_proposal_status in /app/site/reporting/builder.phtml on line 21, referer: http://dealtrak/reporting/main
[Tue Jul 28 13:53:50.493999 2015] [:error] [pid 6661] [client 172.17.0.1:35435] PHP Stack trace:, referer: http://dealtrak/reporting/main
[Tue Jul 28 13:53:50.494001 2015] [:error] [pid 6661] [client 172.17.0.1:35435] PHP   1. {main}() /app/index.php:0, referer: http://dealtrak/reporting/main
[Tue Jul 28 13:53:50.494003 2015] [:error] [pid 6661] [client 172.17.0.1:35435] PHP   2. include() /app/index.php:363, referer: http://dealtrak/reporting/main
[Tue Jul 28 13:53:50.494005 2015] [:error] [pid 6661] [client 172.17.0.1:35435] PHP   3. include() /app/layouts/site.php:130, referer: http://dealtrak/reporting/main
[Tue Jul 28 13:53:50.494010 2015] [:error] [pid 6661] [client 172.17.0.1:35435] PHP Notice:  Undefined index: select_proposal_status in /app/site/reporting/builder.phtml on line 21, referer: http://dealtrak/reporting/main
[Tue Jul 28 13:53:50.494012 2015] [:error] [pid 6661] [client 172.17.0.1:35435] PHP Stack trace:, referer: http://dealtrak/reporting/main
[Tue Jul 28 13:53:50.494014 2015] [:error] [pid 6661] [client 172.17.0.1:35435] PHP   1. {main}() /app/index.php:0, referer: http://dealtrak/reporting/main
[Tue Jul 28 13:53:50.494017 2015] [:error] [pid 6661] [client 172.17.0.1:35435] PHP   2. include() /app/index.php:363, referer: http://dealtrak/reporting/main
[Tue Jul 28 13:53:50.494019 2015] [:error] [pid 6661] [client 172.17.0.1:35435] PHP   3. include() /app/layouts/site.php:130, referer: http://dealtrak/reporting/main
[Tue Jul 28 13:53:50.494028 2015] [:error] [pid 6661] [client 172.17.0.1:35435] PHP Notice:  Undefined index: select_proposal_status in /app/site/reporting/builder.phtml on line 21, referer: http://dealtrak/reporting/main
[Tue Jul 28 13:53:50.494030 2015] [:error] [pid 6661] [client 172.17.0.1:35435] PHP Stack trace:, referer: http://dealtrak/reporting/main
[Tue Jul 28 13:53:50.494032 2015] [:error] [pid 6661] [client 172.17.0.1:35435] PHP   1. {main}() /app/index.php:0, referer: http://dealtrak/reporting/main
[Tue Jul 28 13:53:50.494034 2015] [:error] [pid 6661] [client 172.17.0.1:35435] PHP   2. include() /app/index.php:363, referer: http://dealtrak/reporting/main
[Tue Jul 28 13:53:50.494037 2015] [:error] [pid 6661] [client 172.17.0.1:35435] PHP   3. include() /app/layouts/site.php:130, referer: http://dealtrak/reporting/main
[Tue Jul 28 13:53:50.494041 2015] [:error] [pid 6661] [client 172.17.0.1:35435] PHP Notice:  Undefined index: select_proposal_status in /app/site/reporting/builder.phtml on line 21, referer: http://dealtrak/reporting/main
[Tue Jul 28 13:53:50.494043 2015] [:error] [pid 6661] [client 172.17.0.1:35435] PHP Stack trace:, referer: http://dealtrak/reporting/main
[Tue Jul 28 13:53:50.494045 2015] [:error] [pid 6661] [client 172.17.0.1:35435] PHP   1. {main}() /app/index.php:0, referer: http://dealtrak/reporting/main
[Tue Jul 28 13:53:50.494048 2015] [:error] [pid 6661] [client 172.17.0.1:35435] PHP   2. include() /app/index.php:363, referer: http://dealtrak/reporting/main
[Tue Jul 28 13:53:50.494050 2015] [:error] [pid 6661] [client 172.17.0.1:35435] PHP   3. include() /app/layouts/site.php:130, referer: http://dealtrak/reporting/main
[Tue Jul 28 13:53:50.494054 2015] [:error] [pid 6661] [client 172.17.0.1:35435] PHP Notice:  Undefined index: select_proposal_status in /app/site/reporting/builder.phtml on line 24, referer: http://dealtrak/reporting/main
[Tue Jul 28 13:53:50.494056 2015] [:error] [pid 6661] [client 172.17.0.1:35435] PHP Stack trace:, referer: http://dealtrak/reporting/main
[Tue Jul 28 13:53:50.494058 2015] [:error] [pid 6661] [client 172.17.0.1:35435] PHP   1. {main}() /app/index.php:0, referer: http://dealtrak/reporting/main
[Tue Jul 28 13:53:50.494061 2015] [:error] [pid 6661] [client 172.17.0.1:35435] PHP   2. include() /app/index.php:363, referer: http://dealtrak/reporting/main
[Tue Jul 28 13:53:50.494063 2015] [:error] [pid 6661] [client 172.17.0.1:35435] PHP   3. include() /app/layouts/site.php:130, referer: http://dealtrak/reporting/main
[Tue Jul 28 13:53:50.494249 2015] [:error] [pid 6661] [client 172.17.0.1:35435] PHP Notice:  Undefined index: quick_picker in /app/site/reporting/builder.phtml on line 430, referer: http://dealtrak/reporting/main
[Tue Jul 28 13:53:50.494252 2015] [:error] [pid 6661] [client 172.17.0.1:35435] PHP Stack trace:, referer: http://dealtrak/reporting/main
[Tue Jul 28 13:53:50.494254 2015] [:error] [pid 6661] [client 172.17.0.1:35435] PHP   1. {main}() /app/index.php:0, referer: http://dealtrak/reporting/main
[Tue Jul 28 13:53:50.494257 2015] [:error] [pid 6661] [client 172.17.0.1:35435] PHP   2. include() /app/index.php:363, referer: http://dealtrak/reporting/main
[Tue Jul 28 13:53:50.494259 2015] [:error] [pid 6661] [client 172.17.0.1:35435] PHP   3. include() /app/layouts/site.php:130, referer: http://dealtrak/reporting/main
[Tue Jul 28 13:53:50.494264 2015] [:error] [pid 6661] [client 172.17.0.1:35435] PHP Notice:  Undefined index: quick_picker in /app/site/reporting/builder.phtml on line 431, referer: http://dealtrak/reporting/main
[Tue Jul 28 13:53:50.494266 2015] [:error] [pid 6661] [client 172.17.0.1:35435] PHP Stack trace:, referer: http://dealtrak/reporting/main
[Tue Jul 28 13:53:50.494271 2015] [:error] [pid 6661] [client 172.17.0.1:35435] PHP   1. {main}() /app/index.php:0, referer: http://dealtrak/reporting/main
[Tue Jul 28 13:53:50.494274 2015] [:error] [pid 6661] [client 172.17.0.1:35435] PHP   2. include() /app/index.php:363, referer: http://dealtrak/reporting/main
[Tue Jul 28 13:53:50.494276 2015] [:error] [pid 6661] [client 172.17.0.1:35435] PHP   3. include() /app/layouts/site.php:130, referer: http://dealtrak/reporting/main
[Tue Jul 28 13:53:50.494281 2015] [:error] [pid 6661] [client 172.17.0.1:35435] PHP Notice:  Undefined index: quick_picker in /app/site/reporting/builder.phtml on line 432, referer: http://dealtrak/reporting/main
[Tue Jul 28 13:53:50.494283 2015] [:error] [pid 6661] [client 172.17.0.1:35435] PHP Stack trace:, referer: http://dealtrak/reporting/main
[Tue Jul 28 13:53:50.494285 2015] [:error] [pid 6661] [client 172.17.0.1:35435] PHP   1. {main}() /app/index.php:0, referer: http://dealtrak/reporting/main
[Tue Jul 28 13:53:50.494287 2015] [:error] [pid 6661] [client 172.17.0.1:35435] PHP   2. include() /app/index.php:363, referer: http://dealtrak/reporting/main
[Tue Jul 28 13:53:50.494290 2015] [:error] [pid 6661] [client 172.17.0.1:35435] PHP   3. include() /app/layouts/site.php:130, referer: http://dealtrak/reporting/main
[Tue Jul 28 13:53:50.494294 2015] [:error] [pid 6661] [client 172.17.0.1:35435] PHP Notice:  Undefined index: quick_picker in /app/site/reporting/builder.phtml on line 433, referer: http://dealtrak/reporting/main
[Tue Jul 28 13:53:50.494296 2015] [:error] [pid 6661] [client 172.17.0.1:35435] PHP Stack trace:, referer: http://dealtrak/reporting/main
[Tue Jul 28 13:53:50.494298 2015] [:error] [pid 6661] [client 172.17.0.1:35435] PHP   1. {main}() /app/index.php:0, referer: http://dealtrak/reporting/main
[Tue Jul 28 13:53:50.494300 2015] [:error] [pid 6661] [client 172.17.0.1:35435] PHP   2. include() /app/index.php:363, referer: http://dealtrak/reporting/main
[Tue Jul 28 13:53:50.494303 2015] [:error] [pid 6661] [client 172.17.0.1:35435] PHP   3. include() /app/layouts/site.php:130, referer: http://dealtrak/reporting/main
[Tue Jul 28 13:53:50.494307 2015] [:error] [pid 6661] [client 172.17.0.1:35435] PHP Notice:  Undefined index: quick_picker in /app/site/reporting/builder.phtml on line 434, referer: http://dealtrak/reporting/main
[Tue Jul 28 13:53:50.494309 2015] [:error] [pid 6661] [client 172.17.0.1:35435] PHP Stack trace:, referer: http://dealtrak/reporting/main
[Tue Jul 28 13:53:50.494311 2015] [:error] [pid 6661] [client 172.17.0.1:35435] PHP   1. {main}() /app/index.php:0, referer: http://dealtrak/reporting/main
[Tue Jul 28 13:53:50.494313 2015] [:error] [pid 6661] [client 172.17.0.1:35435] PHP   2. include() /app/index.php:363, referer: http://dealtrak/reporting/main
[Tue Jul 28 13:53:50.494316 2015] [:error] [pid 6661] [client 172.17.0.1:35435] PHP   3. include() /app/layouts/site.php:130, referer: http://dealtrak/reporting/main
[Tue Jul 28 13:53:50.494320 2015] [:error] [pid 6661] [client 172.17.0.1:35435] PHP Notice:  Undefined index: quick_picker in /app/site/reporting/builder.phtml on line 435, referer: http://dealtrak/reporting/main
[Tue Jul 28 13:53:50.494322 2015] [:error] [pid 6661] [client 172.17.0.1:35435] PHP Stack trace:, referer: http://dealtrak/reporting/main
[Tue Jul 28 13:53:50.494324 2015] [:error] [pid 6661] [client 172.17.0.1:35435] PHP   1. {main}() /app/index.php:0, referer: http://dealtrak/reporting/main
[Tue Jul 28 13:53:50.494326 2015] [:error] [pid 6661] [client 172.17.0.1:35435] PHP   2. include() /app/index.php:363, referer: http://dealtrak/reporting/main
[Tue Jul 28 13:53:50.494330 2015] [:error] [pid 6661] [client 172.17.0.1:35435] PHP   3. include() /app/layouts/site.php:130, referer: http://dealtrak/reporting/main
[Tue Jul 28 13:53:50.494335 2015] [:error] [pid 6661] [client 172.17.0.1:35435] PHP Notice:  Undefined index: quick_picker in /app/site/reporting/builder.phtml on line 436, referer: http://dealtrak/reporting/main
[Tue Jul 28 13:53:50.494337 2015] [:error] [pid 6661] [client 172.17.0.1:35435] PHP Stack trace:, referer: http://dealtrak/reporting/main
[Tue Jul 28 13:53:50.494339 2015] [:error] [pid 6661] [client 172.17.0.1:35435] PHP   1. {main}() /app/index.php:0, referer: http://dealtrak/reporting/main
[Tue Jul 28 13:53:50.494341 2015] [:error] [pid 6661] [client 172.17.0.1:35435] PHP   2. include() /app/index.php:363, referer: http://dealtrak/reporting/main
[Tue Jul 28 13:53:50.494343 2015] [:error] [pid 6661] [client 172.17.0.1:35435] PHP   3. include() /app/layouts/site.php:130, referer: http://dealtrak/reporting/main
[Tue Jul 28 13:53:50.494348 2015] [:error] [pid 6661] [client 172.17.0.1:35435] PHP Notice:  Undefined index: quick_picker in /app/site/reporting/builder.phtml on line 438, referer: http://dealtrak/reporting/main
[Tue Jul 28 13:53:50.494350 2015] [:error] [pid 6661] [client 172.17.0.1:35435] PHP Stack trace:, referer: http://dealtrak/reporting/main
[Tue Jul 28 13:53:50.494352 2015] [:error] [pid 6661] [client 172.17.0.1:35435] PHP   1. {main}() /app/index.php:0, referer: http://dealtrak/reporting/main
[Tue Jul 28 13:53:50.494354 2015] [:error] [pid 6661] [client 172.17.0.1:35435] PHP   2. include() /app/index.php:363, referer: http://dealtrak/reporting/main
[Tue Jul 28 13:53:50.494356 2015] [:error] [pid 6661] [client 172.17.0.1:35435] PHP   3. include() /app/layouts/site.php:130, referer: http://dealtrak/reporting/main
[Tue Jul 28 13:53:50.494361 2015] [:error] [pid 6661] [client 172.17.0.1:35435] PHP Notice:  Undefined index: quick_picker in /app/site/reporting/builder.phtml on line 440, referer: http://dealtrak/reporting/main
[Tue Jul 28 13:53:50.494362 2015] [:error] [pid 6661] [client 172.17.0.1:35435] PHP Stack trace:, referer: http://dealtrak/reporting/main
[Tue Jul 28 13:53:50.494365 2015] [:error] [pid 6661] [client 172.17.0.1:35435] PHP   1. {main}() /app/index.php:0, referer: http://dealtrak/reporting/main
[Tue Jul 28 13:53:50.494367 2015] [:error] [pid 6661] [client 172.17.0.1:35435] PHP   2. include() /app/index.php:363, referer: http://dealtrak/reporting/main
[Tue Jul 28 13:53:50.494369 2015] [:error] [pid 6661] [client 172.17.0.1:35435] PHP   3. include() /app/layouts/site.php:130, referer: http://dealtrak/reporting/main
[Tue Jul 28 13:53:50.494374 2015] [:error] [pid 6661] [client 172.17.0.1:35435] PHP Notice:  Undefined index: quick_picker in /app/site/reporting/builder.phtml on line 442, referer: http://dealtrak/reporting/main
[Tue Jul 28 13:53:50.494375 2015] [:error] [pid 6661] [client 172.17.0.1:35435] PHP Stack trace:, referer: http://dealtrak/reporting/main
[Tue Jul 28 13:53:50.494378 2015] [:error] [pid 6661] [client 172.17.0.1:35435] PHP   1. {main}() /app/index.php:0, referer: http://dealtrak/reporting/main
[Tue Jul 28 13:53:50.494380 2015] [:error] [pid 6661] [client 172.17.0.1:35435] PHP   2. include() /app/index.php:363, referer: http://dealtrak/reporting/main
[Tue Jul 28 13:53:50.494382 2015] [:error] [pid 6661] [client 172.17.0.1:35435] PHP   3. include() /app/layouts/site.php:130, referer: http://dealtrak/reporting/main
[Tue Jul 28 13:53:50.494388 2015] [:error] [pid 6661] [client 172.17.0.1:35435] PHP Notice:  Undefined index: start_date in /app/site/reporting/builder.phtml on line 464, referer: http://dealtrak/reporting/main
[Tue Jul 28 13:53:50.494391 2015] [:error] [pid 6661] [client 172.17.0.1:35435] PHP Stack trace:, referer: http://dealtrak/reporting/main
[Tue Jul 28 13:53:50.494394 2015] [:error] [pid 6661] [client 172.17.0.1:35435] PHP   1. {main}() /app/index.php:0, referer: http://dealtrak/reporting/main
[Tue Jul 28 13:53:50.494396 2015] [:error] [pid 6661] [client 172.17.0.1:35435] PHP   2. include() /app/index.php:363, referer: http://dealtrak/reporting/main
[Tue Jul 28 13:53:50.494398 2015] [:error] [pid 6661] [client 172.17.0.1:35435] PHP   3. include() /app/layouts/site.php:130, referer: http://dealtrak/reporting/main
[Tue Jul 28 13:53:50.494403 2015] [:error] [pid 6661] [client 172.17.0.1:35435] PHP Notice:  Undefined index: end_date in /app/site/reporting/builder.phtml on line 467, referer: http://dealtrak/reporting/main
[Tue Jul 28 13:53:50.494405 2015] [:error] [pid 6661] [client 172.17.0.1:35435] PHP Stack trace:, referer: http://dealtrak/reporting/main
[Tue Jul 28 13:53:50.494407 2015] [:error] [pid 6661] [client 172.17.0.1:35435] PHP   1. {main}() /app/index.php:0, referer: http://dealtrak/reporting/main
[Tue Jul 28 13:53:50.494409 2015] [:error] [pid 6661] [client 172.17.0.1:35435] PHP   2. include() /app/index.php:363, referer: http://dealtrak/reporting/main
[Tue Jul 28 13:53:50.494411 2015] [:error] [pid 6661] [client 172.17.0.1:35435] PHP   3. include() /app/layouts/site.php:130, referer: http://dealtrak/reporting/main
[Tue Jul 28 13:53:50.494726 2015] [:error] [pid 6661] [client 172.17.0.1:35435] PHP Notice:  Undefined variable: staff_js in /app/site/reporting/builder.phtml on line 981, referer: http://dealtrak/reporting/main
[Tue Jul 28 13:53:50.494730 2015] [:error] [pid 6661] [client 172.17.0.1:35435] PHP Stack trace:, referer: http://dealtrak/reporting/main
[Tue Jul 28 13:53:50.494734 2015] [:error] [pid 6661] [client 172.17.0.1:35435] PHP   1. {main}() /app/index.php:0, referer: http://dealtrak/reporting/main
[Tue Jul 28 13:53:50.494737 2015] [:error] [pid 6661] [client 172.17.0.1:35435] PHP   2. include() /app/index.php:363, referer: http://dealtrak/reporting/main
[Tue Jul 28 13:53:50.494739 2015] [:error] [pid 6661] [client 172.17.0.1:35435] PHP   3. include() /app/layouts/site.php:130, referer: http://dealtrak/reporting/main
[Tue Jul 28 13:53:50.494748 2015] [:error] [pid 6661] [client 172.17.0.1:35435] PHP Warning:  join(): Invalid arguments passed in /app/site/reporting/builder.phtml on line 981, referer: http://dealtrak/reporting/main
[Tue Jul 28 13:53:50.494750 2015] [:error] [pid 6661] [client 172.17.0.1:35435] PHP Stack trace:, referer: http://dealtrak/reporting/main
[Tue Jul 28 13:53:50.494752 2015] [:error] [pid 6661] [client 172.17.0.1:35435] PHP   1. {main}() /app/index.php:0, referer: http://dealtrak/reporting/main
[Tue Jul 28 13:53:50.494755 2015] [:error] [pid 6661] [client 172.17.0.1:35435] PHP   2. include() /app/index.php:363, referer: http://dealtrak/reporting/main
[Tue Jul 28 13:53:50.494757 2015] [:error] [pid 6661] [client 172.17.0.1:35435] PHP   3. include() /app/layouts/site.php:130, referer: http://dealtrak/reporting/main
[Tue Jul 28 13:53:50.494760 2015] [:error] [pid 6661] [client 172.17.0.1:35435] PHP   4. join() /app/site/reporting/builder.phtml:981, referer: http://dealtrak/reporting/main
[Tue Jul 28 13:53:50.494766 2015] [:error] [pid 6661] [client 172.17.0.1:35435] PHP Notice:  Undefined index: select_staff in /app/site/reporting/builder.phtml on line 987, referer: http://dealtrak/reporting/main
[Tue Jul 28 13:53:50.494768 2015] [:error] [pid 6661] [client 172.17.0.1:35435] PHP Stack trace:, referer: http://dealtrak/reporting/main
[Tue Jul 28 13:53:50.494774 2015] [:error] [pid 6661] [client 172.17.0.1:35435] PHP   1. {main}() /app/index.php:0, referer: http://dealtrak/reporting/main
[Tue Jul 28 13:53:50.494777 2015] [:error] [pid 6661] [client 172.17.0.1:35435] PHP   2. include() /app/index.php:363, referer: http://dealtrak/reporting/main
[Tue Jul 28 13:53:50.494779 2015] [:error] [pid 6661] [client 172.17.0.1:35435] PHP   3. include() /app/layouts/site.php:130, referer: http://dealtrak/reporting/main
[Tue Jul 28 13:53:50.625245 2015] [:error] [pid 6661] [client 172.17.0.1:35435] PHP Notice:  Undefined variable: has_login_quiz_module in /app/layouts/site.php on line 118, referer: http://dealtrak/reporting/builder.php?report_id=3
[Tue Jul 28 13:53:50.625261 2015] [:error] [pid 6661] [client 172.17.0.1:35435] PHP Stack trace:, referer: http://dealtrak/reporting/builder.php?report_id=3
[Tue Jul 28 13:53:50.625265 2015] [:error] [pid 6661] [client 172.17.0.1:35435] PHP   1. {main}() /app/index.php:0, referer: http://dealtrak/reporting/builder.php?report_id=3
[Tue Jul 28 13:53:50.625268 2015] [:error] [pid 6661] [client 172.17.0.1:35435] PHP   2. include() /app/index.php:363, referer: http://dealtrak/reporting/builder.php?report_id=3
[Tue Jul 28 13:53:50.769267 2015] [:error] [pid 6661] [client 172.17.0.1:35435] PHP Notice:  Undefined offset: 0 in /app/models/proposal_statuses_custom.php on line 113, referer: http://dealtrak/reporting/main
[Tue Jul 28 13:53:50.769281 2015] [:error] [pid 6661] [client 172.17.0.1:35435] PHP Stack trace:, referer: http://dealtrak/reporting/main
[Tue Jul 28 13:53:50.769285 2015] [:error] [pid 6661] [client 172.17.0.1:35435] PHP   1. {main}() /app/index.php:0, referer: http://dealtrak/reporting/main
[Tue Jul 28 13:53:50.769288 2015] [:error] [pid 6661] [client 172.17.0.1:35435] PHP   2. include() /app/index.php:268, referer: http://dealtrak/reporting/main
[Tue Jul 28 13:53:50.769291 2015] [:error] [pid 6661] [client 172.17.0.1:35435] PHP   3. get_all_proposal_statuses() /app/site/reporting/builder.php:117, referer: http://dealtrak/reporting/main
[Tue Jul 28 13:53:50.769298 2015] [:error] [pid 6661] [client 172.17.0.1:35435] PHP Warning:  Invalid argument supplied for foreach() in /app/models/proposal_statuses_custom.php on line 113, referer: http://dealtrak/reporting/main
[Tue Jul 28 13:53:50.769300 2015] [:error] [pid 6661] [client 172.17.0.1:35435] PHP Stack trace:, referer: http://dealtrak/reporting/main
[Tue Jul 28 13:53:50.769302 2015] [:error] [pid 6661] [client 172.17.0.1:35435] PHP   1. {main}() /app/index.php:0, referer: http://dealtrak/reporting/main
[Tue Jul 28 13:53:50.769305 2015] [:error] [pid 6661] [client 172.17.0.1:35435] PHP   2. include() /app/index.php:268, referer: http://dealtrak/reporting/main
[Tue Jul 28 13:53:50.769307 2015] [:error] [pid 6661] [client 172.17.0.1:35435] PHP   3. get_all_proposal_statuses() /app/site/reporting/builder.php:117, referer: http://dealtrak/reporting/main
[Tue Jul 28 13:53:50.787398 2015] [:error] [pid 6661] [client 172.17.0.1:35435] PHP Notice:  Undefined index: select_staff in /app/site/reporting/builder.php on line 316, referer: http://dealtrak/reporting/main
[Tue Jul 28 13:53:50.787414 2015] [:error] [pid 6661] [client 172.17.0.1:35435] PHP Stack trace:, referer: http://dealtrak/reporting/main
[Tue Jul 28 13:53:50.787420 2015] [:error] [pid 6661] [client 172.17.0.1:35435] PHP   1. {main}() /app/index.php:0, referer: http://dealtrak/reporting/main
[Tue Jul 28 13:53:50.787424 2015] [:error] [pid 6661] [client 172.17.0.1:35435] PHP   2. include() /app/index.php:268, referer: http://dealtrak/reporting/main
[Tue Jul 28 13:53:50.787466 2015] [:error] [pid 6661] [client 172.17.0.1:35435] PHP Notice:  Undefined index: select_staff in /app/site/reporting/builder.php on line 316, referer: http://dealtrak/reporting/main
[Tue Jul 28 13:53:50.787476 2015] [:error] [pid 6661] [client 172.17.0.1:35435] PHP Stack trace:, referer: http://dealtrak/reporting/main
[Tue Jul 28 13:53:50.787479 2015] [:error] [pid 6661] [client 172.17.0.1:35435] PHP   1. {main}() /app/index.php:0, referer: http://dealtrak/reporting/main
[Tue Jul 28 13:53:50.787482 2015] [:error] [pid 6661] [client 172.17.0.1:35435] PHP   2. include() /app/index.php:268, referer: http://dealtrak/reporting/main
[Tue Jul 28 13:53:50.787858 2015] [:error] [pid 6661] [client 172.17.0.1:35435] PHP Notice:  Undefined variable: has_login_quiz_module in /app/layouts/site.php on line 118, referer: http://dealtrak/reporting/main
[Tue Jul 28 13:53:50.787867 2015] [:error] [pid 6661] [client 172.17.0.1:35435] PHP Stack trace:, referer: http://dealtrak/reporting/main
[Tue Jul 28 13:53:50.787871 2015] [:error] [pid 6661] [client 172.17.0.1:35435] PHP   1. {main}() /app/index.php:0, referer: http://dealtrak/reporting/main
[Tue Jul 28 13:53:50.787874 2015] [:error] [pid 6661] [client 172.17.0.1:35435] PHP   2. include() /app/index.php:363, referer: http://dealtrak/reporting/main
[Tue Jul 28 13:53:50.787941 2015] [:error] [pid 6661] [client 172.17.0.1:35435] PHP Notice:  Undefined index: select_proposal_status in /app/site/reporting/builder.phtml on line 21, referer: http://dealtrak/reporting/main
[Tue Jul 28 13:53:50.787944 2015] [:error] [pid 6661] [client 172.17.0.1:35435] PHP Stack trace:, referer: http://dealtrak/reporting/main
[Tue Jul 28 13:53:50.787947 2015] [:error] [pid 6661] [client 172.17.0.1:35435] PHP   1. {main}() /app/index.php:0, referer: http://dealtrak/reporting/main
[Tue Jul 28 13:53:50.787950 2015] [:error] [pid 6661] [client 172.17.0.1:35435] PHP   2. include() /app/index.php:363, referer: http://dealtrak/reporting/main
[Tue Jul 28 13:53:50.787952 2015] [:error] [pid 6661] [client 172.17.0.1:35435] PHP   3. include() /app/layouts/site.php:130, referer: http://dealtrak/reporting/main
[Tue Jul 28 13:53:50.787960 2015] [:error] [pid 6661] [client 172.17.0.1:35435] PHP Notice:  Undefined index: select_proposal_status in /app/site/reporting/builder.phtml on line 21, referer: http://dealtrak/reporting/main
[Tue Jul 28 13:53:50.787963 2015] [:error] [pid 6661] [client 172.17.0.1:35435] PHP Stack trace:, referer: http://dealtrak/reporting/main
[Tue Jul 28 13:53:50.787965 2015] [:error] [pid 6661] [client 172.17.0.1:35435] PHP   1. {main}() /app/index.php:0, referer: http://dealtrak/reporting/main
[Tue Jul 28 13:53:50.787968 2015] [:error] [pid 6661] [client 172.17.0.1:35435] PHP   2. include() /app/index.php:363, referer: http://dealtrak/reporting/main
[Tue Jul 28 13:53:50.787970 2015] [:error] [pid 6661] [client 172.17.0.1:35435] PHP   3. include() /app/layouts/site.php:130, referer: http://dealtrak/reporting/main
[Tue Jul 28 13:53:50.787976 2015] [:error] [pid 6661] [client 172.17.0.1:35435] PHP Notice:  Undefined index: select_proposal_status in /app/site/reporting/builder.phtml on line 21, referer: http://dealtrak/reporting/main
[Tue Jul 28 13:53:50.787978 2015] [:error] [pid 6661] [client 172.17.0.1:35435] PHP Stack trace:, referer: http://dealtrak/reporting/main
[Tue Jul 28 13:53:50.787980 2015] [:error] [pid 6661] [client 172.17.0.1:35435] PHP   1. {main}() /app/index.php:0, referer: http://dealtrak/reporting/main
[Tue Jul 28 13:53:50.787983 2015] [:error] [pid 6661] [client 172.17.0.1:35435] PHP   2. include() /app/index.php:363, referer: http://dealtrak/reporting/main
[Tue Jul 28 13:53:50.787985 2015] [:error] [pid 6661] [client 172.17.0.1:35435] PHP   3. include() /app/layouts/site.php:130, referer: http://dealtrak/reporting/main
[Tue Jul 28 13:53:50.787997 2015] [:error] [pid 6661] [client 172.17.0.1:35435] PHP Notice:  Undefined index: select_proposal_status in /app/site/reporting/builder.phtml on line 21, referer: http://dealtrak/reporting/main
[Tue Jul 28 13:53:50.788000 2015] [:error] [pid 6661] [client 172.17.0.1:35435] PHP Stack trace:, referer: http://dealtrak/reporting/main
[Tue Jul 28 13:53:50.788002 2015] [:error] [pid 6661] [client 172.17.0.1:35435] PHP   1. {main}() /app/index.php:0, referer: http://dealtrak/reporting/main
[Tue Jul 28 13:53:50.788005 2015] [:error] [pid 6661] [client 172.17.0.1:35435] PHP   2. include() /app/index.php:363, referer: http://dealtrak/reporting/main
[Tue Jul 28 13:53:50.788007 2015] [:error] [pid 6661] [client 172.17.0.1:35435] PHP   3. include() /app/layouts/site.php:130, referer: http://dealtrak/reporting/main
[Tue Jul 28 13:53:50.788013 2015] [:error] [pid 6661] [client 172.17.0.1:35435] PHP Notice:  Undefined index: select_proposal_status in /app/site/reporting/builder.phtml on line 21, referer: http://dealtrak/reporting/main
[Tue Jul 28 13:53:50.788015 2015] [:error] [pid 6661] [client 172.17.0.1:35435] PHP Stack trace:, referer: http://dealtrak/reporting/main
[Tue Jul 28 13:53:50.788017 2015] [:error] [pid 6661] [client 172.17.0.1:35435] PHP   1. {main}() /app/index.php:0, referer: http://dealtrak/reporting/main
[Tue Jul 28 13:53:50.788019 2015] [:error] [pid 6661] [client 172.17.0.1:35435] PHP   2. include() /app/index.php:363, referer: http://dealtrak/reporting/main
[Tue Jul 28 13:53:50.788022 2015] [:error] [pid 6661] [client 172.17.0.1:35435] PHP   3. include() /app/layouts/site.php:130, referer: http://dealtrak/reporting/main
[Tue Jul 28 13:53:50.788027 2015] [:error] [pid 6661] [client 172.17.0.1:35435] PHP Notice:  Undefined index: select_proposal_status in /app/site/reporting/builder.phtml on line 21, referer: http://dealtrak/reporting/main
[Tue Jul 28 13:53:50.788029 2015] [:error] [pid 6661] [client 172.17.0.1:35435] PHP Stack trace:, referer: http://dealtrak/reporting/main
[Tue Jul 28 13:53:50.788031 2015] [:error] [pid 6661] [client 172.17.0.1:35435] PHP   1. {main}() /app/index.php:0, referer: http://dealtrak/reporting/main
[Tue Jul 28 13:53:50.788034 2015] [:error] [pid 6661] [client 172.17.0.1:35435] PHP   2. include() /app/index.php:363, referer: http://dealtrak/reporting/main
[Tue Jul 28 13:53:50.788036 2015] [:error] [pid 6661] [client 172.17.0.1:35435] PHP   3. include() /app/layouts/site.php:130, referer: http://dealtrak/reporting/main
[Tue Jul 28 13:53:50.788042 2015] [:error] [pid 6661] [client 172.17.0.1:35435] PHP Notice:  Undefined index: select_proposal_status in /app/site/reporting/builder.phtml on line 21, referer: http://dealtrak/reporting/main
[Tue Jul 28 13:53:50.788043 2015] [:error] [pid 6661] [client 172.17.0.1:35435] PHP Stack trace:, referer: http://dealtrak/reporting/main
[Tue Jul 28 13:53:50.788046 2015] [:error] [pid 6661] [client 172.17.0.1:35435] PHP   1. {main}() /app/index.php:0, referer: http://dealtrak/reporting/main
[Tue Jul 28 13:53:50.788048 2015] [:error] [pid 6661] [client 172.17.0.1:35435] PHP   2. include() /app/index.php:363, referer: http://dealtrak/reporting/main
[Tue Jul 28 13:53:50.788051 2015] [:error] [pid 6661] [client 172.17.0.1:35435] PHP   3. include() /app/layouts/site.php:130, referer: http://dealtrak/reporting/main
[Tue Jul 28 13:53:50.788056 2015] [:error] [pid 6661] [client 172.17.0.1:35435] PHP Notice:  Undefined index: select_proposal_status in /app/site/reporting/builder.phtml on line 21, referer: http://dealtrak/reporting/main
[Tue Jul 28 13:53:50.788060 2015] [:error] [pid 6661] [client 172.17.0.1:35435] PHP Stack trace:, referer: http://dealtrak/reporting/main
[Tue Jul 28 13:53:50.788063 2015] [:error] [pid 6661] [client 172.17.0.1:35435] PHP   1. {main}() /app/index.php:0, referer: http://dealtrak/reporting/main
[Tue Jul 28 13:53:50.788065 2015] [:error] [pid 6661] [client 172.17.0.1:35435] PHP   2. include() /app/index.php:363, referer: http://dealtrak/reporting/main
[Tue Jul 28 13:53:50.788067 2015] [:error] [pid 6661] [client 172.17.0.1:35435] PHP   3. include() /app/layouts/site.php:130, referer: http://dealtrak/reporting/main
[Tue Jul 28 13:53:50.788073 2015] [:error] [pid 6661] [client 172.17.0.1:35435] PHP Notice:  Undefined index: select_proposal_status in /app/site/reporting/builder.phtml on line 21, referer: http://dealtrak/reporting/main
[Tue Jul 28 13:53:50.788075 2015] [:error] [pid 6661] [client 172.17.0.1:35435] PHP Stack trace:, referer: http://dealtrak/reporting/main
[Tue Jul 28 13:53:50.788078 2015] [:error] [pid 6661] [client 172.17.0.1:35435] PHP   1. {main}() /app/index.php:0, referer: http://dealtrak/reporting/main
[Tue Jul 28 13:53:50.788080 2015] [:error] [pid 6661] [client 172.17.0.1:35435] PHP   2. include() /app/index.php:363, referer: http://dealtrak/reporting/main
[Tue Jul 28 13:53:50.788082 2015] [:error] [pid 6661] [client 172.17.0.1:35435] PHP   3. include() /app/layouts/site.php:130, referer: http://dealtrak/reporting/main
[Tue Jul 28 13:53:50.788088 2015] [:error] [pid 6661] [client 172.17.0.1:35435] PHP Notice:  Undefined index: select_proposal_status in /app/site/reporting/builder.phtml on line 21, referer: http://dealtrak/reporting/main
[Tue Jul 28 13:53:50.788090 2015] [:error] [pid 6661] [client 172.17.0.1:35435] PHP Stack trace:, referer: http://dealtrak/reporting/main
[Tue Jul 28 13:53:50.788092 2015] [:error] [pid 6661] [client 172.17.0.1:35435] PHP   1. {main}() /app/index.php:0, referer: http://dealtrak/reporting/main
[Tue Jul 28 13:53:50.788094 2015] [:error] [pid 6661] [client 172.17.0.1:35435] PHP   2. include() /app/index.php:363, referer: http://dealtrak/reporting/main
[Tue Jul 28 13:53:50.788097 2015] [:error] [pid 6661] [client 172.17.0.1:35435] PHP   3. include() /app/layouts/site.php:130, referer: http://dealtrak/reporting/main
[Tue Jul 28 13:53:50.788102 2015] [:error] [pid 6661] [client 172.17.0.1:35435] PHP Notice:  Undefined index: select_proposal_status in /app/site/reporting/builder.phtml on line 21, referer: http://dealtrak/reporting/main
[Tue Jul 28 13:53:50.788104 2015] [:error] [pid 6661] [client 172.17.0.1:35435] PHP Stack trace:, referer: http://dealtrak/reporting/main
[Tue Jul 28 13:53:50.788106 2015] [:error] [pid 6661] [client 172.17.0.1:35435] PHP   1. {main}() /app/index.php:0, referer: http://dealtrak/reporting/main
[Tue Jul 28 13:53:50.788109 2015] [:error] [pid 6661] [client 172.17.0.1:35435] PHP   2. include() /app/index.php:363, referer: http://dealtrak/reporting/main
[Tue Jul 28 13:53:50.788111 2015] [:error] [pid 6661] [client 172.17.0.1:35435] PHP   3. include() /app/layouts/site.php:130, referer: http://dealtrak/reporting/main
[Tue Jul 28 13:53:50.788117 2015] [:error] [pid 6661] [client 172.17.0.1:35435] PHP Notice:  Undefined index: select_proposal_status in /app/site/reporting/builder.phtml on line 21, referer: http://dealtrak/reporting/main
[Tue Jul 28 13:53:50.788119 2015] [:error] [pid 6661] [client 172.17.0.1:35435] PHP Stack trace:, referer: http://dealtrak/reporting/main
[Tue Jul 28 13:53:50.788121 2015] [:error] [pid 6661] [client 172.17.0.1:35435] PHP   1. {main}() /app/index.php:0, referer: http://dealtrak/reporting/main
[Tue Jul 28 13:53:50.788126 2015] [:error] [pid 6661] [client 172.17.0.1:35435] PHP   2. include() /app/index.php:363, referer: http://dealtrak/reporting/main
[Tue Jul 28 13:53:50.788128 2015] [:error] [pid 6661] [client 172.17.0.1:35435] PHP   3. include() /app/layouts/site.php:130, referer: http://dealtrak/reporting/main
[Tue Jul 28 13:53:50.788134 2015] [:error] [pid 6661] [client 172.17.0.1:35435] PHP Notice:  Undefined index: select_proposal_status in /app/site/reporting/builder.phtml on line 21, referer: http://dealtrak/reporting/main
[Tue Jul 28 13:53:50.788136 2015] [:error] [pid 6661] [client 172.17.0.1:35435] PHP Stack trace:, referer: http://dealtrak/reporting/main
[Tue Jul 28 13:53:50.788138 2015] [:error] [pid 6661] [client 172.17.0.1:35435] PHP   1. {main}() /app/index.php:0, referer: http://dealtrak/reporting/main
[Tue Jul 28 13:53:50.788140 2015] [:error] [pid 6661] [client 172.17.0.1:35435] PHP   2. include() /app/index.php:363, referer: http://dealtrak/reporting/main
[Tue Jul 28 13:53:50.788143 2015] [:error] [pid 6661] [client 172.17.0.1:35435] PHP   3. include() /app/layouts/site.php:130, referer: http://dealtrak/reporting/main
[Tue Jul 28 13:53:50.788148 2015] [:error] [pid 6661] [client 172.17.0.1:35435] PHP Notice:  Undefined index: select_proposal_status in /app/site/reporting/builder.phtml on line 21, referer: http://dealtrak/reporting/main
[Tue Jul 28 13:53:50.788150 2015] [:error] [pid 6661] [client 172.17.0.1:35435] PHP Stack trace:, referer: http://dealtrak/reporting/main
[Tue Jul 28 13:53:50.788153 2015] [:error] [pid 6661] [client 172.17.0.1:35435] PHP   1. {main}() /app/index.php:0, referer: http://dealtrak/reporting/main
[Tue Jul 28 13:53:50.788155 2015] [:error] [pid 6661] [client 172.17.0.1:35435] PHP   2. include() /app/index.php:363, referer: http://dealtrak/reporting/main
[Tue Jul 28 13:53:50.788157 2015] [:error] [pid 6661] [client 172.17.0.1:35435] PHP   3. include() /app/layouts/site.php:130, referer: http://dealtrak/reporting/main
[Tue Jul 28 13:53:50.788163 2015] [:error] [pid 6661] [client 172.17.0.1:35435] PHP Notice:  Undefined index: select_proposal_status in /app/site/reporting/builder.phtml on line 21, referer: http://dealtrak/reporting/main
[Tue Jul 28 13:53:50.788165 2015] [:error] [pid 6661] [client 172.17.0.1:35435] PHP Stack trace:, referer: http://dealtrak/reporting/main
[Tue Jul 28 13:53:50.788167 2015] [:error] [pid 6661] [client 172.17.0.1:35435] PHP   1. {main}() /app/index.php:0, referer: http://dealtrak/reporting/main
[Tue Jul 28 13:53:50.788169 2015] [:error] [pid 6661] [client 172.17.0.1:35435] PHP   2. include() /app/index.php:363, referer: http://dealtrak/reporting/main
[Tue Jul 28 13:53:50.788172 2015] [:error] [pid 6661] [client 172.17.0.1:35435] PHP   3. include() /app/layouts/site.php:130, referer: http://dealtrak/reporting/main
[Tue Jul 28 13:53:50.788177 2015] [:error] [pid 6661] [client 172.17.0.1:35435] PHP Notice:  Undefined index: select_proposal_status in /app/site/reporting/builder.phtml on line 21, referer: http://dealtrak/reporting/main
[Tue Jul 28 13:53:50.788179 2015] [:error] [pid 6661] [client 172.17.0.1:35435] PHP Stack trace:, referer: http://dealtrak/reporting/main
[Tue Jul 28 13:53:50.788181 2015] [:error] [pid 6661] [client 172.17.0.1:35435] PHP   1. {main}() /app/index.php:0, referer: http://dealtrak/reporting/main
[Tue Jul 28 13:53:50.788184 2015] [:error] [pid 6661] [client 172.17.0.1:35435] PHP   2. include() /app/index.php:363, referer: http://dealtrak/reporting/main
[Tue Jul 28 13:53:50.788186 2015] [:error] [pid 6661] [client 172.17.0.1:35435] PHP   3. include() /app/layouts/site.php:130, referer: http://dealtrak/reporting/main
[Tue Jul 28 13:53:50.788194 2015] [:error] [pid 6661] [client 172.17.0.1:35435] PHP Notice:  Undefined index: select_proposal_status in /app/site/reporting/builder.phtml on line 21, referer: http://dealtrak/reporting/main
[Tue Jul 28 13:53:50.788196 2015] [:error] [pid 6661] [client 172.17.0.1:35435] PHP Stack trace:, referer: http://dealtrak/reporting/main
[Tue Jul 28 13:53:50.788198 2015] [:error] [pid 6661] [client 172.17.0.1:35435] PHP   1. {main}() /app/index.php:0, referer: http://dealtrak/reporting/main
[Tue Jul 28 13:53:50.788201 2015] [:error] [pid 6661] [client 172.17.0.1:35435] PHP   2. include() /app/index.php:363, referer: http://dealtrak/reporting/main
[Tue Jul 28 13:53:50.788203 2015] [:error] [pid 6661] [client 172.17.0.1:35435] PHP   3. include() /app/layouts/site.php:130, referer: http://dealtrak/reporting/main
[Tue Jul 28 13:53:50.788366 2015] [:error] [pid 6661] [client 172.17.0.1:35435] PHP Notice:  Undefined index: select_proposal_status in /app/site/reporting/builder.phtml on line 21, referer: http://dealtrak/reporting/main
[Tue Jul 28 13:53:50.788369 2015] [:error] [pid 6661] [client 172.17.0.1:35435] PHP Stack trace:, referer: http://dealtrak/reporting/main
[Tue Jul 28 13:53:50.788372 2015] [:error] [pid 6661] [client 172.17.0.1:35435] PHP   1. {main}() /app/index.php:0, referer: http://dealtrak/reporting/main
[Tue Jul 28 13:53:50.788374 2015] [:error] [pid 6661] [client 172.17.0.1:35435] PHP   2. include() /app/index.php:363, referer: http://dealtrak/reporting/main
[Tue Jul 28 13:53:50.788377 2015] [:error] [pid 6661] [client 172.17.0.1:35435] PHP   3. include() /app/layouts/site.php:130, referer: http://dealtrak/reporting/main
[Tue Jul 28 13:53:50.788382 2015] [:error] [pid 6661] [client 172.17.0.1:35435] PHP Notice:  Undefined index: select_proposal_status in /app/site/reporting/builder.phtml on line 24, referer: http://dealtrak/reporting/main
[Tue Jul 28 13:53:50.788384 2015] [:error] [pid 6661] [client 172.17.0.1:35435] PHP Stack trace:, referer: http://dealtrak/reporting/main
[Tue Jul 28 13:53:50.788386 2015] [:error] [pid 6661] [client 172.17.0.1:35435] PHP   1. {main}() /app/index.php:0, referer: http://dealtrak/reporting/main
[Tue Jul 28 13:53:50.788389 2015] [:error] [pid 6661] [client 172.17.0.1:35435] PHP   2. include() /app/index.php:363, referer: http://dealtrak/reporting/main
[Tue Jul 28 13:53:50.788391 2015] [:error] [pid 6661] [client 172.17.0.1:35435] PHP   3. include() /app/layouts/site.php:130, referer: http://dealtrak/reporting/main
[Tue Jul 28 13:53:50.788435 2015] [:error] [pid 6661] [client 172.17.0.1:35435] PHP Notice:  Undefined index: select_lenders in /app/site/reporting/builder.phtml on line 146, referer: http://dealtrak/reporting/main
[Tue Jul 28 13:53:50.788437 2015] [:error] [pid 6661] [client 172.17.0.1:35435] PHP Stack trace:, referer: http://dealtrak/reporting/main
[Tue Jul 28 13:53:50.788440 2015] [:error] [pid 6661] [client 172.17.0.1:35435] PHP   1. {main}() /app/index.php:0, referer: http://dealtrak/reporting/main
[Tue Jul 28 13:53:50.788442 2015] [:error] [pid 6661] [client 172.17.0.1:35435] PHP   2. include() /app/index.php:363, referer: http://dealtrak/reporting/main
[Tue Jul 28 13:53:50.788445 2015] [:error] [pid 6661] [client 172.17.0.1:35435] PHP   3. include() /app/layouts/site.php:130, referer: http://dealtrak/reporting/main
[Tue Jul 28 13:53:50.788451 2015] [:error] [pid 6661] [client 172.17.0.1:35435] PHP Notice:  Undefined index: select_lenders in /app/site/reporting/builder.phtml on line 146, referer: http://dealtrak/reporting/main
[Tue Jul 28 13:53:50.788453 2015] [:error] [pid 6661] [client 172.17.0.1:35435] PHP Stack trace:, referer: http://dealtrak/reporting/main
[Tue Jul 28 13:53:50.788458 2015] [:error] [pid 6661] [client 172.17.0.1:35435] PHP   1. {main}() /app/index.php:0, referer: http://dealtrak/reporting/main
[Tue Jul 28 13:53:50.788461 2015] [:error] [pid 6661] [client 172.17.0.1:35435] PHP   2. include() /app/index.php:363, referer: http://dealtrak/reporting/main
[Tue Jul 28 13:53:50.788463 2015] [:error] [pid 6661] [client 172.17.0.1:35435] PHP   3. include() /app/layouts/site.php:130, referer: http://dealtrak/reporting/main
[Tue Jul 28 13:53:50.788469 2015] [:error] [pid 6661] [client 172.17.0.1:35435] PHP Notice:  Undefined index: select_lenders in /app/site/reporting/builder.phtml on line 146, referer: http://dealtrak/reporting/main
[Tue Jul 28 13:53:50.788471 2015] [:error] [pid 6661] [client 172.17.0.1:35435] PHP Stack trace:, referer: http://dealtrak/reporting/main
[Tue Jul 28 13:53:50.788473 2015] [:error] [pid 6661] [client 172.17.0.1:35435] PHP   1. {main}() /app/index.php:0, referer: http://dealtrak/reporting/main
[Tue Jul 28 13:53:50.788476 2015] [:error] [pid 6661] [client 172.17.0.1:35435] PHP   2. include() /app/index.php:363, referer: http://dealtrak/reporting/main
[Tue Jul 28 13:53:50.788478 2015] [:error] [pid 6661] [client 172.17.0.1:35435] PHP   3. include() /app/layouts/site.php:130, referer: http://dealtrak/reporting/main
[Tue Jul 28 13:53:50.788484 2015] [:error] [pid 6661] [client 172.17.0.1:35435] PHP Notice:  Undefined index: select_lenders in /app/site/reporting/builder.phtml on line 146, referer: http://dealtrak/reporting/main
[Tue Jul 28 13:53:50.788486 2015] [:error] [pid 6661] [client 172.17.0.1:35435] PHP Stack trace:, referer: http://dealtrak/reporting/main
[Tue Jul 28 13:53:50.788488 2015] [:error] [pid 6661] [client 172.17.0.1:35435] PHP   1. {main}() /app/index.php:0, referer: http://dealtrak/reporting/main
[Tue Jul 28 13:53:50.788490 2015] [:error] [pid 6661] [client 172.17.0.1:35435] PHP   2. include() /app/index.php:363, referer: http://dealtrak/reporting/main
[Tue Jul 28 13:53:50.788493 2015] [:error] [pid 6661] [client 172.17.0.1:35435] PHP   3. include() /app/layouts/site.php:130, referer: http://dealtrak/reporting/main
[Tue Jul 28 13:53:50.788499 2015] [:error] [pid 6661] [client 172.17.0.1:35435] PHP Notice:  Undefined index: select_lenders in /app/site/reporting/builder.phtml on line 146, referer: http://dealtrak/reporting/main
[Tue Jul 28 13:53:50.788500 2015] [:error] [pid 6661] [client 172.17.0.1:35435] PHP Stack trace:, referer: http://dealtrak/reporting/main
[Tue Jul 28 13:53:50.788503 2015] [:error] [pid 6661] [client 172.17.0.1:35435] PHP   1. {main}() /app/index.php:0, referer: http://dealtrak/reporting/main
[Tue Jul 28 13:53:50.788505 2015] [:error] [pid 6661] [client 172.17.0.1:35435] PHP   2. include() /app/index.php:363, referer: http://dealtrak/reporting/main
[Tue Jul 28 13:53:50.788508 2015] [:error] [pid 6661] [client 172.17.0.1:35435] PHP   3. include() /app/layouts/site.php:130, referer: http://dealtrak/reporting/main
[Tue Jul 28 13:53:50.788514 2015] [:error] [pid 6661] [client 172.17.0.1:35435] PHP Notice:  Undefined index: select_lenders in /app/site/reporting/builder.phtml on line 146, referer: http://dealtrak/reporting/main
[Tue Jul 28 13:53:50.788515 2015] [:error] [pid 6661] [client 172.17.0.1:35435] PHP Stack trace:, referer: http://dealtrak/reporting/main
[Tue Jul 28 13:53:50.788518 2015] [:error] [pid 6661] [client 172.17.0.1:35435] PHP   1. {main}() /app/index.php:0, referer: http://dealtrak/reporting/main
[Tue Jul 28 13:53:50.788520 2015] [:error] [pid 6661] [client 172.17.0.1:35435] PHP   2. include() /app/index.php:363, referer: http://dealtrak/reporting/main
[Tue Jul 28 13:53:50.788524 2015] [:error] [pid 6661] [client 172.17.0.1:35435] PHP   3. include() /app/layouts/site.php:130, referer: http://dealtrak/reporting/main
[Tue Jul 28 13:53:50.788530 2015] [:error] [pid 6661] [client 172.17.0.1:35435] PHP Notice:  Undefined index: select_lenders in /app/site/reporting/builder.phtml on line 146, referer: http://dealtrak/reporting/main
[Tue Jul 28 13:53:50.788532 2015] [:error] [pid 6661] [client 172.17.0.1:35435] PHP Stack trace:, referer: http://dealtrak/reporting/main
[Tue Jul 28 13:53:50.788535 2015] [:error] [pid 6661] [client 172.17.0.1:35435] PHP   1. {main}() /app/index.php:0, referer: http://dealtrak/reporting/main
[Tue Jul 28 13:53:50.788537 2015] [:error] [pid 6661] [client 172.17.0.1:35435] PHP   2. include() /app/index.php:363, referer: http://dealtrak/reporting/main
[Tue Jul 28 13:53:50.788540 2015] [:error] [pid 6661] [client 172.17.0.1:35435] PHP   3. include() /app/layouts/site.php:130, referer: http://dealtrak/reporting/main
[Tue Jul 28 13:53:50.788546 2015] [:error] [pid 6661] [client 172.17.0.1:35435] PHP Notice:  Undefined index: select_lenders in /app/site/reporting/builder.phtml on line 146, referer: http://dealtrak/reporting/main
[Tue Jul 28 13:53:50.788548 2015] [:error] [pid 6661] [client 172.17.0.1:35435] PHP Stack trace:, referer: http://dealtrak/reporting/main
[Tue Jul 28 13:53:50.788550 2015] [:error] [pid 6661] [client 172.17.0.1:35435] PHP   1. {main}() /app/index.php:0, referer: http://dealtrak/reporting/main
[Tue Jul 28 13:53:50.788553 2015] [:error] [pid 6661] [client 172.17.0.1:35435] PHP   2. include() /app/index.php:363, referer: http://dealtrak/reporting/main
[Tue Jul 28 13:53:50.788555 2015] [:error] [pid 6661] [client 172.17.0.1:35435] PHP   3. include() /app/layouts/site.php:130, referer: http://dealtrak/reporting/main
[Tue Jul 28 13:53:50.788561 2015] [:error] [pid 6661] [client 172.17.0.1:35435] PHP Notice:  Undefined index: select_lenders in /app/site/reporting/builder.phtml on line 146, referer: http://dealtrak/reporting/main
[Tue Jul 28 13:53:50.788563 2015] [:error] [pid 6661] [client 172.17.0.1:35435] PHP Stack trace:, referer: http://dealtrak/reporting/main
[Tue Jul 28 13:53:50.788565 2015] [:error] [pid 6661] [client 172.17.0.1:35435] PHP   1. {main}() /app/index.php:0, referer: http://dealtrak/reporting/main
[Tue Jul 28 13:53:50.788568 2015] [:error] [pid 6661] [client 172.17.0.1:35435] PHP   2. include() /app/index.php:363, referer: http://dealtrak/reporting/main
[Tue Jul 28 13:53:50.788570 2015] [:error] [pid 6661] [client 172.17.0.1:35435] PHP   3. include() /app/layouts/site.php:130, referer: http://dealtrak/reporting/main
[Tue Jul 28 13:53:50.788576 2015] [:error] [pid 6661] [client 172.17.0.1:35435] PHP Notice:  Undefined index: select_lenders in /app/site/reporting/builder.phtml on line 146, referer: http://dealtrak/reporting/main
[Tue Jul 28 13:53:50.788578 2015] [:error] [pid 6661] [client 172.17.0.1:35435] PHP Stack trace:, referer: http://dealtrak/reporting/main
[Tue Jul 28 13:53:50.788580 2015] [:error] [pid 6661] [client 172.17.0.1:35435] PHP   1. {main}() /app/index.php:0, referer: http://dealtrak/reporting/main
[Tue Jul 28 13:53:50.788583 2015] [:error] [pid 6661] [client 172.17.0.1:35435] PHP   2. include() /app/index.php:363, referer: http://dealtrak/reporting/main
[Tue Jul 28 13:53:50.788585 2015] [:error] [pid 6661] [client 172.17.0.1:35435] PHP   3. include() /app/layouts/site.php:130, referer: http://dealtrak/reporting/main
[Tue Jul 28 13:53:50.788591 2015] [:error] [pid 6661] [client 172.17.0.1:35435] PHP Notice:  Undefined index: select_lenders in /app/site/reporting/builder.phtml on line 146, referer: http://dealtrak/reporting/main
[Tue Jul 28 13:53:50.788595 2015] [:error] [pid 6661] [client 172.17.0.1:35435] PHP Stack trace:, referer: http://dealtrak/reporting/main
[Tue Jul 28 13:53:50.788598 2015] [:error] [pid 6661] [client 172.17.0.1:35435] PHP   1. {main}() /app/index.php:0, referer: http://dealtrak/reporting/main
[Tue Jul 28 13:53:50.788600 2015] [:error] [pid 6661] [client 172.17.0.1:35435] PHP   2. include() /app/index.php:363, referer: http://dealtrak/reporting/main
[Tue Jul 28 13:53:50.788602 2015] [:error] [pid 6661] [client 172.17.0.1:35435] PHP   3. include() /app/layouts/site.php:130, referer: http://dealtrak/reporting/main
[Tue Jul 28 13:53:50.788609 2015] [:error] [pid 6661] [client 172.17.0.1:35435] PHP Notice:  Undefined index: select_lenders in /app/site/reporting/builder.phtml on line 146, referer: http://dealtrak/reporting/main
[Tue Jul 28 13:53:50.788610 2015] [:error] [pid 6661] [client 172.17.0.1:35435] PHP Stack trace:, referer: http://dealtrak/reporting/main
[Tue Jul 28 13:53:50.788613 2015] [:error] [pid 6661] [client 172.17.0.1:35435] PHP   1. {main}() /app/index.php:0, referer: http://dealtrak/reporting/main
[Tue Jul 28 13:53:50.788615 2015] [:error] [pid 6661] [client 172.17.0.1:35435] PHP   2. include() /app/index.php:363, referer: http://dealtrak/reporting/main
[Tue Jul 28 13:53:50.788618 2015] [:error] [pid 6661] [client 172.17.0.1:35435] PHP   3. include() /app/layouts/site.php:130, referer: http://dealtrak/reporting/main
[Tue Jul 28 13:53:50.788623 2015] [:error] [pid 6661] [client 172.17.0.1:35435] PHP Notice:  Undefined index: select_lenders in /app/site/reporting/builder.phtml on line 146, referer: http://dealtrak/reporting/main
[Tue Jul 28 13:53:50.788625 2015] [:error] [pid 6661] [client 172.17.0.1:35435] PHP Stack trace:, referer: http://dealtrak/reporting/main
[Tue Jul 28 13:53:50.788628 2015] [:error] [pid 6661] [client 172.17.0.1:35435] PHP   1. {main}() /app/index.php:0, referer: http://dealtrak/reporting/main
[Tue Jul 28 13:53:50.788630 2015] [:error] [pid 6661] [client 172.17.0.1:35435] PHP   2. include() /app/index.php:363, referer: http://dealtrak/reporting/main
[Tue Jul 28 13:53:50.788632 2015] [:error] [pid 6661] [client 172.17.0.1:35435] PHP   3. include() /app/layouts/site.php:130, referer: http://dealtrak/reporting/main
[Tue Jul 28 13:53:50.788638 2015] [:error] [pid 6661] [client 172.17.0.1:35435] PHP Notice:  Undefined index: select_lenders in /app/site/reporting/builder.phtml on line 146, referer: http://dealtrak/reporting/main
[Tue Jul 28 13:53:50.788640 2015] [:error] [pid 6661] [client 172.17.0.1:35435] PHP Stack trace:, referer: http://dealtrak/reporting/main
[Tue Jul 28 13:53:50.788642 2015] [:error] [pid 6661] [client 172.17.0.1:35435] PHP   1. {main}() /app/index.php:0, referer: http://dealtrak/reporting/main
[Tue Jul 28 13:53:50.788645 2015] [:error] [pid 6661] [client 172.17.0.1:35435] PHP   2. include() /app/index.php:363, referer: http://dealtrak/reporting/main
[Tue Jul 28 13:53:50.788647 2015] [:error] [pid 6661] [client 172.17.0.1:35435] PHP   3. include() /app/layouts/site.php:130, referer: http://dealtrak/reporting/main
[Tue Jul 28 13:53:50.788652 2015] [:error] [pid 6661] [client 172.17.0.1:35435] PHP Notice:  Undefined index: select_lenders in /app/site/reporting/builder.phtml on line 146, referer: http://dealtrak/reporting/main
[Tue Jul 28 13:53:50.788654 2015] [:error] [pid 6661] [client 172.17.0.1:35435] PHP Stack trace:, referer: http://dealtrak/reporting/main
[Tue Jul 28 13:53:50.788657 2015] [:error] [pid 6661] [client 172.17.0.1:35435] PHP   1. {main}() /app/index.php:0, referer: http://dealtrak/reporting/main
[Tue Jul 28 13:53:50.788661 2015] [:error] [pid 6661] [client 172.17.0.1:35435] PHP   2. include() /app/index.php:363, referer: http://dealtrak/reporting/main
[Tue Jul 28 13:53:50.788663 2015] [:error] [pid 6661] [client 172.17.0.1:35435] PHP   3. include() /app/layouts/site.php:130, referer: http://dealtrak/reporting/main
[Tue Jul 28 13:53:50.788669 2015] [:error] [pid 6661] [client 172.17.0.1:35435] PHP Notice:  Undefined index: select_lenders in /app/site/reporting/builder.phtml on line 146, referer: http://dealtrak/reporting/main
[Tue Jul 28 13:53:50.788671 2015] [:error] [pid 6661] [client 172.17.0.1:35435] PHP Stack trace:, referer: http://dealtrak/reporting/main
[Tue Jul 28 13:53:50.788673 2015] [:error] [pid 6661] [client 172.17.0.1:35435] PHP   1. {main}() /app/index.php:0, referer: http://dealtrak/reporting/main
[Tue Jul 28 13:53:50.788676 2015] [:error] [pid 6661] [client 172.17.0.1:35435] PHP   2. include() /app/index.php:363, referer: http://dealtrak/reporting/main
[Tue Jul 28 13:53:50.788678 2015] [:error] [pid 6661] [client 172.17.0.1:35435] PHP   3. include() /app/layouts/site.php:130, referer: http://dealtrak/reporting/main
[Tue Jul 28 13:53:50.788684 2015] [:error] [pid 6661] [client 172.17.0.1:35435] PHP Notice:  Undefined index: select_lenders in /app/site/reporting/builder.phtml on line 146, referer: http://dealtrak/reporting/main
[Tue Jul 28 13:53:50.788686 2015] [:error] [pid 6661] [client 172.17.0.1:35435] PHP Stack trace:, referer: http://dealtrak/reporting/main
[Tue Jul 28 13:53:50.788688 2015] [:error] [pid 6661] [client 172.17.0.1:35435] PHP   1. {main}() /app/index.php:0, referer: http://dealtrak/reporting/main
[Tue Jul 28 13:53:50.788691 2015] [:error] [pid 6661] [client 172.17.0.1:35435] PHP   2. include() /app/index.php:363, referer: http://dealtrak/reporting/main
[Tue Jul 28 13:53:50.788693 2015] [:error] [pid 6661] [client 172.17.0.1:35435] PHP   3. include() /app/layouts/site.php:130, referer: http://dealtrak/reporting/main
[Tue Jul 28 13:53:50.788699 2015] [:error] [pid 6661] [client 172.17.0.1:35435] PHP Notice:  Undefined index: select_lenders in /app/site/reporting/builder.phtml on line 146, referer: http://dealtrak/reporting/main
[Tue Jul 28 13:53:50.788700 2015] [:error] [pid 6661] [client 172.17.0.1:35435] PHP Stack trace:, referer: http://dealtrak/reporting/main
[Tue Jul 28 13:53:50.788703 2015] [:error] [pid 6661] [client 172.17.0.1:35435] PHP   1. {main}() /app/index.php:0, referer: http://dealtrak/reporting/main
[Tue Jul 28 13:53:50.788705 2015] [:error] [pid 6661] [client 172.17.0.1:35435] PHP   2. include() /app/index.php:363, referer: http://dealtrak/reporting/main
[Tue Jul 28 13:53:50.788708 2015] [:error] [pid 6661] [client 172.17.0.1:35435] PHP   3. include() /app/layouts/site.php:130, referer: http://dealtrak/reporting/main
[Tue Jul 28 13:53:50.788713 2015] [:error] [pid 6661] [client 172.17.0.1:35435] PHP Notice:  Undefined index: select_lenders in /app/site/reporting/builder.phtml on line 146, referer: http://dealtrak/reporting/main
[Tue Jul 28 13:53:50.788715 2015] [:error] [pid 6661] [client 172.17.0.1:35435] PHP Stack trace:, referer: http://dealtrak/reporting/main
[Tue Jul 28 13:53:50.788717 2015] [:error] [pid 6661] [client 172.17.0.1:35435] PHP   1. {main}() /app/index.php:0, referer: http://dealtrak/reporting/main
[Tue Jul 28 13:53:50.788720 2015] [:error] [pid 6661] [client 172.17.0.1:35435] PHP   2. include() /app/index.php:363, referer: http://dealtrak/reporting/main
[Tue Jul 28 13:53:50.788722 2015] [:error] [pid 6661] [client 172.17.0.1:35435] PHP   3. include() /app/layouts/site.php:130, referer: http://dealtrak/reporting/main
[Tue Jul 28 13:53:50.788730 2015] [:error] [pid 6661] [client 172.17.0.1:35435] PHP Notice:  Undefined index: select_lenders in /app/site/reporting/builder.phtml on line 146, referer: http://dealtrak/reporting/main
[Tue Jul 28 13:53:50.788732 2015] [:error] [pid 6661] [client 172.17.0.1:35435] PHP Stack trace:, referer: http://dealtrak/reporting/main
[Tue Jul 28 13:53:50.788734 2015] [:error] [pid 6661] [client 172.17.0.1:35435] PHP   1. {main}() /app/index.php:0, referer: http://dealtrak/reporting/main
[Tue Jul 28 13:53:50.788737 2015] [:error] [pid 6661] [client 172.17.0.1:35435] PHP   2. include() /app/index.php:363, referer: http://dealtrak/reporting/main
[Tue Jul 28 13:53:50.788739 2015] [:error] [pid 6661] [client 172.17.0.1:35435] PHP   3. include() /app/layouts/site.php:130, referer: http://dealtrak/reporting/main
[Tue Jul 28 13:53:50.788745 2015] [:error] [pid 6661] [client 172.17.0.1:35435] PHP Notice:  Undefined index: select_lenders in /app/site/reporting/builder.phtml on line 146, referer: http://dealtrak/reporting/main
[Tue Jul 28 13:53:50.788747 2015] [:error] [pid 6661] [client 172.17.0.1:35435] PHP Stack trace:, referer: http://dealtrak/reporting/main
[Tue Jul 28 13:53:50.788749 2015] [:error] [pid 6661] [client 172.17.0.1:35435] PHP   1. {main}() /app/index.php:0, referer: http://dealtrak/reporting/main
[Tue Jul 28 13:53:50.788752 2015] [:error] [pid 6661] [client 172.17.0.1:35435] PHP   2. include() /app/index.php:363, referer: http://dealtrak/reporting/main
[Tue Jul 28 13:53:50.788754 2015] [:error] [pid 6661] [client 172.17.0.1:35435] PHP   3. include() /app/layouts/site.php:130, referer: http://dealtrak/reporting/main
[Tue Jul 28 13:53:50.788759 2015] [:error] [pid 6661] [client 172.17.0.1:35435] PHP Notice:  Undefined index: select_lenders in /app/site/reporting/builder.phtml on line 146, referer: http://dealtrak/reporting/main
[Tue Jul 28 13:53:50.788761 2015] [:error] [pid 6661] [client 172.17.0.1:35435] PHP Stack trace:, referer: http://dealtrak/reporting/main
[Tue Jul 28 13:53:50.788764 2015] [:error] [pid 6661] [client 172.17.0.1:35435] PHP   1. {main}() /app/index.php:0, referer: http://dealtrak/reporting/main
[Tue Jul 28 13:53:50.788766 2015] [:error] [pid 6661] [client 172.17.0.1:35435] PHP   2. include() /app/index.php:363, referer: http://dealtrak/reporting/main
[Tue Jul 28 13:53:50.788768 2015] [:error] [pid 6661] [client 172.17.0.1:35435] PHP   3. include() /app/layouts/site.php:130, referer: http://dealtrak/reporting/main
[Tue Jul 28 13:53:50.788774 2015] [:error] [pid 6661] [client 172.17.0.1:35435] PHP Notice:  Undefined index: select_lenders in /app/site/reporting/builder.phtml on line 146, referer: http://dealtrak/reporting/main
[Tue Jul 28 13:53:50.788776 2015] [:error] [pid 6661] [client 172.17.0.1:35435] PHP Stack trace:, referer: http://dealtrak/reporting/main
[Tue Jul 28 13:53:50.788778 2015] [:error] [pid 6661] [client 172.17.0.1:35435] PHP   1. {main}() /app/index.php:0, referer: http://dealtrak/reporting/main
[Tue Jul 28 13:53:50.788781 2015] [:error] [pid 6661] [client 172.17.0.1:35435] PHP   2. include() /app/index.php:363, referer: http://dealtrak/reporting/main
[Tue Jul 28 13:53:50.788783 2015] [:error] [pid 6661] [client 172.17.0.1:35435] PHP   3. include() /app/layouts/site.php:130, referer: http://dealtrak/reporting/main
[Tue Jul 28 13:53:50.788789 2015] [:error] [pid 6661] [client 172.17.0.1:35435] PHP Notice:  Undefined index: select_lenders in /app/site/reporting/builder.phtml on line 146, referer: http://dealtrak/reporting/main
[Tue Jul 28 13:53:50.788791 2015] [:error] [pid 6661] [client 172.17.0.1:35435] PHP Stack trace:, referer: http://dealtrak/reporting/main
[Tue Jul 28 13:53:50.788795 2015] [:error] [pid 6661] [client 172.17.0.1:35435] PHP   1. {main}() /app/index.php:0, referer: http://dealtrak/reporting/main
[Tue Jul 28 13:53:50.788797 2015] [:error] [pid 6661] [client 172.17.0.1:35435] PHP   2. include() /app/index.php:363, referer: http://dealtrak/reporting/main
[Tue Jul 28 13:53:50.788800 2015] [:error] [pid 6661] [client 172.17.0.1:35435] PHP   3. include() /app/layouts/site.php:130, referer: http://dealtrak/reporting/main
[Tue Jul 28 13:53:50.788805 2015] [:error] [pid 6661] [client 172.17.0.1:35435] PHP Notice:  Undefined index: select_lenders in /app/site/reporting/builder.phtml on line 146, referer: http://dealtrak/reporting/main
[Tue Jul 28 13:53:50.788807 2015] [:error] [pid 6661] [client 172.17.0.1:35435] PHP Stack trace:, referer: http://dealtrak/reporting/main
[Tue Jul 28 13:53:50.788809 2015] [:error] [pid 6661] [client 172.17.0.1:35435] PHP   1. {main}() /app/index.php:0, referer: http://dealtrak/reporting/main
[Tue Jul 28 13:53:50.788812 2015] [:error] [pid 6661] [client 172.17.0.1:35435] PHP   2. include() /app/index.php:363, referer: http://dealtrak/reporting/main
[Tue Jul 28 13:53:50.788814 2015] [:error] [pid 6661] [client 172.17.0.1:35435] PHP   3. include() /app/layouts/site.php:130, referer: http://dealtrak/reporting/main
[Tue Jul 28 13:53:50.788820 2015] [:error] [pid 6661] [client 172.17.0.1:35435] PHP Notice:  Undefined index: select_lenders in /app/site/reporting/builder.phtml on line 146, referer: http://dealtrak/reporting/main
[Tue Jul 28 13:53:50.788822 2015] [:error] [pid 6661] [client 172.17.0.1:35435] PHP Stack trace:, referer: http://dealtrak/reporting/main
[Tue Jul 28 13:53:50.788824 2015] [:error] [pid 6661] [client 172.17.0.1:35435] PHP   1. {main}() /app/index.php:0, referer: http://dealtrak/reporting/main
[Tue Jul 28 13:53:50.788826 2015] [:error] [pid 6661] [client 172.17.0.1:35435] PHP   2. include() /app/index.php:363, referer: http://dealtrak/reporting/main
[Tue Jul 28 13:53:50.788829 2015] [:error] [pid 6661] [client 172.17.0.1:35435] PHP   3. include() /app/layouts/site.php:130, referer: http://dealtrak/reporting/main
[Tue Jul 28 13:53:50.788834 2015] [:error] [pid 6661] [client 172.17.0.1:35435] PHP Notice:  Undefined index: select_lenders in /app/site/reporting/builder.phtml on line 146, referer: http://dealtrak/reporting/main
[Tue Jul 28 13:53:50.788836 2015] [:error] [pid 6661] [client 172.17.0.1:35435] PHP Stack trace:, referer: http://dealtrak/reporting/main
[Tue Jul 28 13:53:50.788839 2015] [:error] [pid 6661] [client 172.17.0.1:35435] PHP   1. {main}() /app/index.php:0, referer: http://dealtrak/reporting/main
[Tue Jul 28 13:53:50.788841 2015] [:error] [pid 6661] [client 172.17.0.1:35435] PHP   2. include() /app/index.php:363, referer: http://dealtrak/reporting/main
[Tue Jul 28 13:53:50.788843 2015] [:error] [pid 6661] [client 172.17.0.1:35435] PHP   3. include() /app/layouts/site.php:130, referer: http://dealtrak/reporting/main
[Tue Jul 28 13:53:50.788849 2015] [:error] [pid 6661] [client 172.17.0.1:35435] PHP Notice:  Undefined index: select_lenders in /app/site/reporting/builder.phtml on line 146, referer: http://dealtrak/reporting/main
[Tue Jul 28 13:53:50.788851 2015] [:error] [pid 6661] [client 172.17.0.1:35435] PHP Stack trace:, referer: http://dealtrak/reporting/main
[Tue Jul 28 13:53:50.788854 2015] [:error] [pid 6661] [client 172.17.0.1:35435] PHP   1. {main}() /app/index.php:0, referer: http://dealtrak/reporting/main
[Tue Jul 28 13:53:50.788856 2015] [:error] [pid 6661] [client 172.17.0.1:35435] PHP   2. include() /app/index.php:363, referer: http://dealtrak/reporting/main
[Tue Jul 28 13:53:50.788860 2015] [:error] [pid 6661] [client 172.17.0.1:35435] PHP   3. include() /app/layouts/site.php:130, referer: http://dealtrak/reporting/main
[Tue Jul 28 13:53:50.788866 2015] [:error] [pid 6661] [client 172.17.0.1:35435] PHP Notice:  Undefined index: select_lenders in /app/site/reporting/builder.phtml on line 146, referer: http://dealtrak/reporting/main
[Tue Jul 28 13:53:50.788868 2015] [:error] [pid 6661] [client 172.17.0.1:35435] PHP Stack trace:, referer: http://dealtrak/reporting/main
[Tue Jul 28 13:53:50.788870 2015] [:error] [pid 6661] [client 172.17.0.1:35435] PHP   1. {main}() /app/index.php:0, referer: http://dealtrak/reporting/main
[Tue Jul 28 13:53:50.788873 2015] [:error] [pid 6661] [client 172.17.0.1:35435] PHP   2. include() /app/index.php:363, referer: http://dealtrak/reporting/main
[Tue Jul 28 13:53:50.788875 2015] [:error] [pid 6661] [client 172.17.0.1:35435] PHP   3. include() /app/layouts/site.php:130, referer: http://dealtrak/reporting/main
[Tue Jul 28 13:53:50.788881 2015] [:error] [pid 6661] [client 172.17.0.1:35435] PHP Notice:  Undefined index: select_lenders in /app/site/reporting/builder.phtml on line 146, referer: http://dealtrak/reporting/main
[Tue Jul 28 13:53:50.788883 2015] [:error] [pid 6661] [client 172.17.0.1:35435] PHP Stack trace:, referer: http://dealtrak/reporting/main
[Tue Jul 28 13:53:50.788885 2015] [:error] [pid 6661] [client 172.17.0.1:35435] PHP   1. {main}() /app/index.php:0, referer: http://dealtrak/reporting/main
[Tue Jul 28 13:53:50.788887 2015] [:error] [pid 6661] [client 172.17.0.1:35435] PHP   2. include() /app/index.php:363, referer: http://dealtrak/reporting/main
[Tue Jul 28 13:53:50.788890 2015] [:error] [pid 6661] [client 172.17.0.1:35435] PHP   3. include() /app/layouts/site.php:130, referer: http://dealtrak/reporting/main
[Tue Jul 28 13:53:50.788895 2015] [:error] [pid 6661] [client 172.17.0.1:35435] PHP Notice:  Undefined index: select_lenders in /app/site/reporting/builder.phtml on line 146, referer: http://dealtrak/reporting/main
[Tue Jul 28 13:53:50.788897 2015] [:error] [pid 6661] [client 172.17.0.1:35435] PHP Stack trace:, referer: http://dealtrak/reporting/main
[Tue Jul 28 13:53:50.788900 2015] [:error] [pid 6661] [client 172.17.0.1:35435] PHP   1. {main}() /app/index.php:0, referer: http://dealtrak/reporting/main
[Tue Jul 28 13:53:50.788902 2015] [:error] [pid 6661] [client 172.17.0.1:35435] PHP   2. include() /app/index.php:363, referer: http://dealtrak/reporting/main
[Tue Jul 28 13:53:50.788904 2015] [:error] [pid 6661] [client 172.17.0.1:35435] PHP   3. include() /app/layouts/site.php:130, referer: http://dealtrak/reporting/main
[Tue Jul 28 13:53:50.788910 2015] [:error] [pid 6661] [client 172.17.0.1:35435] PHP Notice:  Undefined index: select_lenders in /app/site/reporting/builder.phtml on line 146, referer: http://dealtrak/reporting/main
[Tue Jul 28 13:53:50.788912 2015] [:error] [pid 6661] [client 172.17.0.1:35435] PHP Stack trace:, referer: http://dealtrak/reporting/main
[Tue Jul 28 13:53:50.788915 2015] [:error] [pid 6661] [client 172.17.0.1:35435] PHP   1. {main}() /app/index.php:0, referer: http://dealtrak/reporting/main
[Tue Jul 28 13:53:50.788917 2015] [:error] [pid 6661] [client 172.17.0.1:35435] PHP   2. include() /app/index.php:363, referer: http://dealtrak/reporting/main
[Tue Jul 28 13:53:50.788919 2015] [:error] [pid 6661] [client 172.17.0.1:35435] PHP   3. include() /app/layouts/site.php:130, referer: http://dealtrak/reporting/main
[Tue Jul 28 13:53:50.788925 2015] [:error] [pid 6661] [client 172.17.0.1:35435] PHP Notice:  Undefined index: select_lenders in /app/site/reporting/builder.phtml on line 146, referer: http://dealtrak/reporting/main
[Tue Jul 28 13:53:50.788929 2015] [:error] [pid 6661] [client 172.17.0.1:35435] PHP Stack trace:, referer: http://dealtrak/reporting/main
[Tue Jul 28 13:53:50.788931 2015] [:error] [pid 6661] [client 172.17.0.1:35435] PHP   1. {main}() /app/index.php:0, referer: http://dealtrak/reporting/main
[Tue Jul 28 13:53:50.788934 2015] [:error] [pid 6661] [client 172.17.0.1:35435] PHP   2. include() /app/index.php:363, referer: http://dealtrak/reporting/main
[Tue Jul 28 13:53:50.788936 2015] [:error] [pid 6661] [client 172.17.0.1:35435] PHP   3. include() /app/layouts/site.php:130, referer: http://dealtrak/reporting/main
[Tue Jul 28 13:53:50.788942 2015] [:error] [pid 6661] [client 172.17.0.1:35435] PHP Notice:  Undefined index: select_lenders in /app/site/reporting/builder.phtml on line 146, referer: http://dealtrak/reporting/main
[Tue Jul 28 13:53:50.788943 2015] [:error] [pid 6661] [client 172.17.0.1:35435] PHP Stack trace:, referer: http://dealtrak/reporting/main
[Tue Jul 28 13:53:50.788946 2015] [:error] [pid 6661] [client 172.17.0.1:35435] PHP   1. {main}() /app/index.php:0, referer: http://dealtrak/reporting/main
[Tue Jul 28 13:53:50.788948 2015] [:error] [pid 6661] [client 172.17.0.1:35435] PHP   2. include() /app/index.php:363, referer: http://dealtrak/reporting/main
[Tue Jul 28 13:53:50.788951 2015] [:error] [pid 6661] [client 172.17.0.1:35435] PHP   3. include() /app/layouts/site.php:130, referer: http://dealtrak/reporting/main
[Tue Jul 28 13:53:50.788957 2015] [:error] [pid 6661] [client 172.17.0.1:35435] PHP Notice:  Undefined index: select_lenders in /app/site/reporting/builder.phtml on line 146, referer: http://dealtrak/reporting/main
[Tue Jul 28 13:53:50.788958 2015] [:error] [pid 6661] [client 172.17.0.1:35435] PHP Stack trace:, referer: http://dealtrak/reporting/main
[Tue Jul 28 13:53:50.788961 2015] [:error] [pid 6661] [client 172.17.0.1:35435] PHP   1. {main}() /app/index.php:0, referer: http://dealtrak/reporting/main
[Tue Jul 28 13:53:50.788963 2015] [:error] [pid 6661] [client 172.17.0.1:35435] PHP   2. include() /app/index.php:363, referer: http://dealtrak/reporting/main
[Tue Jul 28 13:53:50.788966 2015] [:error] [pid 6661] [client 172.17.0.1:35435] PHP   3. include() /app/layouts/site.php:130, referer: http://dealtrak/reporting/main
[Tue Jul 28 13:53:50.788971 2015] [:error] [pid 6661] [client 172.17.0.1:35435] PHP Notice:  Undefined index: select_lenders in /app/site/reporting/builder.phtml on line 146, referer: http://dealtrak/reporting/main
[Tue Jul 28 13:53:50.788973 2015] [:error] [pid 6661] [client 172.17.0.1:35435] PHP Stack trace:, referer: http://dealtrak/reporting/main
[Tue Jul 28 13:53:50.788975 2015] [:error] [pid 6661] [client 172.17.0.1:35435] PHP   1. {main}() /app/index.php:0, referer: http://dealtrak/reporting/main
[Tue Jul 28 13:53:50.788978 2015] [:error] [pid 6661] [client 172.17.0.1:35435] PHP   2. include() /app/index.php:363, referer: http://dealtrak/reporting/main
[Tue Jul 28 13:53:50.788980 2015] [:error] [pid 6661] [client 172.17.0.1:35435] PHP   3. include() /app/layouts/site.php:130, referer: http://dealtrak/reporting/main
[Tue Jul 28 13:53:50.788985 2015] [:error] [pid 6661] [client 172.17.0.1:35435] PHP Notice:  Undefined index: select_lenders in /app/site/reporting/builder.phtml on line 146, referer: http://dealtrak/reporting/main
[Tue Jul 28 13:53:50.788987 2015] [:error] [pid 6661] [client 172.17.0.1:35435] PHP Stack trace:, referer: http://dealtrak/reporting/main
[Tue Jul 28 13:53:50.788990 2015] [:error] [pid 6661] [client 172.17.0.1:35435] PHP   1. {main}() /app/index.php:0, referer: http://dealtrak/reporting/main
[Tue Jul 28 13:53:50.788994 2015] [:error] [pid 6661] [client 172.17.0.1:35435] PHP   2. include() /app/index.php:363, referer: http://dealtrak/reporting/main
[Tue Jul 28 13:53:50.788996 2015] [:error] [pid 6661] [client 172.17.0.1:35435] PHP   3. include() /app/layouts/site.php:130, referer: http://dealtrak/reporting/main
[Tue Jul 28 13:53:50.789002 2015] [:error] [pid 6661] [client 172.17.0.1:35435] PHP Notice:  Undefined index: select_lenders in /app/site/reporting/builder.phtml on line 146, referer: http://dealtrak/reporting/main
[Tue Jul 28 13:53:50.789004 2015] [:error] [pid 6661] [client 172.17.0.1:35435] PHP Stack trace:, referer: http://dealtrak/reporting/main
[Tue Jul 28 13:53:50.789006 2015] [:error] [pid 6661] [client 172.17.0.1:35435] PHP   1. {main}() /app/index.php:0, referer: http://dealtrak/reporting/main
[Tue Jul 28 13:53:50.789009 2015] [:error] [pid 6661] [client 172.17.0.1:35435] PHP   2. include() /app/index.php:363, referer: http://dealtrak/reporting/main
[Tue Jul 28 13:53:50.789011 2015] [:error] [pid 6661] [client 172.17.0.1:35435] PHP   3. include() /app/layouts/site.php:130, referer: http://dealtrak/reporting/main
[Tue Jul 28 13:53:50.789017 2015] [:error] [pid 6661] [client 172.17.0.1:35435] PHP Notice:  Undefined index: select_lenders in /app/site/reporting/builder.phtml on line 146, referer: http://dealtrak/reporting/main
[Tue Jul 28 13:53:50.789018 2015] [:error] [pid 6661] [client 172.17.0.1:35435] PHP Stack trace:, referer: http://dealtrak/reporting/main
[Tue Jul 28 13:53:50.789021 2015] [:error] [pid 6661] [client 172.17.0.1:35435] PHP   1. {main}() /app/index.php:0, referer: http://dealtrak/reporting/main
[Tue Jul 28 13:53:50.789023 2015] [:error] [pid 6661] [client 172.17.0.1:35435] PHP   2. include() /app/index.php:363, referer: http://dealtrak/reporting/main
[Tue Jul 28 13:53:50.789026 2015] [:error] [pid 6661] [client 172.17.0.1:35435] PHP   3. include() /app/layouts/site.php:130, referer: http://dealtrak/reporting/main
[Tue Jul 28 13:53:50.789031 2015] [:error] [pid 6661] [client 172.17.0.1:35435] PHP Notice:  Undefined index: select_lenders in /app/site/reporting/builder.phtml on line 146, referer: http://dealtrak/reporting/main
[Tue Jul 28 13:53:50.789033 2015] [:error] [pid 6661] [client 172.17.0.1:35435] PHP Stack trace:, referer: http://dealtrak/reporting/main
[Tue Jul 28 13:53:50.789035 2015] [:error] [pid 6661] [client 172.17.0.1:35435] PHP   1. {main}() /app/index.php:0, referer: http://dealtrak/reporting/main
[Tue Jul 28 13:53:50.789038 2015] [:error] [pid 6661] [client 172.17.0.1:35435] PHP   2. include() /app/index.php:363, referer: http://dealtrak/reporting/main
[Tue Jul 28 13:53:50.789040 2015] [:error] [pid 6661] [client 172.17.0.1:35435] PHP   3. include() /app/layouts/site.php:130, referer: http://dealtrak/reporting/main
[Tue Jul 28 13:53:50.789046 2015] [:error] [pid 6661] [client 172.17.0.1:35435] PHP Notice:  Undefined index: select_lenders in /app/site/reporting/builder.phtml on line 146, referer: http://dealtrak/reporting/main
[Tue Jul 28 13:53:50.789048 2015] [:error] [pid 6661] [client 172.17.0.1:35435] PHP Stack trace:, referer: http://dealtrak/reporting/main
[Tue Jul 28 13:53:50.789050 2015] [:error] [pid 6661] [client 172.17.0.1:35435] PHP   1. {main}() /app/index.php:0, referer: http://dealtrak/reporting/main
[Tue Jul 28 13:53:50.789052 2015] [:error] [pid 6661] [client 172.17.0.1:35435] PHP   2. include() /app/index.php:363, referer: http://dealtrak/reporting/main
[Tue Jul 28 13:53:50.789055 2015] [:error] [pid 6661] [client 172.17.0.1:35435] PHP   3. include() /app/layouts/site.php:130, referer: http://dealtrak/reporting/main
[Tue Jul 28 13:53:50.789063 2015] [:error] [pid 6661] [client 172.17.0.1:35435] PHP Notice:  Undefined index: select_lenders in /app/site/reporting/builder.phtml on line 146, referer: http://dealtrak/reporting/main
[Tue Jul 28 13:53:50.789065 2015] [:error] [pid 6661] [client 172.17.0.1:35435] PHP Stack trace:, referer: http://dealtrak/reporting/main
[Tue Jul 28 13:53:50.789067 2015] [:error] [pid 6661] [client 172.17.0.1:35435] PHP   1. {main}() /app/index.php:0, referer: http://dealtrak/reporting/main
[Tue Jul 28 13:53:50.789069 2015] [:error] [pid 6661] [client 172.17.0.1:35435] PHP   2. include() /app/index.php:363, referer: http://dealtrak/reporting/main
[Tue Jul 28 13:53:50.789072 2015] [:error] [pid 6661] [client 172.17.0.1:35435] PHP   3. include() /app/layouts/site.php:130, referer: http://dealtrak/reporting/main
[Tue Jul 28 13:53:50.789077 2015] [:error] [pid 6661] [client 172.17.0.1:35435] PHP Notice:  Undefined index: select_lenders in /app/site/reporting/builder.phtml on line 146, referer: http://dealtrak/reporting/main
[Tue Jul 28 13:53:50.789079 2015] [:error] [pid 6661] [client 172.17.0.1:35435] PHP Stack trace:, referer: http://dealtrak/reporting/main
[Tue Jul 28 13:53:50.789082 2015] [:error] [pid 6661] [client 172.17.0.1:35435] PHP   1. {main}() /app/index.php:0, referer: http://dealtrak/reporting/main
[Tue Jul 28 13:53:50.789084 2015] [:error] [pid 6661] [client 172.17.0.1:35435] PHP   2. include() /app/index.php:363, referer: http://dealtrak/reporting/main
[Tue Jul 28 13:53:50.789086 2015] [:error] [pid 6661] [client 172.17.0.1:35435] PHP   3. include() /app/layouts/site.php:130, referer: http://dealtrak/reporting/main
[Tue Jul 28 13:53:50.789092 2015] [:error] [pid 6661] [client 172.17.0.1:35435] PHP Notice:  Undefined index: select_lenders in /app/site/reporting/builder.phtml on line 146, referer: http://dealtrak/reporting/main
[Tue Jul 28 13:53:50.789094 2015] [:error] [pid 6661] [client 172.17.0.1:35435] PHP Stack trace:, referer: http://dealtrak/reporting/main
[Tue Jul 28 13:53:50.789097 2015] [:error] [pid 6661] [client 172.17.0.1:35435] PHP   1. {main}() /app/index.php:0, referer: http://dealtrak/reporting/main
[Tue Jul 28 13:53:50.789099 2015] [:error] [pid 6661] [client 172.17.0.1:35435] PHP   2. include() /app/index.php:363, referer: http://dealtrak/reporting/main
[Tue Jul 28 13:53:50.789101 2015] [:error] [pid 6661] [client 172.17.0.1:35435] PHP   3. include() /app/layouts/site.php:130, referer: http://dealtrak/reporting/main
[Tue Jul 28 13:53:50.789107 2015] [:error] [pid 6661] [client 172.17.0.1:35435] PHP Notice:  Undefined index: select_lenders in /app/site/reporting/builder.phtml on line 146, referer: http://dealtrak/reporting/main
[Tue Jul 28 13:53:50.789109 2015] [:error] [pid 6661] [client 172.17.0.1:35435] PHP Stack trace:, referer: http://dealtrak/reporting/main
[Tue Jul 28 13:53:50.789111 2015] [:error] [pid 6661] [client 172.17.0.1:35435] PHP   1. {main}() /app/index.php:0, referer: http://dealtrak/reporting/main
[Tue Jul 28 13:53:50.789114 2015] [:error] [pid 6661] [client 172.17.0.1:35435] PHP   2. include() /app/index.php:363, referer: http://dealtrak/reporting/main
[Tue Jul 28 13:53:50.789116 2015] [:error] [pid 6661] [client 172.17.0.1:35435] PHP   3. include() /app/layouts/site.php:130, referer: http://dealtrak/reporting/main
[Tue Jul 28 13:53:50.789122 2015] [:error] [pid 6661] [client 172.17.0.1:35435] PHP Notice:  Undefined index: select_lenders in /app/site/reporting/builder.phtml on line 146, referer: http://dealtrak/reporting/main
[Tue Jul 28 13:53:50.789124 2015] [:error] [pid 6661] [client 172.17.0.1:35435] PHP Stack trace:, referer: http://dealtrak/reporting/main
[Tue Jul 28 13:53:50.789128 2015] [:error] [pid 6661] [client 172.17.0.1:35435] PHP   1. {main}() /app/index.php:0, referer: http://dealtrak/reporting/main
[Tue Jul 28 13:53:50.789130 2015] [:error] [pid 6661] [client 172.17.0.1:35435] PHP   2. include() /app/index.php:363, referer: http://dealtrak/reporting/main
[Tue Jul 28 13:53:50.789133 2015] [:error] [pid 6661] [client 172.17.0.1:35435] PHP   3. include() /app/layouts/site.php:130, referer: http://dealtrak/reporting/main
[Tue Jul 28 13:53:50.789138 2015] [:error] [pid 6661] [client 172.17.0.1:35435] PHP Notice:  Undefined index: select_lenders in /app/site/reporting/builder.phtml on line 146, referer: http://dealtrak/reporting/main
[Tue Jul 28 13:53:50.789140 2015] [:error] [pid 6661] [client 172.17.0.1:35435] PHP Stack trace:, referer: http://dealtrak/reporting/main
[Tue Jul 28 13:53:50.789143 2015] [:error] [pid 6661] [client 172.17.0.1:35435] PHP   1. {main}() /app/index.php:0, referer: http://dealtrak/reporting/main
[Tue Jul 28 13:53:50.789145 2015] [:error] [pid 6661] [client 172.17.0.1:35435] PHP   2. include() /app/index.php:363, referer: http://dealtrak/reporting/main
[Tue Jul 28 13:53:50.789147 2015] [:error] [pid 6661] [client 172.17.0.1:35435] PHP   3. include() /app/layouts/site.php:130, referer: http://dealtrak/reporting/main
[Tue Jul 28 13:53:50.789153 2015] [:error] [pid 6661] [client 172.17.0.1:35435] PHP Notice:  Undefined index: select_lenders in /app/site/reporting/builder.phtml on line 146, referer: http://dealtrak/reporting/main
[Tue Jul 28 13:53:50.789155 2015] [:error] [pid 6661] [client 172.17.0.1:35435] PHP Stack trace:, referer: http://dealtrak/reporting/main
[Tue Jul 28 13:53:50.789157 2015] [:error] [pid 6661] [client 172.17.0.1:35435] PHP   1. {main}() /app/index.php:0, referer: http://dealtrak/reporting/main
[Tue Jul 28 13:53:50.789159 2015] [:error] [pid 6661] [client 172.17.0.1:35435] PHP   2. include() /app/index.php:363, referer: http://dealtrak/reporting/main
[Tue Jul 28 13:53:50.789162 2015] [:error] [pid 6661] [client 172.17.0.1:35435] PHP   3. include() /app/layouts/site.php:130, referer: http://dealtrak/reporting/main
[Tue Jul 28 13:53:50.789168 2015] [:error] [pid 6661] [client 172.17.0.1:35435] PHP Notice:  Undefined index: select_lenders in /app/site/reporting/builder.phtml on line 146, referer: http://dealtrak/reporting/main
[Tue Jul 28 13:53:50.789169 2015] [:error] [pid 6661] [client 172.17.0.1:35435] PHP Stack trace:, referer: http://dealtrak/reporting/main
[Tue Jul 28 13:53:50.789172 2015] [:error] [pid 6661] [client 172.17.0.1:35435] PHP   1. {main}() /app/index.php:0, referer: http://dealtrak/reporting/main
[Tue Jul 28 13:53:50.789174 2015] [:error] [pid 6661] [client 172.17.0.1:35435] PHP   2. include() /app/index.php:363, referer: http://dealtrak/reporting/main
[Tue Jul 28 13:53:50.789176 2015] [:error] [pid 6661] [client 172.17.0.1:35435] PHP   3. include() /app/layouts/site.php:130, referer: http://dealtrak/reporting/main
[Tue Jul 28 13:53:50.789183 2015] [:error] [pid 6661] [client 172.17.0.1:35435] PHP Notice:  Undefined index: select_lenders in /app/site/reporting/builder.phtml on line 146, referer: http://dealtrak/reporting/main
[Tue Jul 28 13:53:50.789185 2015] [:error] [pid 6661] [client 172.17.0.1:35435] PHP Stack trace:, referer: http://dealtrak/reporting/main
[Tue Jul 28 13:53:50.789187 2015] [:error] [pid 6661] [client 172.17.0.1:35435] PHP   1. {main}() /app/index.php:0, referer: http://dealtrak/reporting/main
[Tue Jul 28 13:53:50.789189 2015] [:error] [pid 6661] [client 172.17.0.1:35435] PHP   2. include() /app/index.php:363, referer: http://dealtrak/reporting/main
[Tue Jul 28 13:53:50.789193 2015] [:error] [pid 6661] [client 172.17.0.1:35435] PHP   3. include() /app/layouts/site.php:130, referer: http://dealtrak/reporting/main
[Tue Jul 28 13:53:50.789199 2015] [:error] [pid 6661] [client 172.17.0.1:35435] PHP Notice:  Undefined index: select_lenders in /app/site/reporting/builder.phtml on line 146, referer: http://dealtrak/reporting/main
[Tue Jul 28 13:53:50.789201 2015] [:error] [pid 6661] [client 172.17.0.1:35435] PHP Stack trace:, referer: http://dealtrak/reporting/main
[Tue Jul 28 13:53:50.789203 2015] [:error] [pid 6661] [client 172.17.0.1:35435] PHP   1. {main}() /app/index.php:0, referer: http://dealtrak/reporting/main
[Tue Jul 28 13:53:50.789206 2015] [:error] [pid 6661] [client 172.17.0.1:35435] PHP   2. include() /app/index.php:363, referer: http://dealtrak/reporting/main
[Tue Jul 28 13:53:50.789208 2015] [:error] [pid 6661] [client 172.17.0.1:35435] PHP   3. include() /app/layouts/site.php:130, referer: http://dealtrak/reporting/main
[Tue Jul 28 13:53:50.789214 2015] [:error] [pid 6661] [client 172.17.0.1:35435] PHP Notice:  Undefined index: select_lenders in /app/site/reporting/builder.phtml on line 146, referer: http://dealtrak/reporting/main
[Tue Jul 28 13:53:50.789216 2015] [:error] [pid 6661] [client 172.17.0.1:35435] PHP Stack trace:, referer: http://dealtrak/reporting/main
[Tue Jul 28 13:53:50.789218 2015] [:error] [pid 6661] [client 172.17.0.1:35435] PHP   1. {main}() /app/index.php:0, referer: http://dealtrak/reporting/main
[Tue Jul 28 13:53:50.789221 2015] [:error] [pid 6661] [client 172.17.0.1:35435] PHP   2. include() /app/index.php:363, referer: http://dealtrak/reporting/main
[Tue Jul 28 13:53:50.789223 2015] [:error] [pid 6661] [client 172.17.0.1:35435] PHP   3. include() /app/layouts/site.php:130, referer: http://dealtrak/reporting/main
[Tue Jul 28 13:53:50.789229 2015] [:error] [pid 6661] [client 172.17.0.1:35435] PHP Notice:  Undefined index: select_lenders in /app/site/reporting/builder.phtml on line 146, referer: http://dealtrak/reporting/main
[Tue Jul 28 13:53:50.789230 2015] [:error] [pid 6661] [client 172.17.0.1:35435] PHP Stack trace:, referer: http://dealtrak/reporting/main
[Tue Jul 28 13:53:50.789233 2015] [:error] [pid 6661] [client 172.17.0.1:35435] PHP   1. {main}() /app/index.php:0, referer: http://dealtrak/reporting/main
[Tue Jul 28 13:53:50.789235 2015] [:error] [pid 6661] [client 172.17.0.1:35435] PHP   2. include() /app/index.php:363, referer: http://dealtrak/reporting/main
[Tue Jul 28 13:53:50.789237 2015] [:error] [pid 6661] [client 172.17.0.1:35435] PHP   3. include() /app/layouts/site.php:130, referer: http://dealtrak/reporting/main
[Tue Jul 28 13:53:50.789243 2015] [:error] [pid 6661] [client 172.17.0.1:35435] PHP Notice:  Undefined index: select_lenders in /app/site/reporting/builder.phtml on line 146, referer: http://dealtrak/reporting/main
[Tue Jul 28 13:53:50.789245 2015] [:error] [pid 6661] [client 172.17.0.1:35435] PHP Stack trace:, referer: http://dealtrak/reporting/main
[Tue Jul 28 13:53:50.789247 2015] [:error] [pid 6661] [client 172.17.0.1:35435] PHP   1. {main}() /app/index.php:0, referer: http://dealtrak/reporting/main
[Tue Jul 28 13:53:50.789250 2015] [:error] [pid 6661] [client 172.17.0.1:35435] PHP   2. include() /app/index.php:363, referer: http://dealtrak/reporting/main
[Tue Jul 28 13:53:50.789252 2015] [:error] [pid 6661] [client 172.17.0.1:35435] PHP   3. include() /app/layouts/site.php:130, referer: http://dealtrak/reporting/main
[Tue Jul 28 13:53:50.789258 2015] [:error] [pid 6661] [client 172.17.0.1:35435] PHP Notice:  Undefined index: select_lenders in /app/site/reporting/builder.phtml on line 146, referer: http://dealtrak/reporting/main
[Tue Jul 28 13:53:50.789265 2015] [:error] [pid 6661] [client 172.17.0.1:35435] PHP Stack trace:, referer: http://dealtrak/reporting/main
[Tue Jul 28 13:53:50.789268 2015] [:error] [pid 6661] [client 172.17.0.1:35435] PHP   1. {main}() /app/index.php:0, referer: http://dealtrak/reporting/main
[Tue Jul 28 13:53:50.789270 2015] [:error] [pid 6661] [client 172.17.0.1:35435] PHP   2. include() /app/index.php:363, referer: http://dealtrak/reporting/main
[Tue Jul 28 13:53:50.789273 2015] [:error] [pid 6661] [client 172.17.0.1:35435] PHP   3. include() /app/layouts/site.php:130, referer: http://dealtrak/reporting/main
[Tue Jul 28 13:53:50.789279 2015] [:error] [pid 6661] [client 172.17.0.1:35435] PHP Notice:  Undefined index: select_lenders in /app/site/reporting/builder.phtml on line 146, referer: http://dealtrak/reporting/main
[Tue Jul 28 13:53:50.789280 2015] [:error] [pid 6661] [client 172.17.0.1:35435] PHP Stack trace:, referer: http://dealtrak/reporting/main
[Tue Jul 28 13:53:50.789283 2015] [:error] [pid 6661] [client 172.17.0.1:35435] PHP   1. {main}() /app/index.php:0, referer: http://dealtrak/reporting/main
[Tue Jul 28 13:53:50.789285 2015] [:error] [pid 6661] [client 172.17.0.1:35435] PHP   2. include() /app/index.php:363, referer: http://dealtrak/reporting/main
[Tue Jul 28 13:53:50.789288 2015] [:error] [pid 6661] [client 172.17.0.1:35435] PHP   3. include() /app/layouts/site.php:130, referer: http://dealtrak/reporting/main
[Tue Jul 28 13:53:50.789394 2015] [:error] [pid 6661] [client 172.17.0.1:35435] PHP Notice:  Undefined index: select_lenders in /app/site/reporting/builder.phtml on line 146, referer: http://dealtrak/reporting/main
[Tue Jul 28 13:53:50.789396 2015] [:error] [pid 6661] [client 172.17.0.1:35435] PHP Stack trace:, referer: http://dealtrak/reporting/main
[Tue Jul 28 13:53:50.789399 2015] [:error] [pid 6661] [client 172.17.0.1:35435] PHP   1. {main}() /app/index.php:0, referer: http://dealtrak/reporting/main
[Tue Jul 28 13:53:50.789401 2015] [:error] [pid 6661] [client 172.17.0.1:35435] PHP   2. include() /app/index.php:363, referer: http://dealtrak/reporting/main
[Tue Jul 28 13:53:50.789404 2015] [:error] [pid 6661] [client 172.17.0.1:35435] PHP   3. include() /app/layouts/site.php:130, referer: http://dealtrak/reporting/main
[Tue Jul 28 13:53:50.789410 2015] [:error] [pid 6661] [client 172.17.0.1:35435] PHP Notice:  Undefined index: select_lenders in /app/site/reporting/builder.phtml on line 146, referer: http://dealtrak/reporting/main
[Tue Jul 28 13:53:50.789411 2015] [:error] [pid 6661] [client 172.17.0.1:35435] PHP Stack trace:, referer: http://dealtrak/reporting/main
[Tue Jul 28 13:53:50.789414 2015] [:error] [pid 6661] [client 172.17.0.1:35435] PHP   1. {main}() /app/index.php:0, referer: http://dealtrak/reporting/main
[Tue Jul 28 13:53:50.789416 2015] [:error] [pid 6661] [client 172.17.0.1:35435] PHP   2. include() /app/index.php:363, referer: http://dealtrak/reporting/main
[Tue Jul 28 13:53:50.789419 2015] [:error] [pid 6661] [client 172.17.0.1:35435] PHP   3. include() /app/layouts/site.php:130, referer: http://dealtrak/reporting/main
[Tue Jul 28 13:53:50.789425 2015] [:error] [pid 6661] [client 172.17.0.1:35435] PHP Notice:  Undefined index: select_lenders in /app/site/reporting/builder.phtml on line 146, referer: http://dealtrak/reporting/main
[Tue Jul 28 13:53:50.789426 2015] [:error] [pid 6661] [client 172.17.0.1:35435] PHP Stack trace:, referer: http://dealtrak/reporting/main
[Tue Jul 28 13:53:50.789429 2015] [:error] [pid 6661] [client 172.17.0.1:35435] PHP   1. {main}() /app/index.php:0, referer: http://dealtrak/reporting/main
[Tue Jul 28 13:53:50.789434 2015] [:error] [pid 6661] [client 172.17.0.1:35435] PHP   2. include() /app/index.php:363, referer: http://dealtrak/reporting/main
[Tue Jul 28 13:53:50.789436 2015] [:error] [pid 6661] [client 172.17.0.1:35435] PHP   3. include() /app/layouts/site.php:130, referer: http://dealtrak/reporting/main
[Tue Jul 28 13:53:50.789442 2015] [:error] [pid 6661] [client 172.17.0.1:35435] PHP Notice:  Undefined index: select_lenders in /app/site/reporting/builder.phtml on line 146, referer: http://dealtrak/reporting/main
[Tue Jul 28 13:53:50.789444 2015] [:error] [pid 6661] [client 172.17.0.1:35435] PHP Stack trace:, referer: http://dealtrak/reporting/main
[Tue Jul 28 13:53:50.789447 2015] [:error] [pid 6661] [client 172.17.0.1:35435] PHP   1. {main}() /app/index.php:0, referer: http://dealtrak/reporting/main
[Tue Jul 28 13:53:50.789449 2015] [:error] [pid 6661] [client 172.17.0.1:35435] PHP   2. include() /app/index.php:363, referer: http://dealtrak/reporting/main
[Tue Jul 28 13:53:50.789452 2015] [:error] [pid 6661] [client 172.17.0.1:35435] PHP   3. include() /app/layouts/site.php:130, referer: http://dealtrak/reporting/main
[Tue Jul 28 13:53:50.789457 2015] [:error] [pid 6661] [client 172.17.0.1:35435] PHP Notice:  Undefined index: select_lenders in /app/site/reporting/builder.phtml on line 146, referer: http://dealtrak/reporting/main
[Tue Jul 28 13:53:50.789459 2015] [:error] [pid 6661] [client 172.17.0.1:35435] PHP Stack trace:, referer: http://dealtrak/reporting/main
[Tue Jul 28 13:53:50.789461 2015] [:error] [pid 6661] [client 172.17.0.1:35435] PHP   1. {main}() /app/index.php:0, referer: http://dealtrak/reporting/main
[Tue Jul 28 13:53:50.789464 2015] [:error] [pid 6661] [client 172.17.0.1:35435] PHP   2. include() /app/index.php:363, referer: http://dealtrak/reporting/main
[Tue Jul 28 13:53:50.789466 2015] [:error] [pid 6661] [client 172.17.0.1:35435] PHP   3. include() /app/layouts/site.php:130, referer: http://dealtrak/reporting/main
[Tue Jul 28 13:53:50.789472 2015] [:error] [pid 6661] [client 172.17.0.1:35435] PHP Notice:  Undefined index: select_lenders in /app/site/reporting/builder.phtml on line 146, referer: http://dealtrak/reporting/main
[Tue Jul 28 13:53:50.789474 2015] [:error] [pid 6661] [client 172.17.0.1:35435] PHP Stack trace:, referer: http://dealtrak/reporting/main
[Tue Jul 28 13:53:50.789476 2015] [:error] [pid 6661] [client 172.17.0.1:35435] PHP   1. {main}() /app/index.php:0, referer: http://dealtrak/reporting/main
[Tue Jul 28 13:53:50.789478 2015] [:error] [pid 6661] [client 172.17.0.1:35435] PHP   2. include() /app/index.php:363, referer: http://dealtrak/reporting/main
[Tue Jul 28 13:53:50.789481 2015] [:error] [pid 6661] [client 172.17.0.1:35435] PHP   3. include() /app/layouts/site.php:130, referer: http://dealtrak/reporting/main
[Tue Jul 28 13:53:50.789486 2015] [:error] [pid 6661] [client 172.17.0.1:35435] PHP Notice:  Undefined index: select_lenders in /app/site/reporting/builder.phtml on line 146, referer: http://dealtrak/reporting/main
[Tue Jul 28 13:53:50.789488 2015] [:error] [pid 6661] [client 172.17.0.1:35435] PHP Stack trace:, referer: http://dealtrak/reporting/main
[Tue Jul 28 13:53:50.789491 2015] [:error] [pid 6661] [client 172.17.0.1:35435] PHP   1. {main}() /app/index.php:0, referer: http://dealtrak/reporting/main
[Tue Jul 28 13:53:50.789493 2015] [:error] [pid 6661] [client 172.17.0.1:35435] PHP   2. include() /app/index.php:363, referer: http://dealtrak/reporting/main
[Tue Jul 28 13:53:50.789495 2015] [:error] [pid 6661] [client 172.17.0.1:35435] PHP   3. include() /app/layouts/site.php:130, referer: http://dealtrak/reporting/main
[Tue Jul 28 13:53:50.789504 2015] [:error] [pid 6661] [client 172.17.0.1:35435] PHP Notice:  Undefined index: select_lenders in /app/site/reporting/builder.phtml on line 146, referer: http://dealtrak/reporting/main
[Tue Jul 28 13:53:50.789506 2015] [:error] [pid 6661] [client 172.17.0.1:35435] PHP Stack trace:, referer: http://dealtrak/reporting/main
[Tue Jul 28 13:53:50.789508 2015] [:error] [pid 6661] [client 172.17.0.1:35435] PHP   1. {main}() /app/index.php:0, referer: http://dealtrak/reporting/main
[Tue Jul 28 13:53:50.789511 2015] [:error] [pid 6661] [client 172.17.0.1:35435] PHP   2. include() /app/index.php:363, referer: http://dealtrak/reporting/main
[Tue Jul 28 13:53:50.789513 2015] [:error] [pid 6661] [client 172.17.0.1:35435] PHP   3. include() /app/layouts/site.php:130, referer: http://dealtrak/reporting/main
[Tue Jul 28 13:53:50.789519 2015] [:error] [pid 6661] [client 172.17.0.1:35435] PHP Notice:  Undefined index: select_lenders in /app/site/reporting/builder.phtml on line 146, referer: http://dealtrak/reporting/main
[Tue Jul 28 13:53:50.789521 2015] [:error] [pid 6661] [client 172.17.0.1:35435] PHP Stack trace:, referer: http://dealtrak/reporting/main
[Tue Jul 28 13:53:50.789523 2015] [:error] [pid 6661] [client 172.17.0.1:35435] PHP   1. {main}() /app/index.php:0, referer: http://dealtrak/reporting/main
[Tue Jul 28 13:53:50.789525 2015] [:error] [pid 6661] [client 172.17.0.1:35435] PHP   2. include() /app/index.php:363, referer: http://dealtrak/reporting/main
[Tue Jul 28 13:53:50.789528 2015] [:error] [pid 6661] [client 172.17.0.1:35435] PHP   3. include() /app/layouts/site.php:130, referer: http://dealtrak/reporting/main
[Tue Jul 28 13:53:50.789534 2015] [:error] [pid 6661] [client 172.17.0.1:35435] PHP Notice:  Undefined index: select_lenders in /app/site/reporting/builder.phtml on line 146, referer: http://dealtrak/reporting/main
[Tue Jul 28 13:53:50.789536 2015] [:error] [pid 6661] [client 172.17.0.1:35435] PHP Stack trace:, referer: http://dealtrak/reporting/main
[Tue Jul 28 13:53:50.789538 2015] [:error] [pid 6661] [client 172.17.0.1:35435] PHP   1. {main}() /app/index.php:0, referer: http://dealtrak/reporting/main
[Tue Jul 28 13:53:50.789540 2015] [:error] [pid 6661] [client 172.17.0.1:35435] PHP   2. include() /app/index.php:363, referer: http://dealtrak/reporting/main
[Tue Jul 28 13:53:50.789543 2015] [:error] [pid 6661] [client 172.17.0.1:35435] PHP   3. include() /app/layouts/site.php:130, referer: http://dealtrak/reporting/main
[Tue Jul 28 13:53:50.789548 2015] [:error] [pid 6661] [client 172.17.0.1:35435] PHP Notice:  Undefined index: select_lenders in /app/site/reporting/builder.phtml on line 146, referer: http://dealtrak/reporting/main
[Tue Jul 28 13:53:50.789550 2015] [:error] [pid 6661] [client 172.17.0.1:35435] PHP Stack trace:, referer: http://dealtrak/reporting/main
[Tue Jul 28 13:53:50.789552 2015] [:error] [pid 6661] [client 172.17.0.1:35435] PHP   1. {main}() /app/index.php:0, referer: http://dealtrak/reporting/main
[Tue Jul 28 13:53:50.789555 2015] [:error] [pid 6661] [client 172.17.0.1:35435] PHP   2. include() /app/index.php:363, referer: http://dealtrak/reporting/main
[Tue Jul 28 13:53:50.789557 2015] [:error] [pid 6661] [client 172.17.0.1:35435] PHP   3. include() /app/layouts/site.php:130, referer: http://dealtrak/reporting/main
[Tue Jul 28 13:53:50.789563 2015] [:error] [pid 6661] [client 172.17.0.1:35435] PHP Notice:  Undefined index: select_lenders in /app/site/reporting/builder.phtml on line 146, referer: http://dealtrak/reporting/main
[Tue Jul 28 13:53:50.789565 2015] [:error] [pid 6661] [client 172.17.0.1:35435] PHP Stack trace:, referer: http://dealtrak/reporting/main
[Tue Jul 28 13:53:50.789570 2015] [:error] [pid 6661] [client 172.17.0.1:35435] PHP   1. {main}() /app/index.php:0, referer: http://dealtrak/reporting/main
[Tue Jul 28 13:53:50.789572 2015] [:error] [pid 6661] [client 172.17.0.1:35435] PHP   2. include() /app/index.php:363, referer: http://dealtrak/reporting/main
[Tue Jul 28 13:53:50.789574 2015] [:error] [pid 6661] [client 172.17.0.1:35435] PHP   3. include() /app/layouts/site.php:130, referer: http://dealtrak/reporting/main
[Tue Jul 28 13:53:50.789580 2015] [:error] [pid 6661] [client 172.17.0.1:35435] PHP Notice:  Undefined index: select_lenders in /app/site/reporting/builder.phtml on line 146, referer: http://dealtrak/reporting/main
[Tue Jul 28 13:53:50.789582 2015] [:error] [pid 6661] [client 172.17.0.1:35435] PHP Stack trace:, referer: http://dealtrak/reporting/main
[Tue Jul 28 13:53:50.789584 2015] [:error] [pid 6661] [client 172.17.0.1:35435] PHP   1. {main}() /app/index.php:0, referer: http://dealtrak/reporting/main
[Tue Jul 28 13:53:50.789587 2015] [:error] [pid 6661] [client 172.17.0.1:35435] PHP   2. include() /app/index.php:363, referer: http://dealtrak/reporting/main
[Tue Jul 28 13:53:50.789589 2015] [:error] [pid 6661] [client 172.17.0.1:35435] PHP   3. include() /app/layouts/site.php:130, referer: http://dealtrak/reporting/main
[Tue Jul 28 13:53:50.789595 2015] [:error] [pid 6661] [client 172.17.0.1:35435] PHP Notice:  Undefined index: select_lenders in /app/site/reporting/builder.phtml on line 146, referer: http://dealtrak/reporting/main
[Tue Jul 28 13:53:50.789597 2015] [:error] [pid 6661] [client 172.17.0.1:35435] PHP Stack trace:, referer: http://dealtrak/reporting/main
[Tue Jul 28 13:53:50.789599 2015] [:error] [pid 6661] [client 172.17.0.1:35435] PHP   1. {main}() /app/index.php:0, referer: http://dealtrak/reporting/main
[Tue Jul 28 13:53:50.789602 2015] [:error] [pid 6661] [client 172.17.0.1:35435] PHP   2. include() /app/index.php:363, referer: http://dealtrak/reporting/main
[Tue Jul 28 13:53:50.789604 2015] [:error] [pid 6661] [client 172.17.0.1:35435] PHP   3. include() /app/layouts/site.php:130, referer: http://dealtrak/reporting/main
[Tue Jul 28 13:53:50.789610 2015] [:error] [pid 6661] [client 172.17.0.1:35435] PHP Notice:  Undefined index: select_lenders in /app/site/reporting/builder.phtml on line 146, referer: http://dealtrak/reporting/main
[Tue Jul 28 13:53:50.789611 2015] [:error] [pid 6661] [client 172.17.0.1:35435] PHP Stack trace:, referer: http://dealtrak/reporting/main
[Tue Jul 28 13:53:50.789614 2015] [:error] [pid 6661] [client 172.17.0.1:35435] PHP   1. {main}() /app/index.php:0, referer: http://dealtrak/reporting/main
[Tue Jul 28 13:53:50.789616 2015] [:error] [pid 6661] [client 172.17.0.1:35435] PHP   2. include() /app/index.php:363, referer: http://dealtrak/reporting/main
[Tue Jul 28 13:53:50.789619 2015] [:error] [pid 6661] [client 172.17.0.1:35435] PHP   3. include() /app/layouts/site.php:130, referer: http://dealtrak/reporting/main
[Tue Jul 28 13:53:50.789624 2015] [:error] [pid 6661] [client 172.17.0.1:35435] PHP Notice:  Undefined index: select_lenders in /app/site/reporting/builder.phtml on line 146, referer: http://dealtrak/reporting/main
[Tue Jul 28 13:53:50.789626 2015] [:error] [pid 6661] [client 172.17.0.1:35435] PHP Stack trace:, referer: http://dealtrak/reporting/main
[Tue Jul 28 13:53:50.789628 2015] [:error] [pid 6661] [client 172.17.0.1:35435] PHP   1. {main}() /app/index.php:0, referer: http://dealtrak/reporting/main
[Tue Jul 28 13:53:50.789631 2015] [:error] [pid 6661] [client 172.17.0.1:35435] PHP   2. include() /app/index.php:363, referer: http://dealtrak/reporting/main
[Tue Jul 28 13:53:50.789633 2015] [:error] [pid 6661] [client 172.17.0.1:35435] PHP   3. include() /app/layouts/site.php:130, referer: http://dealtrak/reporting/main
[Tue Jul 28 13:53:50.789641 2015] [:error] [pid 6661] [client 172.17.0.1:35435] PHP Notice:  Undefined index: select_lenders in /app/site/reporting/builder.phtml on line 146, referer: http://dealtrak/reporting/main
[Tue Jul 28 13:53:50.789643 2015] [:error] [pid 6661] [client 172.17.0.1:35435] PHP Stack trace:, referer: http://dealtrak/reporting/main
[Tue Jul 28 13:53:50.789646 2015] [:error] [pid 6661] [client 172.17.0.1:35435] PHP   1. {main}() /app/index.php:0, referer: http://dealtrak/reporting/main
[Tue Jul 28 13:53:50.789648 2015] [:error] [pid 6661] [client 172.17.0.1:35435] PHP   2. include() /app/index.php:363, referer: http://dealtrak/reporting/main
[Tue Jul 28 13:53:50.789650 2015] [:error] [pid 6661] [client 172.17.0.1:35435] PHP   3. include() /app/layouts/site.php:130, referer: http://dealtrak/reporting/main
[Tue Jul 28 13:53:50.789656 2015] [:error] [pid 6661] [client 172.17.0.1:35435] PHP Notice:  Undefined index: select_lenders in /app/site/reporting/builder.phtml on line 146, referer: http://dealtrak/reporting/main
[Tue Jul 28 13:53:50.789658 2015] [:error] [pid 6661] [client 172.17.0.1:35435] PHP Stack trace:, referer: http://dealtrak/reporting/main
[Tue Jul 28 13:53:50.789660 2015] [:error] [pid 6661] [client 172.17.0.1:35435] PHP   1. {main}() /app/index.php:0, referer: http://dealtrak/reporting/main
[Tue Jul 28 13:53:50.789663 2015] [:error] [pid 6661] [client 172.17.0.1:35435] PHP   2. include() /app/index.php:363, referer: http://dealtrak/reporting/main
[Tue Jul 28 13:53:50.789665 2015] [:error] [pid 6661] [client 172.17.0.1:35435] PHP   3. include() /app/layouts/site.php:130, referer: http://dealtrak/reporting/main
[Tue Jul 28 13:53:50.789671 2015] [:error] [pid 6661] [client 172.17.0.1:35435] PHP Notice:  Undefined index: select_lenders in /app/site/reporting/builder.phtml on line 146, referer: http://dealtrak/reporting/main
[Tue Jul 28 13:53:50.789673 2015] [:error] [pid 6661] [client 172.17.0.1:35435] PHP Stack trace:, referer: http://dealtrak/reporting/main
[Tue Jul 28 13:53:50.789675 2015] [:error] [pid 6661] [client 172.17.0.1:35435] PHP   1. {main}() /app/index.php:0, referer: http://dealtrak/reporting/main
[Tue Jul 28 13:53:50.789677 2015] [:error] [pid 6661] [client 172.17.0.1:35435] PHP   2. include() /app/index.php:363, referer: http://dealtrak/reporting/main
[Tue Jul 28 13:53:50.789680 2015] [:error] [pid 6661] [client 172.17.0.1:35435] PHP   3. include() /app/layouts/site.php:130, referer: http://dealtrak/reporting/main
[Tue Jul 28 13:53:50.789685 2015] [:error] [pid 6661] [client 172.17.0.1:35435] PHP Notice:  Undefined index: select_lenders in /app/site/reporting/builder.phtml on line 146, referer: http://dealtrak/reporting/main
[Tue Jul 28 13:53:50.789687 2015] [:error] [pid 6661] [client 172.17.0.1:35435] PHP Stack trace:, referer: http://dealtrak/reporting/main
[Tue Jul 28 13:53:50.789689 2015] [:error] [pid 6661] [client 172.17.0.1:35435] PHP   1. {main}() /app/index.php:0, referer: http://dealtrak/reporting/main
[Tue Jul 28 13:53:50.789692 2015] [:error] [pid 6661] [client 172.17.0.1:35435] PHP   2. include() /app/index.php:363, referer: http://dealtrak/reporting/main
[Tue Jul 28 13:53:50.789694 2015] [:error] [pid 6661] [client 172.17.0.1:35435] PHP   3. include() /app/layouts/site.php:130, referer: http://dealtrak/reporting/main
[Tue Jul 28 13:53:50.789700 2015] [:error] [pid 6661] [client 172.17.0.1:35435] PHP Notice:  Undefined index: select_lenders in /app/site/reporting/builder.phtml on line 146, referer: http://dealtrak/reporting/main
[Tue Jul 28 13:53:50.789703 2015] [:error] [pid 6661] [client 172.17.0.1:35435] PHP Stack trace:, referer: http://dealtrak/reporting/main
[Tue Jul 28 13:53:50.789706 2015] [:error] [pid 6661] [client 172.17.0.1:35435] PHP   1. {main}() /app/index.php:0, referer: http://dealtrak/reporting/main
[Tue Jul 28 13:53:50.789708 2015] [:error] [pid 6661] [client 172.17.0.1:35435] PHP   2. include() /app/index.php:363, referer: http://dealtrak/reporting/main
[Tue Jul 28 13:53:50.789711 2015] [:error] [pid 6661] [client 172.17.0.1:35435] PHP   3. include() /app/layouts/site.php:130, referer: http://dealtrak/reporting/main
[Tue Jul 28 13:53:50.789717 2015] [:error] [pid 6661] [client 172.17.0.1:35435] PHP Notice:  Undefined index: select_lenders in /app/site/reporting/builder.phtml on line 146, referer: http://dealtrak/reporting/main
[Tue Jul 28 13:53:50.789719 2015] [:error] [pid 6661] [client 172.17.0.1:35435] PHP Stack trace:, referer: http://dealtrak/reporting/main
[Tue Jul 28 13:53:50.789721 2015] [:error] [pid 6661] [client 172.17.0.1:35435] PHP   1. {main}() /app/index.php:0, referer: http://dealtrak/reporting/main
[Tue Jul 28 13:53:50.789723 2015] [:error] [pid 6661] [client 172.17.0.1:35435] PHP   2. include() /app/index.php:363, referer: http://dealtrak/reporting/main
[Tue Jul 28 13:53:50.789726 2015] [:error] [pid 6661] [client 172.17.0.1:35435] PHP   3. include() /app/layouts/site.php:130, referer: http://dealtrak/reporting/main
[Tue Jul 28 13:53:50.789731 2015] [:error] [pid 6661] [client 172.17.0.1:35435] PHP Notice:  Undefined index: select_lenders in /app/site/reporting/builder.phtml on line 146, referer: http://dealtrak/reporting/main
[Tue Jul 28 13:53:50.789733 2015] [:error] [pid 6661] [client 172.17.0.1:35435] PHP Stack trace:, referer: http://dealtrak/reporting/main
[Tue Jul 28 13:53:50.789736 2015] [:error] [pid 6661] [client 172.17.0.1:35435] PHP   1. {main}() /app/index.php:0, referer: http://dealtrak/reporting/main
[Tue Jul 28 13:53:50.789738 2015] [:error] [pid 6661] [client 172.17.0.1:35435] PHP   2. include() /app/index.php:363, referer: http://dealtrak/reporting/main
[Tue Jul 28 13:53:50.789740 2015] [:error] [pid 6661] [client 172.17.0.1:35435] PHP   3. include() /app/layouts/site.php:130, referer: http://dealtrak/reporting/main
[Tue Jul 28 13:53:50.789746 2015] [:error] [pid 6661] [client 172.17.0.1:35435] PHP Notice:  Undefined index: select_lenders in /app/site/reporting/builder.phtml on line 146, referer: http://dealtrak/reporting/main
[Tue Jul 28 13:53:50.789748 2015] [:error] [pid 6661] [client 172.17.0.1:35435] PHP Stack trace:, referer: http://dealtrak/reporting/main
[Tue Jul 28 13:53:50.789750 2015] [:error] [pid 6661] [client 172.17.0.1:35435] PHP   1. {main}() /app/index.php:0, referer: http://dealtrak/reporting/main
[Tue Jul 28 13:53:50.789752 2015] [:error] [pid 6661] [client 172.17.0.1:35435] PHP   2. include() /app/index.php:363, referer: http://dealtrak/reporting/main
[Tue Jul 28 13:53:50.789755 2015] [:error] [pid 6661] [client 172.17.0.1:35435] PHP   3. include() /app/layouts/site.php:130, referer: http://dealtrak/reporting/main
[Tue Jul 28 13:53:50.789761 2015] [:error] [pid 6661] [client 172.17.0.1:35435] PHP Notice:  Undefined index: select_lenders in /app/site/reporting/builder.phtml on line 146, referer: http://dealtrak/reporting/main
[Tue Jul 28 13:53:50.789762 2015] [:error] [pid 6661] [client 172.17.0.1:35435] PHP Stack trace:, referer: http://dealtrak/reporting/main
[Tue Jul 28 13:53:50.789765 2015] [:error] [pid 6661] [client 172.17.0.1:35435] PHP   1. {main}() /app/index.php:0, referer: http://dealtrak/reporting/main
[Tue Jul 28 13:53:50.789767 2015] [:error] [pid 6661] [client 172.17.0.1:35435] PHP   2. include() /app/index.php:363, referer: http://dealtrak/reporting/main
[Tue Jul 28 13:53:50.789771 2015] [:error] [pid 6661] [client 172.17.0.1:35435] PHP   3. include() /app/layouts/site.php:130, referer: http://dealtrak/reporting/main
[Tue Jul 28 13:53:50.789778 2015] [:error] [pid 6661] [client 172.17.0.1:35435] PHP Notice:  Undefined index: select_lenders in /app/site/reporting/builder.phtml on line 146, referer: http://dealtrak/reporting/main
[Tue Jul 28 13:53:50.789780 2015] [:error] [pid 6661] [client 172.17.0.1:35435] PHP Stack trace:, referer: http://dealtrak/reporting/main
[Tue Jul 28 13:53:50.789782 2015] [:error] [pid 6661] [client 172.17.0.1:35435] PHP   1. {main}() /app/index.php:0, referer: http://dealtrak/reporting/main
[Tue Jul 28 13:53:50.789784 2015] [:error] [pid 6661] [client 172.17.0.1:35435] PHP   2. include() /app/index.php:363, referer: http://dealtrak/reporting/main
[Tue Jul 28 13:53:50.789787 2015] [:error] [pid 6661] [client 172.17.0.1:35435] PHP   3. include() /app/layouts/site.php:130, referer: http://dealtrak/reporting/main
[Tue Jul 28 13:53:50.789793 2015] [:error] [pid 6661] [client 172.17.0.1:35435] PHP Notice:  Undefined index: select_lenders in /app/site/reporting/builder.phtml on line 146, referer: http://dealtrak/reporting/main
[Tue Jul 28 13:53:50.789795 2015] [:error] [pid 6661] [client 172.17.0.1:35435] PHP Stack trace:, referer: http://dealtrak/reporting/main
[Tue Jul 28 13:53:50.789797 2015] [:error] [pid 6661] [client 172.17.0.1:35435] PHP   1. {main}() /app/index.php:0, referer: http://dealtrak/reporting/main
[Tue Jul 28 13:53:50.789799 2015] [:error] [pid 6661] [client 172.17.0.1:35435] PHP   2. include() /app/index.php:363, referer: http://dealtrak/reporting/main
[Tue Jul 28 13:53:50.789802 2015] [:error] [pid 6661] [client 172.17.0.1:35435] PHP   3. include() /app/layouts/site.php:130, referer: http://dealtrak/reporting/main
[Tue Jul 28 13:53:50.789808 2015] [:error] [pid 6661] [client 172.17.0.1:35435] PHP Notice:  Undefined index: select_lenders in /app/site/reporting/builder.phtml on line 146, referer: http://dealtrak/reporting/main
[Tue Jul 28 13:53:50.789810 2015] [:error] [pid 6661] [client 172.17.0.1:35435] PHP Stack trace:, referer: http://dealtrak/reporting/main
[Tue Jul 28 13:53:50.789812 2015] [:error] [pid 6661] [client 172.17.0.1:35435] PHP   1. {main}() /app/index.php:0, referer: http://dealtrak/reporting/main
[Tue Jul 28 13:53:50.789815 2015] [:error] [pid 6661] [client 172.17.0.1:35435] PHP   2. include() /app/index.php:363, referer: http://dealtrak/reporting/main
[Tue Jul 28 13:53:50.789817 2015] [:error] [pid 6661] [client 172.17.0.1:35435] PHP   3. include() /app/layouts/site.php:130, referer: http://dealtrak/reporting/main
[Tue Jul 28 13:53:50.789823 2015] [:error] [pid 6661] [client 172.17.0.1:35435] PHP Notice:  Undefined index: select_lenders in /app/site/reporting/builder.phtml on line 146, referer: http://dealtrak/reporting/main
[Tue Jul 28 13:53:50.789825 2015] [:error] [pid 6661] [client 172.17.0.1:35435] PHP Stack trace:, referer: http://dealtrak/reporting/main
[Tue Jul 28 13:53:50.789827 2015] [:error] [pid 6661] [client 172.17.0.1:35435] PHP   1. {main}() /app/index.php:0, referer: http://dealtrak/reporting/main
[Tue Jul 28 13:53:50.789829 2015] [:error] [pid 6661] [client 172.17.0.1:35435] PHP   2. include() /app/index.php:363, referer: http://dealtrak/reporting/main
[Tue Jul 28 13:53:50.789832 2015] [:error] [pid 6661] [client 172.17.0.1:35435] PHP   3. include() /app/layouts/site.php:130, referer: http://dealtrak/reporting/main
[Tue Jul 28 13:53:50.789837 2015] [:error] [pid 6661] [client 172.17.0.1:35435] PHP Notice:  Undefined index: select_lenders in /app/site/reporting/builder.phtml on line 146, referer: http://dealtrak/reporting/main
[Tue Jul 28 13:53:50.789841 2015] [:error] [pid 6661] [client 172.17.0.1:35435] PHP Stack trace:, referer: http://dealtrak/reporting/main
[Tue Jul 28 13:53:50.789844 2015] [:error] [pid 6661] [client 172.17.0.1:35435] PHP   1. {main}() /app/index.php:0, referer: http://dealtrak/reporting/main
[Tue Jul 28 13:53:50.789846 2015] [:error] [pid 6661] [client 172.17.0.1:35435] PHP   2. include() /app/index.php:363, referer: http://dealtrak/reporting/main
[Tue Jul 28 13:53:50.789848 2015] [:error] [pid 6661] [client 172.17.0.1:35435] PHP   3. include() /app/layouts/site.php:130, referer: http://dealtrak/reporting/main
[Tue Jul 28 13:53:50.789854 2015] [:error] [pid 6661] [client 172.17.0.1:35435] PHP Notice:  Undefined index: select_lenders in /app/site/reporting/builder.phtml on line 146, referer: http://dealtrak/reporting/main
[Tue Jul 28 13:53:50.789856 2015] [:error] [pid 6661] [client 172.17.0.1:35435] PHP Stack trace:, referer: http://dealtrak/reporting/main
[Tue Jul 28 13:53:50.789859 2015] [:error] [pid 6661] [client 172.17.0.1:35435] PHP   1. {main}() /app/index.php:0, referer: http://dealtrak/reporting/main
[Tue Jul 28 13:53:50.789861 2015] [:error] [pid 6661] [client 172.17.0.1:35435] PHP   2. include() /app/index.php:363, referer: http://dealtrak/reporting/main
[Tue Jul 28 13:53:50.789864 2015] [:error] [pid 6661] [client 172.17.0.1:35435] PHP   3. include() /app/layouts/site.php:130, referer: http://dealtrak/reporting/main
[Tue Jul 28 13:53:50.789870 2015] [:error] [pid 6661] [client 172.17.0.1:35435] PHP Notice:  Undefined index: select_lenders in /app/site/reporting/builder.phtml on line 146, referer: http://dealtrak/reporting/main
[Tue Jul 28 13:53:50.789871 2015] [:error] [pid 6661] [client 172.17.0.1:35435] PHP Stack trace:, referer: http://dealtrak/reporting/main
[Tue Jul 28 13:53:50.789874 2015] [:error] [pid 6661] [client 172.17.0.1:35435] PHP   1. {main}() /app/index.php:0, referer: http://dealtrak/reporting/main
[Tue Jul 28 13:53:50.789876 2015] [:error] [pid 6661] [client 172.17.0.1:35435] PHP   2. include() /app/index.php:363, referer: http://dealtrak/reporting/main
[Tue Jul 28 13:53:50.789879 2015] [:error] [pid 6661] [client 172.17.0.1:35435] PHP   3. include() /app/layouts/site.php:130, referer: http://dealtrak/reporting/main
[Tue Jul 28 13:53:50.789885 2015] [:error] [pid 6661] [client 172.17.0.1:35435] PHP Notice:  Undefined index: select_lenders in /app/site/reporting/builder.phtml on line 146, referer: http://dealtrak/reporting/main
[Tue Jul 28 13:53:50.789887 2015] [:error] [pid 6661] [client 172.17.0.1:35435] PHP Stack trace:, referer: http://dealtrak/reporting/main
[Tue Jul 28 13:53:50.789889 2015] [:error] [pid 6661] [client 172.17.0.1:35435] PHP   1. {main}() /app/index.php:0, referer: http://dealtrak/reporting/main
[Tue Jul 28 13:53:50.789891 2015] [:error] [pid 6661] [client 172.17.0.1:35435] PHP   2. include() /app/index.php:363, referer: http://dealtrak/reporting/main
[Tue Jul 28 13:53:50.789894 2015] [:error] [pid 6661] [client 172.17.0.1:35435] PHP   3. include() /app/layouts/site.php:130, referer: http://dealtrak/reporting/main
[Tue Jul 28 13:53:50.789899 2015] [:error] [pid 6661] [client 172.17.0.1:35435] PHP Notice:  Undefined index: select_lenders in /app/site/reporting/builder.phtml on line 146, referer: http://dealtrak/reporting/main
[Tue Jul 28 13:53:50.789901 2015] [:error] [pid 6661] [client 172.17.0.1:35435] PHP Stack trace:, referer: http://dealtrak/reporting/main
[Tue Jul 28 13:53:50.789904 2015] [:error] [pid 6661] [client 172.17.0.1:35435] PHP   1. {main}() /app/index.php:0, referer: http://dealtrak/reporting/main
[Tue Jul 28 13:53:50.789908 2015] [:error] [pid 6661] [client 172.17.0.1:35435] PHP   2. include() /app/index.php:363, referer: http://dealtrak/reporting/main
[Tue Jul 28 13:53:50.789910 2015] [:error] [pid 6661] [client 172.17.0.1:35435] PHP   3. include() /app/layouts/site.php:130, referer: http://dealtrak/reporting/main
[Tue Jul 28 13:53:50.789916 2015] [:error] [pid 6661] [client 172.17.0.1:35435] PHP Notice:  Undefined index: select_lenders in /app/site/reporting/builder.phtml on line 146, referer: http://dealtrak/reporting/main
[Tue Jul 28 13:53:50.789918 2015] [:error] [pid 6661] [client 172.17.0.1:35435] PHP Stack trace:, referer: http://dealtrak/reporting/main
[Tue Jul 28 13:53:50.789921 2015] [:error] [pid 6661] [client 172.17.0.1:35435] PHP   1. {main}() /app/index.php:0, referer: http://dealtrak/reporting/main
[Tue Jul 28 13:53:50.789923 2015] [:error] [pid 6661] [client 172.17.0.1:35435] PHP   2. include() /app/index.php:363, referer: http://dealtrak/reporting/main
[Tue Jul 28 13:53:50.789926 2015] [:error] [pid 6661] [client 172.17.0.1:35435] PHP   3. include() /app/layouts/site.php:130, referer: http://dealtrak/reporting/main
[Tue Jul 28 13:53:50.789931 2015] [:error] [pid 6661] [client 172.17.0.1:35435] PHP Notice:  Undefined index: select_lenders in /app/site/reporting/builder.phtml on line 146, referer: http://dealtrak/reporting/main
[Tue Jul 28 13:53:50.789933 2015] [:error] [pid 6661] [client 172.17.0.1:35435] PHP Stack trace:, referer: http://dealtrak/reporting/main
[Tue Jul 28 13:53:50.789935 2015] [:error] [pid 6661] [client 172.17.0.1:35435] PHP   1. {main}() /app/index.php:0, referer: http://dealtrak/reporting/main
[Tue Jul 28 13:53:50.789938 2015] [:error] [pid 6661] [client 172.17.0.1:35435] PHP   2. include() /app/index.php:363, referer: http://dealtrak/reporting/main
[Tue Jul 28 13:53:50.789940 2015] [:error] [pid 6661] [client 172.17.0.1:35435] PHP   3. include() /app/layouts/site.php:130, referer: http://dealtrak/reporting/main
[Tue Jul 28 13:53:50.789946 2015] [:error] [pid 6661] [client 172.17.0.1:35435] PHP Notice:  Undefined index: select_lenders in /app/site/reporting/builder.phtml on line 146, referer: http://dealtrak/reporting/main
[Tue Jul 28 13:53:50.789948 2015] [:error] [pid 6661] [client 172.17.0.1:35435] PHP Stack trace:, referer: http://dealtrak/reporting/main
[Tue Jul 28 13:53:50.789950 2015] [:error] [pid 6661] [client 172.17.0.1:35435] PHP   1. {main}() /app/index.php:0, referer: http://dealtrak/reporting/main
[Tue Jul 28 13:53:50.789952 2015] [:error] [pid 6661] [client 172.17.0.1:35435] PHP   2. include() /app/index.php:363, referer: http://dealtrak/reporting/main
[Tue Jul 28 13:53:50.789955 2015] [:error] [pid 6661] [client 172.17.0.1:35435] PHP   3. include() /app/layouts/site.php:130, referer: http://dealtrak/reporting/main
[Tue Jul 28 13:53:50.789961 2015] [:error] [pid 6661] [client 172.17.0.1:35435] PHP Notice:  Undefined index: select_lenders in /app/site/reporting/builder.phtml on line 146, referer: http://dealtrak/reporting/main
[Tue Jul 28 13:53:50.789963 2015] [:error] [pid 6661] [client 172.17.0.1:35435] PHP Stack trace:, referer: http://dealtrak/reporting/main
[Tue Jul 28 13:53:50.789965 2015] [:error] [pid 6661] [client 172.17.0.1:35435] PHP   1. {main}() /app/index.php:0, referer: http://dealtrak/reporting/main
[Tue Jul 28 13:53:50.789967 2015] [:error] [pid 6661] [client 172.17.0.1:35435] PHP   2. include() /app/index.php:363, referer: http://dealtrak/reporting/main
[Tue Jul 28 13:53:50.789970 2015] [:error] [pid 6661] [client 172.17.0.1:35435] PHP   3. include() /app/layouts/site.php:130, referer: http://dealtrak/reporting/main
[Tue Jul 28 13:53:50.789978 2015] [:error] [pid 6661] [client 172.17.0.1:35435] PHP Notice:  Undefined index: select_lenders in /app/site/reporting/builder.phtml on line 146, referer: http://dealtrak/reporting/main
[Tue Jul 28 13:53:50.789980 2015] [:error] [pid 6661] [client 172.17.0.1:35435] PHP Stack trace:, referer: http://dealtrak/reporting/main
[Tue Jul 28 13:53:50.789982 2015] [:error] [pid 6661] [client 172.17.0.1:35435] PHP   1. {main}() /app/index.php:0, referer: http://dealtrak/reporting/main
[Tue Jul 28 13:53:50.789984 2015] [:error] [pid 6661] [client 172.17.0.1:35435] PHP   2. include() /app/index.php:363, referer: http://dealtrak/reporting/main
[Tue Jul 28 13:53:50.789987 2015] [:error] [pid 6661] [client 172.17.0.1:35435] PHP   3. include() /app/layouts/site.php:130, referer: http://dealtrak/reporting/main
[Tue Jul 28 13:53:50.789992 2015] [:error] [pid 6661] [client 172.17.0.1:35435] PHP Notice:  Undefined index: select_lenders in /app/site/reporting/builder.phtml on line 146, referer: http://dealtrak/reporting/main
[Tue Jul 28 13:53:50.789994 2015] [:error] [pid 6661] [client 172.17.0.1:35435] PHP Stack trace:, referer: http://dealtrak/reporting/main
[Tue Jul 28 13:53:50.789997 2015] [:error] [pid 6661] [client 172.17.0.1:35435] PHP   1. {main}() /app/index.php:0, referer: http://dealtrak/reporting/main
[Tue Jul 28 13:53:50.789999 2015] [:error] [pid 6661] [client 172.17.0.1:35435] PHP   2. include() /app/index.php:363, referer: http://dealtrak/reporting/main
[Tue Jul 28 13:53:50.790001 2015] [:error] [pid 6661] [client 172.17.0.1:35435] PHP   3. include() /app/layouts/site.php:130, referer: http://dealtrak/reporting/main
[Tue Jul 28 13:53:50.790007 2015] [:error] [pid 6661] [client 172.17.0.1:35435] PHP Notice:  Undefined index: select_lenders in /app/site/reporting/builder.phtml on line 146, referer: http://dealtrak/reporting/main
[Tue Jul 28 13:53:50.790009 2015] [:error] [pid 6661] [client 172.17.0.1:35435] PHP Stack trace:, referer: http://dealtrak/reporting/main
[Tue Jul 28 13:53:50.790011 2015] [:error] [pid 6661] [client 172.17.0.1:35435] PHP   1. {main}() /app/index.php:0, referer: http://dealtrak/reporting/main
[Tue Jul 28 13:53:50.790014 2015] [:error] [pid 6661] [client 172.17.0.1:35435] PHP   2. include() /app/index.php:363, referer: http://dealtrak/reporting/main
[Tue Jul 28 13:53:50.790016 2015] [:error] [pid 6661] [client 172.17.0.1:35435] PHP   3. include() /app/layouts/site.php:130, referer: http://dealtrak/reporting/main
[Tue Jul 28 13:53:50.790022 2015] [:error] [pid 6661] [client 172.17.0.1:35435] PHP Notice:  Undefined index: select_lenders in /app/site/reporting/builder.phtml on line 146, referer: http://dealtrak/reporting/main
[Tue Jul 28 13:53:50.790024 2015] [:error] [pid 6661] [client 172.17.0.1:35435] PHP Stack trace:, referer: http://dealtrak/reporting/main
[Tue Jul 28 13:53:50.790026 2015] [:error] [pid 6661] [client 172.17.0.1:35435] PHP   1. {main}() /app/index.php:0, referer: http://dealtrak/reporting/main
[Tue Jul 28 13:53:50.790029 2015] [:error] [pid 6661] [client 172.17.0.1:35435] PHP   2. include() /app/index.php:363, referer: http://dealtrak/reporting/main
[Tue Jul 28 13:53:50.790031 2015] [:error] [pid 6661] [client 172.17.0.1:35435] PHP   3. include() /app/layouts/site.php:130, referer: http://dealtrak/reporting/main
[Tue Jul 28 13:53:50.790037 2015] [:error] [pid 6661] [client 172.17.0.1:35435] PHP Notice:  Undefined index: select_lenders in /app/site/reporting/builder.phtml on line 146, referer: http://dealtrak/reporting/main
[Tue Jul 28 13:53:50.790040 2015] [:error] [pid 6661] [client 172.17.0.1:35435] PHP Stack trace:, referer: http://dealtrak/reporting/main
[Tue Jul 28 13:53:50.790043 2015] [:error] [pid 6661] [client 172.17.0.1:35435] PHP   1. {main}() /app/index.php:0, referer: http://dealtrak/reporting/main
[Tue Jul 28 13:53:50.790045 2015] [:error] [pid 6661] [client 172.17.0.1:35435] PHP   2. include() /app/index.php:363, referer: http://dealtrak/reporting/main
[Tue Jul 28 13:53:50.790048 2015] [:error] [pid 6661] [client 172.17.0.1:35435] PHP   3. include() /app/layouts/site.php:130, referer: http://dealtrak/reporting/main
[Tue Jul 28 13:53:50.790054 2015] [:error] [pid 6661] [client 172.17.0.1:35435] PHP Notice:  Undefined index: select_lenders in /app/site/reporting/builder.phtml on line 146, referer: http://dealtrak/reporting/main
[Tue Jul 28 13:53:50.790055 2015] [:error] [pid 6661] [client 172.17.0.1:35435] PHP Stack trace:, referer: http://dealtrak/reporting/main
[Tue Jul 28 13:53:50.790058 2015] [:error] [pid 6661] [client 172.17.0.1:35435] PHP   1. {main}() /app/index.php:0, referer: http://dealtrak/reporting/main
[Tue Jul 28 13:53:50.790060 2015] [:error] [pid 6661] [client 172.17.0.1:35435] PHP   2. include() /app/index.php:363, referer: http://dealtrak/reporting/main
[Tue Jul 28 13:53:50.790063 2015] [:error] [pid 6661] [client 172.17.0.1:35435] PHP   3. include() /app/layouts/site.php:130, referer: http://dealtrak/reporting/main
[Tue Jul 28 13:53:50.790068 2015] [:error] [pid 6661] [client 172.17.0.1:35435] PHP Notice:  Undefined index: select_lenders in /app/site/reporting/builder.phtml on line 146, referer: http://dealtrak/reporting/main
[Tue Jul 28 13:53:50.790070 2015] [:error] [pid 6661] [client 172.17.0.1:35435] PHP Stack trace:, referer: http://dealtrak/reporting/main
[Tue Jul 28 13:53:50.790073 2015] [:error] [pid 6661] [client 172.17.0.1:35435] PHP   1. {main}() /app/index.php:0, referer: http://dealtrak/reporting/main
[Tue Jul 28 13:53:50.790075 2015] [:error] [pid 6661] [client 172.17.0.1:35435] PHP   2. include() /app/index.php:363, referer: http://dealtrak/reporting/main
[Tue Jul 28 13:53:50.790077 2015] [:error] [pid 6661] [client 172.17.0.1:35435] PHP   3. include() /app/layouts/site.php:130, referer: http://dealtrak/reporting/main
[Tue Jul 28 13:53:50.790098 2015] [:error] [pid 6661] [client 172.17.0.1:35435] PHP Notice:  Undefined index: select_lenders in /app/site/reporting/builder.phtml on line 146, referer: http://dealtrak/reporting/main
[Tue Jul 28 13:53:50.790100 2015] [:error] [pid 6661] [client 172.17.0.1:35435] PHP Stack trace:, referer: http://dealtrak/reporting/main
[Tue Jul 28 13:53:50.790102 2015] [:error] [pid 6661] [client 172.17.0.1:35435] PHP   1. {main}() /app/index.php:0, referer: http://dealtrak/reporting/main
[Tue Jul 28 13:53:50.790105 2015] [:error] [pid 6661] [client 172.17.0.1:35435] PHP   2. include() /app/index.php:363, referer: http://dealtrak/reporting/main
[Tue Jul 28 13:53:50.790107 2015] [:error] [pid 6661] [client 172.17.0.1:35435] PHP   3. include() /app/layouts/site.php:130, referer: http://dealtrak/reporting/main
[Tue Jul 28 13:53:50.790113 2015] [:error] [pid 6661] [client 172.17.0.1:35435] PHP Notice:  Undefined index: select_lenders in /app/site/reporting/builder.phtml on line 146, referer: http://dealtrak/reporting/main
[Tue Jul 28 13:53:50.790115 2015] [:error] [pid 6661] [client 172.17.0.1:35435] PHP Stack trace:, referer: http://dealtrak/reporting/main
[Tue Jul 28 13:53:50.790117 2015] [:error] [pid 6661] [client 172.17.0.1:35435] PHP   1. {main}() /app/index.php:0, referer: http://dealtrak/reporting/main
[Tue Jul 28 13:53:50.790119 2015] [:error] [pid 6661] [client 172.17.0.1:35435] PHP   2. include() /app/index.php:363, referer: http://dealtrak/reporting/main
[Tue Jul 28 13:53:50.790124 2015] [:error] [pid 6661] [client 172.17.0.1:35435] PHP   3. include() /app/layouts/site.php:130, referer: http://dealtrak/reporting/main
[Tue Jul 28 13:53:50.790130 2015] [:error] [pid 6661] [client 172.17.0.1:35435] PHP Notice:  Undefined index: select_lenders in /app/site/reporting/builder.phtml on line 146, referer: http://dealtrak/reporting/main
[Tue Jul 28 13:53:50.790132 2015] [:error] [pid 6661] [client 172.17.0.1:35435] PHP Stack trace:, referer: http://dealtrak/reporting/main
[Tue Jul 28 13:53:50.790134 2015] [:error] [pid 6661] [client 172.17.0.1:35435] PHP   1. {main}() /app/index.php:0, referer: http://dealtrak/reporting/main
[Tue Jul 28 13:53:50.790136 2015] [:error] [pid 6661] [client 172.17.0.1:35435] PHP   2. include() /app/index.php:363, referer: http://dealtrak/reporting/main
[Tue Jul 28 13:53:50.790139 2015] [:error] [pid 6661] [client 172.17.0.1:35435] PHP   3. include() /app/layouts/site.php:130, referer: http://dealtrak/reporting/main
[Tue Jul 28 13:53:50.790145 2015] [:error] [pid 6661] [client 172.17.0.1:35435] PHP Notice:  Undefined index: select_lenders in /app/site/reporting/builder.phtml on line 146, referer: http://dealtrak/reporting/main
[Tue Jul 28 13:53:50.790147 2015] [:error] [pid 6661] [client 172.17.0.1:35435] PHP Stack trace:, referer: http://dealtrak/reporting/main
[Tue Jul 28 13:53:50.790149 2015] [:error] [pid 6661] [client 172.17.0.1:35435] PHP   1. {main}() /app/index.php:0, referer: http://dealtrak/reporting/main
[Tue Jul 28 13:53:50.790151 2015] [:error] [pid 6661] [client 172.17.0.1:35435] PHP   2. include() /app/index.php:363, referer: http://dealtrak/reporting/main
[Tue Jul 28 13:53:50.790154 2015] [:error] [pid 6661] [client 172.17.0.1:35435] PHP   3. include() /app/layouts/site.php:130, referer: http://dealtrak/reporting/main
[Tue Jul 28 13:53:50.790160 2015] [:error] [pid 6661] [client 172.17.0.1:35435] PHP Notice:  Undefined index: select_lenders in /app/site/reporting/builder.phtml on line 146, referer: http://dealtrak/reporting/main
[Tue Jul 28 13:53:50.790162 2015] [:error] [pid 6661] [client 172.17.0.1:35435] PHP Stack trace:, referer: http://dealtrak/reporting/main
[Tue Jul 28 13:53:50.790164 2015] [:error] [pid 6661] [client 172.17.0.1:35435] PHP   1. {main}() /app/index.php:0, referer: http://dealtrak/reporting/main
[Tue Jul 28 13:53:50.790166 2015] [:error] [pid 6661] [client 172.17.0.1:35435] PHP   2. include() /app/index.php:363, referer: http://dealtrak/reporting/main
[Tue Jul 28 13:53:50.790169 2015] [:error] [pid 6661] [client 172.17.0.1:35435] PHP   3. include() /app/layouts/site.php:130, referer: http://dealtrak/reporting/main
[Tue Jul 28 13:53:50.790175 2015] [:error] [pid 6661] [client 172.17.0.1:35435] PHP Notice:  Undefined index: select_lenders in /app/site/reporting/builder.phtml on line 146, referer: http://dealtrak/reporting/main
[Tue Jul 28 13:53:50.790177 2015] [:error] [pid 6661] [client 172.17.0.1:35435] PHP Stack trace:, referer: http://dealtrak/reporting/main
[Tue Jul 28 13:53:50.790180 2015] [:error] [pid 6661] [client 172.17.0.1:35435] PHP   1. {main}() /app/index.php:0, referer: http://dealtrak/reporting/main
[Tue Jul 28 13:53:50.790182 2015] [:error] [pid 6661] [client 172.17.0.1:35435] PHP   2. include() /app/index.php:363, referer: http://dealtrak/reporting/main
[Tue Jul 28 13:53:50.790184 2015] [:error] [pid 6661] [client 172.17.0.1:35435] PHP   3. include() /app/layouts/site.php:130, referer: http://dealtrak/reporting/main
[Tue Jul 28 13:53:50.790190 2015] [:error] [pid 6661] [client 172.17.0.1:35435] PHP Notice:  Undefined index: select_lenders in /app/site/reporting/builder.phtml on line 146, referer: http://dealtrak/reporting/main
[Tue Jul 28 13:53:50.790195 2015] [:error] [pid 6661] [client 172.17.0.1:35435] PHP Stack trace:, referer: http://dealtrak/reporting/main
[Tue Jul 28 13:53:50.790197 2015] [:error] [pid 6661] [client 172.17.0.1:35435] PHP   1. {main}() /app/index.php:0, referer: http://dealtrak/reporting/main
[Tue Jul 28 13:53:50.790200 2015] [:error] [pid 6661] [client 172.17.0.1:35435] PHP   2. include() /app/index.php:363, referer: http://dealtrak/reporting/main
[Tue Jul 28 13:53:50.790202 2015] [:error] [pid 6661] [client 172.17.0.1:35435] PHP   3. include() /app/layouts/site.php:130, referer: http://dealtrak/reporting/main
[Tue Jul 28 13:53:50.790209 2015] [:error] [pid 6661] [client 172.17.0.1:35435] PHP Notice:  Undefined index: select_lenders in /app/site/reporting/builder.phtml on line 146, referer: http://dealtrak/reporting/main
[Tue Jul 28 13:53:50.790211 2015] [:error] [pid 6661] [client 172.17.0.1:35435] PHP Stack trace:, referer: http://dealtrak/reporting/main
[Tue Jul 28 13:53:50.790213 2015] [:error] [pid 6661] [client 172.17.0.1:35435] PHP   1. {main}() /app/index.php:0, referer: http://dealtrak/reporting/main
[Tue Jul 28 13:53:50.790215 2015] [:error] [pid 6661] [client 172.17.0.1:35435] PHP   2. include() /app/index.php:363, referer: http://dealtrak/reporting/main
[Tue Jul 28 13:53:50.790218 2015] [:error] [pid 6661] [client 172.17.0.1:35435] PHP   3. include() /app/layouts/site.php:130, referer: http://dealtrak/reporting/main
[Tue Jul 28 13:53:50.790224 2015] [:error] [pid 6661] [client 172.17.0.1:35435] PHP Notice:  Undefined index: select_lenders in /app/site/reporting/builder.phtml on line 146, referer: http://dealtrak/reporting/main
[Tue Jul 28 13:53:50.790226 2015] [:error] [pid 6661] [client 172.17.0.1:35435] PHP Stack trace:, referer: http://dealtrak/reporting/main
[Tue Jul 28 13:53:50.790228 2015] [:error] [pid 6661] [client 172.17.0.1:35435] PHP   1. {main}() /app/index.php:0, referer: http://dealtrak/reporting/main
[Tue Jul 28 13:53:50.790231 2015] [:error] [pid 6661] [client 172.17.0.1:35435] PHP   2. include() /app/index.php:363, referer: http://dealtrak/reporting/main
[Tue Jul 28 13:53:50.790233 2015] [:error] [pid 6661] [client 172.17.0.1:35435] PHP   3. include() /app/layouts/site.php:130, referer: http://dealtrak/reporting/main
[Tue Jul 28 13:53:50.790239 2015] [:error] [pid 6661] [client 172.17.0.1:35435] PHP Notice:  Undefined index: select_lenders in /app/site/reporting/builder.phtml on line 146, referer: http://dealtrak/reporting/main
[Tue Jul 28 13:53:50.790241 2015] [:error] [pid 6661] [client 172.17.0.1:35435] PHP Stack trace:, referer: http://dealtrak/reporting/main
[Tue Jul 28 13:53:50.790243 2015] [:error] [pid 6661] [client 172.17.0.1:35435] PHP   1. {main}() /app/index.php:0, referer: http://dealtrak/reporting/main
[Tue Jul 28 13:53:50.790246 2015] [:error] [pid 6661] [client 172.17.0.1:35435] PHP   2. include() /app/index.php:363, referer: http://dealtrak/reporting/main
[Tue Jul 28 13:53:50.790248 2015] [:error] [pid 6661] [client 172.17.0.1:35435] PHP   3. include() /app/layouts/site.php:130, referer: http://dealtrak/reporting/main
[Tue Jul 28 13:53:50.790254 2015] [:error] [pid 6661] [client 172.17.0.1:35435] PHP Notice:  Undefined index: select_lenders in /app/site/reporting/builder.phtml on line 146, referer: http://dealtrak/reporting/main
[Tue Jul 28 13:53:50.790256 2015] [:error] [pid 6661] [client 172.17.0.1:35435] PHP Stack trace:, referer: http://dealtrak/reporting/main
[Tue Jul 28 13:53:50.790258 2015] [:error] [pid 6661] [client 172.17.0.1:35435] PHP   1. {main}() /app/index.php:0, referer: http://dealtrak/reporting/main
[Tue Jul 28 13:53:50.790263 2015] [:error] [pid 6661] [client 172.17.0.1:35435] PHP   2. include() /app/index.php:363, referer: http://dealtrak/reporting/main
[Tue Jul 28 13:53:50.790265 2015] [:error] [pid 6661] [client 172.17.0.1:35435] PHP   3. include() /app/layouts/site.php:130, referer: http://dealtrak/reporting/main
[Tue Jul 28 13:53:50.790271 2015] [:error] [pid 6661] [client 172.17.0.1:35435] PHP Notice:  Undefined index: select_lenders in /app/site/reporting/builder.phtml on line 146, referer: http://dealtrak/reporting/main
[Tue Jul 28 13:53:50.790273 2015] [:error] [pid 6661] [client 172.17.0.1:35435] PHP Stack trace:, referer: http://dealtrak/reporting/main
[Tue Jul 28 13:53:50.790276 2015] [:error] [pid 6661] [client 172.17.0.1:35435] PHP   1. {main}() /app/index.php:0, referer: http://dealtrak/reporting/main
[Tue Jul 28 13:53:50.790278 2015] [:error] [pid 6661] [client 172.17.0.1:35435] PHP   2. include() /app/index.php:363, referer: http://dealtrak/reporting/main
[Tue Jul 28 13:53:50.790280 2015] [:error] [pid 6661] [client 172.17.0.1:35435] PHP   3. include() /app/layouts/site.php:130, referer: http://dealtrak/reporting/main
[Tue Jul 28 13:53:50.790287 2015] [:error] [pid 6661] [client 172.17.0.1:35435] PHP Notice:  Undefined index: select_lenders in /app/site/reporting/builder.phtml on line 146, referer: http://dealtrak/reporting/main
[Tue Jul 28 13:53:50.790289 2015] [:error] [pid 6661] [client 172.17.0.1:35435] PHP Stack trace:, referer: http://dealtrak/reporting/main
[Tue Jul 28 13:53:50.790291 2015] [:error] [pid 6661] [client 172.17.0.1:35435] PHP   1. {main}() /app/index.php:0, referer: http://dealtrak/reporting/main
[Tue Jul 28 13:53:50.790293 2015] [:error] [pid 6661] [client 172.17.0.1:35435] PHP   2. include() /app/index.php:363, referer: http://dealtrak/reporting/main
[Tue Jul 28 13:53:50.790296 2015] [:error] [pid 6661] [client 172.17.0.1:35435] PHP   3. include() /app/layouts/site.php:130, referer: http://dealtrak/reporting/main
[Tue Jul 28 13:53:50.790302 2015] [:error] [pid 6661] [client 172.17.0.1:35435] PHP Notice:  Undefined index: select_lenders in /app/site/reporting/builder.phtml on line 146, referer: http://dealtrak/reporting/main
[Tue Jul 28 13:53:50.790304 2015] [:error] [pid 6661] [client 172.17.0.1:35435] PHP Stack trace:, referer: http://dealtrak/reporting/main
[Tue Jul 28 13:53:50.790307 2015] [:error] [pid 6661] [client 172.17.0.1:35435] PHP   1. {main}() /app/index.php:0, referer: http://dealtrak/reporting/main
[Tue Jul 28 13:53:50.790309 2015] [:error] [pid 6661] [client 172.17.0.1:35435] PHP   2. include() /app/index.php:363, referer: http://dealtrak/reporting/main
[Tue Jul 28 13:53:50.790311 2015] [:error] [pid 6661] [client 172.17.0.1:35435] PHP   3. include() /app/layouts/site.php:130, referer: http://dealtrak/reporting/main
[Tue Jul 28 13:53:50.790318 2015] [:error] [pid 6661] [client 172.17.0.1:35435] PHP Notice:  Undefined index: select_lenders in /app/site/reporting/builder.phtml on line 146, referer: http://dealtrak/reporting/main
[Tue Jul 28 13:53:50.790319 2015] [:error] [pid 6661] [client 172.17.0.1:35435] PHP Stack trace:, referer: http://dealtrak/reporting/main
[Tue Jul 28 13:53:50.790322 2015] [:error] [pid 6661] [client 172.17.0.1:35435] PHP   1. {main}() /app/index.php:0, referer: http://dealtrak/reporting/main
[Tue Jul 28 13:53:50.790324 2015] [:error] [pid 6661] [client 172.17.0.1:35435] PHP   2. include() /app/index.php:363, referer: http://dealtrak/reporting/main
[Tue Jul 28 13:53:50.790327 2015] [:error] [pid 6661] [client 172.17.0.1:35435] PHP   3. include() /app/layouts/site.php:130, referer: http://dealtrak/reporting/main
[Tue Jul 28 13:53:50.790335 2015] [:error] [pid 6661] [client 172.17.0.1:35435] PHP Notice:  Undefined index: select_lenders in /app/site/reporting/builder.phtml on line 146, referer: http://dealtrak/reporting/main
[Tue Jul 28 13:53:50.790337 2015] [:error] [pid 6661] [client 172.17.0.1:35435] PHP Stack trace:, referer: http://dealtrak/reporting/main
[Tue Jul 28 13:53:50.790339 2015] [:error] [pid 6661] [client 172.17.0.1:35435] PHP   1. {main}() /app/index.php:0, referer: http://dealtrak/reporting/main
[Tue Jul 28 13:53:50.790342 2015] [:error] [pid 6661] [client 172.17.0.1:35435] PHP   2. include() /app/index.php:363, referer: http://dealtrak/reporting/main
[Tue Jul 28 13:53:50.790344 2015] [:error] [pid 6661] [client 172.17.0.1:35435] PHP   3. include() /app/layouts/site.php:130, referer: http://dealtrak/reporting/main
[Tue Jul 28 13:53:50.790350 2015] [:error] [pid 6661] [client 172.17.0.1:35435] PHP Notice:  Undefined index: select_lenders in /app/site/reporting/builder.phtml on line 146, referer: http://dealtrak/reporting/main
[Tue Jul 28 13:53:50.790352 2015] [:error] [pid 6661] [client 172.17.0.1:35435] PHP Stack trace:, referer: http://dealtrak/reporting/main
[Tue Jul 28 13:53:50.790354 2015] [:error] [pid 6661] [client 172.17.0.1:35435] PHP   1. {main}() /app/index.php:0, referer: http://dealtrak/reporting/main
[Tue Jul 28 13:53:50.790357 2015] [:error] [pid 6661] [client 172.17.0.1:35435] PHP   2. include() /app/index.php:363, referer: http://dealtrak/reporting/main
[Tue Jul 28 13:53:50.790359 2015] [:error] [pid 6661] [client 172.17.0.1:35435] PHP   3. include() /app/layouts/site.php:130, referer: http://dealtrak/reporting/main
[Tue Jul 28 13:53:50.790365 2015] [:error] [pid 6661] [client 172.17.0.1:35435] PHP Notice:  Undefined index: select_lenders in /app/site/reporting/builder.phtml on line 146, referer: http://dealtrak/reporting/main
[Tue Jul 28 13:53:50.790367 2015] [:error] [pid 6661] [client 172.17.0.1:35435] PHP Stack trace:, referer: http://dealtrak/reporting/main
[Tue Jul 28 13:53:50.790370 2015] [:error] [pid 6661] [client 172.17.0.1:35435] PHP   1. {main}() /app/index.php:0, referer: http://dealtrak/reporting/main
[Tue Jul 28 13:53:50.790372 2015] [:error] [pid 6661] [client 172.17.0.1:35435] PHP   2. include() /app/index.php:363, referer: http://dealtrak/reporting/main
[Tue Jul 28 13:53:50.790374 2015] [:error] [pid 6661] [client 172.17.0.1:35435] PHP   3. include() /app/layouts/site.php:130, referer: http://dealtrak/reporting/main
[Tue Jul 28 13:53:50.790380 2015] [:error] [pid 6661] [client 172.17.0.1:35435] PHP Notice:  Undefined index: select_lenders in /app/site/reporting/builder.phtml on line 146, referer: http://dealtrak/reporting/main
[Tue Jul 28 13:53:50.790382 2015] [:error] [pid 6661] [client 172.17.0.1:35435] PHP Stack trace:, referer: http://dealtrak/reporting/main
[Tue Jul 28 13:53:50.790385 2015] [:error] [pid 6661] [client 172.17.0.1:35435] PHP   1. {main}() /app/index.php:0, referer: http://dealtrak/reporting/main
[Tue Jul 28 13:53:50.790387 2015] [:error] [pid 6661] [client 172.17.0.1:35435] PHP   2. include() /app/index.php:363, referer: http://dealtrak/reporting/main
[Tue Jul 28 13:53:50.790389 2015] [:error] [pid 6661] [client 172.17.0.1:35435] PHP   3. include() /app/layouts/site.php:130, referer: http://dealtrak/reporting/main
[Tue Jul 28 13:53:50.790395 2015] [:error] [pid 6661] [client 172.17.0.1:35435] PHP Notice:  Undefined index: select_lenders in /app/site/reporting/builder.phtml on line 146, referer: http://dealtrak/reporting/main
[Tue Jul 28 13:53:50.790399 2015] [:error] [pid 6661] [client 172.17.0.1:35435] PHP Stack trace:, referer: http://dealtrak/reporting/main
[Tue Jul 28 13:53:50.790402 2015] [:error] [pid 6661] [client 172.17.0.1:35435] PHP   1. {main}() /app/index.php:0, referer: http://dealtrak/reporting/main
[Tue Jul 28 13:53:50.790404 2015] [:error] [pid 6661] [client 172.17.0.1:35435] PHP   2. include() /app/index.php:363, referer: http://dealtrak/reporting/main
[Tue Jul 28 13:53:50.790407 2015] [:error] [pid 6661] [client 172.17.0.1:35435] PHP   3. include() /app/layouts/site.php:130, referer: http://dealtrak/reporting/main
[Tue Jul 28 13:53:50.790413 2015] [:error] [pid 6661] [client 172.17.0.1:35435] PHP Notice:  Undefined index: select_lenders in /app/site/reporting/builder.phtml on line 146, referer: http://dealtrak/reporting/main
[Tue Jul 28 13:53:50.790415 2015] [:error] [pid 6661] [client 172.17.0.1:35435] PHP Stack trace:, referer: http://dealtrak/reporting/main
[Tue Jul 28 13:53:50.790417 2015] [:error] [pid 6661] [client 172.17.0.1:35435] PHP   1. {main}() /app/index.php:0, referer: http://dealtrak/reporting/main
[Tue Jul 28 13:53:50.790420 2015] [:error] [pid 6661] [client 172.17.0.1:35435] PHP   2. include() /app/index.php:363, referer: http://dealtrak/reporting/main
[Tue Jul 28 13:53:50.790422 2015] [:error] [pid 6661] [client 172.17.0.1:35435] PHP   3. include() /app/layouts/site.php:130, referer: http://dealtrak/reporting/main
[Tue Jul 28 13:53:50.790428 2015] [:error] [pid 6661] [client 172.17.0.1:35435] PHP Notice:  Undefined index: select_lenders in /app/site/reporting/builder.phtml on line 146, referer: http://dealtrak/reporting/main
[Tue Jul 28 13:53:50.790430 2015] [:error] [pid 6661] [client 172.17.0.1:35435] PHP Stack trace:, referer: http://dealtrak/reporting/main
[Tue Jul 28 13:53:50.790432 2015] [:error] [pid 6661] [client 172.17.0.1:35435] PHP   1. {main}() /app/index.php:0, referer: http://dealtrak/reporting/main
[Tue Jul 28 13:53:50.790435 2015] [:error] [pid 6661] [client 172.17.0.1:35435] PHP   2. include() /app/index.php:363, referer: http://dealtrak/reporting/main
[Tue Jul 28 13:53:50.790437 2015] [:error] [pid 6661] [client 172.17.0.1:35435] PHP   3. include() /app/layouts/site.php:130, referer: http://dealtrak/reporting/main
[Tue Jul 28 13:53:50.790443 2015] [:error] [pid 6661] [client 172.17.0.1:35435] PHP Notice:  Undefined index: select_lenders in /app/site/reporting/builder.phtml on line 146, referer: http://dealtrak/reporting/main
[Tue Jul 28 13:53:50.790445 2015] [:error] [pid 6661] [client 172.17.0.1:35435] PHP Stack trace:, referer: http://dealtrak/reporting/main
[Tue Jul 28 13:53:50.790447 2015] [:error] [pid 6661] [client 172.17.0.1:35435] PHP   1. {main}() /app/index.php:0, referer: http://dealtrak/reporting/main
[Tue Jul 28 13:53:50.790450 2015] [:error] [pid 6661] [client 172.17.0.1:35435] PHP   2. include() /app/index.php:363, referer: http://dealtrak/reporting/main
[Tue Jul 28 13:53:50.790452 2015] [:error] [pid 6661] [client 172.17.0.1:35435] PHP   3. include() /app/layouts/site.php:130, referer: http://dealtrak/reporting/main
[Tue Jul 28 13:53:50.790459 2015] [:error] [pid 6661] [client 172.17.0.1:35435] PHP Notice:  Undefined index: select_lenders in /app/site/reporting/builder.phtml on line 146, referer: http://dealtrak/reporting/main
[Tue Jul 28 13:53:50.790460 2015] [:error] [pid 6661] [client 172.17.0.1:35435] PHP Stack trace:, referer: http://dealtrak/reporting/main
[Tue Jul 28 13:53:50.790463 2015] [:error] [pid 6661] [client 172.17.0.1:35435] PHP   1. {main}() /app/index.php:0, referer: http://dealtrak/reporting/main
[Tue Jul 28 13:53:50.790465 2015] [:error] [pid 6661] [client 172.17.0.1:35435] PHP   2. include() /app/index.php:363, referer: http://dealtrak/reporting/main
[Tue Jul 28 13:53:50.790469 2015] [:error] [pid 6661] [client 172.17.0.1:35435] PHP   3. include() /app/layouts/site.php:130, referer: http://dealtrak/reporting/main
[Tue Jul 28 13:53:50.790476 2015] [:error] [pid 6661] [client 172.17.0.1:35435] PHP Notice:  Undefined index: select_lenders in /app/site/reporting/builder.phtml on line 146, referer: http://dealtrak/reporting/main
[Tue Jul 28 13:53:50.790478 2015] [:error] [pid 6661] [client 172.17.0.1:35435] PHP Stack trace:, referer: http://dealtrak/reporting/main
[Tue Jul 28 13:53:50.790480 2015] [:error] [pid 6661] [client 172.17.0.1:35435] PHP   1. {main}() /app/index.php:0, referer: http://dealtrak/reporting/main
[Tue Jul 28 13:53:50.790482 2015] [:error] [pid 6661] [client 172.17.0.1:35435] PHP   2. include() /app/index.php:363, referer: http://dealtrak/reporting/main
[Tue Jul 28 13:53:50.790485 2015] [:error] [pid 6661] [client 172.17.0.1:35435] PHP   3. include() /app/layouts/site.php:130, referer: http://dealtrak/reporting/main
[Tue Jul 28 13:53:50.790491 2015] [:error] [pid 6661] [client 172.17.0.1:35435] PHP Notice:  Undefined index: select_lenders in /app/site/reporting/builder.phtml on line 146, referer: http://dealtrak/reporting/main
[Tue Jul 28 13:53:50.790493 2015] [:error] [pid 6661] [client 172.17.0.1:35435] PHP Stack trace:, referer: http://dealtrak/reporting/main
[Tue Jul 28 13:53:50.790495 2015] [:error] [pid 6661] [client 172.17.0.1:35435] PHP   1. {main}() /app/index.php:0, referer: http://dealtrak/reporting/main
[Tue Jul 28 13:53:50.790498 2015] [:error] [pid 6661] [client 172.17.0.1:35435] PHP   2. include() /app/index.php:363, referer: http://dealtrak/reporting/main
[Tue Jul 28 13:53:50.790500 2015] [:error] [pid 6661] [client 172.17.0.1:35435] PHP   3. include() /app/layouts/site.php:130, referer: http://dealtrak/reporting/main
[Tue Jul 28 13:53:50.790507 2015] [:error] [pid 6661] [client 172.17.0.1:35435] PHP Notice:  Undefined index: select_lenders in /app/site/reporting/builder.phtml on line 146, referer: http://dealtrak/reporting/main
[Tue Jul 28 13:53:50.790509 2015] [:error] [pid 6661] [client 172.17.0.1:35435] PHP Stack trace:, referer: http://dealtrak/reporting/main
[Tue Jul 28 13:53:50.790511 2015] [:error] [pid 6661] [client 172.17.0.1:35435] PHP   1. {main}() /app/index.php:0, referer: http://dealtrak/reporting/main
[Tue Jul 28 13:53:50.790513 2015] [:error] [pid 6661] [client 172.17.0.1:35435] PHP   2. include() /app/index.php:363, referer: http://dealtrak/reporting/main
[Tue Jul 28 13:53:50.790516 2015] [:error] [pid 6661] [client 172.17.0.1:35435] PHP   3. include() /app/layouts/site.php:130, referer: http://dealtrak/reporting/main
[Tue Jul 28 13:53:50.790522 2015] [:error] [pid 6661] [client 172.17.0.1:35435] PHP Notice:  Undefined index: select_lenders in /app/site/reporting/builder.phtml on line 146, referer: http://dealtrak/reporting/main
[Tue Jul 28 13:53:50.790524 2015] [:error] [pid 6661] [client 172.17.0.1:35435] PHP Stack trace:, referer: http://dealtrak/reporting/main
[Tue Jul 28 13:53:50.790526 2015] [:error] [pid 6661] [client 172.17.0.1:35435] PHP   1. {main}() /app/index.php:0, referer: http://dealtrak/reporting/main
[Tue Jul 28 13:53:50.790528 2015] [:error] [pid 6661] [client 172.17.0.1:35435] PHP   2. include() /app/index.php:363, referer: http://dealtrak/reporting/main
[Tue Jul 28 13:53:50.790531 2015] [:error] [pid 6661] [client 172.17.0.1:35435] PHP   3. include() /app/layouts/site.php:130, referer: http://dealtrak/reporting/main
[Tue Jul 28 13:53:50.790537 2015] [:error] [pid 6661] [client 172.17.0.1:35435] PHP Notice:  Undefined index: select_lenders in /app/site/reporting/builder.phtml on line 146, referer: http://dealtrak/reporting/main
[Tue Jul 28 13:53:50.790542 2015] [:error] [pid 6661] [client 172.17.0.1:35435] PHP Stack trace:, referer: http://dealtrak/reporting/main
[Tue Jul 28 13:53:50.790544 2015] [:error] [pid 6661] [client 172.17.0.1:35435] PHP   1. {main}() /app/index.php:0, referer: http://dealtrak/reporting/main
[Tue Jul 28 13:53:50.790546 2015] [:error] [pid 6661] [client 172.17.0.1:35435] PHP   2. include() /app/index.php:363, referer: http://dealtrak/reporting/main
[Tue Jul 28 13:53:50.790549 2015] [:error] [pid 6661] [client 172.17.0.1:35435] PHP   3. include() /app/layouts/site.php:130, referer: http://dealtrak/reporting/main
[Tue Jul 28 13:53:50.790555 2015] [:error] [pid 6661] [client 172.17.0.1:35435] PHP Notice:  Undefined index: select_lenders in /app/site/reporting/builder.phtml on line 146, referer: http://dealtrak/reporting/main
[Tue Jul 28 13:53:50.790557 2015] [:error] [pid 6661] [client 172.17.0.1:35435] PHP Stack trace:, referer: http://dealtrak/reporting/main
[Tue Jul 28 13:53:50.790559 2015] [:error] [pid 6661] [client 172.17.0.1:35435] PHP   1. {main}() /app/index.php:0, referer: http://dealtrak/reporting/main
[Tue Jul 28 13:53:50.790562 2015] [:error] [pid 6661] [client 172.17.0.1:35435] PHP   2. include() /app/index.php:363, referer: http://dealtrak/reporting/main
[Tue Jul 28 13:53:50.790564 2015] [:error] [pid 6661] [client 172.17.0.1:35435] PHP   3. include() /app/layouts/site.php:130, referer: http://dealtrak/reporting/main
[Tue Jul 28 13:53:50.790570 2015] [:error] [pid 6661] [client 172.17.0.1:35435] PHP Notice:  Undefined index: select_lenders in /app/site/reporting/builder.phtml on line 146, referer: http://dealtrak/reporting/main
[Tue Jul 28 13:53:50.790572 2015] [:error] [pid 6661] [client 172.17.0.1:35435] PHP Stack trace:, referer: http://dealtrak/reporting/main
[Tue Jul 28 13:53:50.790575 2015] [:error] [pid 6661] [client 172.17.0.1:35435] PHP   1. {main}() /app/index.php:0, referer: http://dealtrak/reporting/main
[Tue Jul 28 13:53:50.790577 2015] [:error] [pid 6661] [client 172.17.0.1:35435] PHP   2. include() /app/index.php:363, referer: http://dealtrak/reporting/main
[Tue Jul 28 13:53:50.790579 2015] [:error] [pid 6661] [client 172.17.0.1:35435] PHP   3. include() /app/layouts/site.php:130, referer: http://dealtrak/reporting/main
[Tue Jul 28 13:53:50.790586 2015] [:error] [pid 6661] [client 172.17.0.1:35435] PHP Notice:  Undefined index: select_lenders in /app/site/reporting/builder.phtml on line 146, referer: http://dealtrak/reporting/main
[Tue Jul 28 13:53:50.790587 2015] [:error] [pid 6661] [client 172.17.0.1:35435] PHP Stack trace:, referer: http://dealtrak/reporting/main
[Tue Jul 28 13:53:50.790590 2015] [:error] [pid 6661] [client 172.17.0.1:35435] PHP   1. {main}() /app/index.php:0, referer: http://dealtrak/reporting/main
[Tue Jul 28 13:53:50.790592 2015] [:error] [pid 6661] [client 172.17.0.1:35435] PHP   2. include() /app/index.php:363, referer: http://dealtrak/reporting/main
[Tue Jul 28 13:53:50.790595 2015] [:error] [pid 6661] [client 172.17.0.1:35435] PHP   3. include() /app/layouts/site.php:130, referer: http://dealtrak/reporting/main
[Tue Jul 28 13:53:50.790600 2015] [:error] [pid 6661] [client 172.17.0.1:35435] PHP Notice:  Undefined index: select_lenders in /app/site/reporting/builder.phtml on line 146, referer: http://dealtrak/reporting/main
[Tue Jul 28 13:53:50.790602 2015] [:error] [pid 6661] [client 172.17.0.1:35435] PHP Stack trace:, referer: http://dealtrak/reporting/main
[Tue Jul 28 13:53:50.790605 2015] [:error] [pid 6661] [client 172.17.0.1:35435] PHP   1. {main}() /app/index.php:0, referer: http://dealtrak/reporting/main
[Tue Jul 28 13:53:50.790609 2015] [:error] [pid 6661] [client 172.17.0.1:35435] PHP   2. include() /app/index.php:363, referer: http://dealtrak/reporting/main
[Tue Jul 28 13:53:50.790612 2015] [:error] [pid 6661] [client 172.17.0.1:35435] PHP   3. include() /app/layouts/site.php:130, referer: http://dealtrak/reporting/main
[Tue Jul 28 13:53:50.790618 2015] [:error] [pid 6661] [client 172.17.0.1:35435] PHP Notice:  Undefined index: select_lenders in /app/site/reporting/builder.phtml on line 146, referer: http://dealtrak/reporting/main
[Tue Jul 28 13:53:50.790620 2015] [:error] [pid 6661] [client 172.17.0.1:35435] PHP Stack trace:, referer: http://dealtrak/reporting/main
[Tue Jul 28 13:53:50.790622 2015] [:error] [pid 6661] [client 172.17.0.1:35435] PHP   1. {main}() /app/index.php:0, referer: http://dealtrak/reporting/main
[Tue Jul 28 13:53:50.790625 2015] [:error] [pid 6661] [client 172.17.0.1:35435] PHP   2. include() /app/index.php:363, referer: http://dealtrak/reporting/main
[Tue Jul 28 13:53:50.790627 2015] [:error] [pid 6661] [client 172.17.0.1:35435] PHP   3. include() /app/layouts/site.php:130, referer: http://dealtrak/reporting/main
[Tue Jul 28 13:53:50.790633 2015] [:error] [pid 6661] [client 172.17.0.1:35435] PHP Notice:  Undefined index: select_lenders in /app/site/reporting/builder.phtml on line 146, referer: http://dealtrak/reporting/main
[Tue Jul 28 13:53:50.790635 2015] [:error] [pid 6661] [client 172.17.0.1:35435] PHP Stack trace:, referer: http://dealtrak/reporting/main
[Tue Jul 28 13:53:50.790638 2015] [:error] [pid 6661] [client 172.17.0.1:35435] PHP   1. {main}() /app/index.php:0, referer: http://dealtrak/reporting/main
[Tue Jul 28 13:53:50.790640 2015] [:error] [pid 6661] [client 172.17.0.1:35435] PHP   2. include() /app/index.php:363, referer: http://dealtrak/reporting/main
[Tue Jul 28 13:53:50.790642 2015] [:error] [pid 6661] [client 172.17.0.1:35435] PHP   3. include() /app/layouts/site.php:130, referer: http://dealtrak/reporting/main
[Tue Jul 28 13:53:50.790648 2015] [:error] [pid 6661] [client 172.17.0.1:35435] PHP Notice:  Undefined index: select_lenders in /app/site/reporting/builder.phtml on line 146, referer: http://dealtrak/reporting/main
[Tue Jul 28 13:53:50.790650 2015] [:error] [pid 6661] [client 172.17.0.1:35435] PHP Stack trace:, referer: http://dealtrak/reporting/main
[Tue Jul 28 13:53:50.790652 2015] [:error] [pid 6661] [client 172.17.0.1:35435] PHP   1. {main}() /app/index.php:0, referer: http://dealtrak/reporting/main
[Tue Jul 28 13:53:50.790655 2015] [:error] [pid 6661] [client 172.17.0.1:35435] PHP   2. include() /app/index.php:363, referer: http://dealtrak/reporting/main
[Tue Jul 28 13:53:50.790657 2015] [:error] [pid 6661] [client 172.17.0.1:35435] PHP   3. include() /app/layouts/site.php:130, referer: http://dealtrak/reporting/main
[Tue Jul 28 13:53:50.790663 2015] [:error] [pid 6661] [client 172.17.0.1:35435] PHP Notice:  Undefined index: select_lenders in /app/site/reporting/builder.phtml on line 146, referer: http://dealtrak/reporting/main
[Tue Jul 28 13:53:50.790665 2015] [:error] [pid 6661] [client 172.17.0.1:35435] PHP Stack trace:, referer: http://dealtrak/reporting/main
[Tue Jul 28 13:53:50.790667 2015] [:error] [pid 6661] [client 172.17.0.1:35435] PHP   1. {main}() /app/index.php:0, referer: http://dealtrak/reporting/main
[Tue Jul 28 13:53:50.790670 2015] [:error] [pid 6661] [client 172.17.0.1:35435] PHP   2. include() /app/index.php:363, referer: http://dealtrak/reporting/main
[Tue Jul 28 13:53:50.790672 2015] [:error] [pid 6661] [client 172.17.0.1:35435] PHP   3. include() /app/layouts/site.php:130, referer: http://dealtrak/reporting/main
[Tue Jul 28 13:53:50.790680 2015] [:error] [pid 6661] [client 172.17.0.1:35435] PHP Notice:  Undefined index: select_lenders in /app/site/reporting/builder.phtml on line 146, referer: http://dealtrak/reporting/main
[Tue Jul 28 13:53:50.790682 2015] [:error] [pid 6661] [client 172.17.0.1:35435] PHP Stack trace:, referer: http://dealtrak/reporting/main
[Tue Jul 28 13:53:50.790685 2015] [:error] [pid 6661] [client 172.17.0.1:35435] PHP   1. {main}() /app/index.php:0, referer: http://dealtrak/reporting/main
[Tue Jul 28 13:53:50.790687 2015] [:error] [pid 6661] [client 172.17.0.1:35435] PHP   2. include() /app/index.php:363, referer: http://dealtrak/reporting/main
[Tue Jul 28 13:53:50.790689 2015] [:error] [pid 6661] [client 172.17.0.1:35435] PHP   3. include() /app/layouts/site.php:130, referer: http://dealtrak/reporting/main
[Tue Jul 28 13:53:50.790695 2015] [:error] [pid 6661] [client 172.17.0.1:35435] PHP Notice:  Undefined index: select_lenders in /app/site/reporting/builder.phtml on line 146, referer: http://dealtrak/reporting/main
[Tue Jul 28 13:53:50.790697 2015] [:error] [pid 6661] [client 172.17.0.1:35435] PHP Stack trace:, referer: http://dealtrak/reporting/main
[Tue Jul 28 13:53:50.790699 2015] [:error] [pid 6661] [client 172.17.0.1:35435] PHP   1. {main}() /app/index.php:0, referer: http://dealtrak/reporting/main
[Tue Jul 28 13:53:50.790702 2015] [:error] [pid 6661] [client 172.17.0.1:35435] PHP   2. include() /app/index.php:363, referer: http://dealtrak/reporting/main
[Tue Jul 28 13:53:50.790704 2015] [:error] [pid 6661] [client 172.17.0.1:35435] PHP   3. include() /app/layouts/site.php:130, referer: http://dealtrak/reporting/main
[Tue Jul 28 13:53:50.790711 2015] [:error] [pid 6661] [client 172.17.0.1:35435] PHP Notice:  Undefined index: select_lenders in /app/site/reporting/builder.phtml on line 146, referer: http://dealtrak/reporting/main
[Tue Jul 28 13:53:50.790713 2015] [:error] [pid 6661] [client 172.17.0.1:35435] PHP Stack trace:, referer: http://dealtrak/reporting/main
[Tue Jul 28 13:53:50.790715 2015] [:error] [pid 6661] [client 172.17.0.1:35435] PHP   1. {main}() /app/index.php:0, referer: http://dealtrak/reporting/main
[Tue Jul 28 13:53:50.790718 2015] [:error] [pid 6661] [client 172.17.0.1:35435] PHP   2. include() /app/index.php:363, referer: http://dealtrak/reporting/main
[Tue Jul 28 13:53:50.790720 2015] [:error] [pid 6661] [client 172.17.0.1:35435] PHP   3. include() /app/layouts/site.php:130, referer: http://dealtrak/reporting/main
[Tue Jul 28 13:53:50.790726 2015] [:error] [pid 6661] [client 172.17.0.1:35435] PHP Notice:  Undefined index: select_lenders in /app/site/reporting/builder.phtml on line 146, referer: http://dealtrak/reporting/main
[Tue Jul 28 13:53:50.790728 2015] [:error] [pid 6661] [client 172.17.0.1:35435] PHP Stack trace:, referer: http://dealtrak/reporting/main
[Tue Jul 28 13:53:50.790730 2015] [:error] [pid 6661] [client 172.17.0.1:35435] PHP   1. {main}() /app/index.php:0, referer: http://dealtrak/reporting/main
[Tue Jul 28 13:53:50.790733 2015] [:error] [pid 6661] [client 172.17.0.1:35435] PHP   2. include() /app/index.php:363, referer: http://dealtrak/reporting/main
[Tue Jul 28 13:53:50.790735 2015] [:error] [pid 6661] [client 172.17.0.1:35435] PHP   3. include() /app/layouts/site.php:130, referer: http://dealtrak/reporting/main
[Tue Jul 28 13:53:50.790741 2015] [:error] [pid 6661] [client 172.17.0.1:35435] PHP Notice:  Undefined index: select_lenders in /app/site/reporting/builder.phtml on line 146, referer: http://dealtrak/reporting/main
[Tue Jul 28 13:53:50.790743 2015] [:error] [pid 6661] [client 172.17.0.1:35435] PHP Stack trace:, referer: http://dealtrak/reporting/main
[Tue Jul 28 13:53:50.790747 2015] [:error] [pid 6661] [client 172.17.0.1:35435] PHP   1. {main}() /app/index.php:0, referer: http://dealtrak/reporting/main
[Tue Jul 28 13:53:50.790750 2015] [:error] [pid 6661] [client 172.17.0.1:35435] PHP   2. include() /app/index.php:363, referer: http://dealtrak/reporting/main
[Tue Jul 28 13:53:50.790752 2015] [:error] [pid 6661] [client 172.17.0.1:35435] PHP   3. include() /app/layouts/site.php:130, referer: http://dealtrak/reporting/main
[Tue Jul 28 13:53:50.790758 2015] [:error] [pid 6661] [client 172.17.0.1:35435] PHP Notice:  Undefined index: select_lenders in /app/site/reporting/builder.phtml on line 146, referer: http://dealtrak/reporting/main
[Tue Jul 28 13:53:50.790760 2015] [:error] [pid 6661] [client 172.17.0.1:35435] PHP Stack trace:, referer: http://dealtrak/reporting/main
[Tue Jul 28 13:53:50.790763 2015] [:error] [pid 6661] [client 172.17.0.1:35435] PHP   1. {main}() /app/index.php:0, referer: http://dealtrak/reporting/main
[Tue Jul 28 13:53:50.790765 2015] [:error] [pid 6661] [client 172.17.0.1:35435] PHP   2. include() /app/index.php:363, referer: http://dealtrak/reporting/main
[Tue Jul 28 13:53:50.790767 2015] [:error] [pid 6661] [client 172.17.0.1:35435] PHP   3. include() /app/layouts/site.php:130, referer: http://dealtrak/reporting/main
[Tue Jul 28 13:53:50.790773 2015] [:error] [pid 6661] [client 172.17.0.1:35435] PHP Notice:  Undefined index: select_lenders in /app/site/reporting/builder.phtml on line 146, referer: http://dealtrak/reporting/main
[Tue Jul 28 13:53:50.790775 2015] [:error] [pid 6661] [client 172.17.0.1:35435] PHP Stack trace:, referer: http://dealtrak/reporting/main
[Tue Jul 28 13:53:50.790778 2015] [:error] [pid 6661] [client 172.17.0.1:35435] PHP   1. {main}() /app/index.php:0, referer: http://dealtrak/reporting/main
[Tue Jul 28 13:53:50.790780 2015] [:error] [pid 6661] [client 172.17.0.1:35435] PHP   2. include() /app/index.php:363, referer: http://dealtrak/reporting/main
[Tue Jul 28 13:53:50.790782 2015] [:error] [pid 6661] [client 172.17.0.1:35435] PHP   3. include() /app/layouts/site.php:130, referer: http://dealtrak/reporting/main
[Tue Jul 28 13:53:50.790788 2015] [:error] [pid 6661] [client 172.17.0.1:35435] PHP Notice:  Undefined index: select_lenders in /app/site/reporting/builder.phtml on line 146, referer: http://dealtrak/reporting/main
[Tue Jul 28 13:53:50.790790 2015] [:error] [pid 6661] [client 172.17.0.1:35435] PHP Stack trace:, referer: http://dealtrak/reporting/main
[Tue Jul 28 13:53:50.790793 2015] [:error] [pid 6661] [client 172.17.0.1:35435] PHP   1. {main}() /app/index.php:0, referer: http://dealtrak/reporting/main
[Tue Jul 28 13:53:50.790795 2015] [:error] [pid 6661] [client 172.17.0.1:35435] PHP   2. include() /app/index.php:363, referer: http://dealtrak/reporting/main
[Tue Jul 28 13:53:50.790797 2015] [:error] [pid 6661] [client 172.17.0.1:35435] PHP   3. include() /app/layouts/site.php:130, referer: http://dealtrak/reporting/main
[Tue Jul 28 13:53:50.790804 2015] [:error] [pid 6661] [client 172.17.0.1:35435] PHP Notice:  Undefined index: select_lenders in /app/site/reporting/builder.phtml on line 146, referer: http://dealtrak/reporting/main
[Tue Jul 28 13:53:50.790806 2015] [:error] [pid 6661] [client 172.17.0.1:35435] PHP Stack trace:, referer: http://dealtrak/reporting/main
[Tue Jul 28 13:53:50.790808 2015] [:error] [pid 6661] [client 172.17.0.1:35435] PHP   1. {main}() /app/index.php:0, referer: http://dealtrak/reporting/main
[Tue Jul 28 13:53:50.790810 2015] [:error] [pid 6661] [client 172.17.0.1:35435] PHP   2. include() /app/index.php:363, referer: http://dealtrak/reporting/main
[Tue Jul 28 13:53:50.790815 2015] [:error] [pid 6661] [client 172.17.0.1:35435] PHP   3. include() /app/layouts/site.php:130, referer: http://dealtrak/reporting/main
[Tue Jul 28 13:53:50.790821 2015] [:error] [pid 6661] [client 172.17.0.1:35435] PHP Notice:  Undefined index: select_lenders in /app/site/reporting/builder.phtml on line 146, referer: http://dealtrak/reporting/main
[Tue Jul 28 13:53:50.790823 2015] [:error] [pid 6661] [client 172.17.0.1:35435] PHP Stack trace:, referer: http://dealtrak/reporting/main
[Tue Jul 28 13:53:50.790825 2015] [:error] [pid 6661] [client 172.17.0.1:35435] PHP   1. {main}() /app/index.php:0, referer: http://dealtrak/reporting/main
[Tue Jul 28 13:53:50.790828 2015] [:error] [pid 6661] [client 172.17.0.1:35435] PHP   2. include() /app/index.php:363, referer: http://dealtrak/reporting/main
[Tue Jul 28 13:53:50.790830 2015] [:error] [pid 6661] [client 172.17.0.1:35435] PHP   3. include() /app/layouts/site.php:130, referer: http://dealtrak/reporting/main
[Tue Jul 28 13:53:50.790836 2015] [:error] [pid 6661] [client 172.17.0.1:35435] PHP Notice:  Undefined index: select_lenders in /app/site/reporting/builder.phtml on line 146, referer: http://dealtrak/reporting/main
[Tue Jul 28 13:53:50.790838 2015] [:error] [pid 6661] [client 172.17.0.1:35435] PHP Stack trace:, referer: http://dealtrak/reporting/main
[Tue Jul 28 13:53:50.790840 2015] [:error] [pid 6661] [client 172.17.0.1:35435] PHP   1. {main}() /app/index.php:0, referer: http://dealtrak/reporting/main
[Tue Jul 28 13:53:50.790842 2015] [:error] [pid 6661] [client 172.17.0.1:35435] PHP   2. include() /app/index.php:363, referer: http://dealtrak/reporting/main
[Tue Jul 28 13:53:50.790845 2015] [:error] [pid 6661] [client 172.17.0.1:35435] PHP   3. include() /app/layouts/site.php:130, referer: http://dealtrak/reporting/main
[Tue Jul 28 13:53:50.790851 2015] [:error] [pid 6661] [client 172.17.0.1:35435] PHP Notice:  Undefined index: select_lenders in /app/site/reporting/builder.phtml on line 146, referer: http://dealtrak/reporting/main
[Tue Jul 28 13:53:50.790853 2015] [:error] [pid 6661] [client 172.17.0.1:35435] PHP Stack trace:, referer: http://dealtrak/reporting/main
[Tue Jul 28 13:53:50.790855 2015] [:error] [pid 6661] [client 172.17.0.1:35435] PHP   1. {main}() /app/index.php:0, referer: http://dealtrak/reporting/main
[Tue Jul 28 13:53:50.790857 2015] [:error] [pid 6661] [client 172.17.0.1:35435] PHP   2. include() /app/index.php:363, referer: http://dealtrak/reporting/main
[Tue Jul 28 13:53:50.790860 2015] [:error] [pid 6661] [client 172.17.0.1:35435] PHP   3. include() /app/layouts/site.php:130, referer: http://dealtrak/reporting/main
[Tue Jul 28 13:53:50.790866 2015] [:error] [pid 6661] [client 172.17.0.1:35435] PHP Notice:  Undefined index: select_lenders in /app/site/reporting/builder.phtml on line 146, referer: http://dealtrak/reporting/main
[Tue Jul 28 13:53:50.790868 2015] [:error] [pid 6661] [client 172.17.0.1:35435] PHP Stack trace:, referer: http://dealtrak/reporting/main
[Tue Jul 28 13:53:50.790870 2015] [:error] [pid 6661] [client 172.17.0.1:35435] PHP   1. {main}() /app/index.php:0, referer: http://dealtrak/reporting/main
[Tue Jul 28 13:53:50.790873 2015] [:error] [pid 6661] [client 172.17.0.1:35435] PHP   2. include() /app/index.php:363, referer: http://dealtrak/reporting/main
[Tue Jul 28 13:53:50.790875 2015] [:error] [pid 6661] [client 172.17.0.1:35435] PHP   3. include() /app/layouts/site.php:130, referer: http://dealtrak/reporting/main
[Tue Jul 28 13:53:50.790881 2015] [:error] [pid 6661] [client 172.17.0.1:35435] PHP Notice:  Undefined index: select_lenders in /app/site/reporting/builder.phtml on line 146, referer: http://dealtrak/reporting/main
[Tue Jul 28 13:53:50.790885 2015] [:error] [pid 6661] [client 172.17.0.1:35435] PHP Stack trace:, referer: http://dealtrak/reporting/main
[Tue Jul 28 13:53:50.790888 2015] [:error] [pid 6661] [client 172.17.0.1:35435] PHP   1. {main}() /app/index.php:0, referer: http://dealtrak/reporting/main
[Tue Jul 28 13:53:50.790890 2015] [:error] [pid 6661] [client 172.17.0.1:35435] PHP   2. include() /app/index.php:363, referer: http://dealtrak/reporting/main
[Tue Jul 28 13:53:50.790892 2015] [:error] [pid 6661] [client 172.17.0.1:35435] PHP   3. include() /app/layouts/site.php:130, referer: http://dealtrak/reporting/main
[Tue Jul 28 13:53:50.790898 2015] [:error] [pid 6661] [client 172.17.0.1:35435] PHP Notice:  Undefined index: select_lenders in /app/site/reporting/builder.phtml on line 146, referer: http://dealtrak/reporting/main
[Tue Jul 28 13:53:50.790901 2015] [:error] [pid 6661] [client 172.17.0.1:35435] PHP Stack trace:, referer: http://dealtrak/reporting/main
[Tue Jul 28 13:53:50.790903 2015] [:error] [pid 6661] [client 172.17.0.1:35435] PHP   1. {main}() /app/index.php:0, referer: http://dealtrak/reporting/main
[Tue Jul 28 13:53:50.790905 2015] [:error] [pid 6661] [client 172.17.0.1:35435] PHP   2. include() /app/index.php:363, referer: http://dealtrak/reporting/main
[Tue Jul 28 13:53:50.790908 2015] [:error] [pid 6661] [client 172.17.0.1:35435] PHP   3. include() /app/layouts/site.php:130, referer: http://dealtrak/reporting/main
[Tue Jul 28 13:53:50.790914 2015] [:error] [pid 6661] [client 172.17.0.1:35435] PHP Notice:  Undefined index: select_lenders in /app/site/reporting/builder.phtml on line 146, referer: http://dealtrak/reporting/main
[Tue Jul 28 13:53:50.790916 2015] [:error] [pid 6661] [client 172.17.0.1:35435] PHP Stack trace:, referer: http://dealtrak/reporting/main
[Tue Jul 28 13:53:50.790918 2015] [:error] [pid 6661] [client 172.17.0.1:35435] PHP   1. {main}() /app/index.php:0, referer: http://dealtrak/reporting/main
[Tue Jul 28 13:53:50.790921 2015] [:error] [pid 6661] [client 172.17.0.1:35435] PHP   2. include() /app/index.php:363, referer: http://dealtrak/reporting/main
[Tue Jul 28 13:53:50.790923 2015] [:error] [pid 6661] [client 172.17.0.1:35435] PHP   3. include() /app/layouts/site.php:130, referer: http://dealtrak/reporting/main
[Tue Jul 28 13:53:50.790929 2015] [:error] [pid 6661] [client 172.17.0.1:35435] PHP Notice:  Undefined index: select_lenders in /app/site/reporting/builder.phtml on line 146, referer: http://dealtrak/reporting/main
[Tue Jul 28 13:53:50.790931 2015] [:error] [pid 6661] [client 172.17.0.1:35435] PHP Stack trace:, referer: http://dealtrak/reporting/main
[Tue Jul 28 13:53:50.790933 2015] [:error] [pid 6661] [client 172.17.0.1:35435] PHP   1. {main}() /app/index.php:0, referer: http://dealtrak/reporting/main
[Tue Jul 28 13:53:50.790936 2015] [:error] [pid 6661] [client 172.17.0.1:35435] PHP   2. include() /app/index.php:363, referer: http://dealtrak/reporting/main
[Tue Jul 28 13:53:50.790938 2015] [:error] [pid 6661] [client 172.17.0.1:35435] PHP   3. include() /app/layouts/site.php:130, referer: http://dealtrak/reporting/main
[Tue Jul 28 13:53:50.790945 2015] [:error] [pid 6661] [client 172.17.0.1:35435] PHP Notice:  Undefined index: select_lenders in /app/site/reporting/builder.phtml on line 146, referer: http://dealtrak/reporting/main
[Tue Jul 28 13:53:50.790946 2015] [:error] [pid 6661] [client 172.17.0.1:35435] PHP Stack trace:, referer: http://dealtrak/reporting/main
[Tue Jul 28 13:53:50.790949 2015] [:error] [pid 6661] [client 172.17.0.1:35435] PHP   1. {main}() /app/index.php:0, referer: http://dealtrak/reporting/main
[Tue Jul 28 13:53:50.790954 2015] [:error] [pid 6661] [client 172.17.0.1:35435] PHP   2. include() /app/index.php:363, referer: http://dealtrak/reporting/main
[Tue Jul 28 13:53:50.790956 2015] [:error] [pid 6661] [client 172.17.0.1:35435] PHP   3. include() /app/layouts/site.php:130, referer: http://dealtrak/reporting/main
[Tue Jul 28 13:53:50.791101 2015] [:error] [pid 6661] [client 172.17.0.1:35435] PHP Notice:  Undefined index: select_lenders in /app/site/reporting/builder.phtml on line 146, referer: http://dealtrak/reporting/main
[Tue Jul 28 13:53:50.791104 2015] [:error] [pid 6661] [client 172.17.0.1:35435] PHP Stack trace:, referer: http://dealtrak/reporting/main
[Tue Jul 28 13:53:50.791107 2015] [:error] [pid 6661] [client 172.17.0.1:35435] PHP   1. {main}() /app/index.php:0, referer: http://dealtrak/reporting/main
[Tue Jul 28 13:53:50.791109 2015] [:error] [pid 6661] [client 172.17.0.1:35435] PHP   2. include() /app/index.php:363, referer: http://dealtrak/reporting/main
[Tue Jul 28 13:53:50.791112 2015] [:error] [pid 6661] [client 172.17.0.1:35435] PHP   3. include() /app/layouts/site.php:130, referer: http://dealtrak/reporting/main
[Tue Jul 28 13:53:50.791118 2015] [:error] [pid 6661] [client 172.17.0.1:35435] PHP Notice:  Undefined index: select_lenders in /app/site/reporting/builder.phtml on line 146, referer: http://dealtrak/reporting/main
[Tue Jul 28 13:53:50.791120 2015] [:error] [pid 6661] [client 172.17.0.1:35435] PHP Stack trace:, referer: http://dealtrak/reporting/main
[Tue Jul 28 13:53:50.791122 2015] [:error] [pid 6661] [client 172.17.0.1:35435] PHP   1. {main}() /app/index.php:0, referer: http://dealtrak/reporting/main
[Tue Jul 28 13:53:50.791125 2015] [:error] [pid 6661] [client 172.17.0.1:35435] PHP   2. include() /app/index.php:363, referer: http://dealtrak/reporting/main
[Tue Jul 28 13:53:50.791127 2015] [:error] [pid 6661] [client 172.17.0.1:35435] PHP   3. include() /app/layouts/site.php:130, referer: http://dealtrak/reporting/main
[Tue Jul 28 13:53:50.791133 2015] [:error] [pid 6661] [client 172.17.0.1:35435] PHP Notice:  Undefined index: select_lenders in /app/site/reporting/builder.phtml on line 146, referer: http://dealtrak/reporting/main
[Tue Jul 28 13:53:50.791135 2015] [:error] [pid 6661] [client 172.17.0.1:35435] PHP Stack trace:, referer: http://dealtrak/reporting/main
[Tue Jul 28 13:53:50.791138 2015] [:error] [pid 6661] [client 172.17.0.1:35435] PHP   1. {main}() /app/index.php:0, referer: http://dealtrak/reporting/main
[Tue Jul 28 13:53:50.791140 2015] [:error] [pid 6661] [client 172.17.0.1:35435] PHP   2. include() /app/index.php:363, referer: http://dealtrak/reporting/main
[Tue Jul 28 13:53:50.791142 2015] [:error] [pid 6661] [client 172.17.0.1:35435] PHP   3. include() /app/layouts/site.php:130, referer: http://dealtrak/reporting/main
[Tue Jul 28 13:53:50.791148 2015] [:error] [pid 6661] [client 172.17.0.1:35435] PHP Notice:  Undefined index: select_lenders in /app/site/reporting/builder.phtml on line 146, referer: http://dealtrak/reporting/main
[Tue Jul 28 13:53:50.791150 2015] [:error] [pid 6661] [client 172.17.0.1:35435] PHP Stack trace:, referer: http://dealtrak/reporting/main
[Tue Jul 28 13:53:50.791153 2015] [:error] [pid 6661] [client 172.17.0.1:35435] PHP   1. {main}() /app/index.php:0, referer: http://dealtrak/reporting/main
[Tue Jul 28 13:53:50.791155 2015] [:error] [pid 6661] [client 172.17.0.1:35435] PHP   2. include() /app/index.php:363, referer: http://dealtrak/reporting/main
[Tue Jul 28 13:53:50.791157 2015] [:error] [pid 6661] [client 172.17.0.1:35435] PHP   3. include() /app/layouts/site.php:130, referer: http://dealtrak/reporting/main
[Tue Jul 28 13:53:50.791167 2015] [:error] [pid 6661] [client 172.17.0.1:35435] PHP Notice:  Undefined index: select_lenders in /app/site/reporting/builder.phtml on line 146, referer: http://dealtrak/reporting/main
[Tue Jul 28 13:53:50.791169 2015] [:error] [pid 6661] [client 172.17.0.1:35435] PHP Stack trace:, referer: http://dealtrak/reporting/main
[Tue Jul 28 13:53:50.791171 2015] [:error] [pid 6661] [client 172.17.0.1:35435] PHP   1. {main}() /app/index.php:0, referer: http://dealtrak/reporting/main
[Tue Jul 28 13:53:50.791173 2015] [:error] [pid 6661] [client 172.17.0.1:35435] PHP   2. include() /app/index.php:363, referer: http://dealtrak/reporting/main
[Tue Jul 28 13:53:50.791176 2015] [:error] [pid 6661] [client 172.17.0.1:35435] PHP   3. include() /app/layouts/site.php:130, referer: http://dealtrak/reporting/main
[Tue Jul 28 13:53:50.791182 2015] [:error] [pid 6661] [client 172.17.0.1:35435] PHP Notice:  Undefined index: select_lenders in /app/site/reporting/builder.phtml on line 146, referer: http://dealtrak/reporting/main
[Tue Jul 28 13:53:50.791184 2015] [:error] [pid 6661] [client 172.17.0.1:35435] PHP Stack trace:, referer: http://dealtrak/reporting/main
[Tue Jul 28 13:53:50.791186 2015] [:error] [pid 6661] [client 172.17.0.1:35435] PHP   1. {main}() /app/index.php:0, referer: http://dealtrak/reporting/main
[Tue Jul 28 13:53:50.791189 2015] [:error] [pid 6661] [client 172.17.0.1:35435] PHP   2. include() /app/index.php:363, referer: http://dealtrak/reporting/main
[Tue Jul 28 13:53:50.791191 2015] [:error] [pid 6661] [client 172.17.0.1:35435] PHP   3. include() /app/layouts/site.php:130, referer: http://dealtrak/reporting/main
[Tue Jul 28 13:53:50.791197 2015] [:error] [pid 6661] [client 172.17.0.1:35435] PHP Notice:  Undefined index: select_lenders in /app/site/reporting/builder.phtml on line 146, referer: http://dealtrak/reporting/main
[Tue Jul 28 13:53:50.791199 2015] [:error] [pid 6661] [client 172.17.0.1:35435] PHP Stack trace:, referer: http://dealtrak/reporting/main
[Tue Jul 28 13:53:50.791201 2015] [:error] [pid 6661] [client 172.17.0.1:35435] PHP   1. {main}() /app/index.php:0, referer: http://dealtrak/reporting/main
[Tue Jul 28 13:53:50.791204 2015] [:error] [pid 6661] [client 172.17.0.1:35435] PHP   2. include() /app/index.php:363, referer: http://dealtrak/reporting/main
[Tue Jul 28 13:53:50.791206 2015] [:error] [pid 6661] [client 172.17.0.1:35435] PHP   3. include() /app/layouts/site.php:130, referer: http://dealtrak/reporting/main
[Tue Jul 28 13:53:50.791212 2015] [:error] [pid 6661] [client 172.17.0.1:35435] PHP Notice:  Undefined index: select_lenders in /app/site/reporting/builder.phtml on line 146, referer: http://dealtrak/reporting/main
[Tue Jul 28 13:53:50.791214 2015] [:error] [pid 6661] [client 172.17.0.1:35435] PHP Stack trace:, referer: http://dealtrak/reporting/main
[Tue Jul 28 13:53:50.791216 2015] [:error] [pid 6661] [client 172.17.0.1:35435] PHP   1. {main}() /app/index.php:0, referer: http://dealtrak/reporting/main
[Tue Jul 28 13:53:50.791219 2015] [:error] [pid 6661] [client 172.17.0.1:35435] PHP   2. include() /app/index.php:363, referer: http://dealtrak/reporting/main
[Tue Jul 28 13:53:50.791221 2015] [:error] [pid 6661] [client 172.17.0.1:35435] PHP   3. include() /app/layouts/site.php:130, referer: http://dealtrak/reporting/main
[Tue Jul 28 13:53:50.791228 2015] [:error] [pid 6661] [client 172.17.0.1:35435] PHP Notice:  Undefined index: select_lenders in /app/site/reporting/builder.phtml on line 146, referer: http://dealtrak/reporting/main
[Tue Jul 28 13:53:50.791230 2015] [:error] [pid 6661] [client 172.17.0.1:35435] PHP Stack trace:, referer: http://dealtrak/reporting/main
[Tue Jul 28 13:53:50.791234 2015] [:error] [pid 6661] [client 172.17.0.1:35435] PHP   1. {main}() /app/index.php:0, referer: http://dealtrak/reporting/main
[Tue Jul 28 13:53:50.791236 2015] [:error] [pid 6661] [client 172.17.0.1:35435] PHP   2. include() /app/index.php:363, referer: http://dealtrak/reporting/main
[Tue Jul 28 13:53:50.791239 2015] [:error] [pid 6661] [client 172.17.0.1:35435] PHP   3. include() /app/layouts/site.php:130, referer: http://dealtrak/reporting/main
[Tue Jul 28 13:53:50.791245 2015] [:error] [pid 6661] [client 172.17.0.1:35435] PHP Notice:  Undefined index: select_lenders in /app/site/reporting/builder.phtml on line 146, referer: http://dealtrak/reporting/main
[Tue Jul 28 13:53:50.791247 2015] [:error] [pid 6661] [client 172.17.0.1:35435] PHP Stack trace:, referer: http://dealtrak/reporting/main
[Tue Jul 28 13:53:50.791249 2015] [:error] [pid 6661] [client 172.17.0.1:35435] PHP   1. {main}() /app/index.php:0, referer: http://dealtrak/reporting/main
[Tue Jul 28 13:53:50.791252 2015] [:error] [pid 6661] [client 172.17.0.1:35435] PHP   2. include() /app/index.php:363, referer: http://dealtrak/reporting/main
[Tue Jul 28 13:53:50.791254 2015] [:error] [pid 6661] [client 172.17.0.1:35435] PHP   3. include() /app/layouts/site.php:130, referer: http://dealtrak/reporting/main
[Tue Jul 28 13:53:50.791260 2015] [:error] [pid 6661] [client 172.17.0.1:35435] PHP Notice:  Undefined index: select_lenders in /app/site/reporting/builder.phtml on line 146, referer: http://dealtrak/reporting/main
[Tue Jul 28 13:53:50.791262 2015] [:error] [pid 6661] [client 172.17.0.1:35435] PHP Stack trace:, referer: http://dealtrak/reporting/main
[Tue Jul 28 13:53:50.791264 2015] [:error] [pid 6661] [client 172.17.0.1:35435] PHP   1. {main}() /app/index.php:0, referer: http://dealtrak/reporting/main
[Tue Jul 28 13:53:50.791267 2015] [:error] [pid 6661] [client 172.17.0.1:35435] PHP   2. include() /app/index.php:363, referer: http://dealtrak/reporting/main
[Tue Jul 28 13:53:50.791269 2015] [:error] [pid 6661] [client 172.17.0.1:35435] PHP   3. include() /app/layouts/site.php:130, referer: http://dealtrak/reporting/main
[Tue Jul 28 13:53:50.791275 2015] [:error] [pid 6661] [client 172.17.0.1:35435] PHP Notice:  Undefined index: select_lenders in /app/site/reporting/builder.phtml on line 146, referer: http://dealtrak/reporting/main
[Tue Jul 28 13:53:50.791277 2015] [:error] [pid 6661] [client 172.17.0.1:35435] PHP Stack trace:, referer: http://dealtrak/reporting/main
[Tue Jul 28 13:53:50.791279 2015] [:error] [pid 6661] [client 172.17.0.1:35435] PHP   1. {main}() /app/index.php:0, referer: http://dealtrak/reporting/main
[Tue Jul 28 13:53:50.791282 2015] [:error] [pid 6661] [client 172.17.0.1:35435] PHP   2. include() /app/index.php:363, referer: http://dealtrak/reporting/main
[Tue Jul 28 13:53:50.791284 2015] [:error] [pid 6661] [client 172.17.0.1:35435] PHP   3. include() /app/layouts/site.php:130, referer: http://dealtrak/reporting/main
[Tue Jul 28 13:53:50.791290 2015] [:error] [pid 6661] [client 172.17.0.1:35435] PHP Notice:  Undefined index: select_lenders in /app/site/reporting/builder.phtml on line 146, referer: http://dealtrak/reporting/main
[Tue Jul 28 13:53:50.791292 2015] [:error] [pid 6661] [client 172.17.0.1:35435] PHP Stack trace:, referer: http://dealtrak/reporting/main
[Tue Jul 28 13:53:50.791294 2015] [:error] [pid 6661] [client 172.17.0.1:35435] PHP   1. {main}() /app/index.php:0, referer: http://dealtrak/reporting/main
[Tue Jul 28 13:53:50.791297 2015] [:error] [pid 6661] [client 172.17.0.1:35435] PHP   2. include() /app/index.php:363, referer: http://dealtrak/reporting/main
[Tue Jul 28 13:53:50.791301 2015] [:error] [pid 6661] [client 172.17.0.1:35435] PHP   3. include() /app/layouts/site.php:130, referer: http://dealtrak/reporting/main
[Tue Jul 28 13:53:50.791307 2015] [:error] [pid 6661] [client 172.17.0.1:35435] PHP Notice:  Undefined index: select_lenders in /app/site/reporting/builder.phtml on line 146, referer: http://dealtrak/reporting/main
[Tue Jul 28 13:53:50.791310 2015] [:error] [pid 6661] [client 172.17.0.1:35435] PHP Stack trace:, referer: http://dealtrak/reporting/main
[Tue Jul 28 13:53:50.791312 2015] [:error] [pid 6661] [client 172.17.0.1:35435] PHP   1. {main}() /app/index.php:0, referer: http://dealtrak/reporting/main
[Tue Jul 28 13:53:50.791314 2015] [:error] [pid 6661] [client 172.17.0.1:35435] PHP   2. include() /app/index.php:363, referer: http://dealtrak/reporting/main
[Tue Jul 28 13:53:50.791317 2015] [:error] [pid 6661] [client 172.17.0.1:35435] PHP   3. include() /app/layouts/site.php:130, referer: http://dealtrak/reporting/main
[Tue Jul 28 13:53:50.791323 2015] [:error] [pid 6661] [client 172.17.0.1:35435] PHP Notice:  Undefined index: select_lenders in /app/site/reporting/builder.phtml on line 146, referer: http://dealtrak/reporting/main
[Tue Jul 28 13:53:50.791325 2015] [:error] [pid 6661] [client 172.17.0.1:35435] PHP Stack trace:, referer: http://dealtrak/reporting/main
[Tue Jul 28 13:53:50.791327 2015] [:error] [pid 6661] [client 172.17.0.1:35435] PHP   1. {main}() /app/index.php:0, referer: http://dealtrak/reporting/main
[Tue Jul 28 13:53:50.791330 2015] [:error] [pid 6661] [client 172.17.0.1:35435] PHP   2. include() /app/index.php:363, referer: http://dealtrak/reporting/main
[Tue Jul 28 13:53:50.791332 2015] [:error] [pid 6661] [client 172.17.0.1:35435] PHP   3. include() /app/layouts/site.php:130, referer: http://dealtrak/reporting/main
[Tue Jul 28 13:53:50.791338 2015] [:error] [pid 6661] [client 172.17.0.1:35435] PHP Notice:  Undefined index: select_lenders in /app/site/reporting/builder.phtml on line 146, referer: http://dealtrak/reporting/main
[Tue Jul 28 13:53:50.791339 2015] [:error] [pid 6661] [client 172.17.0.1:35435] PHP Stack trace:, referer: http://dealtrak/reporting/main
[Tue Jul 28 13:53:50.791342 2015] [:error] [pid 6661] [client 172.17.0.1:35435] PHP   1. {main}() /app/index.php:0, referer: http://dealtrak/reporting/main
[Tue Jul 28 13:53:50.791344 2015] [:error] [pid 6661] [client 172.17.0.1:35435] PHP   2. include() /app/index.php:363, referer: http://dealtrak/reporting/main
[Tue Jul 28 13:53:50.791347 2015] [:error] [pid 6661] [client 172.17.0.1:35435] PHP   3. include() /app/layouts/site.php:130, referer: http://dealtrak/reporting/main
[Tue Jul 28 13:53:50.791353 2015] [:error] [pid 6661] [client 172.17.0.1:35435] PHP Notice:  Undefined index: select_lenders in /app/site/reporting/builder.phtml on line 146, referer: http://dealtrak/reporting/main
[Tue Jul 28 13:53:50.791354 2015] [:error] [pid 6661] [client 172.17.0.1:35435] PHP Stack trace:, referer: http://dealtrak/reporting/main
[Tue Jul 28 13:53:50.791357 2015] [:error] [pid 6661] [client 172.17.0.1:35435] PHP   1. {main}() /app/index.php:0, referer: http://dealtrak/reporting/main
[Tue Jul 28 13:53:50.791359 2015] [:error] [pid 6661] [client 172.17.0.1:35435] PHP   2. include() /app/index.php:363, referer: http://dealtrak/reporting/main
[Tue Jul 28 13:53:50.791362 2015] [:error] [pid 6661] [client 172.17.0.1:35435] PHP   3. include() /app/layouts/site.php:130, referer: http://dealtrak/reporting/main
[Tue Jul 28 13:53:50.791367 2015] [:error] [pid 6661] [client 172.17.0.1:35435] PHP Notice:  Undefined index: select_lenders in /app/site/reporting/builder.phtml on line 146, referer: http://dealtrak/reporting/main
[Tue Jul 28 13:53:50.791371 2015] [:error] [pid 6661] [client 172.17.0.1:35435] PHP Stack trace:, referer: http://dealtrak/reporting/main
[Tue Jul 28 13:53:50.791374 2015] [:error] [pid 6661] [client 172.17.0.1:35435] PHP   1. {main}() /app/index.php:0, referer: http://dealtrak/reporting/main
[Tue Jul 28 13:53:50.791376 2015] [:error] [pid 6661] [client 172.17.0.1:35435] PHP   2. include() /app/index.php:363, referer: http://dealtrak/reporting/main
[Tue Jul 28 13:53:50.791378 2015] [:error] [pid 6661] [client 172.17.0.1:35435] PHP   3. include() /app/layouts/site.php:130, referer: http://dealtrak/reporting/main
[Tue Jul 28 13:53:50.791385 2015] [:error] [pid 6661] [client 172.17.0.1:35435] PHP Notice:  Undefined index: select_lenders in /app/site/reporting/builder.phtml on line 146, referer: http://dealtrak/reporting/main
[Tue Jul 28 13:53:50.791387 2015] [:error] [pid 6661] [client 172.17.0.1:35435] PHP Stack trace:, referer: http://dealtrak/reporting/main
[Tue Jul 28 13:53:50.791389 2015] [:error] [pid 6661] [client 172.17.0.1:35435] PHP   1. {main}() /app/index.php:0, referer: http://dealtrak/reporting/main
[Tue Jul 28 13:53:50.791392 2015] [:error] [pid 6661] [client 172.17.0.1:35435] PHP   2. include() /app/index.php:363, referer: http://dealtrak/reporting/main
[Tue Jul 28 13:53:50.791394 2015] [:error] [pid 6661] [client 172.17.0.1:35435] PHP   3. include() /app/layouts/site.php:130, referer: http://dealtrak/reporting/main
[Tue Jul 28 13:53:50.791400 2015] [:error] [pid 6661] [client 172.17.0.1:35435] PHP Notice:  Undefined index: select_lenders in /app/site/reporting/builder.phtml on line 146, referer: http://dealtrak/reporting/main
[Tue Jul 28 13:53:50.791402 2015] [:error] [pid 6661] [client 172.17.0.1:35435] PHP Stack trace:, referer: http://dealtrak/reporting/main
[Tue Jul 28 13:53:50.791404 2015] [:error] [pid 6661] [client 172.17.0.1:35435] PHP   1. {main}() /app/index.php:0, referer: http://dealtrak/reporting/main
[Tue Jul 28 13:53:50.791407 2015] [:error] [pid 6661] [client 172.17.0.1:35435] PHP   2. include() /app/index.php:363, referer: http://dealtrak/reporting/main
[Tue Jul 28 13:53:50.791409 2015] [:error] [pid 6661] [client 172.17.0.1:35435] PHP   3. include() /app/layouts/site.php:130, referer: http://dealtrak/reporting/main
[Tue Jul 28 13:53:50.791415 2015] [:error] [pid 6661] [client 172.17.0.1:35435] PHP Notice:  Undefined index: select_lenders in /app/site/reporting/builder.phtml on line 146, referer: http://dealtrak/reporting/main
[Tue Jul 28 13:53:50.791417 2015] [:error] [pid 6661] [client 172.17.0.1:35435] PHP Stack trace:, referer: http://dealtrak/reporting/main
[Tue Jul 28 13:53:50.791419 2015] [:error] [pid 6661] [client 172.17.0.1:35435] PHP   1. {main}() /app/index.php:0, referer: http://dealtrak/reporting/main
[Tue Jul 28 13:53:50.791422 2015] [:error] [pid 6661] [client 172.17.0.1:35435] PHP   2. include() /app/index.php:363, referer: http://dealtrak/reporting/main
[Tue Jul 28 13:53:50.791424 2015] [:error] [pid 6661] [client 172.17.0.1:35435] PHP   3. include() /app/layouts/site.php:130, referer: http://dealtrak/reporting/main
[Tue Jul 28 13:53:50.791458 2015] [:error] [pid 6661] [client 172.17.0.1:35435] PHP Notice:  Undefined index: select_lenders in /app/site/reporting/builder.phtml on line 146, referer: http://dealtrak/reporting/main
[Tue Jul 28 13:53:50.791465 2015] [:error] [pid 6661] [client 172.17.0.1:35435] PHP Stack trace:, referer: http://dealtrak/reporting/main
[Tue Jul 28 13:53:50.791469 2015] [:error] [pid 6661] [client 172.17.0.1:35435] PHP   1. {main}() /app/index.php:0, referer: http://dealtrak/reporting/main
[Tue Jul 28 13:53:50.791475 2015] [:error] [pid 6661] [client 172.17.0.1:35435] PHP   2. include() /app/index.php:363, referer: http://dealtrak/reporting/main
[Tue Jul 28 13:53:50.791477 2015] [:error] [pid 6661] [client 172.17.0.1:35435] PHP   3. include() /app/layouts/site.php:130, referer: http://dealtrak/reporting/main
[Tue Jul 28 13:53:50.791485 2015] [:error] [pid 6661] [client 172.17.0.1:35435] PHP Notice:  Undefined index: select_lenders in /app/site/reporting/builder.phtml on line 146, referer: http://dealtrak/reporting/main
[Tue Jul 28 13:53:50.791487 2015] [:error] [pid 6661] [client 172.17.0.1:35435] PHP Stack trace:, referer: http://dealtrak/reporting/main
[Tue Jul 28 13:53:50.791490 2015] [:error] [pid 6661] [client 172.17.0.1:35435] PHP   1. {main}() /app/index.php:0, referer: http://dealtrak/reporting/main
[Tue Jul 28 13:53:50.791492 2015] [:error] [pid 6661] [client 172.17.0.1:35435] PHP   2. include() /app/index.php:363, referer: http://dealtrak/reporting/main
[Tue Jul 28 13:53:50.791494 2015] [:error] [pid 6661] [client 172.17.0.1:35435] PHP   3. include() /app/layouts/site.php:130, referer: http://dealtrak/reporting/main
[Tue Jul 28 13:53:50.791501 2015] [:error] [pid 6661] [client 172.17.0.1:35435] PHP Notice:  Undefined index: select_lenders in /app/site/reporting/builder.phtml on line 146, referer: http://dealtrak/reporting/main
[Tue Jul 28 13:53:50.791503 2015] [:error] [pid 6661] [client 172.17.0.1:35435] PHP Stack trace:, referer: http://dealtrak/reporting/main
[Tue Jul 28 13:53:50.791505 2015] [:error] [pid 6661] [client 172.17.0.1:35435] PHP   1. {main}() /app/index.php:0, referer: http://dealtrak/reporting/main
[Tue Jul 28 13:53:50.791508 2015] [:error] [pid 6661] [client 172.17.0.1:35435] PHP   2. include() /app/index.php:363, referer: http://dealtrak/reporting/main
[Tue Jul 28 13:53:50.791510 2015] [:error] [pid 6661] [client 172.17.0.1:35435] PHP   3. include() /app/layouts/site.php:130, referer: http://dealtrak/reporting/main
[Tue Jul 28 13:53:50.791516 2015] [:error] [pid 6661] [client 172.17.0.1:35435] PHP Notice:  Undefined index: select_lenders in /app/site/reporting/builder.phtml on line 146, referer: http://dealtrak/reporting/main
[Tue Jul 28 13:53:50.791518 2015] [:error] [pid 6661] [client 172.17.0.1:35435] PHP Stack trace:, referer: http://dealtrak/reporting/main
[Tue Jul 28 13:53:50.791520 2015] [:error] [pid 6661] [client 172.17.0.1:35435] PHP   1. {main}() /app/index.php:0, referer: http://dealtrak/reporting/main
[Tue Jul 28 13:53:50.791523 2015] [:error] [pid 6661] [client 172.17.0.1:35435] PHP   2. include() /app/index.php:363, referer: http://dealtrak/reporting/main
[Tue Jul 28 13:53:50.791525 2015] [:error] [pid 6661] [client 172.17.0.1:35435] PHP   3. include() /app/layouts/site.php:130, referer: http://dealtrak/reporting/main
[Tue Jul 28 13:53:50.791531 2015] [:error] [pid 6661] [client 172.17.0.1:35435] PHP Notice:  Undefined index: select_lenders in /app/site/reporting/builder.phtml on line 146, referer: http://dealtrak/reporting/main
[Tue Jul 28 13:53:50.791533 2015] [:error] [pid 6661] [client 172.17.0.1:35435] PHP Stack trace:, referer: http://dealtrak/reporting/main
[Tue Jul 28 13:53:50.791535 2015] [:error] [pid 6661] [client 172.17.0.1:35435] PHP   1. {main}() /app/index.php:0, referer: http://dealtrak/reporting/main
[Tue Jul 28 13:53:50.791538 2015] [:error] [pid 6661] [client 172.17.0.1:35435] PHP   2. include() /app/index.php:363, referer: http://dealtrak/reporting/main
[Tue Jul 28 13:53:50.791540 2015] [:error] [pid 6661] [client 172.17.0.1:35435] PHP   3. include() /app/layouts/site.php:130, referer: http://dealtrak/reporting/main
[Tue Jul 28 13:53:50.791548 2015] [:error] [pid 6661] [client 172.17.0.1:35435] PHP Notice:  Undefined index: select_lenders in /app/site/reporting/builder.phtml on line 146, referer: http://dealtrak/reporting/main
[Tue Jul 28 13:53:50.791550 2015] [:error] [pid 6661] [client 172.17.0.1:35435] PHP Stack trace:, referer: http://dealtrak/reporting/main
[Tue Jul 28 13:53:50.791553 2015] [:error] [pid 6661] [client 172.17.0.1:35435] PHP   1. {main}() /app/index.php:0, referer: http://dealtrak/reporting/main
[Tue Jul 28 13:53:50.791555 2015] [:error] [pid 6661] [client 172.17.0.1:35435] PHP   2. include() /app/index.php:363, referer: http://dealtrak/reporting/main
[Tue Jul 28 13:53:50.791557 2015] [:error] [pid 6661] [client 172.17.0.1:35435] PHP   3. include() /app/layouts/site.php:130, referer: http://dealtrak/reporting/main
[Tue Jul 28 13:53:50.791563 2015] [:error] [pid 6661] [client 172.17.0.1:35435] PHP Notice:  Undefined index: select_lenders in /app/site/reporting/builder.phtml on line 146, referer: http://dealtrak/reporting/main
[Tue Jul 28 13:53:50.791565 2015] [:error] [pid 6661] [client 172.17.0.1:35435] PHP Stack trace:, referer: http://dealtrak/reporting/main
[Tue Jul 28 13:53:50.791567 2015] [:error] [pid 6661] [client 172.17.0.1:35435] PHP   1. {main}() /app/index.php:0, referer: http://dealtrak/reporting/main
[Tue Jul 28 13:53:50.791570 2015] [:error] [pid 6661] [client 172.17.0.1:35435] PHP   2. include() /app/index.php:363, referer: http://dealtrak/reporting/main
[Tue Jul 28 13:53:50.791572 2015] [:error] [pid 6661] [client 172.17.0.1:35435] PHP   3. include() /app/layouts/site.php:130, referer: http://dealtrak/reporting/main
[Tue Jul 28 13:53:50.791578 2015] [:error] [pid 6661] [client 172.17.0.1:35435] PHP Notice:  Undefined index: select_lenders in /app/site/reporting/builder.phtml on line 146, referer: http://dealtrak/reporting/main
[Tue Jul 28 13:53:50.791580 2015] [:error] [pid 6661] [client 172.17.0.1:35435] PHP Stack trace:, referer: http://dealtrak/reporting/main
[Tue Jul 28 13:53:50.791583 2015] [:error] [pid 6661] [client 172.17.0.1:35435] PHP   1. {main}() /app/index.php:0, referer: http://dealtrak/reporting/main
[Tue Jul 28 13:53:50.791585 2015] [:error] [pid 6661] [client 172.17.0.1:35435] PHP   2. include() /app/index.php:363, referer: http://dealtrak/reporting/main
[Tue Jul 28 13:53:50.791587 2015] [:error] [pid 6661] [client 172.17.0.1:35435] PHP   3. include() /app/layouts/site.php:130, referer: http://dealtrak/reporting/main
[Tue Jul 28 13:53:50.791593 2015] [:error] [pid 6661] [client 172.17.0.1:35435] PHP Notice:  Undefined index: select_lenders in /app/site/reporting/builder.phtml on line 146, referer: http://dealtrak/reporting/main
[Tue Jul 28 13:53:50.791595 2015] [:error] [pid 6661] [client 172.17.0.1:35435] PHP Stack trace:, referer: http://dealtrak/reporting/main
[Tue Jul 28 13:53:50.791598 2015] [:error] [pid 6661] [client 172.17.0.1:35435] PHP   1. {main}() /app/index.php:0, referer: http://dealtrak/reporting/main
[Tue Jul 28 13:53:50.791600 2015] [:error] [pid 6661] [client 172.17.0.1:35435] PHP   2. include() /app/index.php:363, referer: http://dealtrak/reporting/main
[Tue Jul 28 13:53:50.791602 2015] [:error] [pid 6661] [client 172.17.0.1:35435] PHP   3. include() /app/layouts/site.php:130, referer: http://dealtrak/reporting/main
[Tue Jul 28 13:53:50.791609 2015] [:error] [pid 6661] [client 172.17.0.1:35435] PHP Notice:  Undefined index: select_lenders in /app/site/reporting/builder.phtml on line 146, referer: http://dealtrak/reporting/main
[Tue Jul 28 13:53:50.791610 2015] [:error] [pid 6661] [client 172.17.0.1:35435] PHP Stack trace:, referer: http://dealtrak/reporting/main
[Tue Jul 28 13:53:50.791617 2015] [:error] [pid 6661] [client 172.17.0.1:35435] PHP   1. {main}() /app/index.php:0, referer: http://dealtrak/reporting/main
[Tue Jul 28 13:53:50.791620 2015] [:error] [pid 6661] [client 172.17.0.1:35435] PHP   2. include() /app/index.php:363, referer: http://dealtrak/reporting/main
[Tue Jul 28 13:53:50.791622 2015] [:error] [pid 6661] [client 172.17.0.1:35435] PHP   3. include() /app/layouts/site.php:130, referer: http://dealtrak/reporting/main
[Tue Jul 28 13:53:50.791629 2015] [:error] [pid 6661] [client 172.17.0.1:35435] PHP Notice:  Undefined index: select_lenders in /app/site/reporting/builder.phtml on line 146, referer: http://dealtrak/reporting/main
[Tue Jul 28 13:53:50.791631 2015] [:error] [pid 6661] [client 172.17.0.1:35435] PHP Stack trace:, referer: http://dealtrak/reporting/main
[Tue Jul 28 13:53:50.791633 2015] [:error] [pid 6661] [client 172.17.0.1:35435] PHP   1. {main}() /app/index.php:0, referer: http://dealtrak/reporting/main
[Tue Jul 28 13:53:50.791635 2015] [:error] [pid 6661] [client 172.17.0.1:35435] PHP   2. include() /app/index.php:363, referer: http://dealtrak/reporting/main
[Tue Jul 28 13:53:50.791638 2015] [:error] [pid 6661] [client 172.17.0.1:35435] PHP   3. include() /app/layouts/site.php:130, referer: http://dealtrak/reporting/main
[Tue Jul 28 13:53:50.791644 2015] [:error] [pid 6661] [client 172.17.0.1:35435] PHP Notice:  Undefined index: select_lenders in /app/site/reporting/builder.phtml on line 146, referer: http://dealtrak/reporting/main
[Tue Jul 28 13:53:50.791646 2015] [:error] [pid 6661] [client 172.17.0.1:35435] PHP Stack trace:, referer: http://dealtrak/reporting/main
[Tue Jul 28 13:53:50.791648 2015] [:error] [pid 6661] [client 172.17.0.1:35435] PHP   1. {main}() /app/index.php:0, referer: http://dealtrak/reporting/main
[Tue Jul 28 13:53:50.791651 2015] [:error] [pid 6661] [client 172.17.0.1:35435] PHP   2. include() /app/index.php:363, referer: http://dealtrak/reporting/main
[Tue Jul 28 13:53:50.791653 2015] [:error] [pid 6661] [client 172.17.0.1:35435] PHP   3. include() /app/layouts/site.php:130, referer: http://dealtrak/reporting/main
[Tue Jul 28 13:53:50.791659 2015] [:error] [pid 6661] [client 172.17.0.1:35435] PHP Notice:  Undefined index: select_lenders in /app/site/reporting/builder.phtml on line 146, referer: http://dealtrak/reporting/main
[Tue Jul 28 13:53:50.791661 2015] [:error] [pid 6661] [client 172.17.0.1:35435] PHP Stack trace:, referer: http://dealtrak/reporting/main
[Tue Jul 28 13:53:50.791664 2015] [:error] [pid 6661] [client 172.17.0.1:35435] PHP   1. {main}() /app/index.php:0, referer: http://dealtrak/reporting/main
[Tue Jul 28 13:53:50.791666 2015] [:error] [pid 6661] [client 172.17.0.1:35435] PHP   2. include() /app/index.php:363, referer: http://dealtrak/reporting/main
[Tue Jul 28 13:53:50.791669 2015] [:error] [pid 6661] [client 172.17.0.1:35435] PHP   3. include() /app/layouts/site.php:130, referer: http://dealtrak/reporting/main
[Tue Jul 28 13:53:50.791675 2015] [:error] [pid 6661] [client 172.17.0.1:35435] PHP Notice:  Undefined index: select_lenders in /app/site/reporting/builder.phtml on line 146, referer: http://dealtrak/reporting/main
[Tue Jul 28 13:53:50.791677 2015] [:error] [pid 6661] [client 172.17.0.1:35435] PHP Stack trace:, referer: http://dealtrak/reporting/main
[Tue Jul 28 13:53:50.791679 2015] [:error] [pid 6661] [client 172.17.0.1:35435] PHP   1. {main}() /app/index.php:0, referer: http://dealtrak/reporting/main
[Tue Jul 28 13:53:50.791681 2015] [:error] [pid 6661] [client 172.17.0.1:35435] PHP   2. include() /app/index.php:363, referer: http://dealtrak/reporting/main
[Tue Jul 28 13:53:50.791688 2015] [:error] [pid 6661] [client 172.17.0.1:35435] PHP   3. include() /app/layouts/site.php:130, referer: http://dealtrak/reporting/main
[Tue Jul 28 13:53:50.791694 2015] [:error] [pid 6661] [client 172.17.0.1:35435] PHP Notice:  Undefined index: select_lenders in /app/site/reporting/builder.phtml on line 146, referer: http://dealtrak/reporting/main
[Tue Jul 28 13:53:50.791696 2015] [:error] [pid 6661] [client 172.17.0.1:35435] PHP Stack trace:, referer: http://dealtrak/reporting/main
[Tue Jul 28 13:53:50.791698 2015] [:error] [pid 6661] [client 172.17.0.1:35435] PHP   1. {main}() /app/index.php:0, referer: http://dealtrak/reporting/main
[Tue Jul 28 13:53:50.791701 2015] [:error] [pid 6661] [client 172.17.0.1:35435] PHP   2. include() /app/index.php:363, referer: http://dealtrak/reporting/main
[Tue Jul 28 13:53:50.791703 2015] [:error] [pid 6661] [client 172.17.0.1:35435] PHP   3. include() /app/layouts/site.php:130, referer: http://dealtrak/reporting/main
[Tue Jul 28 13:53:50.791710 2015] [:error] [pid 6661] [client 172.17.0.1:35435] PHP Notice:  Undefined index: select_lenders in /app/site/reporting/builder.phtml on line 146, referer: http://dealtrak/reporting/main
[Tue Jul 28 13:53:50.791712 2015] [:error] [pid 6661] [client 172.17.0.1:35435] PHP Stack trace:, referer: http://dealtrak/reporting/main
[Tue Jul 28 13:53:50.791714 2015] [:error] [pid 6661] [client 172.17.0.1:35435] PHP   1. {main}() /app/index.php:0, referer: http://dealtrak/reporting/main
[Tue Jul 28 13:53:50.791717 2015] [:error] [pid 6661] [client 172.17.0.1:35435] PHP   2. include() /app/index.php:363, referer: http://dealtrak/reporting/main
[Tue Jul 28 13:53:50.791719 2015] [:error] [pid 6661] [client 172.17.0.1:35435] PHP   3. include() /app/layouts/site.php:130, referer: http://dealtrak/reporting/main
[Tue Jul 28 13:53:50.791725 2015] [:error] [pid 6661] [client 172.17.0.1:35435] PHP Notice:  Undefined index: select_lenders in /app/site/reporting/builder.phtml on line 146, referer: http://dealtrak/reporting/main
[Tue Jul 28 13:53:50.791727 2015] [:error] [pid 6661] [client 172.17.0.1:35435] PHP Stack trace:, referer: http://dealtrak/reporting/main
[Tue Jul 28 13:53:50.791729 2015] [:error] [pid 6661] [client 172.17.0.1:35435] PHP   1. {main}() /app/index.php:0, referer: http://dealtrak/reporting/main
[Tue Jul 28 13:53:50.791732 2015] [:error] [pid 6661] [client 172.17.0.1:35435] PHP   2. include() /app/index.php:363, referer: http://dealtrak/reporting/main
[Tue Jul 28 13:53:50.791734 2015] [:error] [pid 6661] [client 172.17.0.1:35435] PHP   3. include() /app/layouts/site.php:130, referer: http://dealtrak/reporting/main
[Tue Jul 28 13:53:50.791740 2015] [:error] [pid 6661] [client 172.17.0.1:35435] PHP Notice:  Undefined index: select_lenders in /app/site/reporting/builder.phtml on line 146, referer: http://dealtrak/reporting/main
[Tue Jul 28 13:53:50.791742 2015] [:error] [pid 6661] [client 172.17.0.1:35435] PHP Stack trace:, referer: http://dealtrak/reporting/main
[Tue Jul 28 13:53:50.791744 2015] [:error] [pid 6661] [client 172.17.0.1:35435] PHP   1. {main}() /app/index.php:0, referer: http://dealtrak/reporting/main
[Tue Jul 28 13:53:50.791747 2015] [:error] [pid 6661] [client 172.17.0.1:35435] PHP   2. include() /app/index.php:363, referer: http://dealtrak/reporting/main
[Tue Jul 28 13:53:50.791749 2015] [:error] [pid 6661] [client 172.17.0.1:35435] PHP   3. include() /app/layouts/site.php:130, referer: http://dealtrak/reporting/main
[Tue Jul 28 13:53:50.791755 2015] [:error] [pid 6661] [client 172.17.0.1:35435] PHP Notice:  Undefined index: select_lenders in /app/site/reporting/builder.phtml on line 146, referer: http://dealtrak/reporting/main
[Tue Jul 28 13:53:50.791759 2015] [:error] [pid 6661] [client 172.17.0.1:35435] PHP Stack trace:, referer: http://dealtrak/reporting/main
[Tue Jul 28 13:53:50.791762 2015] [:error] [pid 6661] [client 172.17.0.1:35435] PHP   1. {main}() /app/index.php:0, referer: http://dealtrak/reporting/main
[Tue Jul 28 13:53:50.791764 2015] [:error] [pid 6661] [client 172.17.0.1:35435] PHP   2. include() /app/index.php:363, referer: http://dealtrak/reporting/main
[Tue Jul 28 13:53:50.791766 2015] [:error] [pid 6661] [client 172.17.0.1:35435] PHP   3. include() /app/layouts/site.php:130, referer: http://dealtrak/reporting/main
[Tue Jul 28 13:53:50.791772 2015] [:error] [pid 6661] [client 172.17.0.1:35435] PHP Notice:  Undefined index: select_lenders in /app/site/reporting/builder.phtml on line 146, referer: http://dealtrak/reporting/main
[Tue Jul 28 13:53:50.791774 2015] [:error] [pid 6661] [client 172.17.0.1:35435] PHP Stack trace:, referer: http://dealtrak/reporting/main
[Tue Jul 28 13:53:50.791777 2015] [:error] [pid 6661] [client 172.17.0.1:35435] PHP   1. {main}() /app/index.php:0, referer: http://dealtrak/reporting/main
[Tue Jul 28 13:53:50.791779 2015] [:error] [pid 6661] [client 172.17.0.1:35435] PHP   2. include() /app/index.php:363, referer: http://dealtrak/reporting/main
[Tue Jul 28 13:53:50.791782 2015] [:error] [pid 6661] [client 172.17.0.1:35435] PHP   3. include() /app/layouts/site.php:130, referer: http://dealtrak/reporting/main
[Tue Jul 28 13:53:50.791788 2015] [:error] [pid 6661] [client 172.17.0.1:35435] PHP Notice:  Undefined index: select_lenders in /app/site/reporting/builder.phtml on line 146, referer: http://dealtrak/reporting/main
[Tue Jul 28 13:53:50.791790 2015] [:error] [pid 6661] [client 172.17.0.1:35435] PHP Stack trace:, referer: http://dealtrak/reporting/main
[Tue Jul 28 13:53:50.791792 2015] [:error] [pid 6661] [client 172.17.0.1:35435] PHP   1. {main}() /app/index.php:0, referer: http://dealtrak/reporting/main
[Tue Jul 28 13:53:50.791794 2015] [:error] [pid 6661] [client 172.17.0.1:35435] PHP   2. include() /app/index.php:363, referer: http://dealtrak/reporting/main
[Tue Jul 28 13:53:50.791797 2015] [:error] [pid 6661] [client 172.17.0.1:35435] PHP   3. include() /app/layouts/site.php:130, referer: http://dealtrak/reporting/main
[Tue Jul 28 13:53:50.791803 2015] [:error] [pid 6661] [client 172.17.0.1:35435] PHP Notice:  Undefined index: select_lenders in /app/site/reporting/builder.phtml on line 146, referer: http://dealtrak/reporting/main
[Tue Jul 28 13:53:50.791805 2015] [:error] [pid 6661] [client 172.17.0.1:35435] PHP Stack trace:, referer: http://dealtrak/reporting/main
[Tue Jul 28 13:53:50.791808 2015] [:error] [pid 6661] [client 172.17.0.1:35435] PHP   1. {main}() /app/index.php:0, referer: http://dealtrak/reporting/main
[Tue Jul 28 13:53:50.791810 2015] [:error] [pid 6661] [client 172.17.0.1:35435] PHP   2. include() /app/index.php:363, referer: http://dealtrak/reporting/main
[Tue Jul 28 13:53:50.791812 2015] [:error] [pid 6661] [client 172.17.0.1:35435] PHP   3. include() /app/layouts/site.php:130, referer: http://dealtrak/reporting/main
[Tue Jul 28 13:53:50.791819 2015] [:error] [pid 6661] [client 172.17.0.1:35435] PHP Notice:  Undefined index: select_lenders in /app/site/reporting/builder.phtml on line 146, referer: http://dealtrak/reporting/main
[Tue Jul 28 13:53:50.791821 2015] [:error] [pid 6661] [client 172.17.0.1:35435] PHP Stack trace:, referer: http://dealtrak/reporting/main
[Tue Jul 28 13:53:50.791823 2015] [:error] [pid 6661] [client 172.17.0.1:35435] PHP   1. {main}() /app/index.php:0, referer: http://dealtrak/reporting/main
[Tue Jul 28 13:53:50.791828 2015] [:error] [pid 6661] [client 172.17.0.1:35435] PHP   2. include() /app/index.php:363, referer: http://dealtrak/reporting/main
[Tue Jul 28 13:53:50.791830 2015] [:error] [pid 6661] [client 172.17.0.1:35435] PHP   3. include() /app/layouts/site.php:130, referer: http://dealtrak/reporting/main
[Tue Jul 28 13:53:50.791837 2015] [:error] [pid 6661] [client 172.17.0.1:35435] PHP Notice:  Undefined index: select_lenders in /app/site/reporting/builder.phtml on line 146, referer: http://dealtrak/reporting/main
[Tue Jul 28 13:53:50.791839 2015] [:error] [pid 6661] [client 172.17.0.1:35435] PHP Stack trace:, referer: http://dealtrak/reporting/main
[Tue Jul 28 13:53:50.791841 2015] [:error] [pid 6661] [client 172.17.0.1:35435] PHP   1. {main}() /app/index.php:0, referer: http://dealtrak/reporting/main
[Tue Jul 28 13:53:50.791844 2015] [:error] [pid 6661] [client 172.17.0.1:35435] PHP   2. include() /app/index.php:363, referer: http://dealtrak/reporting/main
[Tue Jul 28 13:53:50.791846 2015] [:error] [pid 6661] [client 172.17.0.1:35435] PHP   3. include() /app/layouts/site.php:130, referer: http://dealtrak/reporting/main
[Tue Jul 28 13:53:50.791852 2015] [:error] [pid 6661] [client 172.17.0.1:35435] PHP Notice:  Undefined index: select_lenders in /app/site/reporting/builder.phtml on line 146, referer: http://dealtrak/reporting/main
[Tue Jul 28 13:53:50.791854 2015] [:error] [pid 6661] [client 172.17.0.1:35435] PHP Stack trace:, referer: http://dealtrak/reporting/main
[Tue Jul 28 13:53:50.791856 2015] [:error] [pid 6661] [client 172.17.0.1:35435] PHP   1. {main}() /app/index.php:0, referer: http://dealtrak/reporting/main
[Tue Jul 28 13:53:50.791859 2015] [:error] [pid 6661] [client 172.17.0.1:35435] PHP   2. include() /app/index.php:363, referer: http://dealtrak/reporting/main
[Tue Jul 28 13:53:50.791861 2015] [:error] [pid 6661] [client 172.17.0.1:35435] PHP   3. include() /app/layouts/site.php:130, referer: http://dealtrak/reporting/main
[Tue Jul 28 13:53:50.791868 2015] [:error] [pid 6661] [client 172.17.0.1:35435] PHP Notice:  Undefined index: select_lenders in /app/site/reporting/builder.phtml on line 146, referer: http://dealtrak/reporting/main
[Tue Jul 28 13:53:50.791870 2015] [:error] [pid 6661] [client 172.17.0.1:35435] PHP Stack trace:, referer: http://dealtrak/reporting/main
[Tue Jul 28 13:53:50.791872 2015] [:error] [pid 6661] [client 172.17.0.1:35435] PHP   1. {main}() /app/index.php:0, referer: http://dealtrak/reporting/main
[Tue Jul 28 13:53:50.791874 2015] [:error] [pid 6661] [client 172.17.0.1:35435] PHP   2. include() /app/index.php:363, referer: http://dealtrak/reporting/main
[Tue Jul 28 13:53:50.791877 2015] [:error] [pid 6661] [client 172.17.0.1:35435] PHP   3. include() /app/layouts/site.php:130, referer: http://dealtrak/reporting/main
[Tue Jul 28 13:53:50.791883 2015] [:error] [pid 6661] [client 172.17.0.1:35435] PHP Notice:  Undefined index: select_lenders in /app/site/reporting/builder.phtml on line 146, referer: http://dealtrak/reporting/main
[Tue Jul 28 13:53:50.791885 2015] [:error] [pid 6661] [client 172.17.0.1:35435] PHP Stack trace:, referer: http://dealtrak/reporting/main
[Tue Jul 28 13:53:50.791887 2015] [:error] [pid 6661] [client 172.17.0.1:35435] PHP   1. {main}() /app/index.php:0, referer: http://dealtrak/reporting/main
[Tue Jul 28 13:53:50.791890 2015] [:error] [pid 6661] [client 172.17.0.1:35435] PHP   2. include() /app/index.php:363, referer: http://dealtrak/reporting/main
[Tue Jul 28 13:53:50.791892 2015] [:error] [pid 6661] [client 172.17.0.1:35435] PHP   3. include() /app/layouts/site.php:130, referer: http://dealtrak/reporting/main
[Tue Jul 28 13:53:50.791901 2015] [:error] [pid 6661] [client 172.17.0.1:35435] PHP Notice:  Undefined index: select_lenders in /app/site/reporting/builder.phtml on line 146, referer: http://dealtrak/reporting/main
[Tue Jul 28 13:53:50.791903 2015] [:error] [pid 6661] [client 172.17.0.1:35435] PHP Stack trace:, referer: http://dealtrak/reporting/main
[Tue Jul 28 13:53:50.791905 2015] [:error] [pid 6661] [client 172.17.0.1:35435] PHP   1. {main}() /app/index.php:0, referer: http://dealtrak/reporting/main
[Tue Jul 28 13:53:50.791908 2015] [:error] [pid 6661] [client 172.17.0.1:35435] PHP   2. include() /app/index.php:363, referer: http://dealtrak/reporting/main
[Tue Jul 28 13:53:50.791910 2015] [:error] [pid 6661] [client 172.17.0.1:35435] PHP   3. include() /app/layouts/site.php:130, referer: http://dealtrak/reporting/main
[Tue Jul 28 13:53:50.791916 2015] [:error] [pid 6661] [client 172.17.0.1:35435] PHP Notice:  Undefined index: select_lenders in /app/site/reporting/builder.phtml on line 146, referer: http://dealtrak/reporting/main
[Tue Jul 28 13:53:50.791918 2015] [:error] [pid 6661] [client 172.17.0.1:35435] PHP Stack trace:, referer: http://dealtrak/reporting/main
[Tue Jul 28 13:53:50.791920 2015] [:error] [pid 6661] [client 172.17.0.1:35435] PHP   1. {main}() /app/index.php:0, referer: http://dealtrak/reporting/main
[Tue Jul 28 13:53:50.791922 2015] [:error] [pid 6661] [client 172.17.0.1:35435] PHP   2. include() /app/index.php:363, referer: http://dealtrak/reporting/main
[Tue Jul 28 13:53:50.791925 2015] [:error] [pid 6661] [client 172.17.0.1:35435] PHP   3. include() /app/layouts/site.php:130, referer: http://dealtrak/reporting/main
[Tue Jul 28 13:53:50.791932 2015] [:error] [pid 6661] [client 172.17.0.1:35435] PHP Notice:  Undefined index: select_lenders in /app/site/reporting/builder.phtml on line 146, referer: http://dealtrak/reporting/main
[Tue Jul 28 13:53:50.791934 2015] [:error] [pid 6661] [client 172.17.0.1:35435] PHP Stack trace:, referer: http://dealtrak/reporting/main
[Tue Jul 28 13:53:50.791936 2015] [:error] [pid 6661] [client 172.17.0.1:35435] PHP   1. {main}() /app/index.php:0, referer: http://dealtrak/reporting/main
[Tue Jul 28 13:53:50.791939 2015] [:error] [pid 6661] [client 172.17.0.1:35435] PHP   2. include() /app/index.php:363, referer: http://dealtrak/reporting/main
[Tue Jul 28 13:53:50.791941 2015] [:error] [pid 6661] [client 172.17.0.1:35435] PHP   3. include() /app/layouts/site.php:130, referer: http://dealtrak/reporting/main
[Tue Jul 28 13:53:50.791947 2015] [:error] [pid 6661] [client 172.17.0.1:35435] PHP Notice:  Undefined index: select_lenders in /app/site/reporting/builder.phtml on line 146, referer: http://dealtrak/reporting/main
[Tue Jul 28 13:53:50.791949 2015] [:error] [pid 6661] [client 172.17.0.1:35435] PHP Stack trace:, referer: http://dealtrak/reporting/main
[Tue Jul 28 13:53:50.791951 2015] [:error] [pid 6661] [client 172.17.0.1:35435] PHP   1. {main}() /app/index.php:0, referer: http://dealtrak/reporting/main
[Tue Jul 28 13:53:50.791953 2015] [:error] [pid 6661] [client 172.17.0.1:35435] PHP   2. include() /app/index.php:363, referer: http://dealtrak/reporting/main
[Tue Jul 28 13:53:50.791956 2015] [:error] [pid 6661] [client 172.17.0.1:35435] PHP   3. include() /app/layouts/site.php:130, referer: http://dealtrak/reporting/main
[Tue Jul 28 13:53:50.791962 2015] [:error] [pid 6661] [client 172.17.0.1:35435] PHP Notice:  Undefined index: select_lenders in /app/site/reporting/builder.phtml on line 146, referer: http://dealtrak/reporting/main
[Tue Jul 28 13:53:50.791963 2015] [:error] [pid 6661] [client 172.17.0.1:35435] PHP Stack trace:, referer: http://dealtrak/reporting/main
[Tue Jul 28 13:53:50.791968 2015] [:error] [pid 6661] [client 172.17.0.1:35435] PHP   1. {main}() /app/index.php:0, referer: http://dealtrak/reporting/main
[Tue Jul 28 13:53:50.791970 2015] [:error] [pid 6661] [client 172.17.0.1:35435] PHP   2. include() /app/index.php:363, referer: http://dealtrak/reporting/main
[Tue Jul 28 13:53:50.791973 2015] [:error] [pid 6661] [client 172.17.0.1:35435] PHP   3. include() /app/layouts/site.php:130, referer: http://dealtrak/reporting/main
[Tue Jul 28 13:53:50.791978 2015] [:error] [pid 6661] [client 172.17.0.1:35435] PHP Notice:  Undefined index: select_lenders in /app/site/reporting/builder.phtml on line 146, referer: http://dealtrak/reporting/main
[Tue Jul 28 13:53:50.791980 2015] [:error] [pid 6661] [client 172.17.0.1:35435] PHP Stack trace:, referer: http://dealtrak/reporting/main
[Tue Jul 28 13:53:50.791983 2015] [:error] [pid 6661] [client 172.17.0.1:35435] PHP   1. {main}() /app/index.php:0, referer: http://dealtrak/reporting/main
[Tue Jul 28 13:53:50.791985 2015] [:error] [pid 6661] [client 172.17.0.1:35435] PHP   2. include() /app/index.php:363, referer: http://dealtrak/reporting/main
[Tue Jul 28 13:53:50.791987 2015] [:error] [pid 6661] [client 172.17.0.1:35435] PHP   3. include() /app/layouts/site.php:130, referer: http://dealtrak/reporting/main
[Tue Jul 28 13:53:50.791993 2015] [:error] [pid 6661] [client 172.17.0.1:35435] PHP Notice:  Undefined index: select_lenders in /app/site/reporting/builder.phtml on line 146, referer: http://dealtrak/reporting/main
[Tue Jul 28 13:53:50.791995 2015] [:error] [pid 6661] [client 172.17.0.1:35435] PHP Stack trace:, referer: http://dealtrak/reporting/main
[Tue Jul 28 13:53:50.791998 2015] [:error] [pid 6661] [client 172.17.0.1:35435] PHP   1. {main}() /app/index.php:0, referer: http://dealtrak/reporting/main
[Tue Jul 28 13:53:50.792000 2015] [:error] [pid 6661] [client 172.17.0.1:35435] PHP   2. include() /app/index.php:363, referer: http://dealtrak/reporting/main
[Tue Jul 28 13:53:50.792002 2015] [:error] [pid 6661] [client 172.17.0.1:35435] PHP   3. include() /app/layouts/site.php:130, referer: http://dealtrak/reporting/main
[Tue Jul 28 13:53:50.792008 2015] [:error] [pid 6661] [client 172.17.0.1:35435] PHP Notice:  Undefined index: select_lenders in /app/site/reporting/builder.phtml on line 146, referer: http://dealtrak/reporting/main
[Tue Jul 28 13:53:50.792010 2015] [:error] [pid 6661] [client 172.17.0.1:35435] PHP Stack trace:, referer: http://dealtrak/reporting/main
[Tue Jul 28 13:53:50.792012 2015] [:error] [pid 6661] [client 172.17.0.1:35435] PHP   1. {main}() /app/index.php:0, referer: http://dealtrak/reporting/main
[Tue Jul 28 13:53:50.792015 2015] [:error] [pid 6661] [client 172.17.0.1:35435] PHP   2. include() /app/index.php:363, referer: http://dealtrak/reporting/main
[Tue Jul 28 13:53:50.792017 2015] [:error] [pid 6661] [client 172.17.0.1:35435] PHP   3. include() /app/layouts/site.php:130, referer: http://dealtrak/reporting/main
[Tue Jul 28 13:53:50.792023 2015] [:error] [pid 6661] [client 172.17.0.1:35435] PHP Notice:  Undefined index: select_lenders in /app/site/reporting/builder.phtml on line 146, referer: http://dealtrak/reporting/main
[Tue Jul 28 13:53:50.792025 2015] [:error] [pid 6661] [client 172.17.0.1:35435] PHP Stack trace:, referer: http://dealtrak/reporting/main
[Tue Jul 28 13:53:50.792027 2015] [:error] [pid 6661] [client 172.17.0.1:35435] PHP   1. {main}() /app/index.php:0, referer: http://dealtrak/reporting/main
[Tue Jul 28 13:53:50.792029 2015] [:error] [pid 6661] [client 172.17.0.1:35435] PHP   2. include() /app/index.php:363, referer: http://dealtrak/reporting/main
[Tue Jul 28 13:53:50.792034 2015] [:error] [pid 6661] [client 172.17.0.1:35435] PHP   3. include() /app/layouts/site.php:130, referer: http://dealtrak/reporting/main
[Tue Jul 28 13:53:50.792039 2015] [:error] [pid 6661] [client 172.17.0.1:35435] PHP Notice:  Undefined index: select_lenders in /app/site/reporting/builder.phtml on line 146, referer: http://dealtrak/reporting/main
[Tue Jul 28 13:53:50.792041 2015] [:error] [pid 6661] [client 172.17.0.1:35435] PHP Stack trace:, referer: http://dealtrak/reporting/main
[Tue Jul 28 13:53:50.792044 2015] [:error] [pid 6661] [client 172.17.0.1:35435] PHP   1. {main}() /app/index.php:0, referer: http://dealtrak/reporting/main
[Tue Jul 28 13:53:50.792046 2015] [:error] [pid 6661] [client 172.17.0.1:35435] PHP   2. include() /app/index.php:363, referer: http://dealtrak/reporting/main
[Tue Jul 28 13:53:50.792048 2015] [:error] [pid 6661] [client 172.17.0.1:35435] PHP   3. include() /app/layouts/site.php:130, referer: http://dealtrak/reporting/main
[Tue Jul 28 13:53:50.792054 2015] [:error] [pid 6661] [client 172.17.0.1:35435] PHP Notice:  Undefined index: select_lenders in /app/site/reporting/builder.phtml on line 146, referer: http://dealtrak/reporting/main
[Tue Jul 28 13:53:50.792056 2015] [:error] [pid 6661] [client 172.17.0.1:35435] PHP Stack trace:, referer: http://dealtrak/reporting/main
[Tue Jul 28 13:53:50.792058 2015] [:error] [pid 6661] [client 172.17.0.1:35435] PHP   1. {main}() /app/index.php:0, referer: http://dealtrak/reporting/main
[Tue Jul 28 13:53:50.792061 2015] [:error] [pid 6661] [client 172.17.0.1:35435] PHP   2. include() /app/index.php:363, referer: http://dealtrak/reporting/main
[Tue Jul 28 13:53:50.792063 2015] [:error] [pid 6661] [client 172.17.0.1:35435] PHP   3. include() /app/layouts/site.php:130, referer: http://dealtrak/reporting/main
[Tue Jul 28 13:53:50.792069 2015] [:error] [pid 6661] [client 172.17.0.1:35435] PHP Notice:  Undefined index: select_lenders in /app/site/reporting/builder.phtml on line 146, referer: http://dealtrak/reporting/main
[Tue Jul 28 13:53:50.792071 2015] [:error] [pid 6661] [client 172.17.0.1:35435] PHP Stack trace:, referer: http://dealtrak/reporting/main
[Tue Jul 28 13:53:50.792073 2015] [:error] [pid 6661] [client 172.17.0.1:35435] PHP   1. {main}() /app/index.php:0, referer: http://dealtrak/reporting/main
[Tue Jul 28 13:53:50.792075 2015] [:error] [pid 6661] [client 172.17.0.1:35435] PHP   2. include() /app/index.php:363, referer: http://dealtrak/reporting/main
[Tue Jul 28 13:53:50.792078 2015] [:error] [pid 6661] [client 172.17.0.1:35435] PHP   3. include() /app/layouts/site.php:130, referer: http://dealtrak/reporting/main
[Tue Jul 28 13:53:50.792084 2015] [:error] [pid 6661] [client 172.17.0.1:35435] PHP Notice:  Undefined index: select_lenders in /app/site/reporting/builder.phtml on line 146, referer: http://dealtrak/reporting/main
[Tue Jul 28 13:53:50.792085 2015] [:error] [pid 6661] [client 172.17.0.1:35435] PHP Stack trace:, referer: http://dealtrak/reporting/main
[Tue Jul 28 13:53:50.792088 2015] [:error] [pid 6661] [client 172.17.0.1:35435] PHP   1. {main}() /app/index.php:0, referer: http://dealtrak/reporting/main
[Tue Jul 28 13:53:50.792090 2015] [:error] [pid 6661] [client 172.17.0.1:35435] PHP   2. include() /app/index.php:363, referer: http://dealtrak/reporting/main
[Tue Jul 28 13:53:50.792093 2015] [:error] [pid 6661] [client 172.17.0.1:35435] PHP   3. include() /app/layouts/site.php:130, referer: http://dealtrak/reporting/main
[Tue Jul 28 13:53:50.792099 2015] [:error] [pid 6661] [client 172.17.0.1:35435] PHP Notice:  Undefined index: select_lenders in /app/site/reporting/builder.phtml on line 146, referer: http://dealtrak/reporting/main
[Tue Jul 28 13:53:50.792102 2015] [:error] [pid 6661] [client 172.17.0.1:35435] PHP Stack trace:, referer: http://dealtrak/reporting/main
[Tue Jul 28 13:53:50.792105 2015] [:error] [pid 6661] [client 172.17.0.1:35435] PHP   1. {main}() /app/index.php:0, referer: http://dealtrak/reporting/main
[Tue Jul 28 13:53:50.792107 2015] [:error] [pid 6661] [client 172.17.0.1:35435] PHP   2. include() /app/index.php:363, referer: http://dealtrak/reporting/main
[Tue Jul 28 13:53:50.792110 2015] [:error] [pid 6661] [client 172.17.0.1:35435] PHP   3. include() /app/layouts/site.php:130, referer: http://dealtrak/reporting/main
[Tue Jul 28 13:53:50.792116 2015] [:error] [pid 6661] [client 172.17.0.1:35435] PHP Notice:  Undefined index: select_lenders in /app/site/reporting/builder.phtml on line 146, referer: http://dealtrak/reporting/main
[Tue Jul 28 13:53:50.792117 2015] [:error] [pid 6661] [client 172.17.0.1:35435] PHP Stack trace:, referer: http://dealtrak/reporting/main
[Tue Jul 28 13:53:50.792120 2015] [:error] [pid 6661] [client 172.17.0.1:35435] PHP   1. {main}() /app/index.php:0, referer: http://dealtrak/reporting/main
[Tue Jul 28 13:53:50.792122 2015] [:error] [pid 6661] [client 172.17.0.1:35435] PHP   2. include() /app/index.php:363, referer: http://dealtrak/reporting/main
[Tue Jul 28 13:53:50.792125 2015] [:error] [pid 6661] [client 172.17.0.1:35435] PHP   3. include() /app/layouts/site.php:130, referer: http://dealtrak/reporting/main
[Tue Jul 28 13:53:50.792131 2015] [:error] [pid 6661] [client 172.17.0.1:35435] PHP Notice:  Undefined index: select_lenders in /app/site/reporting/builder.phtml on line 146, referer: http://dealtrak/reporting/main
[Tue Jul 28 13:53:50.792132 2015] [:error] [pid 6661] [client 172.17.0.1:35435] PHP Stack trace:, referer: http://dealtrak/reporting/main
[Tue Jul 28 13:53:50.792135 2015] [:error] [pid 6661] [client 172.17.0.1:35435] PHP   1. {main}() /app/index.php:0, referer: http://dealtrak/reporting/main
[Tue Jul 28 13:53:50.792137 2015] [:error] [pid 6661] [client 172.17.0.1:35435] PHP   2. include() /app/index.php:363, referer: http://dealtrak/reporting/main
[Tue Jul 28 13:53:50.792140 2015] [:error] [pid 6661] [client 172.17.0.1:35435] PHP   3. include() /app/layouts/site.php:130, referer: http://dealtrak/reporting/main
[Tue Jul 28 13:53:50.792146 2015] [:error] [pid 6661] [client 172.17.0.1:35435] PHP Notice:  Undefined index: select_lenders in /app/site/reporting/builder.phtml on line 146, referer: http://dealtrak/reporting/main
[Tue Jul 28 13:53:50.792147 2015] [:error] [pid 6661] [client 172.17.0.1:35435] PHP Stack trace:, referer: http://dealtrak/reporting/main
[Tue Jul 28 13:53:50.792150 2015] [:error] [pid 6661] [client 172.17.0.1:35435] PHP   1. {main}() /app/index.php:0, referer: http://dealtrak/reporting/main
[Tue Jul 28 13:53:50.792152 2015] [:error] [pid 6661] [client 172.17.0.1:35435] PHP   2. include() /app/index.php:363, referer: http://dealtrak/reporting/main
[Tue Jul 28 13:53:50.792155 2015] [:error] [pid 6661] [client 172.17.0.1:35435] PHP   3. include() /app/layouts/site.php:130, referer: http://dealtrak/reporting/main
[Tue Jul 28 13:53:50.792161 2015] [:error] [pid 6661] [client 172.17.0.1:35435] PHP Notice:  Undefined index: select_lenders in /app/site/reporting/builder.phtml on line 146, referer: http://dealtrak/reporting/main
[Tue Jul 28 13:53:50.792163 2015] [:error] [pid 6661] [client 172.17.0.1:35435] PHP Stack trace:, referer: http://dealtrak/reporting/main
[Tue Jul 28 13:53:50.792165 2015] [:error] [pid 6661] [client 172.17.0.1:35435] PHP   1. {main}() /app/index.php:0, referer: http://dealtrak/reporting/main
[Tue Jul 28 13:53:50.792169 2015] [:error] [pid 6661] [client 172.17.0.1:35435] PHP   2. include() /app/index.php:363, referer: http://dealtrak/reporting/main
[Tue Jul 28 13:53:50.792172 2015] [:error] [pid 6661] [client 172.17.0.1:35435] PHP   3. include() /app/layouts/site.php:130, referer: http://dealtrak/reporting/main
[Tue Jul 28 13:53:50.792178 2015] [:error] [pid 6661] [client 172.17.0.1:35435] PHP Notice:  Undefined index: select_lenders in /app/site/reporting/builder.phtml on line 149, referer: http://dealtrak/reporting/main
[Tue Jul 28 13:53:50.792180 2015] [:error] [pid 6661] [client 172.17.0.1:35435] PHP Stack trace:, referer: http://dealtrak/reporting/main
[Tue Jul 28 13:53:50.792182 2015] [:error] [pid 6661] [client 172.17.0.1:35435] PHP   1. {main}() /app/index.php:0, referer: http://dealtrak/reporting/main
[Tue Jul 28 13:53:50.792184 2015] [:error] [pid 6661] [client 172.17.0.1:35435] PHP   2. include() /app/index.php:363, referer: http://dealtrak/reporting/main
[Tue Jul 28 13:53:50.792187 2015] [:error] [pid 6661] [client 172.17.0.1:35435] PHP   3. include() /app/layouts/site.php:130, referer: http://dealtrak/reporting/main
[Tue Jul 28 13:53:50.792210 2015] [:error] [pid 6661] [client 172.17.0.1:35435] PHP Notice:  Undefined index: select_vehicles in /app/site/reporting/builder.phtml on line 181, referer: http://dealtrak/reporting/main
[Tue Jul 28 13:53:50.792215 2015] [:error] [pid 6661] [client 172.17.0.1:35435] PHP Stack trace:, referer: http://dealtrak/reporting/main
[Tue Jul 28 13:53:50.792219 2015] [:error] [pid 6661] [client 172.17.0.1:35435] PHP   1. {main}() /app/index.php:0, referer: http://dealtrak/reporting/main
[Tue Jul 28 13:53:50.792223 2015] [:error] [pid 6661] [client 172.17.0.1:35435] PHP   2. include() /app/index.php:363, referer: http://dealtrak/reporting/main
[Tue Jul 28 13:53:50.792227 2015] [:error] [pid 6661] [client 172.17.0.1:35435] PHP   3. include() /app/layouts/site.php:130, referer: http://dealtrak/reporting/main
[Tue Jul 28 13:53:50.792247 2015] [:error] [pid 6661] [client 172.17.0.1:35435] PHP Notice:  Undefined index: select_vehicles in /app/site/reporting/builder.phtml on line 181, referer: http://dealtrak/reporting/main
[Tue Jul 28 13:53:50.792254 2015] [:error] [pid 6661] [client 172.17.0.1:35435] PHP Stack trace:, referer: http://dealtrak/reporting/main
[Tue Jul 28 13:53:50.792262 2015] [:error] [pid 6661] [client 172.17.0.1:35435] PHP   1. {main}() /app/index.php:0, referer: http://dealtrak/reporting/main
[Tue Jul 28 13:53:50.792270 2015] [:error] [pid 6661] [client 172.17.0.1:35435] PHP   2. include() /app/index.php:363, referer: http://dealtrak/reporting/main
[Tue Jul 28 13:53:50.792278 2015] [:error] [pid 6661] [client 172.17.0.1:35435] PHP   3. include() /app/layouts/site.php:130, referer: http://dealtrak/reporting/main
[Tue Jul 28 13:53:50.792300 2015] [:error] [pid 6661] [client 172.17.0.1:35435] PHP Notice:  Undefined index: select_vehicles in /app/site/reporting/builder.phtml on line 181, referer: http://dealtrak/reporting/main
[Tue Jul 28 13:53:50.792305 2015] [:error] [pid 6661] [client 172.17.0.1:35435] PHP Stack trace:, referer: http://dealtrak/reporting/main
[Tue Jul 28 13:53:50.792310 2015] [:error] [pid 6661] [client 172.17.0.1:35435] PHP   1. {main}() /app/index.php:0, referer: http://dealtrak/reporting/main
[Tue Jul 28 13:53:50.792317 2015] [:error] [pid 6661] [client 172.17.0.1:35435] PHP   2. include() /app/index.php:363, referer: http://dealtrak/reporting/main
[Tue Jul 28 13:53:50.792322 2015] [:error] [pid 6661] [client 172.17.0.1:35435] PHP   3. include() /app/layouts/site.php:130, referer: http://dealtrak/reporting/main
[Tue Jul 28 13:53:50.792343 2015] [:error] [pid 6661] [client 172.17.0.1:35435] PHP Notice:  Undefined index: select_vehicles in /app/site/reporting/builder.phtml on line 181, referer: http://dealtrak/reporting/main
[Tue Jul 28 13:53:50.792348 2015] [:error] [pid 6661] [client 172.17.0.1:35435] PHP Stack trace:, referer: http://dealtrak/reporting/main
[Tue Jul 28 13:53:50.792352 2015] [:error] [pid 6661] [client 172.17.0.1:35435] PHP   1. {main}() /app/index.php:0, referer: http://dealtrak/reporting/main
[Tue Jul 28 13:53:50.792356 2015] [:error] [pid 6661] [client 172.17.0.1:35435] PHP   2. include() /app/index.php:363, referer: http://dealtrak/reporting/main
[Tue Jul 28 13:53:50.792360 2015] [:error] [pid 6661] [client 172.17.0.1:35435] PHP   3. include() /app/layouts/site.php:130, referer: http://dealtrak/reporting/main
[Tue Jul 28 13:53:50.792371 2015] [:error] [pid 6661] [client 172.17.0.1:35435] PHP Notice:  Undefined index: select_vehicles in /app/site/reporting/builder.phtml on line 181, referer: http://dealtrak/reporting/main
[Tue Jul 28 13:53:50.792374 2015] [:error] [pid 6661] [client 172.17.0.1:35435] PHP Stack trace:, referer: http://dealtrak/reporting/main
[Tue Jul 28 13:53:50.792378 2015] [:error] [pid 6661] [client 172.17.0.1:35435] PHP   1. {main}() /app/index.php:0, referer: http://dealtrak/reporting/main
[Tue Jul 28 13:53:50.792382 2015] [:error] [pid 6661] [client 172.17.0.1:35435] PHP   2. include() /app/index.php:363, referer: http://dealtrak/reporting/main
[Tue Jul 28 13:53:50.792386 2015] [:error] [pid 6661] [client 172.17.0.1:35435] PHP   3. include() /app/layouts/site.php:130, referer: http://dealtrak/reporting/main
[Tue Jul 28 13:53:50.792396 2015] [:error] [pid 6661] [client 172.17.0.1:35435] PHP Notice:  Undefined index: select_vehicles in /app/site/reporting/builder.phtml on line 181, referer: http://dealtrak/reporting/main
[Tue Jul 28 13:53:50.792399 2015] [:error] [pid 6661] [client 172.17.0.1:35435] PHP Stack trace:, referer: http://dealtrak/reporting/main
[Tue Jul 28 13:53:50.792403 2015] [:error] [pid 6661] [client 172.17.0.1:35435] PHP   1. {main}() /app/index.php:0, referer: http://dealtrak/reporting/main
[Tue Jul 28 13:53:50.792408 2015] [:error] [pid 6661] [client 172.17.0.1:35435] PHP   2. include() /app/index.php:363, referer: http://dealtrak/reporting/main
[Tue Jul 28 13:53:50.792412 2015] [:error] [pid 6661] [client 172.17.0.1:35435] PHP   3. include() /app/layouts/site.php:130, referer: http://dealtrak/reporting/main
[Tue Jul 28 13:53:50.792420 2015] [:error] [pid 6661] [client 172.17.0.1:35435] PHP Notice:  Undefined index: select_vehicles in /app/site/reporting/builder.phtml on line 184, referer: http://dealtrak/reporting/main
[Tue Jul 28 13:53:50.792423 2015] [:error] [pid 6661] [client 172.17.0.1:35435] PHP Stack trace:, referer: http://dealtrak/reporting/main
[Tue Jul 28 13:53:50.792427 2015] [:error] [pid 6661] [client 172.17.0.1:35435] PHP   1. {main}() /app/index.php:0, referer: http://dealtrak/reporting/main
[Tue Jul 28 13:53:50.792431 2015] [:error] [pid 6661] [client 172.17.0.1:35435] PHP   2. include() /app/index.php:363, referer: http://dealtrak/reporting/main
[Tue Jul 28 13:53:50.792435 2015] [:error] [pid 6661] [client 172.17.0.1:35435] PHP   3. include() /app/layouts/site.php:130, referer: http://dealtrak/reporting/main
[Tue Jul 28 13:53:50.792449 2015] [:error] [pid 6661] [client 172.17.0.1:35435] PHP Notice:  Undefined index: select_staff in /app/site/reporting/builder.phtml on line 195, referer: http://dealtrak/reporting/main
[Tue Jul 28 13:53:50.792453 2015] [:error] [pid 6661] [client 172.17.0.1:35435] PHP Stack trace:, referer: http://dealtrak/reporting/main
[Tue Jul 28 13:53:50.792461 2015] [:error] [pid 6661] [client 172.17.0.1:35435] PHP   1. {main}() /app/index.php:0, referer: http://dealtrak/reporting/main
[Tue Jul 28 13:53:50.792465 2015] [:error] [pid 6661] [client 172.17.0.1:35435] PHP   2. include() /app/index.php:363, referer: http://dealtrak/reporting/main
[Tue Jul 28 13:53:50.792469 2015] [:error] [pid 6661] [client 172.17.0.1:35435] PHP   3. include() /app/layouts/site.php:130, referer: http://dealtrak/reporting/main
[Tue Jul 28 13:53:50.792479 2015] [:error] [pid 6661] [client 172.17.0.1:35435] PHP Notice:  Undefined index: hide_inactive_sales_people in /app/site/reporting/builder.phtml on line 196, referer: http://dealtrak/reporting/main
[Tue Jul 28 13:53:50.792482 2015] [:error] [pid 6661] [client 172.17.0.1:35435] PHP Stack trace:, referer: http://dealtrak/reporting/main
[Tue Jul 28 13:53:50.792486 2015] [:error] [pid 6661] [client 172.17.0.1:35435] PHP   1. {main}() /app/index.php:0, referer: http://dealtrak/reporting/main
[Tue Jul 28 13:53:50.792491 2015] [:error] [pid 6661] [client 172.17.0.1:35435] PHP   2. include() /app/index.php:363, referer: http://dealtrak/reporting/main
[Tue Jul 28 13:53:50.792495 2015] [:error] [pid 6661] [client 172.17.0.1:35435] PHP   3. include() /app/layouts/site.php:130, referer: http://dealtrak/reporting/main
[Tue Jul 28 13:53:50.792511 2015] [:error] [pid 6661] [client 172.17.0.1:35435] PHP Notice:  Undefined index: select_trade in /app/site/reporting/builder.phtml on line 249, referer: http://dealtrak/reporting/main
[Tue Jul 28 13:53:50.792514 2015] [:error] [pid 6661] [client 172.17.0.1:35435] PHP Stack trace:, referer: http://dealtrak/reporting/main
[Tue Jul 28 13:53:50.792518 2015] [:error] [pid 6661] [client 172.17.0.1:35435] PHP   1. {main}() /app/index.php:0, referer: http://dealtrak/reporting/main
[Tue Jul 28 13:53:50.792522 2015] [:error] [pid 6661] [client 172.17.0.1:35435] PHP   2. include() /app/index.php:363, referer: http://dealtrak/reporting/main
[Tue Jul 28 13:53:50.792526 2015] [:error] [pid 6661] [client 172.17.0.1:35435] PHP   3. include() /app/layouts/site.php:130, referer: http://dealtrak/reporting/main
[Tue Jul 28 13:53:50.792537 2015] [:error] [pid 6661] [client 172.17.0.1:35435] PHP Notice:  Undefined index: select_trade in /app/site/reporting/builder.phtml on line 251, referer: http://dealtrak/reporting/main
[Tue Jul 28 13:53:50.792540 2015] [:error] [pid 6661] [client 172.17.0.1:35435] PHP Stack trace:, referer: http://dealtrak/reporting/main
[Tue Jul 28 13:53:50.792544 2015] [:error] [pid 6661] [client 172.17.0.1:35435] PHP   1. {main}() /app/index.php:0, referer: http://dealtrak/reporting/main
[Tue Jul 28 13:53:50.792548 2015] [:error] [pid 6661] [client 172.17.0.1:35435] PHP   2. include() /app/index.php:363, referer: http://dealtrak/reporting/main
[Tue Jul 28 13:53:50.792553 2015] [:error] [pid 6661] [client 172.17.0.1:35435] PHP   3. include() /app/layouts/site.php:130, referer: http://dealtrak/reporting/main
[Tue Jul 28 13:53:50.792561 2015] [:error] [pid 6661] [client 172.17.0.1:35435] PHP Notice:  Undefined index: select_trade in /app/site/reporting/builder.phtml on line 253, referer: http://dealtrak/reporting/main
[Tue Jul 28 13:53:50.792564 2015] [:error] [pid 6661] [client 172.17.0.1:35435] PHP Stack trace:, referer: http://dealtrak/reporting/main
[Tue Jul 28 13:53:50.792568 2015] [:error] [pid 6661] [client 172.17.0.1:35435] PHP   1. {main}() /app/index.php:0, referer: http://dealtrak/reporting/main
[Tue Jul 28 13:53:50.792572 2015] [:error] [pid 6661] [client 172.17.0.1:35435] PHP   2. include() /app/index.php:363, referer: http://dealtrak/reporting/main
[Tue Jul 28 13:53:50.792579 2015] [:error] [pid 6661] [client 172.17.0.1:35435] PHP   3. include() /app/layouts/site.php:130, referer: http://dealtrak/reporting/main
[Tue Jul 28 13:53:50.792595 2015] [:error] [pid 6661] [client 172.17.0.1:35435] PHP Notice:  Undefined index: source_types in /app/site/reporting/builder.phtml on line 265, referer: http://dealtrak/reporting/main
[Tue Jul 28 13:53:50.792598 2015] [:error] [pid 6661] [client 172.17.0.1:35435] PHP Stack trace:, referer: http://dealtrak/reporting/main
[Tue Jul 28 13:53:50.792602 2015] [:error] [pid 6661] [client 172.17.0.1:35435] PHP   1. {main}() /app/index.php:0, referer: http://dealtrak/reporting/main
[Tue Jul 28 13:53:50.792606 2015] [:error] [pid 6661] [client 172.17.0.1:35435] PHP   2. include() /app/index.php:363, referer: http://dealtrak/reporting/main
[Tue Jul 28 13:53:50.792610 2015] [:error] [pid 6661] [client 172.17.0.1:35435] PHP   3. include() /app/layouts/site.php:130, referer: http://dealtrak/reporting/main
[Tue Jul 28 13:53:50.792621 2015] [:error] [pid 6661] [client 172.17.0.1:35435] PHP Notice:  Undefined index: source_types in /app/site/reporting/builder.phtml on line 265, referer: http://dealtrak/reporting/main
[Tue Jul 28 13:53:50.792624 2015] [:error] [pid 6661] [client 172.17.0.1:35435] PHP Stack trace:, referer: http://dealtrak/reporting/main
[Tue Jul 28 13:53:50.792628 2015] [:error] [pid 6661] [client 172.17.0.1:35435] PHP   1. {main}() /app/index.php:0, referer: http://dealtrak/reporting/main
[Tue Jul 28 13:53:50.792632 2015] [:error] [pid 6661] [client 172.17.0.1:35435] PHP   2. include() /app/index.php:363, referer: http://dealtrak/reporting/main
[Tue Jul 28 13:53:50.792636 2015] [:error] [pid 6661] [client 172.17.0.1:35435] PHP   3. include() /app/layouts/site.php:130, referer: http://dealtrak/reporting/main
[Tue Jul 28 13:53:50.792647 2015] [:error] [pid 6661] [client 172.17.0.1:35435] PHP Notice:  Undefined index: source_types in /app/site/reporting/builder.phtml on line 265, referer: http://dealtrak/reporting/main
[Tue Jul 28 13:53:50.792650 2015] [:error] [pid 6661] [client 172.17.0.1:35435] PHP Stack trace:, referer: http://dealtrak/reporting/main
[Tue Jul 28 13:53:50.792654 2015] [:error] [pid 6661] [client 172.17.0.1:35435] PHP   1. {main}() /app/index.php:0, referer: http://dealtrak/reporting/main
[Tue Jul 28 13:53:50.792658 2015] [:error] [pid 6661] [client 172.17.0.1:35435] PHP   2. include() /app/index.php:363, referer: http://dealtrak/reporting/main
[Tue Jul 28 13:53:50.792661 2015] [:error] [pid 6661] [client 172.17.0.1:35435] PHP   3. include() /app/layouts/site.php:130, referer: http://dealtrak/reporting/main
[Tue Jul 28 13:53:50.792672 2015] [:error] [pid 6661] [client 172.17.0.1:35435] PHP Notice:  Undefined index: source_types in /app/site/reporting/builder.phtml on line 265, referer: http://dealtrak/reporting/main
[Tue Jul 28 13:53:50.792674 2015] [:error] [pid 6661] [client 172.17.0.1:35435] PHP Stack trace:, referer: http://dealtrak/reporting/main
[Tue Jul 28 13:53:50.792677 2015] [:error] [pid 6661] [client 172.17.0.1:35435] PHP   1. {main}() /app/index.php:0, referer: http://dealtrak/reporting/main
[Tue Jul 28 13:53:50.792679 2015] [:error] [pid 6661] [client 172.17.0.1:35435] PHP   2. include() /app/index.php:363, referer: http://dealtrak/reporting/main
[Tue Jul 28 13:53:50.792682 2015] [:error] [pid 6661] [client 172.17.0.1:35435] PHP   3. include() /app/layouts/site.php:130, referer: http://dealtrak/reporting/main
[Tue Jul 28 13:53:50.792836 2015] [:error] [pid 6661] [client 172.17.0.1:35435] PHP Notice:  Undefined index: source_types in /app/site/reporting/builder.phtml on line 268, referer: http://dealtrak/reporting/main
[Tue Jul 28 13:53:50.792842 2015] [:error] [pid 6661] [client 172.17.0.1:35435] PHP Stack trace:, referer: http://dealtrak/reporting/main
[Tue Jul 28 13:53:50.792845 2015] [:error] [pid 6661] [client 172.17.0.1:35435] PHP   1. {main}() /app/index.php:0, referer: http://dealtrak/reporting/main
[Tue Jul 28 13:53:50.792847 2015] [:error] [pid 6661] [client 172.17.0.1:35435] PHP   2. include() /app/index.php:363, referer: http://dealtrak/reporting/main
[Tue Jul 28 13:53:50.792849 2015] [:error] [pid 6661] [client 172.17.0.1:35435] PHP   3. include() /app/layouts/site.php:130, referer: http://dealtrak/reporting/main
[Tue Jul 28 13:53:50.792873 2015] [:error] [pid 6661] [client 172.17.0.1:35435] PHP Notice:  Undefined index: quick_picker in /app/site/reporting/builder.phtml on line 430, referer: http://dealtrak/reporting/main
[Tue Jul 28 13:53:50.792875 2015] [:error] [pid 6661] [client 172.17.0.1:35435] PHP Stack trace:, referer: http://dealtrak/reporting/main
[Tue Jul 28 13:53:50.792878 2015] [:error] [pid 6661] [client 172.17.0.1:35435] PHP   1. {main}() /app/index.php:0, referer: http://dealtrak/reporting/main
[Tue Jul 28 13:53:50.792880 2015] [:error] [pid 6661] [client 172.17.0.1:35435] PHP   2. include() /app/index.php:363, referer: http://dealtrak/reporting/main
[Tue Jul 28 13:53:50.792882 2015] [:error] [pid 6661] [client 172.17.0.1:35435] PHP   3. include() /app/layouts/site.php:130, referer: http://dealtrak/reporting/main
[Tue Jul 28 13:53:50.792888 2015] [:error] [pid 6661] [client 172.17.0.1:35435] PHP Notice:  Undefined index: quick_picker in /app/site/reporting/builder.phtml on line 431, referer: http://dealtrak/reporting/main
[Tue Jul 28 13:53:50.792890 2015] [:error] [pid 6661] [client 172.17.0.1:35435] PHP Stack trace:, referer: http://dealtrak/reporting/main
[Tue Jul 28 13:53:50.792892 2015] [:error] [pid 6661] [client 172.17.0.1:35435] PHP   1. {main}() /app/index.php:0, referer: http://dealtrak/reporting/main
[Tue Jul 28 13:53:50.792894 2015] [:error] [pid 6661] [client 172.17.0.1:35435] PHP   2. include() /app/index.php:363, referer: http://dealtrak/reporting/main
[Tue Jul 28 13:53:50.792897 2015] [:error] [pid 6661] [client 172.17.0.1:35435] PHP   3. include() /app/layouts/site.php:130, referer: http://dealtrak/reporting/main
[Tue Jul 28 13:53:50.792901 2015] [:error] [pid 6661] [client 172.17.0.1:35435] PHP Notice:  Undefined index: quick_picker in /app/site/reporting/builder.phtml on line 432, referer: http://dealtrak/reporting/main
[Tue Jul 28 13:53:50.792903 2015] [:error] [pid 6661] [client 172.17.0.1:35435] PHP Stack trace:, referer: http://dealtrak/reporting/main
[Tue Jul 28 13:53:50.792906 2015] [:error] [pid 6661] [client 172.17.0.1:35435] PHP   1. {main}() /app/index.php:0, referer: http://dealtrak/reporting/main
[Tue Jul 28 13:53:50.792908 2015] [:error] [pid 6661] [client 172.17.0.1:35435] PHP   2. include() /app/index.php:363, referer: http://dealtrak/reporting/main
[Tue Jul 28 13:53:50.792910 2015] [:error] [pid 6661] [client 172.17.0.1:35435] PHP   3. include() /app/layouts/site.php:130, referer: http://dealtrak/reporting/main
[Tue Jul 28 13:53:50.792915 2015] [:error] [pid 6661] [client 172.17.0.1:35435] PHP Notice:  Undefined index: quick_picker in /app/site/reporting/builder.phtml on line 433, referer: http://dealtrak/reporting/main
[Tue Jul 28 13:53:50.792917 2015] [:error] [pid 6661] [client 172.17.0.1:35435] PHP Stack trace:, referer: http://dealtrak/reporting/main
[Tue Jul 28 13:53:50.792919 2015] [:error] [pid 6661] [client 172.17.0.1:35435] PHP   1. {main}() /app/index.php:0, referer: http://dealtrak/reporting/main
[Tue Jul 28 13:53:50.792924 2015] [:error] [pid 6661] [client 172.17.0.1:35435] PHP   2. include() /app/index.php:363, referer: http://dealtrak/reporting/main
[Tue Jul 28 13:53:50.792926 2015] [:error] [pid 6661] [client 172.17.0.1:35435] PHP   3. include() /app/layouts/site.php:130, referer: http://dealtrak/reporting/main
[Tue Jul 28 13:53:50.792931 2015] [:error] [pid 6661] [client 172.17.0.1:35435] PHP Notice:  Undefined index: quick_picker in /app/site/reporting/builder.phtml on line 434, referer: http://dealtrak/reporting/main
[Tue Jul 28 13:53:50.792933 2015] [:error] [pid 6661] [client 172.17.0.1:35435] PHP Stack trace:, referer: http://dealtrak/reporting/main
[Tue Jul 28 13:53:50.792936 2015] [:error] [pid 6661] [client 172.17.0.1:35435] PHP   1. {main}() /app/index.php:0, referer: http://dealtrak/reporting/main
[Tue Jul 28 13:53:50.792938 2015] [:error] [pid 6661] [client 172.17.0.1:35435] PHP   2. include() /app/index.php:363, referer: http://dealtrak/reporting/main
[Tue Jul 28 13:53:50.792940 2015] [:error] [pid 6661] [client 172.17.0.1:35435] PHP   3. include() /app/layouts/site.php:130, referer: http://dealtrak/reporting/main
[Tue Jul 28 13:53:50.792945 2015] [:error] [pid 6661] [client 172.17.0.1:35435] PHP Notice:  Undefined index: quick_picker in /app/site/reporting/builder.phtml on line 435, referer: http://dealtrak/reporting/main
[Tue Jul 28 13:53:50.792947 2015] [:error] [pid 6661] [client 172.17.0.1:35435] PHP Stack trace:, referer: http://dealtrak/reporting/main
[Tue Jul 28 13:53:50.792949 2015] [:error] [pid 6661] [client 172.17.0.1:35435] PHP   1. {main}() /app/index.php:0, referer: http://dealtrak/reporting/main
[Tue Jul 28 13:53:50.792952 2015] [:error] [pid 6661] [client 172.17.0.1:35435] PHP   2. include() /app/index.php:363, referer: http://dealtrak/reporting/main
[Tue Jul 28 13:53:50.792954 2015] [:error] [pid 6661] [client 172.17.0.1:35435] PHP   3. include() /app/layouts/site.php:130, referer: http://dealtrak/reporting/main
[Tue Jul 28 13:53:50.792959 2015] [:error] [pid 6661] [client 172.17.0.1:35435] PHP Notice:  Undefined index: quick_picker in /app/site/reporting/builder.phtml on line 436, referer: http://dealtrak/reporting/main
[Tue Jul 28 13:53:50.792961 2015] [:error] [pid 6661] [client 172.17.0.1:35435] PHP Stack trace:, referer: http://dealtrak/reporting/main
[Tue Jul 28 13:53:50.792963 2015] [:error] [pid 6661] [client 172.17.0.1:35435] PHP   1. {main}() /app/index.php:0, referer: http://dealtrak/reporting/main
[Tue Jul 28 13:53:50.792965 2015] [:error] [pid 6661] [client 172.17.0.1:35435] PHP   2. include() /app/index.php:363, referer: http://dealtrak/reporting/main
[Tue Jul 28 13:53:50.792968 2015] [:error] [pid 6661] [client 172.17.0.1:35435] PHP   3. include() /app/layouts/site.php:130, referer: http://dealtrak/reporting/main
[Tue Jul 28 13:53:50.792973 2015] [:error] [pid 6661] [client 172.17.0.1:35435] PHP Notice:  Undefined index: quick_picker in /app/site/reporting/builder.phtml on line 438, referer: http://dealtrak/reporting/main
[Tue Jul 28 13:53:50.792975 2015] [:error] [pid 6661] [client 172.17.0.1:35435] PHP Stack trace:, referer: http://dealtrak/reporting/main
[Tue Jul 28 13:53:50.792977 2015] [:error] [pid 6661] [client 172.17.0.1:35435] PHP   1. {main}() /app/index.php:0, referer: http://dealtrak/reporting/main
[Tue Jul 28 13:53:50.792979 2015] [:error] [pid 6661] [client 172.17.0.1:35435] PHP   2. include() /app/index.php:363, referer: http://dealtrak/reporting/main
[Tue Jul 28 13:53:50.792982 2015] [:error] [pid 6661] [client 172.17.0.1:35435] PHP   3. include() /app/layouts/site.php:130, referer: http://dealtrak/reporting/main
[Tue Jul 28 13:53:50.792989 2015] [:error] [pid 6661] [client 172.17.0.1:35435] PHP Notice:  Undefined index: quick_picker in /app/site/reporting/builder.phtml on line 440, referer: http://dealtrak/reporting/main
[Tue Jul 28 13:53:50.792991 2015] [:error] [pid 6661] [client 172.17.0.1:35435] PHP Stack trace:, referer: http://dealtrak/reporting/main
[Tue Jul 28 13:53:50.792994 2015] [:error] [pid 6661] [client 172.17.0.1:35435] PHP   1. {main}() /app/index.php:0, referer: http://dealtrak/reporting/main
[Tue Jul 28 13:53:50.792996 2015] [:error] [pid 6661] [client 172.17.0.1:35435] PHP   2. include() /app/index.php:363, referer: http://dealtrak/reporting/main
[Tue Jul 28 13:53:50.792998 2015] [:error] [pid 6661] [client 172.17.0.1:35435] PHP   3. include() /app/layouts/site.php:130, referer: http://dealtrak/reporting/main
[Tue Jul 28 13:53:50.793004 2015] [:error] [pid 6661] [client 172.17.0.1:35435] PHP Notice:  Undefined index: quick_picker in /app/site/reporting/builder.phtml on line 442, referer: http://dealtrak/reporting/main
[Tue Jul 28 13:53:50.793005 2015] [:error] [pid 6661] [client 172.17.0.1:35435] PHP Stack trace:, referer: http://dealtrak/reporting/main
[Tue Jul 28 13:53:50.793008 2015] [:error] [pid 6661] [client 172.17.0.1:35435] PHP   1. {main}() /app/index.php:0, referer: http://dealtrak/reporting/main
[Tue Jul 28 13:53:50.793010 2015] [:error] [pid 6661] [client 172.17.0.1:35435] PHP   2. include() /app/index.php:363, referer: http://dealtrak/reporting/main
[Tue Jul 28 13:53:50.793013 2015] [:error] [pid 6661] [client 172.17.0.1:35435] PHP   3. include() /app/layouts/site.php:130, referer: http://dealtrak/reporting/main
[Tue Jul 28 13:53:50.793018 2015] [:error] [pid 6661] [client 172.17.0.1:35435] PHP Notice:  Undefined index: start_date in /app/site/reporting/builder.phtml on line 464, referer: http://dealtrak/reporting/main
[Tue Jul 28 13:53:50.793020 2015] [:error] [pid 6661] [client 172.17.0.1:35435] PHP Stack trace:, referer: http://dealtrak/reporting/main
[Tue Jul 28 13:53:50.793022 2015] [:error] [pid 6661] [client 172.17.0.1:35435] PHP   1. {main}() /app/index.php:0, referer: http://dealtrak/reporting/main
[Tue Jul 28 13:53:50.793024 2015] [:error] [pid 6661] [client 172.17.0.1:35435] PHP   2. include() /app/index.php:363, referer: http://dealtrak/reporting/main
[Tue Jul 28 13:53:50.793027 2015] [:error] [pid 6661] [client 172.17.0.1:35435] PHP   3. include() /app/layouts/site.php:130, referer: http://dealtrak/reporting/main
[Tue Jul 28 13:53:50.793031 2015] [:error] [pid 6661] [client 172.17.0.1:35435] PHP Notice:  Undefined index: end_date in /app/site/reporting/builder.phtml on line 467, referer: http://dealtrak/reporting/main
[Tue Jul 28 13:53:50.793033 2015] [:error] [pid 6661] [client 172.17.0.1:35435] PHP Stack trace:, referer: http://dealtrak/reporting/main
[Tue Jul 28 13:53:50.793036 2015] [:error] [pid 6661] [client 172.17.0.1:35435] PHP   1. {main}() /app/index.php:0, referer: http://dealtrak/reporting/main
[Tue Jul 28 13:53:50.793038 2015] [:error] [pid 6661] [client 172.17.0.1:35435] PHP   2. include() /app/index.php:363, referer: http://dealtrak/reporting/main
[Tue Jul 28 13:53:50.793040 2015] [:error] [pid 6661] [client 172.17.0.1:35435] PHP   3. include() /app/layouts/site.php:130, referer: http://dealtrak/reporting/main
[Tue Jul 28 13:53:50.793483 2015] [:error] [pid 6661] [client 172.17.0.1:35435] PHP Notice:  Undefined index: select_staff in /app/site/reporting/builder.phtml on line 987, referer: http://dealtrak/reporting/main
[Tue Jul 28 13:53:50.793488 2015] [:error] [pid 6661] [client 172.17.0.1:35435] PHP Stack trace:, referer: http://dealtrak/reporting/main
[Tue Jul 28 13:53:50.793492 2015] [:error] [pid 6661] [client 172.17.0.1:35435] PHP   1. {main}() /app/index.php:0, referer: http://dealtrak/reporting/main
[Tue Jul 28 13:53:50.793499 2015] [:error] [pid 6661] [client 172.17.0.1:35435] PHP   2. include() /app/index.php:363, referer: http://dealtrak/reporting/main
[Tue Jul 28 13:53:50.793501 2015] [:error] [pid 6661] [client 172.17.0.1:35435] PHP   3. include() /app/layouts/site.php:130, referer: http://dealtrak/reporting/main
[Tue Jul 28 13:53:50.941444 2015] [:error] [pid 6661] [client 172.17.0.1:35435] PHP Notice:  Undefined variable: has_login_quiz_module in /app/layouts/site.php on line 118, referer: http://dealtrak/reporting/builder.php?report_id=4
[Tue Jul 28 13:53:50.941459 2015] [:error] [pid 6661] [client 172.17.0.1:35435] PHP Stack trace:, referer: http://dealtrak/reporting/builder.php?report_id=4
[Tue Jul 28 13:53:50.941463 2015] [:error] [pid 6661] [client 172.17.0.1:35435] PHP   1. {main}() /app/index.php:0, referer: http://dealtrak/reporting/builder.php?report_id=4
[Tue Jul 28 13:53:50.941466 2015] [:error] [pid 6661] [client 172.17.0.1:35435] PHP   2. include() /app/index.php:363, referer: http://dealtrak/reporting/builder.php?report_id=4
[Tue Jul 28 13:53:51.087367 2015] [:error] [pid 6661] [client 172.17.0.1:35435] PHP Notice:  Undefined index: select_staff in /app/site/reporting/builder.php on line 316, referer: http://dealtrak/reporting/main
[Tue Jul 28 13:53:51.087386 2015] [:error] [pid 6661] [client 172.17.0.1:35435] PHP Stack trace:, referer: http://dealtrak/reporting/main
[Tue Jul 28 13:53:51.087391 2015] [:error] [pid 6661] [client 172.17.0.1:35435] PHP   1. {main}() /app/index.php:0, referer: http://dealtrak/reporting/main
[Tue Jul 28 13:53:51.087394 2015] [:error] [pid 6661] [client 172.17.0.1:35435] PHP   2. include() /app/index.php:268, referer: http://dealtrak/reporting/main
[Tue Jul 28 13:53:51.087410 2015] [:error] [pid 6661] [client 172.17.0.1:35435] PHP Notice:  Undefined index: select_staff in /app/site/reporting/builder.php on line 316, referer: http://dealtrak/reporting/main
[Tue Jul 28 13:53:51.087412 2015] [:error] [pid 6661] [client 172.17.0.1:35435] PHP Stack trace:, referer: http://dealtrak/reporting/main
[Tue Jul 28 13:53:51.087415 2015] [:error] [pid 6661] [client 172.17.0.1:35435] PHP   1. {main}() /app/index.php:0, referer: http://dealtrak/reporting/main
[Tue Jul 28 13:53:51.087417 2015] [:error] [pid 6661] [client 172.17.0.1:35435] PHP   2. include() /app/index.php:268, referer: http://dealtrak/reporting/main
[Tue Jul 28 13:53:51.087928 2015] [:error] [pid 6661] [client 172.17.0.1:35435] PHP Notice:  Undefined variable: has_login_quiz_module in /app/layouts/site.php on line 118, referer: http://dealtrak/reporting/main
[Tue Jul 28 13:53:51.087940 2015] [:error] [pid 6661] [client 172.17.0.1:35435] PHP Stack trace:, referer: http://dealtrak/reporting/main
[Tue Jul 28 13:53:51.087948 2015] [:error] [pid 6661] [client 172.17.0.1:35435] PHP   1. {main}() /app/index.php:0, referer: http://dealtrak/reporting/main
[Tue Jul 28 13:53:51.087954 2015] [:error] [pid 6661] [client 172.17.0.1:35435] PHP   2. include() /app/index.php:363, referer: http://dealtrak/reporting/main
[Tue Jul 28 13:53:51.088426 2015] [:error] [pid 6661] [client 172.17.0.1:35435] PHP Notice:  Undefined index: select_lenders in /app/site/reporting/builder.phtml on line 146, referer: http://dealtrak/reporting/main
[Tue Jul 28 13:53:51.088436 2015] [:error] [pid 6661] [client 172.17.0.1:35435] PHP Stack trace:, referer: http://dealtrak/reporting/main
[Tue Jul 28 13:53:51.088444 2015] [:error] [pid 6661] [client 172.17.0.1:35435] PHP   1. {main}() /app/index.php:0, referer: http://dealtrak/reporting/main
[Tue Jul 28 13:53:51.088463 2015] [:error] [pid 6661] [client 172.17.0.1:35435] PHP   2. include() /app/index.php:363, referer: http://dealtrak/reporting/main
[Tue Jul 28 13:53:51.088468 2015] [:error] [pid 6661] [client 172.17.0.1:35435] PHP   3. include() /app/layouts/site.php:130, referer: http://dealtrak/reporting/main
[Tue Jul 28 13:53:51.088485 2015] [:error] [pid 6661] [client 172.17.0.1:35435] PHP Notice:  Undefined index: select_lenders in /app/site/reporting/builder.phtml on line 146, referer: http://dealtrak/reporting/main
[Tue Jul 28 13:53:51.088489 2015] [:error] [pid 6661] [client 172.17.0.1:35435] PHP Stack trace:, referer: http://dealtrak/reporting/main
[Tue Jul 28 13:53:51.088495 2015] [:error] [pid 6661] [client 172.17.0.1:35435] PHP   1. {main}() /app/index.php:0, referer: http://dealtrak/reporting/main
[Tue Jul 28 13:53:51.088500 2015] [:error] [pid 6661] [client 172.17.0.1:35435] PHP   2. include() /app/index.php:363, referer: http://dealtrak/reporting/main
[Tue Jul 28 13:53:51.088505 2015] [:error] [pid 6661] [client 172.17.0.1:35435] PHP   3. include() /app/layouts/site.php:130, referer: http://dealtrak/reporting/main
[Tue Jul 28 13:53:51.088518 2015] [:error] [pid 6661] [client 172.17.0.1:35435] PHP Notice:  Undefined index: select_lenders in /app/site/reporting/builder.phtml on line 146, referer: http://dealtrak/reporting/main
[Tue Jul 28 13:53:51.088521 2015] [:error] [pid 6661] [client 172.17.0.1:35435] PHP Stack trace:, referer: http://dealtrak/reporting/main
[Tue Jul 28 13:53:51.088527 2015] [:error] [pid 6661] [client 172.17.0.1:35435] PHP   1. {main}() /app/index.php:0, referer: http://dealtrak/reporting/main
[Tue Jul 28 13:53:51.088532 2015] [:error] [pid 6661] [client 172.17.0.1:35435] PHP   2. include() /app/index.php:363, referer: http://dealtrak/reporting/main
[Tue Jul 28 13:53:51.088537 2015] [:error] [pid 6661] [client 172.17.0.1:35435] PHP   3. include() /app/layouts/site.php:130, referer: http://dealtrak/reporting/main
[Tue Jul 28 13:53:51.088549 2015] [:error] [pid 6661] [client 172.17.0.1:35435] PHP Notice:  Undefined index: select_lenders in /app/site/reporting/builder.phtml on line 146, referer: http://dealtrak/reporting/main
[Tue Jul 28 13:53:51.088552 2015] [:error] [pid 6661] [client 172.17.0.1:35435] PHP Stack trace:, referer: http://dealtrak/reporting/main
[Tue Jul 28 13:53:51.088557 2015] [:error] [pid 6661] [client 172.17.0.1:35435] PHP   1. {main}() /app/index.php:0, referer: http://dealtrak/reporting/main
[Tue Jul 28 13:53:51.088562 2015] [:error] [pid 6661] [client 172.17.0.1:35435] PHP   2. include() /app/index.php:363, referer: http://dealtrak/reporting/main
[Tue Jul 28 13:53:51.088567 2015] [:error] [pid 6661] [client 172.17.0.1:35435] PHP   3. include() /app/layouts/site.php:130, referer: http://dealtrak/reporting/main
[Tue Jul 28 13:53:51.088579 2015] [:error] [pid 6661] [client 172.17.0.1:35435] PHP Notice:  Undefined index: select_lenders in /app/site/reporting/builder.phtml on line 146, referer: http://dealtrak/reporting/main
[Tue Jul 28 13:53:51.088583 2015] [:error] [pid 6661] [client 172.17.0.1:35435] PHP Stack trace:, referer: http://dealtrak/reporting/main
[Tue Jul 28 13:53:51.088588 2015] [:error] [pid 6661] [client 172.17.0.1:35435] PHP   1. {main}() /app/index.php:0, referer: http://dealtrak/reporting/main
[Tue Jul 28 13:53:51.088593 2015] [:error] [pid 6661] [client 172.17.0.1:35435] PHP   2. include() /app/index.php:363, referer: http://dealtrak/reporting/main
[Tue Jul 28 13:53:51.088598 2015] [:error] [pid 6661] [client 172.17.0.1:35435] PHP   3. include() /app/layouts/site.php:130, referer: http://dealtrak/reporting/main
[Tue Jul 28 13:53:51.088615 2015] [:error] [pid 6661] [client 172.17.0.1:35435] PHP Notice:  Undefined index: select_lenders in /app/site/reporting/builder.phtml on line 146, referer: http://dealtrak/reporting/main
[Tue Jul 28 13:53:51.088619 2015] [:error] [pid 6661] [client 172.17.0.1:35435] PHP Stack trace:, referer: http://dealtrak/reporting/main
[Tue Jul 28 13:53:51.088624 2015] [:error] [pid 6661] [client 172.17.0.1:35435] PHP   1. {main}() /app/index.php:0, referer: http://dealtrak/reporting/main
[Tue Jul 28 13:53:51.088628 2015] [:error] [pid 6661] [client 172.17.0.1:35435] PHP   2. include() /app/index.php:363, referer: http://dealtrak/reporting/main
[Tue Jul 28 13:53:51.088633 2015] [:error] [pid 6661] [client 172.17.0.1:35435] PHP   3. include() /app/layouts/site.php:130, referer: http://dealtrak/reporting/main
[Tue Jul 28 13:53:51.088646 2015] [:error] [pid 6661] [client 172.17.0.1:35435] PHP Notice:  Undefined index: select_lenders in /app/site/reporting/builder.phtml on line 146, referer: http://dealtrak/reporting/main
[Tue Jul 28 13:53:51.088651 2015] [:error] [pid 6661] [client 172.17.0.1:35435] PHP Stack trace:, referer: http://dealtrak/reporting/main
[Tue Jul 28 13:53:51.088656 2015] [:error] [pid 6661] [client 172.17.0.1:35435] PHP   1. {main}() /app/index.php:0, referer: http://dealtrak/reporting/main
[Tue Jul 28 13:53:51.088661 2015] [:error] [pid 6661] [client 172.17.0.1:35435] PHP   2. include() /app/index.php:363, referer: http://dealtrak/reporting/main
[Tue Jul 28 13:53:51.088667 2015] [:error] [pid 6661] [client 172.17.0.1:35435] PHP   3. include() /app/layouts/site.php:130, referer: http://dealtrak/reporting/main
[Tue Jul 28 13:53:51.088679 2015] [:error] [pid 6661] [client 172.17.0.1:35435] PHP Notice:  Undefined index: select_lenders in /app/site/reporting/builder.phtml on line 146, referer: http://dealtrak/reporting/main
[Tue Jul 28 13:53:51.088683 2015] [:error] [pid 6661] [client 172.17.0.1:35435] PHP Stack trace:, referer: http://dealtrak/reporting/main
[Tue Jul 28 13:53:51.088688 2015] [:error] [pid 6661] [client 172.17.0.1:35435] PHP   1. {main}() /app/index.php:0, referer: http://dealtrak/reporting/main
[Tue Jul 28 13:53:51.088694 2015] [:error] [pid 6661] [client 172.17.0.1:35435] PHP   2. include() /app/index.php:363, referer: http://dealtrak/reporting/main
[Tue Jul 28 13:53:51.088699 2015] [:error] [pid 6661] [client 172.17.0.1:35435] PHP   3. include() /app/layouts/site.php:130, referer: http://dealtrak/reporting/main
[Tue Jul 28 13:53:51.088712 2015] [:error] [pid 6661] [client 172.17.0.1:35435] PHP Notice:  Undefined index: select_lenders in /app/site/reporting/builder.phtml on line 146, referer: http://dealtrak/reporting/main
[Tue Jul 28 13:53:51.088716 2015] [:error] [pid 6661] [client 172.17.0.1:35435] PHP Stack trace:, referer: http://dealtrak/reporting/main
[Tue Jul 28 13:53:51.088722 2015] [:error] [pid 6661] [client 172.17.0.1:35435] PHP   1. {main}() /app/index.php:0, referer: http://dealtrak/reporting/main
[Tue Jul 28 13:53:51.088727 2015] [:error] [pid 6661] [client 172.17.0.1:35435] PHP   2. include() /app/index.php:363, referer: http://dealtrak/reporting/main
[Tue Jul 28 13:53:51.088732 2015] [:error] [pid 6661] [client 172.17.0.1:35435] PHP   3. include() /app/layouts/site.php:130, referer: http://dealtrak/reporting/main
[Tue Jul 28 13:53:51.088745 2015] [:error] [pid 6661] [client 172.17.0.1:35435] PHP Notice:  Undefined index: select_lenders in /app/site/reporting/builder.phtml on line 146, referer: http://dealtrak/reporting/main
[Tue Jul 28 13:53:51.088749 2015] [:error] [pid 6661] [client 172.17.0.1:35435] PHP Stack trace:, referer: http://dealtrak/reporting/main
[Tue Jul 28 13:53:51.088759 2015] [:error] [pid 6661] [client 172.17.0.1:35435] PHP   1. {main}() /app/index.php:0, referer: http://dealtrak/reporting/main
[Tue Jul 28 13:53:51.088765 2015] [:error] [pid 6661] [client 172.17.0.1:35435] PHP   2. include() /app/index.php:363, referer: http://dealtrak/reporting/main
[Tue Jul 28 13:53:51.088770 2015] [:error] [pid 6661] [client 172.17.0.1:35435] PHP   3. include() /app/layouts/site.php:130, referer: http://dealtrak/reporting/main
[Tue Jul 28 13:53:51.088784 2015] [:error] [pid 6661] [client 172.17.0.1:35435] PHP Notice:  Undefined index: select_lenders in /app/site/reporting/builder.phtml on line 146, referer: http://dealtrak/reporting/main
[Tue Jul 28 13:53:51.088788 2015] [:error] [pid 6661] [client 172.17.0.1:35435] PHP Stack trace:, referer: http://dealtrak/reporting/main
[Tue Jul 28 13:53:51.088793 2015] [:error] [pid 6661] [client 172.17.0.1:35435] PHP   1. {main}() /app/index.php:0, referer: http://dealtrak/reporting/main
[Tue Jul 28 13:53:51.088798 2015] [:error] [pid 6661] [client 172.17.0.1:35435] PHP   2. include() /app/index.php:363, referer: http://dealtrak/reporting/main
[Tue Jul 28 13:53:51.088804 2015] [:error] [pid 6661] [client 172.17.0.1:35435] PHP   3. include() /app/layouts/site.php:130, referer: http://dealtrak/reporting/main
[Tue Jul 28 13:53:51.088816 2015] [:error] [pid 6661] [client 172.17.0.1:35435] PHP Notice:  Undefined index: select_lenders in /app/site/reporting/builder.phtml on line 146, referer: http://dealtrak/reporting/main
[Tue Jul 28 13:53:51.088820 2015] [:error] [pid 6661] [client 172.17.0.1:35435] PHP Stack trace:, referer: http://dealtrak/reporting/main
[Tue Jul 28 13:53:51.088825 2015] [:error] [pid 6661] [client 172.17.0.1:35435] PHP   1. {main}() /app/index.php:0, referer: http://dealtrak/reporting/main
[Tue Jul 28 13:53:51.088830 2015] [:error] [pid 6661] [client 172.17.0.1:35435] PHP   2. include() /app/index.php:363, referer: http://dealtrak/reporting/main
[Tue Jul 28 13:53:51.088835 2015] [:error] [pid 6661] [client 172.17.0.1:35435] PHP   3. include() /app/layouts/site.php:130, referer: http://dealtrak/reporting/main
[Tue Jul 28 13:53:51.088847 2015] [:error] [pid 6661] [client 172.17.0.1:35435] PHP Notice:  Undefined index: select_lenders in /app/site/reporting/builder.phtml on line 146, referer: http://dealtrak/reporting/main
[Tue Jul 28 13:53:51.088851 2015] [:error] [pid 6661] [client 172.17.0.1:35435] PHP Stack trace:, referer: http://dealtrak/reporting/main
[Tue Jul 28 13:53:51.088856 2015] [:error] [pid 6661] [client 172.17.0.1:35435] PHP   1. {main}() /app/index.php:0, referer: http://dealtrak/reporting/main
[Tue Jul 28 13:53:51.088861 2015] [:error] [pid 6661] [client 172.17.0.1:35435] PHP   2. include() /app/index.php:363, referer: http://dealtrak/reporting/main
[Tue Jul 28 13:53:51.088866 2015] [:error] [pid 6661] [client 172.17.0.1:35435] PHP   3. include() /app/layouts/site.php:130, referer: http://dealtrak/reporting/main
[Tue Jul 28 13:53:51.088878 2015] [:error] [pid 6661] [client 172.17.0.1:35435] PHP Notice:  Undefined index: select_lenders in /app/site/reporting/builder.phtml on line 146, referer: http://dealtrak/reporting/main
[Tue Jul 28 13:53:51.088881 2015] [:error] [pid 6661] [client 172.17.0.1:35435] PHP Stack trace:, referer: http://dealtrak/reporting/main
[Tue Jul 28 13:53:51.088886 2015] [:error] [pid 6661] [client 172.17.0.1:35435] PHP   1. {main}() /app/index.php:0, referer: http://dealtrak/reporting/main
[Tue Jul 28 13:53:51.088890 2015] [:error] [pid 6661] [client 172.17.0.1:35435] PHP   2. include() /app/index.php:363, referer: http://dealtrak/reporting/main
[Tue Jul 28 13:53:51.088900 2015] [:error] [pid 6661] [client 172.17.0.1:35435] PHP   3. include() /app/layouts/site.php:130, referer: http://dealtrak/reporting/main
[Tue Jul 28 13:53:51.088912 2015] [:error] [pid 6661] [client 172.17.0.1:35435] PHP Notice:  Undefined index: select_lenders in /app/site/reporting/builder.phtml on line 146, referer: http://dealtrak/reporting/main
[Tue Jul 28 13:53:51.088916 2015] [:error] [pid 6661] [client 172.17.0.1:35435] PHP Stack trace:, referer: http://dealtrak/reporting/main
[Tue Jul 28 13:53:51.088921 2015] [:error] [pid 6661] [client 172.17.0.1:35435] PHP   1. {main}() /app/index.php:0, referer: http://dealtrak/reporting/main
[Tue Jul 28 13:53:51.088926 2015] [:error] [pid 6661] [client 172.17.0.1:35435] PHP   2. include() /app/index.php:363, referer: http://dealtrak/reporting/main
[Tue Jul 28 13:53:51.088930 2015] [:error] [pid 6661] [client 172.17.0.1:35435] PHP   3. include() /app/layouts/site.php:130, referer: http://dealtrak/reporting/main
[Tue Jul 28 13:53:51.088942 2015] [:error] [pid 6661] [client 172.17.0.1:35435] PHP Notice:  Undefined index: select_lenders in /app/site/reporting/builder.phtml on line 146, referer: http://dealtrak/reporting/main
[Tue Jul 28 13:53:51.088946 2015] [:error] [pid 6661] [client 172.17.0.1:35435] PHP Stack trace:, referer: http://dealtrak/reporting/main
[Tue Jul 28 13:53:51.088951 2015] [:error] [pid 6661] [client 172.17.0.1:35435] PHP   1. {main}() /app/index.php:0, referer: http://dealtrak/reporting/main
[Tue Jul 28 13:53:51.088955 2015] [:error] [pid 6661] [client 172.17.0.1:35435] PHP   2. include() /app/index.php:363, referer: http://dealtrak/reporting/main
[Tue Jul 28 13:53:51.088961 2015] [:error] [pid 6661] [client 172.17.0.1:35435] PHP   3. include() /app/layouts/site.php:130, referer: http://dealtrak/reporting/main
[Tue Jul 28 13:53:51.088973 2015] [:error] [pid 6661] [client 172.17.0.1:35435] PHP Notice:  Undefined index: select_lenders in /app/site/reporting/builder.phtml on line 146, referer: http://dealtrak/reporting/main
[Tue Jul 28 13:53:51.088977 2015] [:error] [pid 6661] [client 172.17.0.1:35435] PHP Stack trace:, referer: http://dealtrak/reporting/main
[Tue Jul 28 13:53:51.088981 2015] [:error] [pid 6661] [client 172.17.0.1:35435] PHP   1. {main}() /app/index.php:0, referer: http://dealtrak/reporting/main
[Tue Jul 28 13:53:51.088986 2015] [:error] [pid 6661] [client 172.17.0.1:35435] PHP   2. include() /app/index.php:363, referer: http://dealtrak/reporting/main
[Tue Jul 28 13:53:51.088991 2015] [:error] [pid 6661] [client 172.17.0.1:35435] PHP   3. include() /app/layouts/site.php:130, referer: http://dealtrak/reporting/main
[Tue Jul 28 13:53:51.089004 2015] [:error] [pid 6661] [client 172.17.0.1:35435] PHP Notice:  Undefined index: select_lenders in /app/site/reporting/builder.phtml on line 146, referer: http://dealtrak/reporting/main
[Tue Jul 28 13:53:51.089008 2015] [:error] [pid 6661] [client 172.17.0.1:35435] PHP Stack trace:, referer: http://dealtrak/reporting/main
[Tue Jul 28 13:53:51.089012 2015] [:error] [pid 6661] [client 172.17.0.1:35435] PHP   1. {main}() /app/index.php:0, referer: http://dealtrak/reporting/main
[Tue Jul 28 13:53:51.089015 2015] [:error] [pid 6661] [client 172.17.0.1:35435] PHP   2. include() /app/index.php:363, referer: http://dealtrak/reporting/main
[Tue Jul 28 13:53:51.089018 2015] [:error] [pid 6661] [client 172.17.0.1:35435] PHP   3. include() /app/layouts/site.php:130, referer: http://dealtrak/reporting/main
[Tue Jul 28 13:53:51.089026 2015] [:error] [pid 6661] [client 172.17.0.1:35435] PHP Notice:  Undefined index: select_lenders in /app/site/reporting/builder.phtml on line 146, referer: http://dealtrak/reporting/main
[Tue Jul 28 13:53:51.089032 2015] [:error] [pid 6661] [client 172.17.0.1:35435] PHP Stack trace:, referer: http://dealtrak/reporting/main
[Tue Jul 28 13:53:51.089035 2015] [:error] [pid 6661] [client 172.17.0.1:35435] PHP   1. {main}() /app/index.php:0, referer: http://dealtrak/reporting/main
[Tue Jul 28 13:53:51.089039 2015] [:error] [pid 6661] [client 172.17.0.1:35435] PHP   2. include() /app/index.php:363, referer: http://dealtrak/reporting/main
[Tue Jul 28 13:53:51.089042 2015] [:error] [pid 6661] [client 172.17.0.1:35435] PHP   3. include() /app/layouts/site.php:130, referer: http://dealtrak/reporting/main
[Tue Jul 28 13:53:51.089050 2015] [:error] [pid 6661] [client 172.17.0.1:35435] PHP Notice:  Undefined index: select_lenders in /app/site/reporting/builder.phtml on line 146, referer: http://dealtrak/reporting/main
[Tue Jul 28 13:53:51.089052 2015] [:error] [pid 6661] [client 172.17.0.1:35435] PHP Stack trace:, referer: http://dealtrak/reporting/main
[Tue Jul 28 13:53:51.089055 2015] [:error] [pid 6661] [client 172.17.0.1:35435] PHP   1. {main}() /app/index.php:0, referer: http://dealtrak/reporting/main
[Tue Jul 28 13:53:51.089058 2015] [:error] [pid 6661] [client 172.17.0.1:35435] PHP   2. include() /app/index.php:363, referer: http://dealtrak/reporting/main
[Tue Jul 28 13:53:51.089061 2015] [:error] [pid 6661] [client 172.17.0.1:35435] PHP   3. include() /app/layouts/site.php:130, referer: http://dealtrak/reporting/main
[Tue Jul 28 13:53:51.089069 2015] [:error] [pid 6661] [client 172.17.0.1:35435] PHP Notice:  Undefined index: select_lenders in /app/site/reporting/builder.phtml on line 146, referer: http://dealtrak/reporting/main
[Tue Jul 28 13:53:51.089071 2015] [:error] [pid 6661] [client 172.17.0.1:35435] PHP Stack trace:, referer: http://dealtrak/reporting/main
[Tue Jul 28 13:53:51.089075 2015] [:error] [pid 6661] [client 172.17.0.1:35435] PHP   1. {main}() /app/index.php:0, referer: http://dealtrak/reporting/main
[Tue Jul 28 13:53:51.089078 2015] [:error] [pid 6661] [client 172.17.0.1:35435] PHP   2. include() /app/index.php:363, referer: http://dealtrak/reporting/main
[Tue Jul 28 13:53:51.089081 2015] [:error] [pid 6661] [client 172.17.0.1:35435] PHP   3. include() /app/layouts/site.php:130, referer: http://dealtrak/reporting/main
[Tue Jul 28 13:53:51.089088 2015] [:error] [pid 6661] [client 172.17.0.1:35435] PHP Notice:  Undefined index: select_lenders in /app/site/reporting/builder.phtml on line 146, referer: http://dealtrak/reporting/main
[Tue Jul 28 13:53:51.089090 2015] [:error] [pid 6661] [client 172.17.0.1:35435] PHP Stack trace:, referer: http://dealtrak/reporting/main
[Tue Jul 28 13:53:51.089093 2015] [:error] [pid 6661] [client 172.17.0.1:35435] PHP   1. {main}() /app/index.php:0, referer: http://dealtrak/reporting/main
[Tue Jul 28 13:53:51.089096 2015] [:error] [pid 6661] [client 172.17.0.1:35435] PHP   2. include() /app/index.php:363, referer: http://dealtrak/reporting/main
[Tue Jul 28 13:53:51.089099 2015] [:error] [pid 6661] [client 172.17.0.1:35435] PHP   3. include() /app/layouts/site.php:130, referer: http://dealtrak/reporting/main
[Tue Jul 28 13:53:51.089106 2015] [:error] [pid 6661] [client 172.17.0.1:35435] PHP Notice:  Undefined index: select_lenders in /app/site/reporting/builder.phtml on line 146, referer: http://dealtrak/reporting/main
[Tue Jul 28 13:53:51.089109 2015] [:error] [pid 6661] [client 172.17.0.1:35435] PHP Stack trace:, referer: http://dealtrak/reporting/main
[Tue Jul 28 13:53:51.089112 2015] [:error] [pid 6661] [client 172.17.0.1:35435] PHP   1. {main}() /app/index.php:0, referer: http://dealtrak/reporting/main
[Tue Jul 28 13:53:51.089118 2015] [:error] [pid 6661] [client 172.17.0.1:35435] PHP   2. include() /app/index.php:363, referer: http://dealtrak/reporting/main
[Tue Jul 28 13:53:51.089121 2015] [:error] [pid 6661] [client 172.17.0.1:35435] PHP   3. include() /app/layouts/site.php:130, referer: http://dealtrak/reporting/main
[Tue Jul 28 13:53:51.089128 2015] [:error] [pid 6661] [client 172.17.0.1:35435] PHP Notice:  Undefined index: select_lenders in /app/site/reporting/builder.phtml on line 146, referer: http://dealtrak/reporting/main
[Tue Jul 28 13:53:51.089130 2015] [:error] [pid 6661] [client 172.17.0.1:35435] PHP Stack trace:, referer: http://dealtrak/reporting/main
[Tue Jul 28 13:53:51.089133 2015] [:error] [pid 6661] [client 172.17.0.1:35435] PHP   1. {main}() /app/index.php:0, referer: http://dealtrak/reporting/main
[Tue Jul 28 13:53:51.089136 2015] [:error] [pid 6661] [client 172.17.0.1:35435] PHP   2. include() /app/index.php:363, referer: http://dealtrak/reporting/main
[Tue Jul 28 13:53:51.089140 2015] [:error] [pid 6661] [client 172.17.0.1:35435] PHP   3. include() /app/layouts/site.php:130, referer: http://dealtrak/reporting/main
[Tue Jul 28 13:53:51.089147 2015] [:error] [pid 6661] [client 172.17.0.1:35435] PHP Notice:  Undefined index: select_lenders in /app/site/reporting/builder.phtml on line 146, referer: http://dealtrak/reporting/main
[Tue Jul 28 13:53:51.089149 2015] [:error] [pid 6661] [client 172.17.0.1:35435] PHP Stack trace:, referer: http://dealtrak/reporting/main
[Tue Jul 28 13:53:51.089152 2015] [:error] [pid 6661] [client 172.17.0.1:35435] PHP   1. {main}() /app/index.php:0, referer: http://dealtrak/reporting/main
[Tue Jul 28 13:53:51.089155 2015] [:error] [pid 6661] [client 172.17.0.1:35435] PHP   2. include() /app/index.php:363, referer: http://dealtrak/reporting/main
[Tue Jul 28 13:53:51.089158 2015] [:error] [pid 6661] [client 172.17.0.1:35435] PHP   3. include() /app/layouts/site.php:130, referer: http://dealtrak/reporting/main
[Tue Jul 28 13:53:51.089165 2015] [:error] [pid 6661] [client 172.17.0.1:35435] PHP Notice:  Undefined index: select_lenders in /app/site/reporting/builder.phtml on line 146, referer: http://dealtrak/reporting/main
[Tue Jul 28 13:53:51.089168 2015] [:error] [pid 6661] [client 172.17.0.1:35435] PHP Stack trace:, referer: http://dealtrak/reporting/main
[Tue Jul 28 13:53:51.089171 2015] [:error] [pid 6661] [client 172.17.0.1:35435] PHP   1. {main}() /app/index.php:0, referer: http://dealtrak/reporting/main
[Tue Jul 28 13:53:51.089174 2015] [:error] [pid 6661] [client 172.17.0.1:35435] PHP   2. include() /app/index.php:363, referer: http://dealtrak/reporting/main
[Tue Jul 28 13:53:51.089177 2015] [:error] [pid 6661] [client 172.17.0.1:35435] PHP   3. include() /app/layouts/site.php:130, referer: http://dealtrak/reporting/main
[Tue Jul 28 13:53:51.089184 2015] [:error] [pid 6661] [client 172.17.0.1:35435] PHP Notice:  Undefined index: select_lenders in /app/site/reporting/builder.phtml on line 146, referer: http://dealtrak/reporting/main
[Tue Jul 28 13:53:51.089186 2015] [:error] [pid 6661] [client 172.17.0.1:35435] PHP Stack trace:, referer: http://dealtrak/reporting/main
[Tue Jul 28 13:53:51.089189 2015] [:error] [pid 6661] [client 172.17.0.1:35435] PHP   1. {main}() /app/index.php:0, referer: http://dealtrak/reporting/main
[Tue Jul 28 13:53:51.089192 2015] [:error] [pid 6661] [client 172.17.0.1:35435] PHP   2. include() /app/index.php:363, referer: http://dealtrak/reporting/main
[Tue Jul 28 13:53:51.089196 2015] [:error] [pid 6661] [client 172.17.0.1:35435] PHP   3. include() /app/layouts/site.php:130, referer: http://dealtrak/reporting/main
[Tue Jul 28 13:53:51.089205 2015] [:error] [pid 6661] [client 172.17.0.1:35435] PHP Notice:  Undefined index: select_lenders in /app/site/reporting/builder.phtml on line 146, referer: http://dealtrak/reporting/main
[Tue Jul 28 13:53:51.089208 2015] [:error] [pid 6661] [client 172.17.0.1:35435] PHP Stack trace:, referer: http://dealtrak/reporting/main
[Tue Jul 28 13:53:51.089211 2015] [:error] [pid 6661] [client 172.17.0.1:35435] PHP   1. {main}() /app/index.php:0, referer: http://dealtrak/reporting/main
[Tue Jul 28 13:53:51.089214 2015] [:error] [pid 6661] [client 172.17.0.1:35435] PHP   2. include() /app/index.php:363, referer: http://dealtrak/reporting/main
[Tue Jul 28 13:53:51.089217 2015] [:error] [pid 6661] [client 172.17.0.1:35435] PHP   3. include() /app/layouts/site.php:130, referer: http://dealtrak/reporting/main
[Tue Jul 28 13:53:51.089224 2015] [:error] [pid 6661] [client 172.17.0.1:35435] PHP Notice:  Undefined index: select_lenders in /app/site/reporting/builder.phtml on line 146, referer: http://dealtrak/reporting/main
[Tue Jul 28 13:53:51.089226 2015] [:error] [pid 6661] [client 172.17.0.1:35435] PHP Stack trace:, referer: http://dealtrak/reporting/main
[Tue Jul 28 13:53:51.089229 2015] [:error] [pid 6661] [client 172.17.0.1:35435] PHP   1. {main}() /app/index.php:0, referer: http://dealtrak/reporting/main
[Tue Jul 28 13:53:51.089232 2015] [:error] [pid 6661] [client 172.17.0.1:35435] PHP   2. include() /app/index.php:363, referer: http://dealtrak/reporting/main
[Tue Jul 28 13:53:51.089236 2015] [:error] [pid 6661] [client 172.17.0.1:35435] PHP   3. include() /app/layouts/site.php:130, referer: http://dealtrak/reporting/main
[Tue Jul 28 13:53:51.089243 2015] [:error] [pid 6661] [client 172.17.0.1:35435] PHP Notice:  Undefined index: select_lenders in /app/site/reporting/builder.phtml on line 146, referer: http://dealtrak/reporting/main
[Tue Jul 28 13:53:51.089245 2015] [:error] [pid 6661] [client 172.17.0.1:35435] PHP Stack trace:, referer: http://dealtrak/reporting/main
[Tue Jul 28 13:53:51.089248 2015] [:error] [pid 6661] [client 172.17.0.1:35435] PHP   1. {main}() /app/index.php:0, referer: http://dealtrak/reporting/main
[Tue Jul 28 13:53:51.089251 2015] [:error] [pid 6661] [client 172.17.0.1:35435] PHP   2. include() /app/index.php:363, referer: http://dealtrak/reporting/main
[Tue Jul 28 13:53:51.089254 2015] [:error] [pid 6661] [client 172.17.0.1:35435] PHP   3. include() /app/layouts/site.php:130, referer: http://dealtrak/reporting/main
[Tue Jul 28 13:53:51.089261 2015] [:error] [pid 6661] [client 172.17.0.1:35435] PHP Notice:  Undefined index: select_lenders in /app/site/reporting/builder.phtml on line 146, referer: http://dealtrak/reporting/main
[Tue Jul 28 13:53:51.089264 2015] [:error] [pid 6661] [client 172.17.0.1:35435] PHP Stack trace:, referer: http://dealtrak/reporting/main
[Tue Jul 28 13:53:51.089267 2015] [:error] [pid 6661] [client 172.17.0.1:35435] PHP   1. {main}() /app/index.php:0, referer: http://dealtrak/reporting/main
[Tue Jul 28 13:53:51.089270 2015] [:error] [pid 6661] [client 172.17.0.1:35435] PHP   2. include() /app/index.php:363, referer: http://dealtrak/reporting/main
[Tue Jul 28 13:53:51.089273 2015] [:error] [pid 6661] [client 172.17.0.1:35435] PHP   3. include() /app/layouts/site.php:130, referer: http://dealtrak/reporting/main
[Tue Jul 28 13:53:51.089280 2015] [:error] [pid 6661] [client 172.17.0.1:35435] PHP Notice:  Undefined index: select_lenders in /app/site/reporting/builder.phtml on line 146, referer: http://dealtrak/reporting/main
[Tue Jul 28 13:53:51.089283 2015] [:error] [pid 6661] [client 172.17.0.1:35435] PHP Stack trace:, referer: http://dealtrak/reporting/main
[Tue Jul 28 13:53:51.089288 2015] [:error] [pid 6661] [client 172.17.0.1:35435] PHP   1. {main}() /app/index.php:0, referer: http://dealtrak/reporting/main
[Tue Jul 28 13:53:51.089292 2015] [:error] [pid 6661] [client 172.17.0.1:35435] PHP   2. include() /app/index.php:363, referer: http://dealtrak/reporting/main
[Tue Jul 28 13:53:51.089295 2015] [:error] [pid 6661] [client 172.17.0.1:35435] PHP   3. include() /app/layouts/site.php:130, referer: http://dealtrak/reporting/main
[Tue Jul 28 13:53:51.089302 2015] [:error] [pid 6661] [client 172.17.0.1:35435] PHP Notice:  Undefined index: select_lenders in /app/site/reporting/builder.phtml on line 146, referer: http://dealtrak/reporting/main
[Tue Jul 28 13:53:51.089304 2015] [:error] [pid 6661] [client 172.17.0.1:35435] PHP Stack trace:, referer: http://dealtrak/reporting/main
[Tue Jul 28 13:53:51.089307 2015] [:error] [pid 6661] [client 172.17.0.1:35435] PHP   1. {main}() /app/index.php:0, referer: http://dealtrak/reporting/main
[Tue Jul 28 13:53:51.089310 2015] [:error] [pid 6661] [client 172.17.0.1:35435] PHP   2. include() /app/index.php:363, referer: http://dealtrak/reporting/main
[Tue Jul 28 13:53:51.089314 2015] [:error] [pid 6661] [client 172.17.0.1:35435] PHP   3. include() /app/layouts/site.php:130, referer: http://dealtrak/reporting/main
[Tue Jul 28 13:53:51.089321 2015] [:error] [pid 6661] [client 172.17.0.1:35435] PHP Notice:  Undefined index: select_lenders in /app/site/reporting/builder.phtml on line 146, referer: http://dealtrak/reporting/main
[Tue Jul 28 13:53:51.089323 2015] [:error] [pid 6661] [client 172.17.0.1:35435] PHP Stack trace:, referer: http://dealtrak/reporting/main
[Tue Jul 28 13:53:51.089326 2015] [:error] [pid 6661] [client 172.17.0.1:35435] PHP   1. {main}() /app/index.php:0, referer: http://dealtrak/reporting/main
[Tue Jul 28 13:53:51.089329 2015] [:error] [pid 6661] [client 172.17.0.1:35435] PHP   2. include() /app/index.php:363, referer: http://dealtrak/reporting/main
[Tue Jul 28 13:53:51.089332 2015] [:error] [pid 6661] [client 172.17.0.1:35435] PHP   3. include() /app/layouts/site.php:130, referer: http://dealtrak/reporting/main
[Tue Jul 28 13:53:51.089339 2015] [:error] [pid 6661] [client 172.17.0.1:35435] PHP Notice:  Undefined index: select_lenders in /app/site/reporting/builder.phtml on line 146, referer: http://dealtrak/reporting/main
[Tue Jul 28 13:53:51.089342 2015] [:error] [pid 6661] [client 172.17.0.1:35435] PHP Stack trace:, referer: http://dealtrak/reporting/main
[Tue Jul 28 13:53:51.089345 2015] [:error] [pid 6661] [client 172.17.0.1:35435] PHP   1. {main}() /app/index.php:0, referer: http://dealtrak/reporting/main
[Tue Jul 28 13:53:51.089348 2015] [:error] [pid 6661] [client 172.17.0.1:35435] PHP   2. include() /app/index.php:363, referer: http://dealtrak/reporting/main
[Tue Jul 28 13:53:51.089351 2015] [:error] [pid 6661] [client 172.17.0.1:35435] PHP   3. include() /app/layouts/site.php:130, referer: http://dealtrak/reporting/main
[Tue Jul 28 13:53:51.089358 2015] [:error] [pid 6661] [client 172.17.0.1:35435] PHP Notice:  Undefined index: select_lenders in /app/site/reporting/builder.phtml on line 146, referer: http://dealtrak/reporting/main
[Tue Jul 28 13:53:51.089360 2015] [:error] [pid 6661] [client 172.17.0.1:35435] PHP Stack trace:, referer: http://dealtrak/reporting/main
[Tue Jul 28 13:53:51.089363 2015] [:error] [pid 6661] [client 172.17.0.1:35435] PHP   1. {main}() /app/index.php:0, referer: http://dealtrak/reporting/main
[Tue Jul 28 13:53:51.089366 2015] [:error] [pid 6661] [client 172.17.0.1:35435] PHP   2. include() /app/index.php:363, referer: http://dealtrak/reporting/main
[Tue Jul 28 13:53:51.089372 2015] [:error] [pid 6661] [client 172.17.0.1:35435] PHP   3. include() /app/layouts/site.php:130, referer: http://dealtrak/reporting/main
[Tue Jul 28 13:53:51.089379 2015] [:error] [pid 6661] [client 172.17.0.1:35435] PHP Notice:  Undefined index: select_lenders in /app/site/reporting/builder.phtml on line 146, referer: http://dealtrak/reporting/main
[Tue Jul 28 13:53:51.089381 2015] [:error] [pid 6661] [client 172.17.0.1:35435] PHP Stack trace:, referer: http://dealtrak/reporting/main
[Tue Jul 28 13:53:51.089384 2015] [:error] [pid 6661] [client 172.17.0.1:35435] PHP   1. {main}() /app/index.php:0, referer: http://dealtrak/reporting/main
[Tue Jul 28 13:53:51.089387 2015] [:error] [pid 6661] [client 172.17.0.1:35435] PHP   2. include() /app/index.php:363, referer: http://dealtrak/reporting/main
[Tue Jul 28 13:53:51.089391 2015] [:error] [pid 6661] [client 172.17.0.1:35435] PHP   3. include() /app/layouts/site.php:130, referer: http://dealtrak/reporting/main
[Tue Jul 28 13:53:51.089398 2015] [:error] [pid 6661] [client 172.17.0.1:35435] PHP Notice:  Undefined index: select_lenders in /app/site/reporting/builder.phtml on line 146, referer: http://dealtrak/reporting/main
[Tue Jul 28 13:53:51.089400 2015] [:error] [pid 6661] [client 172.17.0.1:35435] PHP Stack trace:, referer: http://dealtrak/reporting/main
[Tue Jul 28 13:53:51.089403 2015] [:error] [pid 6661] [client 172.17.0.1:35435] PHP   1. {main}() /app/index.php:0, referer: http://dealtrak/reporting/main
[Tue Jul 28 13:53:51.089406 2015] [:error] [pid 6661] [client 172.17.0.1:35435] PHP   2. include() /app/index.php:363, referer: http://dealtrak/reporting/main
[Tue Jul 28 13:53:51.089409 2015] [:error] [pid 6661] [client 172.17.0.1:35435] PHP   3. include() /app/layouts/site.php:130, referer: http://dealtrak/reporting/main
[Tue Jul 28 13:53:51.089416 2015] [:error] [pid 6661] [client 172.17.0.1:35435] PHP Notice:  Undefined index: select_lenders in /app/site/reporting/builder.phtml on line 146, referer: http://dealtrak/reporting/main
[Tue Jul 28 13:53:51.089419 2015] [:error] [pid 6661] [client 172.17.0.1:35435] PHP Stack trace:, referer: http://dealtrak/reporting/main
[Tue Jul 28 13:53:51.089422 2015] [:error] [pid 6661] [client 172.17.0.1:35435] PHP   1. {main}() /app/index.php:0, referer: http://dealtrak/reporting/main
[Tue Jul 28 13:53:51.089425 2015] [:error] [pid 6661] [client 172.17.0.1:35435] PHP   2. include() /app/index.php:363, referer: http://dealtrak/reporting/main
[Tue Jul 28 13:53:51.089428 2015] [:error] [pid 6661] [client 172.17.0.1:35435] PHP   3. include() /app/layouts/site.php:130, referer: http://dealtrak/reporting/main
[Tue Jul 28 13:53:51.089435 2015] [:error] [pid 6661] [client 172.17.0.1:35435] PHP Notice:  Undefined index: select_lenders in /app/site/reporting/builder.phtml on line 146, referer: http://dealtrak/reporting/main
[Tue Jul 28 13:53:51.089437 2015] [:error] [pid 6661] [client 172.17.0.1:35435] PHP Stack trace:, referer: http://dealtrak/reporting/main
[Tue Jul 28 13:53:51.089441 2015] [:error] [pid 6661] [client 172.17.0.1:35435] PHP   1. {main}() /app/index.php:0, referer: http://dealtrak/reporting/main
[Tue Jul 28 13:53:51.089444 2015] [:error] [pid 6661] [client 172.17.0.1:35435] PHP   2. include() /app/index.php:363, referer: http://dealtrak/reporting/main
[Tue Jul 28 13:53:51.089447 2015] [:error] [pid 6661] [client 172.17.0.1:35435] PHP   3. include() /app/layouts/site.php:130, referer: http://dealtrak/reporting/main
[Tue Jul 28 13:53:51.089454 2015] [:error] [pid 6661] [client 172.17.0.1:35435] PHP Notice:  Undefined index: select_lenders in /app/site/reporting/builder.phtml on line 146, referer: http://dealtrak/reporting/main
[Tue Jul 28 13:53:51.089460 2015] [:error] [pid 6661] [client 172.17.0.1:35435] PHP Stack trace:, referer: http://dealtrak/reporting/main
[Tue Jul 28 13:53:51.089463 2015] [:error] [pid 6661] [client 172.17.0.1:35435] PHP   1. {main}() /app/index.php:0, referer: http://dealtrak/reporting/main
[Tue Jul 28 13:53:51.089466 2015] [:error] [pid 6661] [client 172.17.0.1:35435] PHP   2. include() /app/index.php:363, referer: http://dealtrak/reporting/main
[Tue Jul 28 13:53:51.089469 2015] [:error] [pid 6661] [client 172.17.0.1:35435] PHP   3. include() /app/layouts/site.php:130, referer: http://dealtrak/reporting/main
[Tue Jul 28 13:53:51.089477 2015] [:error] [pid 6661] [client 172.17.0.1:35435] PHP Notice:  Undefined index: select_lenders in /app/site/reporting/builder.phtml on line 146, referer: http://dealtrak/reporting/main
[Tue Jul 28 13:53:51.089479 2015] [:error] [pid 6661] [client 172.17.0.1:35435] PHP Stack trace:, referer: http://dealtrak/reporting/main
[Tue Jul 28 13:53:51.089482 2015] [:error] [pid 6661] [client 172.17.0.1:35435] PHP   1. {main}() /app/index.php:0, referer: http://dealtrak/reporting/main
[Tue Jul 28 13:53:51.089486 2015] [:error] [pid 6661] [client 172.17.0.1:35435] PHP   2. include() /app/index.php:363, referer: http://dealtrak/reporting/main
[Tue Jul 28 13:53:51.089489 2015] [:error] [pid 6661] [client 172.17.0.1:35435] PHP   3. include() /app/layouts/site.php:130, referer: http://dealtrak/reporting/main
[Tue Jul 28 13:53:51.089496 2015] [:error] [pid 6661] [client 172.17.0.1:35435] PHP Notice:  Undefined index: select_lenders in /app/site/reporting/builder.phtml on line 146, referer: http://dealtrak/reporting/main
[Tue Jul 28 13:53:51.089498 2015] [:error] [pid 6661] [client 172.17.0.1:35435] PHP Stack trace:, referer: http://dealtrak/reporting/main
[Tue Jul 28 13:53:51.089501 2015] [:error] [pid 6661] [client 172.17.0.1:35435] PHP   1. {main}() /app/index.php:0, referer: http://dealtrak/reporting/main
[Tue Jul 28 13:53:51.089504 2015] [:error] [pid 6661] [client 172.17.0.1:35435] PHP   2. include() /app/index.php:363, referer: http://dealtrak/reporting/main
[Tue Jul 28 13:53:51.089508 2015] [:error] [pid 6661] [client 172.17.0.1:35435] PHP   3. include() /app/layouts/site.php:130, referer: http://dealtrak/reporting/main
[Tue Jul 28 13:53:51.089514 2015] [:error] [pid 6661] [client 172.17.0.1:35435] PHP Notice:  Undefined index: select_lenders in /app/site/reporting/builder.phtml on line 146, referer: http://dealtrak/reporting/main
[Tue Jul 28 13:53:51.089517 2015] [:error] [pid 6661] [client 172.17.0.1:35435] PHP Stack trace:, referer: http://dealtrak/reporting/main
[Tue Jul 28 13:53:51.089520 2015] [:error] [pid 6661] [client 172.17.0.1:35435] PHP   1. {main}() /app/index.php:0, referer: http://dealtrak/reporting/main
[Tue Jul 28 13:53:51.089523 2015] [:error] [pid 6661] [client 172.17.0.1:35435] PHP   2. include() /app/index.php:363, referer: http://dealtrak/reporting/main
[Tue Jul 28 13:53:51.089526 2015] [:error] [pid 6661] [client 172.17.0.1:35435] PHP   3. include() /app/layouts/site.php:130, referer: http://dealtrak/reporting/main
[Tue Jul 28 13:53:51.089533 2015] [:error] [pid 6661] [client 172.17.0.1:35435] PHP Notice:  Undefined index: select_lenders in /app/site/reporting/builder.phtml on line 146, referer: http://dealtrak/reporting/main
[Tue Jul 28 13:53:51.089535 2015] [:error] [pid 6661] [client 172.17.0.1:35435] PHP Stack trace:, referer: http://dealtrak/reporting/main
[Tue Jul 28 13:53:51.089539 2015] [:error] [pid 6661] [client 172.17.0.1:35435] PHP   1. {main}() /app/index.php:0, referer: http://dealtrak/reporting/main
[Tue Jul 28 13:53:51.089542 2015] [:error] [pid 6661] [client 172.17.0.1:35435] PHP   2. include() /app/index.php:363, referer: http://dealtrak/reporting/main
[Tue Jul 28 13:53:51.089549 2015] [:error] [pid 6661] [client 172.17.0.1:35435] PHP   3. include() /app/layouts/site.php:130, referer: http://dealtrak/reporting/main
[Tue Jul 28 13:53:51.089556 2015] [:error] [pid 6661] [client 172.17.0.1:35435] PHP Notice:  Undefined index: select_lenders in /app/site/reporting/builder.phtml on line 146, referer: http://dealtrak/reporting/main
[Tue Jul 28 13:53:51.089559 2015] [:error] [pid 6661] [client 172.17.0.1:35435] PHP Stack trace:, referer: http://dealtrak/reporting/main
[Tue Jul 28 13:53:51.089562 2015] [:error] [pid 6661] [client 172.17.0.1:35435] PHP   1. {main}() /app/index.php:0, referer: http://dealtrak/reporting/main
[Tue Jul 28 13:53:51.089565 2015] [:error] [pid 6661] [client 172.17.0.1:35435] PHP   2. include() /app/index.php:363, referer: http://dealtrak/reporting/main
[Tue Jul 28 13:53:51.089568 2015] [:error] [pid 6661] [client 172.17.0.1:35435] PHP   3. include() /app/layouts/site.php:130, referer: http://dealtrak/reporting/main
[Tue Jul 28 13:53:51.089575 2015] [:error] [pid 6661] [client 172.17.0.1:35435] PHP Notice:  Undefined index: select_lenders in /app/site/reporting/builder.phtml on line 146, referer: http://dealtrak/reporting/main
[Tue Jul 28 13:53:51.089578 2015] [:error] [pid 6661] [client 172.17.0.1:35435] PHP Stack trace:, referer: http://dealtrak/reporting/main
[Tue Jul 28 13:53:51.089581 2015] [:error] [pid 6661] [client 172.17.0.1:35435] PHP   1. {main}() /app/index.php:0, referer: http://dealtrak/reporting/main
[Tue Jul 28 13:53:51.089584 2015] [:error] [pid 6661] [client 172.17.0.1:35435] PHP   2. include() /app/index.php:363, referer: http://dealtrak/reporting/main
[Tue Jul 28 13:53:51.089587 2015] [:error] [pid 6661] [client 172.17.0.1:35435] PHP   3. include() /app/layouts/site.php:130, referer: http://dealtrak/reporting/main
[Tue Jul 28 13:53:51.089594 2015] [:error] [pid 6661] [client 172.17.0.1:35435] PHP Notice:  Undefined index: select_lenders in /app/site/reporting/builder.phtml on line 146, referer: http://dealtrak/reporting/main
[Tue Jul 28 13:53:51.089597 2015] [:error] [pid 6661] [client 172.17.0.1:35435] PHP Stack trace:, referer: http://dealtrak/reporting/main
[Tue Jul 28 13:53:51.089600 2015] [:error] [pid 6661] [client 172.17.0.1:35435] PHP   1. {main}() /app/index.php:0, referer: http://dealtrak/reporting/main
[Tue Jul 28 13:53:51.089603 2015] [:error] [pid 6661] [client 172.17.0.1:35435] PHP   2. include() /app/index.php:363, referer: http://dealtrak/reporting/main
[Tue Jul 28 13:53:51.089606 2015] [:error] [pid 6661] [client 172.17.0.1:35435] PHP   3. include() /app/layouts/site.php:130, referer: http://dealtrak/reporting/main
[Tue Jul 28 13:53:51.089613 2015] [:error] [pid 6661] [client 172.17.0.1:35435] PHP Notice:  Undefined index: select_lenders in /app/site/reporting/builder.phtml on line 146, referer: http://dealtrak/reporting/main
[Tue Jul 28 13:53:51.089616 2015] [:error] [pid 6661] [client 172.17.0.1:35435] PHP Stack trace:, referer: http://dealtrak/reporting/main
[Tue Jul 28 13:53:51.089619 2015] [:error] [pid 6661] [client 172.17.0.1:35435] PHP   1. {main}() /app/index.php:0, referer: http://dealtrak/reporting/main
[Tue Jul 28 13:53:51.089622 2015] [:error] [pid 6661] [client 172.17.0.1:35435] PHP   2. include() /app/index.php:363, referer: http://dealtrak/reporting/main
[Tue Jul 28 13:53:51.089625 2015] [:error] [pid 6661] [client 172.17.0.1:35435] PHP   3. include() /app/layouts/site.php:130, referer: http://dealtrak/reporting/main
[Tue Jul 28 13:53:51.089632 2015] [:error] [pid 6661] [client 172.17.0.1:35435] PHP Notice:  Undefined index: select_lenders in /app/site/reporting/builder.phtml on line 146, referer: http://dealtrak/reporting/main
[Tue Jul 28 13:53:51.089637 2015] [:error] [pid 6661] [client 172.17.0.1:35435] PHP Stack trace:, referer: http://dealtrak/reporting/main
[Tue Jul 28 13:53:51.089640 2015] [:error] [pid 6661] [client 172.17.0.1:35435] PHP   1. {main}() /app/index.php:0, referer: http://dealtrak/reporting/main
[Tue Jul 28 13:53:51.089643 2015] [:error] [pid 6661] [client 172.17.0.1:35435] PHP   2. include() /app/index.php:363, referer: http://dealtrak/reporting/main
[Tue Jul 28 13:53:51.089647 2015] [:error] [pid 6661] [client 172.17.0.1:35435] PHP   3. include() /app/layouts/site.php:130, referer: http://dealtrak/reporting/main
[Tue Jul 28 13:53:51.089656 2015] [:error] [pid 6661] [client 172.17.0.1:35435] PHP Notice:  Undefined index: select_lenders in /app/site/reporting/builder.phtml on line 146, referer: http://dealtrak/reporting/main
[Tue Jul 28 13:53:51.089658 2015] [:error] [pid 6661] [client 172.17.0.1:35435] PHP Stack trace:, referer: http://dealtrak/reporting/main
[Tue Jul 28 13:53:51.089661 2015] [:error] [pid 6661] [client 172.17.0.1:35435] PHP   1. {main}() /app/index.php:0, referer: http://dealtrak/reporting/main
[Tue Jul 28 13:53:51.089664 2015] [:error] [pid 6661] [client 172.17.0.1:35435] PHP   2. include() /app/index.php:363, referer: http://dealtrak/reporting/main
[Tue Jul 28 13:53:51.089667 2015] [:error] [pid 6661] [client 172.17.0.1:35435] PHP   3. include() /app/layouts/site.php:130, referer: http://dealtrak/reporting/main
[Tue Jul 28 13:53:51.089675 2015] [:error] [pid 6661] [client 172.17.0.1:35435] PHP Notice:  Undefined index: select_lenders in /app/site/reporting/builder.phtml on line 146, referer: http://dealtrak/reporting/main
[Tue Jul 28 13:53:51.089677 2015] [:error] [pid 6661] [client 172.17.0.1:35435] PHP Stack trace:, referer: http://dealtrak/reporting/main
[Tue Jul 28 13:53:51.089680 2015] [:error] [pid 6661] [client 172.17.0.1:35435] PHP   1. {main}() /app/index.php:0, referer: http://dealtrak/reporting/main
[Tue Jul 28 13:53:51.089683 2015] [:error] [pid 6661] [client 172.17.0.1:35435] PHP   2. include() /app/index.php:363, referer: http://dealtrak/reporting/main
[Tue Jul 28 13:53:51.089686 2015] [:error] [pid 6661] [client 172.17.0.1:35435] PHP   3. include() /app/layouts/site.php:130, referer: http://dealtrak/reporting/main
[Tue Jul 28 13:53:51.089693 2015] [:error] [pid 6661] [client 172.17.0.1:35435] PHP Notice:  Undefined index: select_lenders in /app/site/reporting/builder.phtml on line 146, referer: http://dealtrak/reporting/main
[Tue Jul 28 13:53:51.089696 2015] [:error] [pid 6661] [client 172.17.0.1:35435] PHP Stack trace:, referer: http://dealtrak/reporting/main
[Tue Jul 28 13:53:51.089699 2015] [:error] [pid 6661] [client 172.17.0.1:35435] PHP   1. {main}() /app/index.php:0, referer: http://dealtrak/reporting/main
[Tue Jul 28 13:53:51.089702 2015] [:error] [pid 6661] [client 172.17.0.1:35435] PHP   2. include() /app/index.php:363, referer: http://dealtrak/reporting/main
[Tue Jul 28 13:53:51.089705 2015] [:error] [pid 6661] [client 172.17.0.1:35435] PHP   3. include() /app/layouts/site.php:130, referer: http://dealtrak/reporting/main
[Tue Jul 28 13:53:51.089712 2015] [:error] [pid 6661] [client 172.17.0.1:35435] PHP Notice:  Undefined index: select_lenders in /app/site/reporting/builder.phtml on line 146, referer: http://dealtrak/reporting/main
[Tue Jul 28 13:53:51.089714 2015] [:error] [pid 6661] [client 172.17.0.1:35435] PHP Stack trace:, referer: http://dealtrak/reporting/main
[Tue Jul 28 13:53:51.089718 2015] [:error] [pid 6661] [client 172.17.0.1:35435] PHP   1. {main}() /app/index.php:0, referer: http://dealtrak/reporting/main
[Tue Jul 28 13:53:51.089723 2015] [:error] [pid 6661] [client 172.17.0.1:35435] PHP   2. include() /app/index.php:363, referer: http://dealtrak/reporting/main
[Tue Jul 28 13:53:51.089726 2015] [:error] [pid 6661] [client 172.17.0.1:35435] PHP   3. include() /app/layouts/site.php:130, referer: http://dealtrak/reporting/main
[Tue Jul 28 13:53:51.089734 2015] [:error] [pid 6661] [client 172.17.0.1:35435] PHP Notice:  Undefined index: select_lenders in /app/site/reporting/builder.phtml on line 146, referer: http://dealtrak/reporting/main
[Tue Jul 28 13:53:51.089736 2015] [:error] [pid 6661] [client 172.17.0.1:35435] PHP Stack trace:, referer: http://dealtrak/reporting/main
[Tue Jul 28 13:53:51.089739 2015] [:error] [pid 6661] [client 172.17.0.1:35435] PHP   1. {main}() /app/index.php:0, referer: http://dealtrak/reporting/main
[Tue Jul 28 13:53:51.089742 2015] [:error] [pid 6661] [client 172.17.0.1:35435] PHP   2. include() /app/index.php:363, referer: http://dealtrak/reporting/main
[Tue Jul 28 13:53:51.089745 2015] [:error] [pid 6661] [client 172.17.0.1:35435] PHP   3. include() /app/layouts/site.php:130, referer: http://dealtrak/reporting/main
[Tue Jul 28 13:53:51.089752 2015] [:error] [pid 6661] [client 172.17.0.1:35435] PHP Notice:  Undefined index: select_lenders in /app/site/reporting/builder.phtml on line 146, referer: http://dealtrak/reporting/main
[Tue Jul 28 13:53:51.089755 2015] [:error] [pid 6661] [client 172.17.0.1:35435] PHP Stack trace:, referer: http://dealtrak/reporting/main
[Tue Jul 28 13:53:51.089758 2015] [:error] [pid 6661] [client 172.17.0.1:35435] PHP   1. {main}() /app/index.php:0, referer: http://dealtrak/reporting/main
[Tue Jul 28 13:53:51.089761 2015] [:error] [pid 6661] [client 172.17.0.1:35435] PHP   2. include() /app/index.php:363, referer: http://dealtrak/reporting/main
[Tue Jul 28 13:53:51.089764 2015] [:error] [pid 6661] [client 172.17.0.1:35435] PHP   3. include() /app/layouts/site.php:130, referer: http://dealtrak/reporting/main
[Tue Jul 28 13:53:51.089771 2015] [:error] [pid 6661] [client 172.17.0.1:35435] PHP Notice:  Undefined index: select_lenders in /app/site/reporting/builder.phtml on line 146, referer: http://dealtrak/reporting/main
[Tue Jul 28 13:53:51.089773 2015] [:error] [pid 6661] [client 172.17.0.1:35435] PHP Stack trace:, referer: http://dealtrak/reporting/main
[Tue Jul 28 13:53:51.089776 2015] [:error] [pid 6661] [client 172.17.0.1:35435] PHP   1. {main}() /app/index.php:0, referer: http://dealtrak/reporting/main
[Tue Jul 28 13:53:51.089780 2015] [:error] [pid 6661] [client 172.17.0.1:35435] PHP   2. include() /app/index.php:363, referer: http://dealtrak/reporting/main
[Tue Jul 28 13:53:51.089783 2015] [:error] [pid 6661] [client 172.17.0.1:35435] PHP   3. include() /app/layouts/site.php:130, referer: http://dealtrak/reporting/main
[Tue Jul 28 13:53:51.089790 2015] [:error] [pid 6661] [client 172.17.0.1:35435] PHP Notice:  Undefined index: select_lenders in /app/site/reporting/builder.phtml on line 146, referer: http://dealtrak/reporting/main
[Tue Jul 28 13:53:51.089792 2015] [:error] [pid 6661] [client 172.17.0.1:35435] PHP Stack trace:, referer: http://dealtrak/reporting/main
[Tue Jul 28 13:53:51.089795 2015] [:error] [pid 6661] [client 172.17.0.1:35435] PHP   1. {main}() /app/index.php:0, referer: http://dealtrak/reporting/main
[Tue Jul 28 13:53:51.089798 2015] [:error] [pid 6661] [client 172.17.0.1:35435] PHP   2. include() /app/index.php:363, referer: http://dealtrak/reporting/main
[Tue Jul 28 13:53:51.089801 2015] [:error] [pid 6661] [client 172.17.0.1:35435] PHP   3. include() /app/layouts/site.php:130, referer: http://dealtrak/reporting/main
[Tue Jul 28 13:53:51.089811 2015] [:error] [pid 6661] [client 172.17.0.1:35435] PHP Notice:  Undefined index: select_lenders in /app/site/reporting/builder.phtml on line 146, referer: http://dealtrak/reporting/main
[Tue Jul 28 13:53:51.089814 2015] [:error] [pid 6661] [client 172.17.0.1:35435] PHP Stack trace:, referer: http://dealtrak/reporting/main
[Tue Jul 28 13:53:51.089817 2015] [:error] [pid 6661] [client 172.17.0.1:35435] PHP   1. {main}() /app/index.php:0, referer: http://dealtrak/reporting/main
[Tue Jul 28 13:53:51.089820 2015] [:error] [pid 6661] [client 172.17.0.1:35435] PHP   2. include() /app/index.php:363, referer: http://dealtrak/reporting/main
[Tue Jul 28 13:53:51.089823 2015] [:error] [pid 6661] [client 172.17.0.1:35435] PHP   3. include() /app/layouts/site.php:130, referer: http://dealtrak/reporting/main
[Tue Jul 28 13:53:51.089830 2015] [:error] [pid 6661] [client 172.17.0.1:35435] PHP Notice:  Undefined index: select_lenders in /app/site/reporting/builder.phtml on line 146, referer: http://dealtrak/reporting/main
[Tue Jul 28 13:53:51.089833 2015] [:error] [pid 6661] [client 172.17.0.1:35435] PHP Stack trace:, referer: http://dealtrak/reporting/main
[Tue Jul 28 13:53:51.089836 2015] [:error] [pid 6661] [client 172.17.0.1:35435] PHP   1. {main}() /app/index.php:0, referer: http://dealtrak/reporting/main
[Tue Jul 28 13:53:51.089839 2015] [:error] [pid 6661] [client 172.17.0.1:35435] PHP   2. include() /app/index.php:363, referer: http://dealtrak/reporting/main
[Tue Jul 28 13:53:51.089842 2015] [:error] [pid 6661] [client 172.17.0.1:35435] PHP   3. include() /app/layouts/site.php:130, referer: http://dealtrak/reporting/main
[Tue Jul 28 13:53:51.089849 2015] [:error] [pid 6661] [client 172.17.0.1:35435] PHP Notice:  Undefined index: select_lenders in /app/site/reporting/builder.phtml on line 146, referer: http://dealtrak/reporting/main
[Tue Jul 28 13:53:51.089851 2015] [:error] [pid 6661] [client 172.17.0.1:35435] PHP Stack trace:, referer: http://dealtrak/reporting/main
[Tue Jul 28 13:53:51.089854 2015] [:error] [pid 6661] [client 172.17.0.1:35435] PHP   1. {main}() /app/index.php:0, referer: http://dealtrak/reporting/main
[Tue Jul 28 13:53:51.089857 2015] [:error] [pid 6661] [client 172.17.0.1:35435] PHP   2. include() /app/index.php:363, referer: http://dealtrak/reporting/main
[Tue Jul 28 13:53:51.089860 2015] [:error] [pid 6661] [client 172.17.0.1:35435] PHP   3. include() /app/layouts/site.php:130, referer: http://dealtrak/reporting/main
[Tue Jul 28 13:53:51.089867 2015] [:error] [pid 6661] [client 172.17.0.1:35435] PHP Notice:  Undefined index: select_lenders in /app/site/reporting/builder.phtml on line 146, referer: http://dealtrak/reporting/main
[Tue Jul 28 13:53:51.089870 2015] [:error] [pid 6661] [client 172.17.0.1:35435] PHP Stack trace:, referer: http://dealtrak/reporting/main
[Tue Jul 28 13:53:51.089873 2015] [:error] [pid 6661] [client 172.17.0.1:35435] PHP   1. {main}() /app/index.php:0, referer: http://dealtrak/reporting/main
[Tue Jul 28 13:53:51.089876 2015] [:error] [pid 6661] [client 172.17.0.1:35435] PHP   2. include() /app/index.php:363, referer: http://dealtrak/reporting/main
[Tue Jul 28 13:53:51.089879 2015] [:error] [pid 6661] [client 172.17.0.1:35435] PHP   3. include() /app/layouts/site.php:130, referer: http://dealtrak/reporting/main
[Tue Jul 28 13:53:51.089886 2015] [:error] [pid 6661] [client 172.17.0.1:35435] PHP Notice:  Undefined index: select_lenders in /app/site/reporting/builder.phtml on line 146, referer: http://dealtrak/reporting/main
[Tue Jul 28 13:53:51.089890 2015] [:error] [pid 6661] [client 172.17.0.1:35435] PHP Stack trace:, referer: http://dealtrak/reporting/main
[Tue Jul 28 13:53:51.089893 2015] [:error] [pid 6661] [client 172.17.0.1:35435] PHP   1. {main}() /app/index.php:0, referer: http://dealtrak/reporting/main
[Tue Jul 28 13:53:51.089897 2015] [:error] [pid 6661] [client 172.17.0.1:35435] PHP   2. include() /app/index.php:363, referer: http://dealtrak/reporting/main
[Tue Jul 28 13:53:51.089900 2015] [:error] [pid 6661] [client 172.17.0.1:35435] PHP   3. include() /app/layouts/site.php:130, referer: http://dealtrak/reporting/main
[Tue Jul 28 13:53:51.089907 2015] [:error] [pid 6661] [client 172.17.0.1:35435] PHP Notice:  Undefined index: select_lenders in /app/site/reporting/builder.phtml on line 146, referer: http://dealtrak/reporting/main
[Tue Jul 28 13:53:51.089909 2015] [:error] [pid 6661] [client 172.17.0.1:35435] PHP Stack trace:, referer: http://dealtrak/reporting/main
[Tue Jul 28 13:53:51.089913 2015] [:error] [pid 6661] [client 172.17.0.1:35435] PHP   1. {main}() /app/index.php:0, referer: http://dealtrak/reporting/main
[Tue Jul 28 13:53:51.089916 2015] [:error] [pid 6661] [client 172.17.0.1:35435] PHP   2. include() /app/index.php:363, referer: http://dealtrak/reporting/main
[Tue Jul 28 13:53:51.089919 2015] [:error] [pid 6661] [client 172.17.0.1:35435] PHP   3. include() /app/layouts/site.php:130, referer: http://dealtrak/reporting/main
[Tue Jul 28 13:53:51.089926 2015] [:error] [pid 6661] [client 172.17.0.1:35435] PHP Notice:  Undefined index: select_lenders in /app/site/reporting/builder.phtml on line 146, referer: http://dealtrak/reporting/main
[Tue Jul 28 13:53:51.089928 2015] [:error] [pid 6661] [client 172.17.0.1:35435] PHP Stack trace:, referer: http://dealtrak/reporting/main
[Tue Jul 28 13:53:51.089931 2015] [:error] [pid 6661] [client 172.17.0.1:35435] PHP   1. {main}() /app/index.php:0, referer: http://dealtrak/reporting/main
[Tue Jul 28 13:53:51.089934 2015] [:error] [pid 6661] [client 172.17.0.1:35435] PHP   2. include() /app/index.php:363, referer: http://dealtrak/reporting/main
[Tue Jul 28 13:53:51.089937 2015] [:error] [pid 6661] [client 172.17.0.1:35435] PHP   3. include() /app/layouts/site.php:130, referer: http://dealtrak/reporting/main
[Tue Jul 28 13:53:51.089945 2015] [:error] [pid 6661] [client 172.17.0.1:35435] PHP Notice:  Undefined index: select_lenders in /app/site/reporting/builder.phtml on line 146, referer: http://dealtrak/reporting/main
[Tue Jul 28 13:53:51.089947 2015] [:error] [pid 6661] [client 172.17.0.1:35435] PHP Stack trace:, referer: http://dealtrak/reporting/main
[Tue Jul 28 13:53:51.089950 2015] [:error] [pid 6661] [client 172.17.0.1:35435] PHP   1. {main}() /app/index.php:0, referer: http://dealtrak/reporting/main
[Tue Jul 28 13:53:51.089953 2015] [:error] [pid 6661] [client 172.17.0.1:35435] PHP   2. include() /app/index.php:363, referer: http://dealtrak/reporting/main
[Tue Jul 28 13:53:51.089956 2015] [:error] [pid 6661] [client 172.17.0.1:35435] PHP   3. include() /app/layouts/site.php:130, referer: http://dealtrak/reporting/main
[Tue Jul 28 13:53:51.089963 2015] [:error] [pid 6661] [client 172.17.0.1:35435] PHP Notice:  Undefined index: select_lenders in /app/site/reporting/builder.phtml on line 146, referer: http://dealtrak/reporting/main
[Tue Jul 28 13:53:51.089966 2015] [:error] [pid 6661] [client 172.17.0.1:35435] PHP Stack trace:, referer: http://dealtrak/reporting/main
[Tue Jul 28 13:53:51.089969 2015] [:error] [pid 6661] [client 172.17.0.1:35435] PHP   1. {main}() /app/index.php:0, referer: http://dealtrak/reporting/main
[Tue Jul 28 13:53:51.089972 2015] [:error] [pid 6661] [client 172.17.0.1:35435] PHP   2. include() /app/index.php:363, referer: http://dealtrak/reporting/main
[Tue Jul 28 13:53:51.089978 2015] [:error] [pid 6661] [client 172.17.0.1:35435] PHP   3. include() /app/layouts/site.php:130, referer: http://dealtrak/reporting/main
[Tue Jul 28 13:53:51.089985 2015] [:error] [pid 6661] [client 172.17.0.1:35435] PHP Notice:  Undefined index: select_lenders in /app/site/reporting/builder.phtml on line 146, referer: http://dealtrak/reporting/main
[Tue Jul 28 13:53:51.089987 2015] [:error] [pid 6661] [client 172.17.0.1:35435] PHP Stack trace:, referer: http://dealtrak/reporting/main
[Tue Jul 28 13:53:51.089990 2015] [:error] [pid 6661] [client 172.17.0.1:35435] PHP   1. {main}() /app/index.php:0, referer: http://dealtrak/reporting/main
[Tue Jul 28 13:53:51.089993 2015] [:error] [pid 6661] [client 172.17.0.1:35435] PHP   2. include() /app/index.php:363, referer: http://dealtrak/reporting/main
[Tue Jul 28 13:53:51.089997 2015] [:error] [pid 6661] [client 172.17.0.1:35435] PHP   3. include() /app/layouts/site.php:130, referer: http://dealtrak/reporting/main
[Tue Jul 28 13:53:51.090004 2015] [:error] [pid 6661] [client 172.17.0.1:35435] PHP Notice:  Undefined index: select_lenders in /app/site/reporting/builder.phtml on line 146, referer: http://dealtrak/reporting/main
[Tue Jul 28 13:53:51.090006 2015] [:error] [pid 6661] [client 172.17.0.1:35435] PHP Stack trace:, referer: http://dealtrak/reporting/main
[Tue Jul 28 13:53:51.090009 2015] [:error] [pid 6661] [client 172.17.0.1:35435] PHP   1. {main}() /app/index.php:0, referer: http://dealtrak/reporting/main
[Tue Jul 28 13:53:51.090012 2015] [:error] [pid 6661] [client 172.17.0.1:35435] PHP   2. include() /app/index.php:363, referer: http://dealtrak/reporting/main
[Tue Jul 28 13:53:51.090015 2015] [:error] [pid 6661] [client 172.17.0.1:35435] PHP   3. include() /app/layouts/site.php:130, referer: http://dealtrak/reporting/main
[Tue Jul 28 13:53:51.090022 2015] [:error] [pid 6661] [client 172.17.0.1:35435] PHP Notice:  Undefined index: select_lenders in /app/site/reporting/builder.phtml on line 146, referer: http://dealtrak/reporting/main
[Tue Jul 28 13:53:51.090025 2015] [:error] [pid 6661] [client 172.17.0.1:35435] PHP Stack trace:, referer: http://dealtrak/reporting/main
[Tue Jul 28 13:53:51.090028 2015] [:error] [pid 6661] [client 172.17.0.1:35435] PHP   1. {main}() /app/index.php:0, referer: http://dealtrak/reporting/main
[Tue Jul 28 13:53:51.090031 2015] [:error] [pid 6661] [client 172.17.0.1:35435] PHP   2. include() /app/index.php:363, referer: http://dealtrak/reporting/main
[Tue Jul 28 13:53:51.090034 2015] [:error] [pid 6661] [client 172.17.0.1:35435] PHP   3. include() /app/layouts/site.php:130, referer: http://dealtrak/reporting/main
[Tue Jul 28 13:53:51.090041 2015] [:error] [pid 6661] [client 172.17.0.1:35435] PHP Notice:  Undefined index: select_lenders in /app/site/reporting/builder.phtml on line 146, referer: http://dealtrak/reporting/main
[Tue Jul 28 13:53:51.090043 2015] [:error] [pid 6661] [client 172.17.0.1:35435] PHP Stack trace:, referer: http://dealtrak/reporting/main
[Tue Jul 28 13:53:51.090047 2015] [:error] [pid 6661] [client 172.17.0.1:35435] PHP   1. {main}() /app/index.php:0, referer: http://dealtrak/reporting/main
[Tue Jul 28 13:53:51.090050 2015] [:error] [pid 6661] [client 172.17.0.1:35435] PHP   2. include() /app/index.php:363, referer: http://dealtrak/reporting/main
[Tue Jul 28 13:53:51.090053 2015] [:error] [pid 6661] [client 172.17.0.1:35435] PHP   3. include() /app/layouts/site.php:130, referer: http://dealtrak/reporting/main
[Tue Jul 28 13:53:51.090060 2015] [:error] [pid 6661] [client 172.17.0.1:35435] PHP Notice:  Undefined index: select_lenders in /app/site/reporting/builder.phtml on line 146, referer: http://dealtrak/reporting/main
[Tue Jul 28 13:53:51.090064 2015] [:error] [pid 6661] [client 172.17.0.1:35435] PHP Stack trace:, referer: http://dealtrak/reporting/main
[Tue Jul 28 13:53:51.090068 2015] [:error] [pid 6661] [client 172.17.0.1:35435] PHP   1. {main}() /app/index.php:0, referer: http://dealtrak/reporting/main
[Tue Jul 28 13:53:51.090071 2015] [:error] [pid 6661] [client 172.17.0.1:35435] PHP   2. include() /app/index.php:363, referer: http://dealtrak/reporting/main
[Tue Jul 28 13:53:51.090074 2015] [:error] [pid 6661] [client 172.17.0.1:35435] PHP   3. include() /app/layouts/site.php:130, referer: http://dealtrak/reporting/main
[Tue Jul 28 13:53:51.090081 2015] [:error] [pid 6661] [client 172.17.0.1:35435] PHP Notice:  Undefined index: select_lenders in /app/site/reporting/builder.phtml on line 146, referer: http://dealtrak/reporting/main
[Tue Jul 28 13:53:51.090083 2015] [:error] [pid 6661] [client 172.17.0.1:35435] PHP Stack trace:, referer: http://dealtrak/reporting/main
[Tue Jul 28 13:53:51.090087 2015] [:error] [pid 6661] [client 172.17.0.1:35435] PHP   1. {main}() /app/index.php:0, referer: http://dealtrak/reporting/main
[Tue Jul 28 13:53:51.090090 2015] [:error] [pid 6661] [client 172.17.0.1:35435] PHP   2. include() /app/index.php:363, referer: http://dealtrak/reporting/main
[Tue Jul 28 13:53:51.090093 2015] [:error] [pid 6661] [client 172.17.0.1:35435] PHP   3. include() /app/layouts/site.php:130, referer: http://dealtrak/reporting/main
[Tue Jul 28 13:53:51.090100 2015] [:error] [pid 6661] [client 172.17.0.1:35435] PHP Notice:  Undefined index: select_lenders in /app/site/reporting/builder.phtml on line 146, referer: http://dealtrak/reporting/main
[Tue Jul 28 13:53:51.090102 2015] [:error] [pid 6661] [client 172.17.0.1:35435] PHP Stack trace:, referer: http://dealtrak/reporting/main
[Tue Jul 28 13:53:51.090105 2015] [:error] [pid 6661] [client 172.17.0.1:35435] PHP   1. {main}() /app/index.php:0, referer: http://dealtrak/reporting/main
[Tue Jul 28 13:53:51.090109 2015] [:error] [pid 6661] [client 172.17.0.1:35435] PHP   2. include() /app/index.php:363, referer: http://dealtrak/reporting/main
[Tue Jul 28 13:53:51.090112 2015] [:error] [pid 6661] [client 172.17.0.1:35435] PHP   3. include() /app/layouts/site.php:130, referer: http://dealtrak/reporting/main
[Tue Jul 28 13:53:51.090118 2015] [:error] [pid 6661] [client 172.17.0.1:35435] PHP Notice:  Undefined index: select_lenders in /app/site/reporting/builder.phtml on line 146, referer: http://dealtrak/reporting/main
[Tue Jul 28 13:53:51.090121 2015] [:error] [pid 6661] [client 172.17.0.1:35435] PHP Stack trace:, referer: http://dealtrak/reporting/main
[Tue Jul 28 13:53:51.090124 2015] [:error] [pid 6661] [client 172.17.0.1:35435] PHP   1. {main}() /app/index.php:0, referer: http://dealtrak/reporting/main
[Tue Jul 28 13:53:51.090127 2015] [:error] [pid 6661] [client 172.17.0.1:35435] PHP   2. include() /app/index.php:363, referer: http://dealtrak/reporting/main
[Tue Jul 28 13:53:51.090130 2015] [:error] [pid 6661] [client 172.17.0.1:35435] PHP   3. include() /app/layouts/site.php:130, referer: http://dealtrak/reporting/main
[Tue Jul 28 13:53:51.090137 2015] [:error] [pid 6661] [client 172.17.0.1:35435] PHP Notice:  Undefined index: select_lenders in /app/site/reporting/builder.phtml on line 146, referer: http://dealtrak/reporting/main
[Tue Jul 28 13:53:51.090139 2015] [:error] [pid 6661] [client 172.17.0.1:35435] PHP Stack trace:, referer: http://dealtrak/reporting/main
[Tue Jul 28 13:53:51.090142 2015] [:error] [pid 6661] [client 172.17.0.1:35435] PHP   1. {main}() /app/index.php:0, referer: http://dealtrak/reporting/main
[Tue Jul 28 13:53:51.090148 2015] [:error] [pid 6661] [client 172.17.0.1:35435] PHP   2. include() /app/index.php:363, referer: http://dealtrak/reporting/main
[Tue Jul 28 13:53:51.090151 2015] [:error] [pid 6661] [client 172.17.0.1:35435] PHP   3. include() /app/layouts/site.php:130, referer: http://dealtrak/reporting/main
[Tue Jul 28 13:53:51.090159 2015] [:error] [pid 6661] [client 172.17.0.1:35435] PHP Notice:  Undefined index: select_lenders in /app/site/reporting/builder.phtml on line 146, referer: http://dealtrak/reporting/main
[Tue Jul 28 13:53:51.090161 2015] [:error] [pid 6661] [client 172.17.0.1:35435] PHP Stack trace:, referer: http://dealtrak/reporting/main
[Tue Jul 28 13:53:51.090164 2015] [:error] [pid 6661] [client 172.17.0.1:35435] PHP   1. {main}() /app/index.php:0, referer: http://dealtrak/reporting/main
[Tue Jul 28 13:53:51.090167 2015] [:error] [pid 6661] [client 172.17.0.1:35435] PHP   2. include() /app/index.php:363, referer: http://dealtrak/reporting/main
[Tue Jul 28 13:53:51.090170 2015] [:error] [pid 6661] [client 172.17.0.1:35435] PHP   3. include() /app/layouts/site.php:130, referer: http://dealtrak/reporting/main
[Tue Jul 28 13:53:51.090177 2015] [:error] [pid 6661] [client 172.17.0.1:35435] PHP Notice:  Undefined index: select_lenders in /app/site/reporting/builder.phtml on line 146, referer: http://dealtrak/reporting/main
[Tue Jul 28 13:53:51.090180 2015] [:error] [pid 6661] [client 172.17.0.1:35435] PHP Stack trace:, referer: http://dealtrak/reporting/main
[Tue Jul 28 13:53:51.090183 2015] [:error] [pid 6661] [client 172.17.0.1:35435] PHP   1. {main}() /app/index.php:0, referer: http://dealtrak/reporting/main
[Tue Jul 28 13:53:51.090186 2015] [:error] [pid 6661] [client 172.17.0.1:35435] PHP   2. include() /app/index.php:363, referer: http://dealtrak/reporting/main
[Tue Jul 28 13:53:51.090189 2015] [:error] [pid 6661] [client 172.17.0.1:35435] PHP   3. include() /app/layouts/site.php:130, referer: http://dealtrak/reporting/main
[Tue Jul 28 13:53:51.090196 2015] [:error] [pid 6661] [client 172.17.0.1:35435] PHP Notice:  Undefined index: select_lenders in /app/site/reporting/builder.phtml on line 146, referer: http://dealtrak/reporting/main
[Tue Jul 28 13:53:51.090199 2015] [:error] [pid 6661] [client 172.17.0.1:35435] PHP Stack trace:, referer: http://dealtrak/reporting/main
[Tue Jul 28 13:53:51.090202 2015] [:error] [pid 6661] [client 172.17.0.1:35435] PHP   1. {main}() /app/index.php:0, referer: http://dealtrak/reporting/main
[Tue Jul 28 13:53:51.090205 2015] [:error] [pid 6661] [client 172.17.0.1:35435] PHP   2. include() /app/index.php:363, referer: http://dealtrak/reporting/main
[Tue Jul 28 13:53:51.090208 2015] [:error] [pid 6661] [client 172.17.0.1:35435] PHP   3. include() /app/layouts/site.php:130, referer: http://dealtrak/reporting/main
[Tue Jul 28 13:53:51.090215 2015] [:error] [pid 6661] [client 172.17.0.1:35435] PHP Notice:  Undefined index: select_lenders in /app/site/reporting/builder.phtml on line 146, referer: http://dealtrak/reporting/main
[Tue Jul 28 13:53:51.090217 2015] [:error] [pid 6661] [client 172.17.0.1:35435] PHP Stack trace:, referer: http://dealtrak/reporting/main
[Tue Jul 28 13:53:51.090221 2015] [:error] [pid 6661] [client 172.17.0.1:35435] PHP   1. {main}() /app/index.php:0, referer: http://dealtrak/reporting/main
[Tue Jul 28 13:53:51.090224 2015] [:error] [pid 6661] [client 172.17.0.1:35435] PHP   2. include() /app/index.php:363, referer: http://dealtrak/reporting/main
[Tue Jul 28 13:53:51.090227 2015] [:error] [pid 6661] [client 172.17.0.1:35435] PHP   3. include() /app/layouts/site.php:130, referer: http://dealtrak/reporting/main
[Tue Jul 28 13:53:51.090236 2015] [:error] [pid 6661] [client 172.17.0.1:35435] PHP Notice:  Undefined index: select_lenders in /app/site/reporting/builder.phtml on line 146, referer: http://dealtrak/reporting/main
[Tue Jul 28 13:53:51.090239 2015] [:error] [pid 6661] [client 172.17.0.1:35435] PHP Stack trace:, referer: http://dealtrak/reporting/main
[Tue Jul 28 13:53:51.090242 2015] [:error] [pid 6661] [client 172.17.0.1:35435] PHP   1. {main}() /app/index.php:0, referer: http://dealtrak/reporting/main
[Tue Jul 28 13:53:51.090245 2015] [:error] [pid 6661] [client 172.17.0.1:35435] PHP   2. include() /app/index.php:363, referer: http://dealtrak/reporting/main
[Tue Jul 28 13:53:51.090248 2015] [:error] [pid 6661] [client 172.17.0.1:35435] PHP   3. include() /app/layouts/site.php:130, referer: http://dealtrak/reporting/main
[Tue Jul 28 13:53:51.090255 2015] [:error] [pid 6661] [client 172.17.0.1:35435] PHP Notice:  Undefined index: select_lenders in /app/site/reporting/builder.phtml on line 146, referer: http://dealtrak/reporting/main
[Tue Jul 28 13:53:51.090258 2015] [:error] [pid 6661] [client 172.17.0.1:35435] PHP Stack trace:, referer: http://dealtrak/reporting/main
[Tue Jul 28 13:53:51.090261 2015] [:error] [pid 6661] [client 172.17.0.1:35435] PHP   1. {main}() /app/index.php:0, referer: http://dealtrak/reporting/main
[Tue Jul 28 13:53:51.090264 2015] [:error] [pid 6661] [client 172.17.0.1:35435] PHP   2. include() /app/index.php:363, referer: http://dealtrak/reporting/main
[Tue Jul 28 13:53:51.090267 2015] [:error] [pid 6661] [client 172.17.0.1:35435] PHP   3. include() /app/layouts/site.php:130, referer: http://dealtrak/reporting/main
[Tue Jul 28 13:53:51.090274 2015] [:error] [pid 6661] [client 172.17.0.1:35435] PHP Notice:  Undefined index: select_lenders in /app/site/reporting/builder.phtml on line 146, referer: http://dealtrak/reporting/main
[Tue Jul 28 13:53:51.090276 2015] [:error] [pid 6661] [client 172.17.0.1:35435] PHP Stack trace:, referer: http://dealtrak/reporting/main
[Tue Jul 28 13:53:51.090279 2015] [:error] [pid 6661] [client 172.17.0.1:35435] PHP   1. {main}() /app/index.php:0, referer: http://dealtrak/reporting/main
[Tue Jul 28 13:53:51.090283 2015] [:error] [pid 6661] [client 172.17.0.1:35435] PHP   2. include() /app/index.php:363, referer: http://dealtrak/reporting/main
[Tue Jul 28 13:53:51.090286 2015] [:error] [pid 6661] [client 172.17.0.1:35435] PHP   3. include() /app/layouts/site.php:130, referer: http://dealtrak/reporting/main
[Tue Jul 28 13:53:51.090293 2015] [:error] [pid 6661] [client 172.17.0.1:35435] PHP Notice:  Undefined index: select_lenders in /app/site/reporting/builder.phtml on line 146, referer: http://dealtrak/reporting/main
[Tue Jul 28 13:53:51.090295 2015] [:error] [pid 6661] [client 172.17.0.1:35435] PHP Stack trace:, referer: http://dealtrak/reporting/main
[Tue Jul 28 13:53:51.090298 2015] [:error] [pid 6661] [client 172.17.0.1:35435] PHP   1. {main}() /app/index.php:0, referer: http://dealtrak/reporting/main
[Tue Jul 28 13:53:51.090301 2015] [:error] [pid 6661] [client 172.17.0.1:35435] PHP   2. include() /app/index.php:363, referer: http://dealtrak/reporting/main
[Tue Jul 28 13:53:51.090304 2015] [:error] [pid 6661] [client 172.17.0.1:35435] PHP   3. include() /app/layouts/site.php:130, referer: http://dealtrak/reporting/main
[Tue Jul 28 13:53:51.090312 2015] [:error] [pid 6661] [client 172.17.0.1:35435] PHP Notice:  Undefined index: select_lenders in /app/site/reporting/builder.phtml on line 146, referer: http://dealtrak/reporting/main
[Tue Jul 28 13:53:51.090317 2015] [:error] [pid 6661] [client 172.17.0.1:35435] PHP Stack trace:, referer: http://dealtrak/reporting/main
[Tue Jul 28 13:53:51.090320 2015] [:error] [pid 6661] [client 172.17.0.1:35435] PHP   1. {main}() /app/index.php:0, referer: http://dealtrak/reporting/main
[Tue Jul 28 13:53:51.090323 2015] [:error] [pid 6661] [client 172.17.0.1:35435] PHP   2. include() /app/index.php:363, referer: http://dealtrak/reporting/main
[Tue Jul 28 13:53:51.090326 2015] [:error] [pid 6661] [client 172.17.0.1:35435] PHP   3. include() /app/layouts/site.php:130, referer: http://dealtrak/reporting/main
[Tue Jul 28 13:53:51.090333 2015] [:error] [pid 6661] [client 172.17.0.1:35435] PHP Notice:  Undefined index: select_lenders in /app/site/reporting/builder.phtml on line 146, referer: http://dealtrak/reporting/main
[Tue Jul 28 13:53:51.090336 2015] [:error] [pid 6661] [client 172.17.0.1:35435] PHP Stack trace:, referer: http://dealtrak/reporting/main
[Tue Jul 28 13:53:51.090339 2015] [:error] [pid 6661] [client 172.17.0.1:35435] PHP   1. {main}() /app/index.php:0, referer: http://dealtrak/reporting/main
[Tue Jul 28 13:53:51.090342 2015] [:error] [pid 6661] [client 172.17.0.1:35435] PHP   2. include() /app/index.php:363, referer: http://dealtrak/reporting/main
[Tue Jul 28 13:53:51.090345 2015] [:error] [pid 6661] [client 172.17.0.1:35435] PHP   3. include() /app/layouts/site.php:130, referer: http://dealtrak/reporting/main
[Tue Jul 28 13:53:51.090352 2015] [:error] [pid 6661] [client 172.17.0.1:35435] PHP Notice:  Undefined index: select_lenders in /app/site/reporting/builder.phtml on line 146, referer: http://dealtrak/reporting/main
[Tue Jul 28 13:53:51.090354 2015] [:error] [pid 6661] [client 172.17.0.1:35435] PHP Stack trace:, referer: http://dealtrak/reporting/main
[Tue Jul 28 13:53:51.090357 2015] [:error] [pid 6661] [client 172.17.0.1:35435] PHP   1. {main}() /app/index.php:0, referer: http://dealtrak/reporting/main
[Tue Jul 28 13:53:51.090361 2015] [:error] [pid 6661] [client 172.17.0.1:35435] PHP   2. include() /app/index.php:363, referer: http://dealtrak/reporting/main
[Tue Jul 28 13:53:51.090364 2015] [:error] [pid 6661] [client 172.17.0.1:35435] PHP   3. include() /app/layouts/site.php:130, referer: http://dealtrak/reporting/main
[Tue Jul 28 13:53:51.090371 2015] [:error] [pid 6661] [client 172.17.0.1:35435] PHP Notice:  Undefined index: select_lenders in /app/site/reporting/builder.phtml on line 146, referer: http://dealtrak/reporting/main
[Tue Jul 28 13:53:51.090373 2015] [:error] [pid 6661] [client 172.17.0.1:35435] PHP Stack trace:, referer: http://dealtrak/reporting/main
[Tue Jul 28 13:53:51.090376 2015] [:error] [pid 6661] [client 172.17.0.1:35435] PHP   1. {main}() /app/index.php:0, referer: http://dealtrak/reporting/main
[Tue Jul 28 13:53:51.090379 2015] [:error] [pid 6661] [client 172.17.0.1:35435] PHP   2. include() /app/index.php:363, referer: http://dealtrak/reporting/main
[Tue Jul 28 13:53:51.090382 2015] [:error] [pid 6661] [client 172.17.0.1:35435] PHP   3. include() /app/layouts/site.php:130, referer: http://dealtrak/reporting/main
[Tue Jul 28 13:53:51.090389 2015] [:error] [pid 6661] [client 172.17.0.1:35435] PHP Notice:  Undefined index: select_lenders in /app/site/reporting/builder.phtml on line 146, referer: http://dealtrak/reporting/main
[Tue Jul 28 13:53:51.090391 2015] [:error] [pid 6661] [client 172.17.0.1:35435] PHP Stack trace:, referer: http://dealtrak/reporting/main
[Tue Jul 28 13:53:51.090395 2015] [:error] [pid 6661] [client 172.17.0.1:35435] PHP   1. {main}() /app/index.php:0, referer: http://dealtrak/reporting/main
[Tue Jul 28 13:53:51.090398 2015] [:error] [pid 6661] [client 172.17.0.1:35435] PHP   2. include() /app/index.php:363, referer: http://dealtrak/reporting/main
[Tue Jul 28 13:53:51.090403 2015] [:error] [pid 6661] [client 172.17.0.1:35435] PHP   3. include() /app/layouts/site.php:130, referer: http://dealtrak/reporting/main
[Tue Jul 28 13:53:51.090410 2015] [:error] [pid 6661] [client 172.17.0.1:35435] PHP Notice:  Undefined index: select_lenders in /app/site/reporting/builder.phtml on line 146, referer: http://dealtrak/reporting/main
[Tue Jul 28 13:53:51.090413 2015] [:error] [pid 6661] [client 172.17.0.1:35435] PHP Stack trace:, referer: http://dealtrak/reporting/main
[Tue Jul 28 13:53:51.090416 2015] [:error] [pid 6661] [client 172.17.0.1:35435] PHP   1. {main}() /app/index.php:0, referer: http://dealtrak/reporting/main
[Tue Jul 28 13:53:51.090419 2015] [:error] [pid 6661] [client 172.17.0.1:35435] PHP   2. include() /app/index.php:363, referer: http://dealtrak/reporting/main
[Tue Jul 28 13:53:51.090422 2015] [:error] [pid 6661] [client 172.17.0.1:35435] PHP   3. include() /app/layouts/site.php:130, referer: http://dealtrak/reporting/main
[Tue Jul 28 13:53:51.090429 2015] [:error] [pid 6661] [client 172.17.0.1:35435] PHP Notice:  Undefined index: select_lenders in /app/site/reporting/builder.phtml on line 146, referer: http://dealtrak/reporting/main
[Tue Jul 28 13:53:51.090432 2015] [:error] [pid 6661] [client 172.17.0.1:35435] PHP Stack trace:, referer: http://dealtrak/reporting/main
[Tue Jul 28 13:53:51.090435 2015] [:error] [pid 6661] [client 172.17.0.1:35435] PHP   1. {main}() /app/index.php:0, referer: http://dealtrak/reporting/main
[Tue Jul 28 13:53:51.090438 2015] [:error] [pid 6661] [client 172.17.0.1:35435] PHP   2. include() /app/index.php:363, referer: http://dealtrak/reporting/main
[Tue Jul 28 13:53:51.090441 2015] [:error] [pid 6661] [client 172.17.0.1:35435] PHP   3. include() /app/layouts/site.php:130, referer: http://dealtrak/reporting/main
[Tue Jul 28 13:53:51.090448 2015] [:error] [pid 6661] [client 172.17.0.1:35435] PHP Notice:  Undefined index: select_lenders in /app/site/reporting/builder.phtml on line 146, referer: http://dealtrak/reporting/main
[Tue Jul 28 13:53:51.090451 2015] [:error] [pid 6661] [client 172.17.0.1:35435] PHP Stack trace:, referer: http://dealtrak/reporting/main
[Tue Jul 28 13:53:51.090454 2015] [:error] [pid 6661] [client 172.17.0.1:35435] PHP   1. {main}() /app/index.php:0, referer: http://dealtrak/reporting/main
[Tue Jul 28 13:53:51.090457 2015] [:error] [pid 6661] [client 172.17.0.1:35435] PHP   2. include() /app/index.php:363, referer: http://dealtrak/reporting/main
[Tue Jul 28 13:53:51.090460 2015] [:error] [pid 6661] [client 172.17.0.1:35435] PHP   3. include() /app/layouts/site.php:130, referer: http://dealtrak/reporting/main
[Tue Jul 28 13:53:51.090467 2015] [:error] [pid 6661] [client 172.17.0.1:35435] PHP Notice:  Undefined index: select_lenders in /app/site/reporting/builder.phtml on line 146, referer: http://dealtrak/reporting/main
[Tue Jul 28 13:53:51.090469 2015] [:error] [pid 6661] [client 172.17.0.1:35435] PHP Stack trace:, referer: http://dealtrak/reporting/main
[Tue Jul 28 13:53:51.090472 2015] [:error] [pid 6661] [client 172.17.0.1:35435] PHP   1. {main}() /app/index.php:0, referer: http://dealtrak/reporting/main
[Tue Jul 28 13:53:51.090476 2015] [:error] [pid 6661] [client 172.17.0.1:35435] PHP   2. include() /app/index.php:363, referer: http://dealtrak/reporting/main
[Tue Jul 28 13:53:51.090479 2015] [:error] [pid 6661] [client 172.17.0.1:35435] PHP   3. include() /app/layouts/site.php:130, referer: http://dealtrak/reporting/main
[Tue Jul 28 13:53:51.090486 2015] [:error] [pid 6661] [client 172.17.0.1:35435] PHP Notice:  Undefined index: select_lenders in /app/site/reporting/builder.phtml on line 146, referer: http://dealtrak/reporting/main
[Tue Jul 28 13:53:51.090490 2015] [:error] [pid 6661] [client 172.17.0.1:35435] PHP Stack trace:, referer: http://dealtrak/reporting/main
[Tue Jul 28 13:53:51.090494 2015] [:error] [pid 6661] [client 172.17.0.1:35435] PHP   1. {main}() /app/index.php:0, referer: http://dealtrak/reporting/main
[Tue Jul 28 13:53:51.090497 2015] [:error] [pid 6661] [client 172.17.0.1:35435] PHP   2. include() /app/index.php:363, referer: http://dealtrak/reporting/main
[Tue Jul 28 13:53:51.090500 2015] [:error] [pid 6661] [client 172.17.0.1:35435] PHP   3. include() /app/layouts/site.php:130, referer: http://dealtrak/reporting/main
[Tue Jul 28 13:53:51.090507 2015] [:error] [pid 6661] [client 172.17.0.1:35435] PHP Notice:  Undefined index: select_lenders in /app/site/reporting/builder.phtml on line 146, referer: http://dealtrak/reporting/main
[Tue Jul 28 13:53:51.090509 2015] [:error] [pid 6661] [client 172.17.0.1:35435] PHP Stack trace:, referer: http://dealtrak/reporting/main
[Tue Jul 28 13:53:51.090512 2015] [:error] [pid 6661] [client 172.17.0.1:35435] PHP   1. {main}() /app/index.php:0, referer: http://dealtrak/reporting/main
[Tue Jul 28 13:53:51.090516 2015] [:error] [pid 6661] [client 172.17.0.1:35435] PHP   2. include() /app/index.php:363, referer: http://dealtrak/reporting/main
[Tue Jul 28 13:53:51.090519 2015] [:error] [pid 6661] [client 172.17.0.1:35435] PHP   3. include() /app/layouts/site.php:130, referer: http://dealtrak/reporting/main
[Tue Jul 28 13:53:51.090526 2015] [:error] [pid 6661] [client 172.17.0.1:35435] PHP Notice:  Undefined index: select_lenders in /app/site/reporting/builder.phtml on line 146, referer: http://dealtrak/reporting/main
[Tue Jul 28 13:53:51.090528 2015] [:error] [pid 6661] [client 172.17.0.1:35435] PHP Stack trace:, referer: http://dealtrak/reporting/main
[Tue Jul 28 13:53:51.090531 2015] [:error] [pid 6661] [client 172.17.0.1:35435] PHP   1. {main}() /app/index.php:0, referer: http://dealtrak/reporting/main
[Tue Jul 28 13:53:51.090535 2015] [:error] [pid 6661] [client 172.17.0.1:35435] PHP   2. include() /app/index.php:363, referer: http://dealtrak/reporting/main
[Tue Jul 28 13:53:51.090538 2015] [:error] [pid 6661] [client 172.17.0.1:35435] PHP   3. include() /app/layouts/site.php:130, referer: http://dealtrak/reporting/main
[Tue Jul 28 13:53:51.090545 2015] [:error] [pid 6661] [client 172.17.0.1:35435] PHP Notice:  Undefined index: select_lenders in /app/site/reporting/builder.phtml on line 146, referer: http://dealtrak/reporting/main
[Tue Jul 28 13:53:51.090547 2015] [:error] [pid 6661] [client 172.17.0.1:35435] PHP Stack trace:, referer: http://dealtrak/reporting/main
[Tue Jul 28 13:53:51.090550 2015] [:error] [pid 6661] [client 172.17.0.1:35435] PHP   1. {main}() /app/index.php:0, referer: http://dealtrak/reporting/main
[Tue Jul 28 13:53:51.090553 2015] [:error] [pid 6661] [client 172.17.0.1:35435] PHP   2. include() /app/index.php:363, referer: http://dealtrak/reporting/main
[Tue Jul 28 13:53:51.090557 2015] [:error] [pid 6661] [client 172.17.0.1:35435] PHP   3. include() /app/layouts/site.php:130, referer: http://dealtrak/reporting/main
[Tue Jul 28 13:53:51.090563 2015] [:error] [pid 6661] [client 172.17.0.1:35435] PHP Notice:  Undefined index: select_lenders in /app/site/reporting/builder.phtml on line 146, referer: http://dealtrak/reporting/main
[Tue Jul 28 13:53:51.090566 2015] [:error] [pid 6661] [client 172.17.0.1:35435] PHP Stack trace:, referer: http://dealtrak/reporting/main
[Tue Jul 28 13:53:51.090569 2015] [:error] [pid 6661] [client 172.17.0.1:35435] PHP   1. {main}() /app/index.php:0, referer: http://dealtrak/reporting/main
[Tue Jul 28 13:53:51.090574 2015] [:error] [pid 6661] [client 172.17.0.1:35435] PHP   2. include() /app/index.php:363, referer: http://dealtrak/reporting/main
[Tue Jul 28 13:53:51.090578 2015] [:error] [pid 6661] [client 172.17.0.1:35435] PHP   3. include() /app/layouts/site.php:130, referer: http://dealtrak/reporting/main
[Tue Jul 28 13:53:51.090585 2015] [:error] [pid 6661] [client 172.17.0.1:35435] PHP Notice:  Undefined index: select_lenders in /app/site/reporting/builder.phtml on line 146, referer: http://dealtrak/reporting/main
[Tue Jul 28 13:53:51.090587 2015] [:error] [pid 6661] [client 172.17.0.1:35435] PHP Stack trace:, referer: http://dealtrak/reporting/main
[Tue Jul 28 13:53:51.090590 2015] [:error] [pid 6661] [client 172.17.0.1:35435] PHP   1. {main}() /app/index.php:0, referer: http://dealtrak/reporting/main
[Tue Jul 28 13:53:51.090593 2015] [:error] [pid 6661] [client 172.17.0.1:35435] PHP   2. include() /app/index.php:363, referer: http://dealtrak/reporting/main
[Tue Jul 28 13:53:51.090596 2015] [:error] [pid 6661] [client 172.17.0.1:35435] PHP   3. include() /app/layouts/site.php:130, referer: http://dealtrak/reporting/main
[Tue Jul 28 13:53:51.090603 2015] [:error] [pid 6661] [client 172.17.0.1:35435] PHP Notice:  Undefined index: select_lenders in /app/site/reporting/builder.phtml on line 146, referer: http://dealtrak/reporting/main
[Tue Jul 28 13:53:51.090606 2015] [:error] [pid 6661] [client 172.17.0.1:35435] PHP Stack trace:, referer: http://dealtrak/reporting/main
[Tue Jul 28 13:53:51.090609 2015] [:error] [pid 6661] [client 172.17.0.1:35435] PHP   1. {main}() /app/index.php:0, referer: http://dealtrak/reporting/main
[Tue Jul 28 13:53:51.090612 2015] [:error] [pid 6661] [client 172.17.0.1:35435] PHP   2. include() /app/index.php:363, referer: http://dealtrak/reporting/main
[Tue Jul 28 13:53:51.090615 2015] [:error] [pid 6661] [client 172.17.0.1:35435] PHP   3. include() /app/layouts/site.php:130, referer: http://dealtrak/reporting/main
[Tue Jul 28 13:53:51.090759 2015] [:error] [pid 6661] [client 172.17.0.1:35435] PHP Notice:  Undefined index: select_lenders in /app/site/reporting/builder.phtml on line 146, referer: http://dealtrak/reporting/main
[Tue Jul 28 13:53:51.090763 2015] [:error] [pid 6661] [client 172.17.0.1:35435] PHP Stack trace:, referer: http://dealtrak/reporting/main
[Tue Jul 28 13:53:51.090766 2015] [:error] [pid 6661] [client 172.17.0.1:35435] PHP   1. {main}() /app/index.php:0, referer: http://dealtrak/reporting/main
[Tue Jul 28 13:53:51.090769 2015] [:error] [pid 6661] [client 172.17.0.1:35435] PHP   2. include() /app/index.php:363, referer: http://dealtrak/reporting/main
[Tue Jul 28 13:53:51.090772 2015] [:error] [pid 6661] [client 172.17.0.1:35435] PHP   3. include() /app/layouts/site.php:130, referer: http://dealtrak/reporting/main
[Tue Jul 28 13:53:51.090779 2015] [:error] [pid 6661] [client 172.17.0.1:35435] PHP Notice:  Undefined index: select_lenders in /app/site/reporting/builder.phtml on line 146, referer: http://dealtrak/reporting/main
[Tue Jul 28 13:53:51.090782 2015] [:error] [pid 6661] [client 172.17.0.1:35435] PHP Stack trace:, referer: http://dealtrak/reporting/main
[Tue Jul 28 13:53:51.090785 2015] [:error] [pid 6661] [client 172.17.0.1:35435] PHP   1. {main}() /app/index.php:0, referer: http://dealtrak/reporting/main
[Tue Jul 28 13:53:51.090788 2015] [:error] [pid 6661] [client 172.17.0.1:35435] PHP   2. include() /app/index.php:363, referer: http://dealtrak/reporting/main
[Tue Jul 28 13:53:51.090791 2015] [:error] [pid 6661] [client 172.17.0.1:35435] PHP   3. include() /app/layouts/site.php:130, referer: http://dealtrak/reporting/main
[Tue Jul 28 13:53:51.090801 2015] [:error] [pid 6661] [client 172.17.0.1:35435] PHP Notice:  Undefined index: select_lenders in /app/site/reporting/builder.phtml on line 146, referer: http://dealtrak/reporting/main
[Tue Jul 28 13:53:51.090804 2015] [:error] [pid 6661] [client 172.17.0.1:35435] PHP Stack trace:, referer: http://dealtrak/reporting/main
[Tue Jul 28 13:53:51.090807 2015] [:error] [pid 6661] [client 172.17.0.1:35435] PHP   1. {main}() /app/index.php:0, referer: http://dealtrak/reporting/main
[Tue Jul 28 13:53:51.090810 2015] [:error] [pid 6661] [client 172.17.0.1:35435] PHP   2. include() /app/index.php:363, referer: http://dealtrak/reporting/main
[Tue Jul 28 13:53:51.090813 2015] [:error] [pid 6661] [client 172.17.0.1:35435] PHP   3. include() /app/layouts/site.php:130, referer: http://dealtrak/reporting/main
[Tue Jul 28 13:53:51.090820 2015] [:error] [pid 6661] [client 172.17.0.1:35435] PHP Notice:  Undefined index: select_lenders in /app/site/reporting/builder.phtml on line 146, referer: http://dealtrak/reporting/main
[Tue Jul 28 13:53:51.090822 2015] [:error] [pid 6661] [client 172.17.0.1:35435] PHP Stack trace:, referer: http://dealtrak/reporting/main
[Tue Jul 28 13:53:51.090826 2015] [:error] [pid 6661] [client 172.17.0.1:35435] PHP   1. {main}() /app/index.php:0, referer: http://dealtrak/reporting/main
[Tue Jul 28 13:53:51.090829 2015] [:error] [pid 6661] [client 172.17.0.1:35435] PHP   2. include() /app/index.php:363, referer: http://dealtrak/reporting/main
[Tue Jul 28 13:53:51.090832 2015] [:error] [pid 6661] [client 172.17.0.1:35435] PHP   3. include() /app/layouts/site.php:130, referer: http://dealtrak/reporting/main
[Tue Jul 28 13:53:51.090839 2015] [:error] [pid 6661] [client 172.17.0.1:35435] PHP Notice:  Undefined index: select_lenders in /app/site/reporting/builder.phtml on line 146, referer: http://dealtrak/reporting/main
[Tue Jul 28 13:53:51.090841 2015] [:error] [pid 6661] [client 172.17.0.1:35435] PHP Stack trace:, referer: http://dealtrak/reporting/main
[Tue Jul 28 13:53:51.090845 2015] [:error] [pid 6661] [client 172.17.0.1:35435] PHP   1. {main}() /app/index.php:0, referer: http://dealtrak/reporting/main
[Tue Jul 28 13:53:51.090848 2015] [:error] [pid 6661] [client 172.17.0.1:35435] PHP   2. include() /app/index.php:363, referer: http://dealtrak/reporting/main
[Tue Jul 28 13:53:51.090851 2015] [:error] [pid 6661] [client 172.17.0.1:35435] PHP   3. include() /app/layouts/site.php:130, referer: http://dealtrak/reporting/main
[Tue Jul 28 13:53:51.090858 2015] [:error] [pid 6661] [client 172.17.0.1:35435] PHP Notice:  Undefined index: select_lenders in /app/site/reporting/builder.phtml on line 146, referer: http://dealtrak/reporting/main
[Tue Jul 28 13:53:51.090860 2015] [:error] [pid 6661] [client 172.17.0.1:35435] PHP Stack trace:, referer: http://dealtrak/reporting/main
[Tue Jul 28 13:53:51.090863 2015] [:error] [pid 6661] [client 172.17.0.1:35435] PHP   1. {main}() /app/index.php:0, referer: http://dealtrak/reporting/main
[Tue Jul 28 13:53:51.090866 2015] [:error] [pid 6661] [client 172.17.0.1:35435] PHP   2. include() /app/index.php:363, referer: http://dealtrak/reporting/main
[Tue Jul 28 13:53:51.090870 2015] [:error] [pid 6661] [client 172.17.0.1:35435] PHP   3. include() /app/layouts/site.php:130, referer: http://dealtrak/reporting/main
[Tue Jul 28 13:53:51.090877 2015] [:error] [pid 6661] [client 172.17.0.1:35435] PHP Notice:  Undefined index: select_lenders in /app/site/reporting/builder.phtml on line 146, referer: http://dealtrak/reporting/main
[Tue Jul 28 13:53:51.090879 2015] [:error] [pid 6661] [client 172.17.0.1:35435] PHP Stack trace:, referer: http://dealtrak/reporting/main
[Tue Jul 28 13:53:51.090885 2015] [:error] [pid 6661] [client 172.17.0.1:35435] PHP   1. {main}() /app/index.php:0, referer: http://dealtrak/reporting/main
[Tue Jul 28 13:53:51.090888 2015] [:error] [pid 6661] [client 172.17.0.1:35435] PHP   2. include() /app/index.php:363, referer: http://dealtrak/reporting/main
[Tue Jul 28 13:53:51.090891 2015] [:error] [pid 6661] [client 172.17.0.1:35435] PHP   3. include() /app/layouts/site.php:130, referer: http://dealtrak/reporting/main
[Tue Jul 28 13:53:51.090899 2015] [:error] [pid 6661] [client 172.17.0.1:35435] PHP Notice:  Undefined index: select_lenders in /app/site/reporting/builder.phtml on line 146, referer: http://dealtrak/reporting/main
[Tue Jul 28 13:53:51.090902 2015] [:error] [pid 6661] [client 172.17.0.1:35435] PHP Stack trace:, referer: http://dealtrak/reporting/main
[Tue Jul 28 13:53:51.090905 2015] [:error] [pid 6661] [client 172.17.0.1:35435] PHP   1. {main}() /app/index.php:0, referer: http://dealtrak/reporting/main
[Tue Jul 28 13:53:51.090908 2015] [:error] [pid 6661] [client 172.17.0.1:35435] PHP   2. include() /app/index.php:363, referer: http://dealtrak/reporting/main
[Tue Jul 28 13:53:51.090911 2015] [:error] [pid 6661] [client 172.17.0.1:35435] PHP   3. include() /app/layouts/site.php:130, referer: http://dealtrak/reporting/main
[Tue Jul 28 13:53:51.090918 2015] [:error] [pid 6661] [client 172.17.0.1:35435] PHP Notice:  Undefined index: select_lenders in /app/site/reporting/builder.phtml on line 146, referer: http://dealtrak/reporting/main
[Tue Jul 28 13:53:51.090921 2015] [:error] [pid 6661] [client 172.17.0.1:35435] PHP Stack trace:, referer: http://dealtrak/reporting/main
[Tue Jul 28 13:53:51.090924 2015] [:error] [pid 6661] [client 172.17.0.1:35435] PHP   1. {main}() /app/index.php:0, referer: http://dealtrak/reporting/main
[Tue Jul 28 13:53:51.090927 2015] [:error] [pid 6661] [client 172.17.0.1:35435] PHP   2. include() /app/index.php:363, referer: http://dealtrak/reporting/main
[Tue Jul 28 13:53:51.090930 2015] [:error] [pid 6661] [client 172.17.0.1:35435] PHP   3. include() /app/layouts/site.php:130, referer: http://dealtrak/reporting/main
[Tue Jul 28 13:53:51.090937 2015] [:error] [pid 6661] [client 172.17.0.1:35435] PHP Notice:  Undefined index: select_lenders in /app/site/reporting/builder.phtml on line 146, referer: http://dealtrak/reporting/main
[Tue Jul 28 13:53:51.090940 2015] [:error] [pid 6661] [client 172.17.0.1:35435] PHP Stack trace:, referer: http://dealtrak/reporting/main
[Tue Jul 28 13:53:51.090943 2015] [:error] [pid 6661] [client 172.17.0.1:35435] PHP   1. {main}() /app/index.php:0, referer: http://dealtrak/reporting/main
[Tue Jul 28 13:53:51.090946 2015] [:error] [pid 6661] [client 172.17.0.1:35435] PHP   2. include() /app/index.php:363, referer: http://dealtrak/reporting/main
[Tue Jul 28 13:53:51.090949 2015] [:error] [pid 6661] [client 172.17.0.1:35435] PHP   3. include() /app/layouts/site.php:130, referer: http://dealtrak/reporting/main
[Tue Jul 28 13:53:51.090956 2015] [:error] [pid 6661] [client 172.17.0.1:35435] PHP Notice:  Undefined index: select_lenders in /app/site/reporting/builder.phtml on line 146, referer: http://dealtrak/reporting/main
[Tue Jul 28 13:53:51.090959 2015] [:error] [pid 6661] [client 172.17.0.1:35435] PHP Stack trace:, referer: http://dealtrak/reporting/main
[Tue Jul 28 13:53:51.090962 2015] [:error] [pid 6661] [client 172.17.0.1:35435] PHP   1. {main}() /app/index.php:0, referer: http://dealtrak/reporting/main
[Tue Jul 28 13:53:51.090965 2015] [:error] [pid 6661] [client 172.17.0.1:35435] PHP   2. include() /app/index.php:363, referer: http://dealtrak/reporting/main
[Tue Jul 28 13:53:51.090970 2015] [:error] [pid 6661] [client 172.17.0.1:35435] PHP   3. include() /app/layouts/site.php:130, referer: http://dealtrak/reporting/main
[Tue Jul 28 13:53:51.090978 2015] [:error] [pid 6661] [client 172.17.0.1:35435] PHP Notice:  Undefined index: select_lenders in /app/site/reporting/builder.phtml on line 146, referer: http://dealtrak/reporting/main
[Tue Jul 28 13:53:51.090980 2015] [:error] [pid 6661] [client 172.17.0.1:35435] PHP Stack trace:, referer: http://dealtrak/reporting/main
[Tue Jul 28 13:53:51.090983 2015] [:error] [pid 6661] [client 172.17.0.1:35435] PHP   1. {main}() /app/index.php:0, referer: http://dealtrak/reporting/main
[Tue Jul 28 13:53:51.090986 2015] [:error] [pid 6661] [client 172.17.0.1:35435] PHP   2. include() /app/index.php:363, referer: http://dealtrak/reporting/main
[Tue Jul 28 13:53:51.090989 2015] [:error] [pid 6661] [client 172.17.0.1:35435] PHP   3. include() /app/layouts/site.php:130, referer: http://dealtrak/reporting/main
[Tue Jul 28 13:53:51.090996 2015] [:error] [pid 6661] [client 172.17.0.1:35435] PHP Notice:  Undefined index: select_lenders in /app/site/reporting/builder.phtml on line 146, referer: http://dealtrak/reporting/main
[Tue Jul 28 13:53:51.090999 2015] [:error] [pid 6661] [client 172.17.0.1:35435] PHP Stack trace:, referer: http://dealtrak/reporting/main
[Tue Jul 28 13:53:51.091002 2015] [:error] [pid 6661] [client 172.17.0.1:35435] PHP   1. {main}() /app/index.php:0, referer: http://dealtrak/reporting/main
[Tue Jul 28 13:53:51.091005 2015] [:error] [pid 6661] [client 172.17.0.1:35435] PHP   2. include() /app/index.php:363, referer: http://dealtrak/reporting/main
[Tue Jul 28 13:53:51.091008 2015] [:error] [pid 6661] [client 172.17.0.1:35435] PHP   3. include() /app/layouts/site.php:130, referer: http://dealtrak/reporting/main
[Tue Jul 28 13:53:51.091015 2015] [:error] [pid 6661] [client 172.17.0.1:35435] PHP Notice:  Undefined index: select_lenders in /app/site/reporting/builder.phtml on line 146, referer: http://dealtrak/reporting/main
[Tue Jul 28 13:53:51.091017 2015] [:error] [pid 6661] [client 172.17.0.1:35435] PHP Stack trace:, referer: http://dealtrak/reporting/main
[Tue Jul 28 13:53:51.091021 2015] [:error] [pid 6661] [client 172.17.0.1:35435] PHP   1. {main}() /app/index.php:0, referer: http://dealtrak/reporting/main
[Tue Jul 28 13:53:51.091024 2015] [:error] [pid 6661] [client 172.17.0.1:35435] PHP   2. include() /app/index.php:363, referer: http://dealtrak/reporting/main
[Tue Jul 28 13:53:51.091027 2015] [:error] [pid 6661] [client 172.17.0.1:35435] PHP   3. include() /app/layouts/site.php:130, referer: http://dealtrak/reporting/main
[Tue Jul 28 13:53:51.091034 2015] [:error] [pid 6661] [client 172.17.0.1:35435] PHP Notice:  Undefined index: select_lenders in /app/site/reporting/builder.phtml on line 146, referer: http://dealtrak/reporting/main
[Tue Jul 28 13:53:51.091036 2015] [:error] [pid 6661] [client 172.17.0.1:35435] PHP Stack trace:, referer: http://dealtrak/reporting/main
[Tue Jul 28 13:53:51.091040 2015] [:error] [pid 6661] [client 172.17.0.1:35435] PHP   1. {main}() /app/index.php:0, referer: http://dealtrak/reporting/main
[Tue Jul 28 13:53:51.091043 2015] [:error] [pid 6661] [client 172.17.0.1:35435] PHP   2. include() /app/index.php:363, referer: http://dealtrak/reporting/main
[Tue Jul 28 13:53:51.091046 2015] [:error] [pid 6661] [client 172.17.0.1:35435] PHP   3. include() /app/layouts/site.php:130, referer: http://dealtrak/reporting/main
[Tue Jul 28 13:53:51.091053 2015] [:error] [pid 6661] [client 172.17.0.1:35435] PHP Notice:  Undefined index: select_lenders in /app/site/reporting/builder.phtml on line 146, referer: http://dealtrak/reporting/main
[Tue Jul 28 13:53:51.091057 2015] [:error] [pid 6661] [client 172.17.0.1:35435] PHP Stack trace:, referer: http://dealtrak/reporting/main
[Tue Jul 28 13:53:51.091061 2015] [:error] [pid 6661] [client 172.17.0.1:35435] PHP   1. {main}() /app/index.php:0, referer: http://dealtrak/reporting/main
[Tue Jul 28 13:53:51.091064 2015] [:error] [pid 6661] [client 172.17.0.1:35435] PHP   2. include() /app/index.php:363, referer: http://dealtrak/reporting/main
[Tue Jul 28 13:53:51.091067 2015] [:error] [pid 6661] [client 172.17.0.1:35435] PHP   3. include() /app/layouts/site.php:130, referer: http://dealtrak/reporting/main
[Tue Jul 28 13:53:51.091074 2015] [:error] [pid 6661] [client 172.17.0.1:35435] PHP Notice:  Undefined index: select_lenders in /app/site/reporting/builder.phtml on line 146, referer: http://dealtrak/reporting/main
[Tue Jul 28 13:53:51.091076 2015] [:error] [pid 6661] [client 172.17.0.1:35435] PHP Stack trace:, referer: http://dealtrak/reporting/main
[Tue Jul 28 13:53:51.091079 2015] [:error] [pid 6661] [client 172.17.0.1:35435] PHP   1. {main}() /app/index.php:0, referer: http://dealtrak/reporting/main
[Tue Jul 28 13:53:51.091083 2015] [:error] [pid 6661] [client 172.17.0.1:35435] PHP   2. include() /app/index.php:363, referer: http://dealtrak/reporting/main
[Tue Jul 28 13:53:51.091086 2015] [:error] [pid 6661] [client 172.17.0.1:35435] PHP   3. include() /app/layouts/site.php:130, referer: http://dealtrak/reporting/main
[Tue Jul 28 13:53:51.091093 2015] [:error] [pid 6661] [client 172.17.0.1:35435] PHP Notice:  Undefined index: select_lenders in /app/site/reporting/builder.phtml on line 146, referer: http://dealtrak/reporting/main
[Tue Jul 28 13:53:51.091095 2015] [:error] [pid 6661] [client 172.17.0.1:35435] PHP Stack trace:, referer: http://dealtrak/reporting/main
[Tue Jul 28 13:53:51.091098 2015] [:error] [pid 6661] [client 172.17.0.1:35435] PHP   1. {main}() /app/index.php:0, referer: http://dealtrak/reporting/main
[Tue Jul 28 13:53:51.091101 2015] [:error] [pid 6661] [client 172.17.0.1:35435] PHP   2. include() /app/index.php:363, referer: http://dealtrak/reporting/main
[Tue Jul 28 13:53:51.091105 2015] [:error] [pid 6661] [client 172.17.0.1:35435] PHP   3. include() /app/layouts/site.php:130, referer: http://dealtrak/reporting/main
[Tue Jul 28 13:53:51.091111 2015] [:error] [pid 6661] [client 172.17.0.1:35435] PHP Notice:  Undefined index: select_lenders in /app/site/reporting/builder.phtml on line 146, referer: http://dealtrak/reporting/main
[Tue Jul 28 13:53:51.091114 2015] [:error] [pid 6661] [client 172.17.0.1:35435] PHP Stack trace:, referer: http://dealtrak/reporting/main
[Tue Jul 28 13:53:51.091117 2015] [:error] [pid 6661] [client 172.17.0.1:35435] PHP   1. {main}() /app/index.php:0, referer: http://dealtrak/reporting/main
[Tue Jul 28 13:53:51.091120 2015] [:error] [pid 6661] [client 172.17.0.1:35435] PHP   2. include() /app/index.php:363, referer: http://dealtrak/reporting/main
[Tue Jul 28 13:53:51.091123 2015] [:error] [pid 6661] [client 172.17.0.1:35435] PHP   3. include() /app/layouts/site.php:130, referer: http://dealtrak/reporting/main
[Tue Jul 28 13:53:51.091130 2015] [:error] [pid 6661] [client 172.17.0.1:35435] PHP Notice:  Undefined index: select_lenders in /app/site/reporting/builder.phtml on line 146, referer: http://dealtrak/reporting/main
[Tue Jul 28 13:53:51.091132 2015] [:error] [pid 6661] [client 172.17.0.1:35435] PHP Stack trace:, referer: http://dealtrak/reporting/main
[Tue Jul 28 13:53:51.091136 2015] [:error] [pid 6661] [client 172.17.0.1:35435] PHP   1. {main}() /app/index.php:0, referer: http://dealtrak/reporting/main
[Tue Jul 28 13:53:51.091141 2015] [:error] [pid 6661] [client 172.17.0.1:35435] PHP   2. include() /app/index.php:363, referer: http://dealtrak/reporting/main
[Tue Jul 28 13:53:51.091144 2015] [:error] [pid 6661] [client 172.17.0.1:35435] PHP   3. include() /app/layouts/site.php:130, referer: http://dealtrak/reporting/main
[Tue Jul 28 13:53:51.091151 2015] [:error] [pid 6661] [client 172.17.0.1:35435] PHP Notice:  Undefined index: select_lenders in /app/site/reporting/builder.phtml on line 146, referer: http://dealtrak/reporting/main
[Tue Jul 28 13:53:51.091154 2015] [:error] [pid 6661] [client 172.17.0.1:35435] PHP Stack trace:, referer: http://dealtrak/reporting/main
[Tue Jul 28 13:53:51.091157 2015] [:error] [pid 6661] [client 172.17.0.1:35435] PHP   1. {main}() /app/index.php:0, referer: http://dealtrak/reporting/main
[Tue Jul 28 13:53:51.091160 2015] [:error] [pid 6661] [client 172.17.0.1:35435] PHP   2. include() /app/index.php:363, referer: http://dealtrak/reporting/main
[Tue Jul 28 13:53:51.091163 2015] [:error] [pid 6661] [client 172.17.0.1:35435] PHP   3. include() /app/layouts/site.php:130, referer: http://dealtrak/reporting/main
[Tue Jul 28 13:53:51.091170 2015] [:error] [pid 6661] [client 172.17.0.1:35435] PHP Notice:  Undefined index: select_lenders in /app/site/reporting/builder.phtml on line 146, referer: http://dealtrak/reporting/main
[Tue Jul 28 13:53:51.091173 2015] [:error] [pid 6661] [client 172.17.0.1:35435] PHP Stack trace:, referer: http://dealtrak/reporting/main
[Tue Jul 28 13:53:51.091176 2015] [:error] [pid 6661] [client 172.17.0.1:35435] PHP   1. {main}() /app/index.php:0, referer: http://dealtrak/reporting/main
[Tue Jul 28 13:53:51.091179 2015] [:error] [pid 6661] [client 172.17.0.1:35435] PHP   2. include() /app/index.php:363, referer: http://dealtrak/reporting/main
[Tue Jul 28 13:53:51.091182 2015] [:error] [pid 6661] [client 172.17.0.1:35435] PHP   3. include() /app/layouts/site.php:130, referer: http://dealtrak/reporting/main
[Tue Jul 28 13:53:51.091189 2015] [:error] [pid 6661] [client 172.17.0.1:35435] PHP Notice:  Undefined index: select_lenders in /app/site/reporting/builder.phtml on line 146, referer: http://dealtrak/reporting/main
[Tue Jul 28 13:53:51.091191 2015] [:error] [pid 6661] [client 172.17.0.1:35435] PHP Stack trace:, referer: http://dealtrak/reporting/main
[Tue Jul 28 13:53:51.091194 2015] [:error] [pid 6661] [client 172.17.0.1:35435] PHP   1. {main}() /app/index.php:0, referer: http://dealtrak/reporting/main
[Tue Jul 28 13:53:51.091197 2015] [:error] [pid 6661] [client 172.17.0.1:35435] PHP   2. include() /app/index.php:363, referer: http://dealtrak/reporting/main
[Tue Jul 28 13:53:51.091200 2015] [:error] [pid 6661] [client 172.17.0.1:35435] PHP   3. include() /app/layouts/site.php:130, referer: http://dealtrak/reporting/main
[Tue Jul 28 13:53:51.091207 2015] [:error] [pid 6661] [client 172.17.0.1:35435] PHP Notice:  Undefined index: select_lenders in /app/site/reporting/builder.phtml on line 146, referer: http://dealtrak/reporting/main
[Tue Jul 28 13:53:51.091210 2015] [:error] [pid 6661] [client 172.17.0.1:35435] PHP Stack trace:, referer: http://dealtrak/reporting/main
[Tue Jul 28 13:53:51.091213 2015] [:error] [pid 6661] [client 172.17.0.1:35435] PHP   1. {main}() /app/index.php:0, referer: http://dealtrak/reporting/main
[Tue Jul 28 13:53:51.091216 2015] [:error] [pid 6661] [client 172.17.0.1:35435] PHP   2. include() /app/index.php:363, referer: http://dealtrak/reporting/main
[Tue Jul 28 13:53:51.091219 2015] [:error] [pid 6661] [client 172.17.0.1:35435] PHP   3. include() /app/layouts/site.php:130, referer: http://dealtrak/reporting/main
[Tue Jul 28 13:53:51.091229 2015] [:error] [pid 6661] [client 172.17.0.1:35435] PHP Notice:  Undefined index: select_lenders in /app/site/reporting/builder.phtml on line 146, referer: http://dealtrak/reporting/main
[Tue Jul 28 13:53:51.091231 2015] [:error] [pid 6661] [client 172.17.0.1:35435] PHP Stack trace:, referer: http://dealtrak/reporting/main
[Tue Jul 28 13:53:51.091234 2015] [:error] [pid 6661] [client 172.17.0.1:35435] PHP   1. {main}() /app/index.php:0, referer: http://dealtrak/reporting/main
[Tue Jul 28 13:53:51.091237 2015] [:error] [pid 6661] [client 172.17.0.1:35435] PHP   2. include() /app/index.php:363, referer: http://dealtrak/reporting/main
[Tue Jul 28 13:53:51.091241 2015] [:error] [pid 6661] [client 172.17.0.1:35435] PHP   3. include() /app/layouts/site.php:130, referer: http://dealtrak/reporting/main
[Tue Jul 28 13:53:51.091247 2015] [:error] [pid 6661] [client 172.17.0.1:35435] PHP Notice:  Undefined index: select_lenders in /app/site/reporting/builder.phtml on line 146, referer: http://dealtrak/reporting/main
[Tue Jul 28 13:53:51.091250 2015] [:error] [pid 6661] [client 172.17.0.1:35435] PHP Stack trace:, referer: http://dealtrak/reporting/main
[Tue Jul 28 13:53:51.091253 2015] [:error] [pid 6661] [client 172.17.0.1:35435] PHP   1. {main}() /app/index.php:0, referer: http://dealtrak/reporting/main
[Tue Jul 28 13:53:51.091256 2015] [:error] [pid 6661] [client 172.17.0.1:35435] PHP   2. include() /app/index.php:363, referer: http://dealtrak/reporting/main
[Tue Jul 28 13:53:51.091259 2015] [:error] [pid 6661] [client 172.17.0.1:35435] PHP   3. include() /app/layouts/site.php:130, referer: http://dealtrak/reporting/main
[Tue Jul 28 13:53:51.091266 2015] [:error] [pid 6661] [client 172.17.0.1:35435] PHP Notice:  Undefined index: select_lenders in /app/site/reporting/builder.phtml on line 146, referer: http://dealtrak/reporting/main
[Tue Jul 28 13:53:51.091268 2015] [:error] [pid 6661] [client 172.17.0.1:35435] PHP Stack trace:, referer: http://dealtrak/reporting/main
[Tue Jul 28 13:53:51.091272 2015] [:error] [pid 6661] [client 172.17.0.1:35435] PHP   1. {main}() /app/index.php:0, referer: http://dealtrak/reporting/main
[Tue Jul 28 13:53:51.091275 2015] [:error] [pid 6661] [client 172.17.0.1:35435] PHP   2. include() /app/index.php:363, referer: http://dealtrak/reporting/main
[Tue Jul 28 13:53:51.091278 2015] [:error] [pid 6661] [client 172.17.0.1:35435] PHP   3. include() /app/layouts/site.php:130, referer: http://dealtrak/reporting/main
[Tue Jul 28 13:53:51.091285 2015] [:error] [pid 6661] [client 172.17.0.1:35435] PHP Notice:  Undefined index: select_lenders in /app/site/reporting/builder.phtml on line 146, referer: http://dealtrak/reporting/main
[Tue Jul 28 13:53:51.091287 2015] [:error] [pid 6661] [client 172.17.0.1:35435] PHP Stack trace:, referer: http://dealtrak/reporting/main
[Tue Jul 28 13:53:51.091290 2015] [:error] [pid 6661] [client 172.17.0.1:35435] PHP   1. {main}() /app/index.php:0, referer: http://dealtrak/reporting/main
[Tue Jul 28 13:53:51.091293 2015] [:error] [pid 6661] [client 172.17.0.1:35435] PHP   2. include() /app/index.php:363, referer: http://dealtrak/reporting/main
[Tue Jul 28 13:53:51.091296 2015] [:error] [pid 6661] [client 172.17.0.1:35435] PHP   3. include() /app/layouts/site.php:130, referer: http://dealtrak/reporting/main
[Tue Jul 28 13:53:51.091303 2015] [:error] [pid 6661] [client 172.17.0.1:35435] PHP Notice:  Undefined index: select_lenders in /app/site/reporting/builder.phtml on line 146, referer: http://dealtrak/reporting/main
[Tue Jul 28 13:53:51.091306 2015] [:error] [pid 6661] [client 172.17.0.1:35435] PHP Stack trace:, referer: http://dealtrak/reporting/main
[Tue Jul 28 13:53:51.091311 2015] [:error] [pid 6661] [client 172.17.0.1:35435] PHP   1. {main}() /app/index.php:0, referer: http://dealtrak/reporting/main
[Tue Jul 28 13:53:51.091314 2015] [:error] [pid 6661] [client 172.17.0.1:35435] PHP   2. include() /app/index.php:363, referer: http://dealtrak/reporting/main
[Tue Jul 28 13:53:51.091318 2015] [:error] [pid 6661] [client 172.17.0.1:35435] PHP   3. include() /app/layouts/site.php:130, referer: http://dealtrak/reporting/main
[Tue Jul 28 13:53:51.091325 2015] [:error] [pid 6661] [client 172.17.0.1:35435] PHP Notice:  Undefined index: select_lenders in /app/site/reporting/builder.phtml on line 146, referer: http://dealtrak/reporting/main
[Tue Jul 28 13:53:51.091327 2015] [:error] [pid 6661] [client 172.17.0.1:35435] PHP Stack trace:, referer: http://dealtrak/reporting/main
[Tue Jul 28 13:53:51.091330 2015] [:error] [pid 6661] [client 172.17.0.1:35435] PHP   1. {main}() /app/index.php:0, referer: http://dealtrak/reporting/main
[Tue Jul 28 13:53:51.091333 2015] [:error] [pid 6661] [client 172.17.0.1:35435] PHP   2. include() /app/index.php:363, referer: http://dealtrak/reporting/main
[Tue Jul 28 13:53:51.091336 2015] [:error] [pid 6661] [client 172.17.0.1:35435] PHP   3. include() /app/layouts/site.php:130, referer: http://dealtrak/reporting/main
[Tue Jul 28 13:53:51.091343 2015] [:error] [pid 6661] [client 172.17.0.1:35435] PHP Notice:  Undefined index: select_lenders in /app/site/reporting/builder.phtml on line 146, referer: http://dealtrak/reporting/main
[Tue Jul 28 13:53:51.091346 2015] [:error] [pid 6661] [client 172.17.0.1:35435] PHP Stack trace:, referer: http://dealtrak/reporting/main
[Tue Jul 28 13:53:51.091349 2015] [:error] [pid 6661] [client 172.17.0.1:35435] PHP   1. {main}() /app/index.php:0, referer: http://dealtrak/reporting/main
[Tue Jul 28 13:53:51.091352 2015] [:error] [pid 6661] [client 172.17.0.1:35435] PHP   2. include() /app/index.php:363, referer: http://dealtrak/reporting/main
[Tue Jul 28 13:53:51.091355 2015] [:error] [pid 6661] [client 172.17.0.1:35435] PHP   3. include() /app/layouts/site.php:130, referer: http://dealtrak/reporting/main
[Tue Jul 28 13:53:51.091362 2015] [:error] [pid 6661] [client 172.17.0.1:35435] PHP Notice:  Undefined index: select_lenders in /app/site/reporting/builder.phtml on line 146, referer: http://dealtrak/reporting/main
[Tue Jul 28 13:53:51.091364 2015] [:error] [pid 6661] [client 172.17.0.1:35435] PHP Stack trace:, referer: http://dealtrak/reporting/main
[Tue Jul 28 13:53:51.091367 2015] [:error] [pid 6661] [client 172.17.0.1:35435] PHP   1. {main}() /app/index.php:0, referer: http://dealtrak/reporting/main
[Tue Jul 28 13:53:51.091371 2015] [:error] [pid 6661] [client 172.17.0.1:35435] PHP   2. include() /app/index.php:363, referer: http://dealtrak/reporting/main
[Tue Jul 28 13:53:51.091374 2015] [:error] [pid 6661] [client 172.17.0.1:35435] PHP   3. include() /app/layouts/site.php:130, referer: http://dealtrak/reporting/main
[Tue Jul 28 13:53:51.091380 2015] [:error] [pid 6661] [client 172.17.0.1:35435] PHP Notice:  Undefined index: select_lenders in /app/site/reporting/builder.phtml on line 146, referer: http://dealtrak/reporting/main
[Tue Jul 28 13:53:51.091383 2015] [:error] [pid 6661] [client 172.17.0.1:35435] PHP Stack trace:, referer: http://dealtrak/reporting/main
[Tue Jul 28 13:53:51.091386 2015] [:error] [pid 6661] [client 172.17.0.1:35435] PHP   1. {main}() /app/index.php:0, referer: http://dealtrak/reporting/main
